# 
# Steps log generated by v++
# This log file contains a collection of steps that describe the kernel compilation flow
# Note: Some steps are tagged as internal, these steps are for debugging purposes and 
#       are not expected to be able to run independently.
# 

# The following environment variables are set when running vitis-run
Environment variables :
------------------------------------------
ALLUSERSPROFILE=C:\ProgramData
APPDATA=C:\Users\user\AppData\Roaming
arr.length=0
arr.Ubound=-1
CHARPOP=1
CMAKE_OBJECT_PATH_MAX=4096
CommonProgramFiles=C:\Program Files\Common Files
CommonProgramFiles(x86)=C:\Program Files (x86)\Common Files
CommonProgramW6432=C:\Program Files\Common Files
COMPUTERNAME=LAPTOP-MPD8ATBV
ComSpec=C:\Windows\system32\cmd.exe
DriverData=C:\Windows\System32\Drivers\DriverData
EFC_10840_1592913036=1
EFC_10840_4126798990=1
HDI_APPROOT=C:/AMDDesignTools/2025.2/Vitis
HDI_PROCESSOR=i686
HOMEDRIVE=C:
HOMEPATH=\Users\user
HW_SERVER_DJTG_DISABLE=1
HW_SERVER_FTDIMGR_DISABLE=1
IDE_SKIP_SERVER_LICENSE=1
IDF_TOOLS_PATH=C:\Users\user\Espressif
INT_VARIABLE_NAME=XILINX_PATH
ISL_IOSTREAMS_RSA=C:/AMDDesignTools/2025.2/Vitis/tps/isl
JAVA_EXE=C:/AMDDesignTools/2025.2/Vitis\tps\win64\jre21.0.5_11\bin\java.exe
JAVA_HOME=C:/AMDDesignTools/2025.2/Vitis\tps\win64\jre21.0.5_11
LC_NUMERIC=C
LOCALAPPDATA=C:\Users\user\AppData\Local
LOGONSERVER=\\LAPTOP-MPD8ATBV
LOPPER_DTC_FLAGS=-b 0 -@
NOSPLASH=false
NUMBER_OF_PROCESSORS=12
OneDrive=C:\Users\user\OneDrive
OneDriveConsumer=C:\Users\user\OneDrive
ORIGINAL_XDG_CURRENT_DESKTOP=undefined
OS=Windows_NT
PATH=C:/AMDDesignTools/2025.2/Vivado/tps/win64/binutils-2.26/bin;C:/AMDDesignTools/2025.2/Vitis/bin/../gnu/aarch64/nt/aarch64-linux/bin;C:/AMDDesignTools/2025.2/Vitis/bin/../gnu/ppc64le/4.9.3/win64/bin;C:/AMDDesignTools/2025.2/Vitis/bin/../gnu/aarch32/nt/gcc-arm-linux-gnueabi/bin;C:/AMDDesignTools/2025.2/Vitis/tps/mingw/6.2.0/win64.o/nt/bin;C:/AMDDesignTools/2025.2/Vivado\gnuwin\bin;C:/AMDDesignTools/2025.2/Vivado\gnu\microblaze\nt\bin;C:/AMDDesignTools/2025.2/Vitis/bin;C:/AMDDesignTools/2025.2/Vitis\tps\win64;C:/AMDDesignTools/2025.2/Vitis/tps/win64/java-cef-95.0.4638.69/bin/lib/win64;C:/AMDDesignTools/2025.2/Vitis/lib/win64.o;C:/AMDDesignTools/2025.2/Vitis/tps/win64/jre11.0.16_1/bin/server;C:/AMDDesignTools/2025.2/Vitis/tps/win64/jre11.0.16_1/bin;C:/AMDDesignTools/2025.2/Vitis\tps\win64\cmake-3.24.2\bin;C:/AMDDesignTools/2025.2/Vitis\gnu\microblaze\nt\bin;C:/AMDDesignTools/2025.2/Vitis\gnu\microblaze\linux_toolchain\nt64_le\bin;C:/AMDDesignTools/2025.2/Vitis\gnu\aarch32\nt\gcc-arm-linux-gnueabi\bin;C:/AMDDesignTools/2025.2/Vitis\gnu\aarch32\nt\gcc-arm-none-eabi\bin;C:/AMDDesignTools/2025.2/Vitis\gnu\aarch64\nt\aarch64-linux\bin;C:/AMDDesignTools/2025.2/Vitis\gnu\aarch64\nt\aarch64-none\bin;C:/AMDDesignTools/2025.2/Vitis\gnu\armr5\nt\gcc-arm-none-eabi\bin;C:/AMDDesignTools/2025.2/Vitis\gnuwin\bin;C:/AMDDesignTools/2025.2/Vitis\tps\win64\python-3.13.0;C:/AMDDesignTools/2025.2/Vitis\tps\win64\jre21.0.5_11\bin;C:/AMDDesignTools/2025.2/Vitis\tps\win64\libxslt\bin;C:/AMDDesignTools/2025.2/Vitis\gnu\arm\nt\bin;C:/AMDDesignTools/2025.2/Vitis\gnu\microblaze\linux_toolchain\nt64_be\bin;C:/AMDDesignTools/2025.2/Vitis\gnu\riscv\nt\bin;C:/AMDDesignTools/2025.2/Vitis\gnu\riscv\linux_toolchain\nt64\bin;C:/AMDDesignTools/2025.2/Vitis\gnu\riscv\linux_toolchain\nt32\bin;C:/AMDDesignTools/2025.2/Vivado\tps\win64\python-3.13.0;C:/AMDDesignTools/2025.2/Vivado\tps\win64\git-2.50.0\bin;C:/AMDDesignTools/2025.2/Vivado\tps\win64\cmake-3.24.2\bin;C:/AMDDesignTools/2025.2/Vitis/win64/tools/vcxx\libexec;C:/AMDDesignTools/2025.2/Vivado\tps\win64\jre21.0.5_11\bin;C:/AMDDesignTools/2025.2/Vivado\tps\win64\libxslt/bin;C:\Program Files\Common Files\Oracle\Java\javapath;C:\Windows\system32;C:\Windows;C:\Windows\System32\Wbem;C:\Windows\System32\WindowsPowerShell\v1.0\;C:\Windows\System32\OpenSSH\;C:\Program Files (x86)\Windows Live\Shared;C:\netcat-1.11;C:\Program Files (x86)\Windows Kits\10\Windows Performance Toolkit\;C:\Program Files\nodejs\;C:\Program Files\PuTTY\;C:\Program Files\dotnet\;C:\Program Files\Git\cmd;C:\Program Files\GitHub CLI\;C:\Program Files\NVIDIA Corporation\SDK Manager;C:\Program Files\usbipd-win\;C:\Program Files\MySQL\MySQL Shell 8.0\bin\;C:\Users\user\AppData\Local\Programs\Python\Python310\Scripts\;C:\Users\user\AppData\Local\Programs\Python\Python310\;C:\Users\user\AppData\Local\Microsoft\WindowsApps;C:\Users\user\AppData\Local\Programs\Microsoft VS Code\bin;C:\Users\user\AppData\Local\gitkraken\bin;C:\Program Files\OpenSSL-Win64\bin;C:\Users\user\AppData\Roaming\npm;C:\Users\user\.dotnet\tools;C:/AMDDesignTools/2025.2/Vitis\tps\mingw\6.2.0\win64.o\nt\bin;C:/AMDDesignTools/2025.2/Vitis\tps\mingw\6.2.0\win64.o\nt\libexec\gcc\x86_64-w64-mingw32\6.2.0
PATHEXT=.COM;.EXE;.BAT;.CMD;.VBS;.VBE;.JS;.JSE;.WSF;.WSH;.MSC
PROCESSOR_ARCHITECTURE=AMD64
PROCESSOR_IDENTIFIER=Intel64 Family 6 Model 186 Stepping 3, GenuineIntel
PROCESSOR_LEVEL=6
PROCESSOR_REVISION=ba03
PRODVERSION_EXE=C:/AMDDesignTools/2025.2/Vitis/bin/unwrapped/win64.o/prodversion.exe
ProgramData=C:\ProgramData
ProgramFiles=C:\Program Files
ProgramFiles(x86)=C:\Program Files (x86)
ProgramW6432=C:\Program Files
PROMPT=$P$G
PSModulePath=C:\Program Files\WindowsPowerShell\Modules;C:\Windows\system32\WindowsPowerShell\v1.0\Modules
PUBLIC=C:\Users\Public
PYTHONPATH=C:/AMDDesignTools/2025.2/Vitis\cli;C:/AMDDesignTools/2025.2/Vitis\cli\python-packages\win64;C:/AMDDesignTools/2025.2/Vitis\cli\python-packages\site-packages;C:/AMDDesignTools/2025.2/Vitis\cli\proto;C:/AMDDesignTools/2025.2/Vitis\scripts\python_pkg;
python_path=C:/AMDDesignTools/2025.2/Vitis\cli;C:/AMDDesignTools/2025.2/Vitis\cli\python-packages\win64;C:/AMDDesignTools/2025.2/Vitis\cli\python-packages\site-packages;C:/AMDDesignTools/2025.2/Vitis\cli\proto;C:/AMDDesignTools/2025.2/Vitis\scripts\python_pkg;
RDI_APPROOT=C:/AMDDesignTools/2025.2/Vitis
RDI_ARGS= --mode hls --csim --config D:\project\DPU_Project\DPU_HLS\hls_config.cfg --work_dir dpu_conv_top
RDI_ARGS_FUNCTION=RDI_EXEC_DEFAULT
RDI_BASEROOT=C:/AMDDesignTools/2025.2
RDI_BINDIR=C:/AMDDesignTools/2025.2/Vitis/bin
RDI_BINROOT=C:/AMDDesignTools/2025.2/Vitis/bin
RDI_BUILD=yes
RDI_CHECK_PROG=True
RDI_DATADIR=C:/AMDDesignTools/2025.2/Vitis/data
RDI_INSTALLROOT=C:/AMDDesignTools
RDI_INSTALLVER=Vitis
RDI_INSTALLVERSION=2025.2
RDI_JAVACEFROOT=C:/AMDDesignTools/2025.2/Vitis/tps/win64/java-cef-95.0.4638.69
RDI_JAVAFXROOT=C:/AMDDesignTools/2025.2/Vitis/tps/win64/javafx-sdk-11.0.2
RDI_JAVAROOT=C:/AMDDesignTools/2025.2/Vitis/tps/win64/jre11.0.16_1
RDI_JAVA_VERSION=11.0.16_1
RDI_LIBDIR=C:/AMDDesignTools/2025.2/Vitis/lib/win64.o
RDI_MINGW_LIB=C:/AMDDesignTools/2025.2/Vitis\tps\mingw\6.2.0\win64.o\nt\bin;C:/AMDDesignTools/2025.2/Vitis\tps\mingw\6.2.0\win64.o\nt\libexec\gcc\x86_64-w64-mingw32\6.2.0
RDI_OPT_EXT=.o
RDI_OS_ARCH=64
RDI_PLATFORM=win64
RDI_PREPEND_PATH=C:/AMDDesignTools/2025.2/Vitis/bin
RDI_PROG=C:/AMDDesignTools/2025.2/Vitis/bin/unwrapped/win64.o/vitis-run.exe
RDI_PROGNAME=vitis-run.exe
RDI_SESSION_INFO=C:\AMDDesignTools\2025.2\Vitis\bin:LAPTOP-MPD8ATBV-2026-09-09_16-53-08.10
RDI_SHARED_DATA=C:/AMDDesignTools/SharedData/2025.2/data
RDI_TEMPINSTALL=C:\AMDDesignTools\2025.2
RDI_TPS_ROOT=C:/AMDDesignTools/2025.2/Vivado/tps/win64
RDI_USE_JDK11=1
RDI_VERBOSE=False
RT_LIBPATH=C:/AMDDesignTools/2025.2/Vitis/scripts/rt/data
RT_TCL_PATH=C:/AMDDesignTools/2025.2/Vitis/scripts/rt/base_tcl/tcl
SESSIONNAME=Console
session_string=D:\project\DPU_Project\DPU_HLS:LAPTOP-MPD8ATBV-2026-09-09_17-12-17.96
STM32CubeMX_PATH=D:\Program Files\STMicroelectronics\STM32Cube\STM32CubeMX
STM32_PRG_PATH=D:\Program Files\STMicroelectronics\STM32Cube\STM32CubeProgrammer\bin
supports_classic_ide=false
SYNTH_COMMON=C:/AMDDesignTools/2025.2/Vitis/scripts/rt/data
SystemDrive=C:
SystemRoot=C:\Windows
TCL_LIBRARY=C:/AMDDesignTools/2025.2/Vitis/tps/tcl/tcl8.6
TCMALLOC_LARGE_ALLOC_REPORT_THRESHOLD=4294967296
TEMP=C:\Users\user\AppData\Local\Temp
THEIA_APP_PROJECT_PATH=C:\AMDDesignTools\2025.2\Vitis\ide\electron-app\win64\resources\app
THEIA_DEFAULT_PLUGINS=local-dir:C:\AMDDesignTools\2025.2\Vitis\ide\electron-app\win64\resources\app\plugins
THEIA_ELECTRON_TOKEN={"value":"2df6d3f4-0a59-4b0f-af77-4da462a3f760"}
THEIA_ELECTRON_VERSION=30.1.2
THEIA_PLUGINS=local-dir:C:\Users\user\.theia\plugins
TMP=C:\Users\user\AppData\Local\Temp
tooldir=tps\win64\git-2.50.0
TOOLS_CLANGD=C:/AMDDesignTools/2025.2/Vitis/win64/tools/vcxx\libexec
TPS_CMAKE=C:/AMDDesignTools/2025.2/Vivado\tps\win64\cmake-3.24.2
TPS_GIT=C:/AMDDesignTools/2025.2/Vivado\tps\win64\git-2.50.0
TPS_LIBXSLT=C:/AMDDesignTools/2025.2/Vivado\tps\win64\libxslt
TPS_PYTHON=C:/AMDDesignTools/2025.2/Vivado\tps\win64\python-3.13.0
USERDOMAIN=LAPTOP-MPD8ATBV
USERDOMAIN_ROAMINGPROFILE=LAPTOP-MPD8ATBV
USERNAME=user
USERPROFILE=C:\Users\user
VALIDATE_ARGS="False"
VITISNEW=true
VITIS_EMBEDDED_INSTALL=true
VITIS_HLS_INSTALL=true
VSCODE_API_VERSION=1.99.3
windir=C:\Windows
XILINX_HLS=C:/AMDDesignTools/2025.2/Vitis
XILINX_PLANAHEAD=C:/AMDDesignTools/2025.2/Vitis
XILINX_SDK=C:/AMDDesignTools/2025.2/Vitis
XILINX_VCXX=C:/AMDDesignTools/2025.2/Vitis/win64/tools/vcxx
XILINX_VERSION_DEFAULT=2025.2
XILINX_VERSION_VITIS=2025.2
XILINX_VITIS=C:/AMDDesignTools/2025.2/Vitis
XILINX_VITIS_GIT=C:/AMDDesignTools/2025.2/Vivado\tps\win64\git-2.50.0\bin
XILINX_VITIS_VERSION=Vitis v2025.2 (64-bit)
XILINX_VIVADO=C:/AMDDesignTools/2025.2/Vivado
XIL_CHECK_TCL_DEBUG=False
XIL_NO_OVERRIDE=0
XIL_SUPPRESS_OVERRIDE_WARNINGS=1
XVREDIST=C:/AMDDesignTools/2025.2/Vitis\tps\win64\xvcredist.exe
_RDI_BINROOT=C:\AMDDesignTools\2025.2\Vitis\bin
_RDI_CWD=D:\project\DPU_Project\DPU_HLS
_RDI_DONT_SET_XILINX_AS_PATH=True
_RDI_VERSION_PROG=vitis-run
_valid=False
XILINX_CD_CONNECT_ID=63931
XILINX_CD_SESSION=63603afa-e7c9-4a7b-89ad-cf30afd19e36


VITIS-RUN command line:
------------------------------------------
C:/AMDDesignTools/2025.2/Vitis/bin/unwrapped/win64.o/vitis-run.exe --mode hls --csim --config D:\project\DPU_Project\DPU_HLS\hls_config.cfg --work_dir dpu_conv_top 

FINAL PROGRAM OPTIONS
--config D:\project\DPU_Project\DPU_HLS\hls_config.cfg
--csim
--hls.csim.clean 1
--hls.csim.profile_tripcount 1
--hls.csim.setup 1
--hls.flow_target vivado
--hls.package.output.format ip_catalog
--hls.package.output.syn false
--hls.sim.O 1
--hls.syn.file D:/project/DPUv2/dpu_conv.cpp
--hls.syn.file D:/project/DPUv2/dpu_conv.h
--hls.syn.top dpu_conv_top
--hls.tb.file D:/project/DPUv2/dpu_conv_tb.cpp
--mode hls
--part xc7z020clg400-1
--work_dir dpu_conv_top

PARSED COMMAND LINE OPTIONS
--mode hls 
--csim 
--config D:\project\DPU_Project\DPU_HLS\hls_config.cfg 
--work_dir dpu_conv_top 

PARSED CONFIG FILE (1) OPTIONS
file: D:\project\DPU_Project\DPU_HLS\hls_config.cfg
part xc7z020clg400-1 
hls.flow_target vivado 
hls.package.output.format ip_catalog 
hls.package.output.syn false 
hls.syn.top dpu_conv_top 
hls.syn.file D:/project/DPUv2/dpu_conv.cpp 
hls.syn.file D:/project/DPUv2/dpu_conv.h 
hls.tb.file D:/project/DPUv2/dpu_conv_tb.cpp 
hls.sim.O 1 
hls.csim.clean 1 
hls.csim.setup 1 
hls.csim.profile_tripcount 1 


==========================================
new:  steps log generated by v++ for new launch 
timestamp: 09 Sep 2026 17:12:23

------------------------------------------
VITIS-RUN command line :
------------------------------------------
C:/AMDDesignTools/2025.2/Vitis/bin/unwrapped/win64.o/vitis-run.exe --mode hls --csim --config D:\project\DPU_Project\DPU_HLS\hls_config.cfg --work_dir dpu_conv_top 
  Options from -O    : 
  Options from *.ini : 
  Options from Hw Platform : 

==========================================
new:  steps log generated by v++ for new launch 
timestamp: 09 Sep 2026 17:13:57

------------------------------------------
VITIS-RUN command line :
------------------------------------------
C:/AMDDesignTools/2025.2/Vitis/bin/unwrapped/win64.o/vitis-run.exe --mode hls --csim --config D:\project\DPU_Project\DPU_HLS\hls_config.cfg --work_dir dpu_conv_top 
  Options from -O    : 
  Options from *.ini : 
  Options from Hw Platform : 

==========================================
new:  steps log generated by v++ for new launch 
timestamp: 09 Sep 2026 17:16:37

------------------------------------------
VITIS-RUN command line :
------------------------------------------
C:/AMDDesignTools/2025.2/Vitis/bin/unwrapped/win64.o/vitis-run.exe --mode hls --csim --config D:\project\DPU_Project\DPU_HLS\hls_config.cfg --work_dir dpu_conv_top 
  Options from -O    : 
  Options from *.ini : 
  Options from Hw Platform : 

==========================================
new:  steps log generated by v++ for new launch 
timestamp: 09 Sep 2026 17:19:21

------------------------------------------
VITIS-RUN command line :
------------------------------------------
C:/AMDDesignTools/2025.2/Vitis/bin/unwrapped/win64.o/vitis-run.exe --mode hls --csim --config D:\project\DPU_Project\DPU_HLS\hls_config.cfg --work_dir dpu_conv_top 
  Options from -O    : 
  Options from *.ini : 
  Options from Hw Platform : 

==========================================
new:  steps log generated by v++ for new launch 
timestamp: 09 Sep 2026 17:22:06

------------------------------------------
VITIS-RUN command line :
------------------------------------------
C:/AMDDesignTools/2025.2/Vitis/bin/unwrapped/win64.o/vitis-run.exe --mode hls --csim --config D:\project\DPU_Project\DPU_HLS\hls_config.cfg --work_dir dpu_conv_top 
  Options from -O    : 
  Options from *.ini : 
  Options from Hw Platform : 

==========================================
new:  steps log generated by v++ for new launch 
timestamp: 09 Sep 2026 17:25:16

------------------------------------------
V++ command line :
------------------------------------------
C:/AMDDesignTools/2025.2/Vitis/bin/unwrapped/win64.o/v++.exe -c --mode hls --config D:\project\DPU_Project\DPU_HLS\hls_config.cfg --work_dir dpu_conv_top 
  Options from -O    : 
  Options from *.ini : 
  Options from Hw Platform : 

==========================================
new:  steps log generated by v++ for new launch 
timestamp: 09 Sep 2026 17:26:40

------------------------------------------
V++ command line :
------------------------------------------
C:/AMDDesignTools/2025.2/Vitis/bin/unwrapped/win64.o/v++.exe -c --mode hls --config D:\project\DPU_Project\DPU_HLS\hls_config.cfg --work_dir dpu_conv_top 
  Options from -O    : 
  Options from *.ini : 
  Options from Hw Platform : 

==========================================
new:  steps log generated by v++ for new launch 
timestamp: 09 Sep 2026 18:56:35
