  **** HLS Build v2025.2 6295257
INFO: [HLS 200-2005] Using work_dir D:/project/DPU_Project_vitis/DPU_HLS/dpu_conv_top 
INFO: [HLS 200-2176] Writing Vitis IDE component file D:/project/DPU_Project_vitis/DPU_HLS/dpu_conv_top/vitis-comp.json
INFO: [HLS 200-10] Creating and opening component 'D:/project/DPU_Project_vitis/DPU_HLS/dpu_conv_top'.
INFO: [HLS 200-1611] Setting target device to 'xc7z020-clg400-1'
INFO: [HLS 200-1505] Using default flow_target 'vivado'
Resolution: For help on HLS 200-1505 see docs.amd.com/access/sources/dita/topic?Doc_Version=2025.2%20English&url=ug1448-hls-guidance&resourceid=200-1505.html
INFO: [HLS 200-2174] Applying component config ini file hls_config.cfg
INFO: [HLS 200-1465] Applying config ini 'syn.file=D:/project/DPUv2/dpu_conv.cpp' from hls_config.cfg(13)
INFO: [HLS 200-10] Adding design file 'D:/project/DPUv2/dpu_conv.cpp' to the project
INFO: [HLS 200-1465] Applying config ini 'syn.file=D:/project/DPUv2/dpu_conv.h' from hls_config.cfg(14)
INFO: [HLS 200-10] Adding design file 'D:/project/DPUv2/dpu_conv.h' to the project
INFO: [HLS 200-1465] Applying config ini 'syn.file=D:/project/DPUv2/dpu_types.h' from hls_config.cfg(15)
INFO: [HLS 200-10] Adding design file 'D:/project/DPUv2/dpu_types.h' to the project
INFO: [HLS 200-1465] Applying config ini 'tb.file=D:/project/DPUv2/dpu_conv_tb.cpp' from hls_config.cfg(8)
INFO: [HLS 200-10] Adding test bench file 'D:/project/DPUv2/dpu_conv_tb.cpp' to the project
INFO: [HLS 200-1465] Applying config ini 'syn.top=dpu_conv_top' from hls_config.cfg(7)
INFO: [HLS 200-1465] Applying config ini 'flow_target=vivado' from hls_config.cfg(4)
INFO: [HLS 200-1505] Using flow_target 'vivado'
Resolution: For help on HLS 200-1505 see docs.amd.com/access/sources/dita/topic?Doc_Version=2025.2%20English&url=ug1448-hls-guidance&resourceid=200-1505.html
INFO: [HLS 200-1465] Applying config ini 'part=xc7z020clg400-1' from hls_config.cfg(1)
INFO: [HLS 200-1465] Applying config ini 'clock=11ns' from hls_config.cfg(16)
INFO: [SYN 201-201] Setting up clock 'default' with a period of 11ns.
INFO: [HLS 200-1465] Applying config ini 'cosim.disable_deadlock_detection=1' from hls_config.cfg(17)
INFO: [HLS 200-1465] Applying config ini 'cosim.enable_dataflow_profiling=1' from hls_config.cfg(18)
INFO: [HLS 200-1465] Applying config ini 'cosim.enable_fifo_sizing=1' from hls_config.cfg(19)
INFO: [HLS 200-1465] Applying config ini 'cosim.random_stall=1' from hls_config.cfg(20)
INFO: [HLS 200-1465] Applying config ini 'cosim.setup=1' from hls_config.cfg(21)
INFO: [HLS 200-1465] Applying config ini 'cosim.wave_debug=1' from hls_config.cfg(22)
INFO: [HLS 200-1465] Applying config ini 'csim.clean=1' from hls_config.cfg(10)
INFO: [HLS 200-1465] Applying config ini 'csim.profile_tripcount=1' from hls_config.cfg(12)
INFO: [HLS 200-1465] Applying config ini 'csim.setup=1' from hls_config.cfg(11)
INFO: [HLS 200-1465] Applying config ini 'package.output.format=ip_catalog' from hls_config.cfg(5)
INFO: [HLS 200-1465] Applying config ini 'sim.O=1' from hls_config.cfg(9)
INFO: [HLS 200-2176] Writing Vitis IDE component file D:/project/DPU_Project_vitis/DPU_HLS/dpu_conv_top/vitis-comp.json
INFO: [COSIM 212-47] Using XSIM for RTL simulation.
INFO: [COSIM 212-14] Instrumenting C test bench ...
   Build using "C:/AMDDesignTools/2025.2/Vitis/win64/tools/clang-16/bin/clang++"
   Compiling apatb_dpu_conv_top.cpp
   Compiling dpu_conv.cpp_pre.cpp.tb.cpp
   Compiling dpu_conv_tb.cpp_pre.cpp.tb.cpp
   Compiling apatb_dpu_conv_top_ir.ll
   Generating cosim.tv.exe
INFO: [COSIM 212-302] Starting C TB testing ... 
cycle_count  = 8192
mac_count    = 67712
invoke_count = 1
ofmap[0][0][0..3] = 0 0 0 0 
TEST PASSED
INFO: [COSIM 212-333] Generating C post check test bench ...
INFO: [COSIM 212-12] Generating RTL test bench ...
find not read role field
INFO: [COSIM 212-1] *** C/RTL co-simulation file generation completed. ***
INFO: [COSIM 212-211] II is measurable only when transaction number is greater than 1 in RTL simulation. Otherwise, they will be marked as all NA. If user wants to calculate them, please make sure there are at least 2 transactions in RTL simulation.
INFO: [HLS 200-112] Total CPU user time: 69 seconds. Total CPU system time: 27 seconds. Total elapsed time: 282.331 seconds; peak allocated memory: 251.703 MB.
INFO: [vitis-run 60-791] Total elapsed time: 0h 5m 10s
