  **** HLS Build v2025.2 6295257
INFO: [HLS 200-2005] Using work_dir D:/project/DPU_HLS/dpu_conv_top 
INFO: [HLS 200-2176] Writing Vitis IDE component file D:/project/DPU_HLS/dpu_conv_top/vitis-comp.json
INFO: [HLS 200-10] Creating and opening component 'D:/project/DPU_HLS/dpu_conv_top'.
INFO: [HLS 200-1505] Using default flow_target 'vivado'
Resolution: For help on HLS 200-1505 see docs.amd.com/access/sources/dita/topic?Doc_Version=2025.2%20English&url=ug1448-hls-guidance&resourceid=200-1505.html
INFO: [HLS 200-2174] Applying component config ini file hls_config.cfg
INFO: [HLS 200-1465] Applying config ini 'syn.file=C:/Users/user/Downloads/files/dpu_conv.cpp' from hls_config.cfg(8)
INFO: [HLS 200-10] Adding design file 'C:/Users/user/Downloads/files/dpu_conv.cpp' to the project
INFO: [HLS 200-1465] Applying config ini 'syn.file=C:/Users/user/Downloads/files/dpu_conv.h' from hls_config.cfg(9)
INFO: [HLS 200-10] Adding design file 'C:/Users/user/Downloads/files/dpu_conv.h' to the project
INFO: [HLS 200-1465] Applying config ini 'tb.file=C:/Users/user/Downloads/files/dpu_conv_tb.cpp' from hls_config.cfg(10)
INFO: [HLS 200-10] Adding test bench file 'C:/Users/user/Downloads/files/dpu_conv_tb.cpp' to the project
INFO: [HLS 200-1465] Applying config ini 'syn.top=dpu_conv_top' from hls_config.cfg(7)
INFO: [HLS 200-1465] Applying config ini 'flow_target=vivado' from hls_config.cfg(4)
INFO: [HLS 200-1505] Using flow_target 'vivado'
Resolution: For help on HLS 200-1505 see docs.amd.com/access/sources/dita/topic?Doc_Version=2025.2%20English&url=ug1448-hls-guidance&resourceid=200-1505.html
INFO: [HLS 200-1465] Applying config ini 'part=xc7z020clg400-1' from hls_config.cfg(1)
INFO: [HLS 200-1611] Setting target device to 'xc7z020-clg400-1'
INFO: [HLS 200-1465] Applying config ini 'csim.clean=1' from hls_config.cfg(12)
INFO: [HLS 200-1465] Applying config ini 'csim.profile_tripcount=1' from hls_config.cfg(14)
INFO: [HLS 200-1465] Applying config ini 'csim.setup=1' from hls_config.cfg(13)
INFO: [HLS 200-1465] Applying config ini 'package.output.format=ip_catalog' from hls_config.cfg(5)
INFO: [HLS 200-1465] Applying config ini 'sim.O=1' from hls_config.cfg(11)
INFO: [HLS 200-2176] Writing Vitis IDE component file D:/project/DPU_HLS/dpu_conv_top/vitis-comp.json
INFO: [SIM 211-2] *************** CSIM start ***************
INFO: [HLS 200-2191] C-Simulation will use clang-16 as the compiler
INFO: [HLS 200-2036] Building optimized C Simulation binaries
   Compiling C:/Users/user/Downloads/files/dpu_conv_tb.cpp in release mode
   Compiling C:/Users/user/Downloads/files/dpu_conv.cpp in release mode
   Linking obj/dpu_conv.bc into obj/project.bc
   Lowering obj/project.bc into obj/project.syn.o
   Generating csim.exe
In file included from C:/Users/user/Downloads/files/dpu_conv_tb.cpp:1:
In file included from C:/Users/user/Downloads/files/dpu_conv.h:4:
In file included from C:/Users/user/Downloads/files/dpu_types.h:4:
In file included from C:/AMDDesignTools/2025.2/Vitis/include\ap_int.h:10:
In file included from C:/AMDDesignTools/2025.2/Vitis/include\etc/ap_common.h:668:
In file included from C:/AMDDesignTools/2025.2/Vitis/include\etc/ap_private.h:68:
In file included from C:/AMDDesignTools/2025.2/Vitis/include\hls_half.h:26:
In file included from C:/AMDDesignTools/2025.2/Vitis/include/etc/hls_half_fpo.h:19:
In file included from C:/AMDDesignTools/2025.2/Vitis/include\hls_fpo.h:140:
In file included from C:/AMDDesignTools/2025.2/Vitis/include/floating_point_v7_1_bitacc_cmodel.h:150:
C:/AMDDesignTools/2025.2/Vitis/include\gmp.h:58:9: warning: '__GMP_LIBGMP_DLL' macro redefined [-Wmacro-redefined]
#define __GMP_LIBGMP_DLL  0
        ^
C:/AMDDesignTools/2025.2/Vitis/include/floating_point_v7_1_bitacc_cmodel.h:142:9: note: previous definition is here
#define __GMP_LIBGMP_DLL 1
        ^
1 warning generated.
In file included from C:/Users/user/Downloads/files/dpu_conv.cpp:1:
In file included from C:/Users/user/Downloads/files/dpu_conv.h:4:
In file included from C:/Users/user/Downloads/files/dpu_types.h:4:
In file included from C:/AMDDesignTools/2025.2/Vitis/include\ap_int.h:10:
In file included from C:/AMDDesignTools/2025.2/Vitis/include\etc/ap_common.h:668:
In file included from C:/AMDDesignTools/2025.2/Vitis/include\etc/ap_private.h:68:
In file included from C:/AMDDesignTools/2025.2/Vitis/include\hls_half.h:26:
In file included from C:/AMDDesignTools/2025.2/Vitis/include/etc/hls_half_fpo.h:19:
In file included from C:/AMDDesignTools/2025.2/Vitis/include\hls_fpo.h:140:
In file included from C:/AMDDesignTools/2025.2/Vitis/include/floating_point_v7_1_bitacc_cmodel.h:150:
C:/AMDDesignTools/2025.2/Vitis/include\gmp.h:58:9: warning: '__GMP_LIBGMP_DLL' macro redefined [-Wmacro-redefined]
#define __GMP_LIBGMP_DLL  0
        ^
C:/AMDDesignTools/2025.2/Vitis/include/floating_point_v7_1_bitacc_cmodel.h:142:9: note: previous definition is here
#define __GMP_LIBGMP_DLL 1
        ^
1 warning generated.
INFO: [HLS 200-2035] Skipping execution of C Simulation due to 'setup' option
INFO: [SIM 211-1] CSim file generation done with 0 errors.
INFO: [SIM 211-3] *************** CSIM finish ***************
INFO: [HLS 200-112] Total CPU user time: 2 seconds. Total CPU system time: 7 seconds. Total elapsed time: 21.385 seconds; peak allocated memory: 165.047 MB.
INFO: [vitis-run 60-791] Total elapsed time: 0h 0m 28s
