  **** HLS Build v2025.2 6295257
INFO: [HLS 200-2005] Using work_dir D:/project/DPU_Project/DPU_HLS/dpu_conv_top 
INFO: [HLS 200-2176] Writing Vitis IDE component file D:/project/DPU_Project/DPU_HLS/dpu_conv_top/vitis-comp.json
INFO: [HLS 200-10] Creating and opening component 'D:/project/DPU_Project/DPU_HLS/dpu_conv_top'.
INFO: [HLS 200-1505] Using default flow_target 'vivado'
Resolution: For help on HLS 200-1505 see docs.amd.com/access/sources/dita/topic?Doc_Version=2025.2%20English&url=ug1448-hls-guidance&resourceid=200-1505.html
INFO: [HLS 200-2174] Applying component config ini file hls_config.cfg
INFO: [HLS 200-1465] Applying config ini 'syn.file=D:/project/DPUv2/dpu_conv.cpp' from hls_config.cfg(8)
INFO: [HLS 200-10] Adding design file 'D:/project/DPUv2/dpu_conv.cpp' to the project
INFO: [HLS 200-1465] Applying config ini 'syn.file=D:/project/DPUv2/dpu_conv.h' from hls_config.cfg(9)
INFO: [HLS 200-10] Adding design file 'D:/project/DPUv2/dpu_conv.h' to the project
INFO: [HLS 200-1465] Applying config ini 'tb.file=D:/project/DPUv2/dpu_conv_tb.cpp' from hls_config.cfg(10)
INFO: [HLS 200-10] Adding test bench file 'D:/project/DPUv2/dpu_conv_tb.cpp' to the project
INFO: [HLS 200-1465] Applying config ini 'syn.top=dpu_conv_top' from hls_config.cfg(7)
INFO: [HLS 200-1465] Applying config ini 'flow_target=vivado' from hls_config.cfg(4)
INFO: [HLS 200-1505] Using flow_target 'vivado'
Resolution: For help on HLS 200-1505 see docs.amd.com/access/sources/dita/topic?Doc_Version=2025.2%20English&url=ug1448-hls-guidance&resourceid=200-1505.html
INFO: [HLS 200-1465] Applying config ini 'part=xc7z020clg400-1' from hls_config.cfg(1)
INFO: [HLS 200-1611] Setting target device to 'xc7z020-clg400-1'
INFO: [HLS 200-1465] Applying config ini 'csim.clean=1' from hls_config.cfg(12)
INFO: [HLS 200-1465] Applying config ini 'csim.profile_tripcount=1' from hls_config.cfg(14)
INFO: [HLS 200-1465] Applying config ini 'csim.setup=1' from hls_config.cfg(13)
INFO: [HLS 200-1465] Applying config ini 'package.output.format=ip_catalog' from hls_config.cfg(5)
INFO: [HLS 200-1465] Applying config ini 'sim.O=1' from hls_config.cfg(11)
INFO: [HLS 200-2176] Writing Vitis IDE component file D:/project/DPU_Project/DPU_HLS/dpu_conv_top/vitis-comp.json
INFO: [SIM 211-2] *************** CSIM start ***************
INFO: [HLS 200-2191] C-Simulation will use clang-16 as the compiler
INFO: [HLS 200-2036] Building optimized C Simulation binaries
   Compiling ../../../../../../DPUv2/dpu_conv_tb.cpp in release mode
In file included from ../../../../../../DPUv2/dpu_conv_tb.cpp:1:
../../../../../../DPUv2/dpu_conv.h:4:10: fatal error: 'dpu_types.h' file not found
#include "dpu_types.h"
         ^~~~~~~~~~~~~
1 error generated.
mingw32-make: *** [csim.mk:103: obj/dpu_conv_tb.o] Error 1
ERROR: [SIM 211-100] CSim file generation failed: compilation error(s).
INFO: [SIM 211-3] *************** CSIM finish ***************
ERROR: CSIM Failed
INFO: [HLS 200-112] Total CPU user time: 5 seconds. Total CPU system time: 18 seconds. Total elapsed time: 32.365 seconds; peak allocated memory: 165.062 MB.
