09/09/26 17:12:20: Running xcd server. This server was built by gradle.
09/09/26 17:12:20: Server was asked to start on port: '63931'
09/09/26 17:12:20: Server is using token UUID: '81c5d668-0d3e-4ab5-9bd7-ea7d56b8798d'
09/09/26 17:12:20: SESSION_MGR: creating session with session uuid: '6d04a3e9-ade5-4ab9-8d63-1f78fcd2ec76' and name 'default'
09/09/26 17:12:20: Attempting to start server on port '63931'
09/09/26 17:12:20: Running Dispatch Server
09/09/26 17:12:20: Version 2.2.0
09/09/26 17:12:22: Dispatch Server: Accepted socket connection from client
09/09/26 17:12:22: Starting Socket connection
09/09/26 17:12:22: EXCHANGE_TOKEN received, server token: 81c5d668-0d3e-4ab5-9bd7-ea7d56b8798d, passed token: 81c5d668-0d3e-4ab5-9bd7-ea7d56b8798d
09/09/26 17:12:23: DISPATCH_HANDLER: Adding handler from function makeHandler in library xv_system_diagram
09/09/26 17:12:23: SESSION_MGR: creating session with session uuid: '63603afa-e7c9-4a7b-89ad-cf30afd19e36' and name 'vitis-run_compile_dpu_conv_top'
09/09/26 17:12:23: KERNEL_SVC: creating session with uuid: '63603afa-e7c9-4a7b-89ad-cf30afd19e36' and name 'vitis-run_compile_dpu_conv_top'
09/09/26 17:12:23: GUIDANCE_SMGR: creating guidance session with uuid: '63603afa-e7c9-4a7b-89ad-cf30afd19e36' and name 'vitis-run_compile_dpu_conv_top'
09/09/26 17:12:23: SYSTEM_DIAGRAM: creating session with uuid: '63603afa-e7c9-4a7b-89ad-cf30afd19e36' and name 'vitis-run_compile_dpu_conv_top'
09/09/26 17:13:05: Dispatch Server: Accepted socket connection from client
09/09/26 17:13:05: Starting Socket connection
09/09/26 17:13:11: SESSION_MGR: closing session for UUID '63603afa-e7c9-4a7b-89ad-cf30afd19e36' with name 'vitis-run_compile_dpu_conv_top'
09/09/26 17:13:11: KERNEL_SVC: closing session for UUID '63603afa-e7c9-4a7b-89ad-cf30afd19e36' with name 'vitis-run_compile_dpu_conv_top'
09/09/26 17:13:11: GUIDANCE_SMGR: closing session for UUID '63603afa-e7c9-4a7b-89ad-cf30afd19e36' with name 'vitis-run_compile_dpu_conv_top'
09/09/26 17:13:11: SYSTEM_DIAGRAM: closing session for UUID '63603afa-e7c9-4a7b-89ad-cf30afd19e36' with name 'vitis-run_compile_dpu_conv_top'
09/09/26 17:13:11: STOP_SERVER received, server token: 81c5d668-0d3e-4ab5-9bd7-ea7d56b8798d, passed token: 81c5d668-0d3e-4ab5-9bd7-ea7d56b8798d
09/09/26 17:13:11: Socket received request to stop server.
09/09/26 17:13:11: Dispatch Server: do_await_stop
09/09/26 17:13:11: SERVER: destructor for server bound to port 63931
09/09/26 17:13:54: Running xcd server. This server was built by gradle.
09/09/26 17:13:54: Server was asked to start on port: '53038'
09/09/26 17:13:54: Server is using token UUID: '3c78e861-aa76-4d4b-ab9c-7503b8b8c2e3'
09/09/26 17:13:54: SESSION_MGR: creating session with session uuid: '6d04a3e9-ade5-4ab9-8d63-1f78fcd2ec76' and name 'default'
09/09/26 17:13:54: Attempting to start server on port '53038'
09/09/26 17:13:54: Running Dispatch Server
09/09/26 17:13:54: Version 2.2.0
09/09/26 17:13:56: Dispatch Server: Accepted socket connection from client
09/09/26 17:13:56: Starting Socket connection
09/09/26 17:13:56: EXCHANGE_TOKEN received, server token: 3c78e861-aa76-4d4b-ab9c-7503b8b8c2e3, passed token: 3c78e861-aa76-4d4b-ab9c-7503b8b8c2e3
09/09/26 17:13:57: DISPATCH_HANDLER: Adding handler from function makeHandler in library xv_system_diagram
09/09/26 17:13:57: SESSION_MGR: creating session with session uuid: '350862ae-7aa7-4ad4-b6ee-42c43ed2ac1a' and name 'vitis-run_compile_dpu_conv_top'
09/09/26 17:13:57: KERNEL_SVC: creating session with uuid: '350862ae-7aa7-4ad4-b6ee-42c43ed2ac1a' and name 'vitis-run_compile_dpu_conv_top'
09/09/26 17:13:57: GUIDANCE_SMGR: creating guidance session with uuid: '350862ae-7aa7-4ad4-b6ee-42c43ed2ac1a' and name 'vitis-run_compile_dpu_conv_top'
09/09/26 17:13:57: SYSTEM_DIAGRAM: creating session with uuid: '350862ae-7aa7-4ad4-b6ee-42c43ed2ac1a' and name 'vitis-run_compile_dpu_conv_top'
09/09/26 17:14:32: Dispatch Server: Accepted socket connection from client
09/09/26 17:14:32: Starting Socket connection
09/09/26 17:14:40: SESSION_MGR: closing session for UUID '350862ae-7aa7-4ad4-b6ee-42c43ed2ac1a' with name 'vitis-run_compile_dpu_conv_top'
09/09/26 17:14:40: KERNEL_SVC: closing session for UUID '350862ae-7aa7-4ad4-b6ee-42c43ed2ac1a' with name 'vitis-run_compile_dpu_conv_top'
09/09/26 17:14:40: GUIDANCE_SMGR: closing session for UUID '350862ae-7aa7-4ad4-b6ee-42c43ed2ac1a' with name 'vitis-run_compile_dpu_conv_top'
09/09/26 17:14:40: SYSTEM_DIAGRAM: closing session for UUID '350862ae-7aa7-4ad4-b6ee-42c43ed2ac1a' with name 'vitis-run_compile_dpu_conv_top'
09/09/26 17:14:40: STOP_SERVER received, server token: 3c78e861-aa76-4d4b-ab9c-7503b8b8c2e3, passed token: 3c78e861-aa76-4d4b-ab9c-7503b8b8c2e3
09/09/26 17:14:40: Socket received request to stop server.
09/09/26 17:14:40: Dispatch Server: do_await_stop
09/09/26 17:14:40: SERVER: destructor for server bound to port 53038
09/09/26 17:16:34: Running xcd server. This server was built by gradle.
09/09/26 17:16:34: Server was asked to start on port: '59404'
09/09/26 17:16:34: Server is using token UUID: 'e041d9b1-5223-4fe3-a8b5-df04023bfb42'
09/09/26 17:16:34: SESSION_MGR: creating session with session uuid: '6d04a3e9-ade5-4ab9-8d63-1f78fcd2ec76' and name 'default'
09/09/26 17:16:34: Attempting to start server on port '59404'
09/09/26 17:16:34: Running Dispatch Server
09/09/26 17:16:34: Version 2.2.0
09/09/26 17:16:36: Dispatch Server: Accepted socket connection from client
09/09/26 17:16:36: Starting Socket connection
09/09/26 17:16:36: EXCHANGE_TOKEN received, server token: e041d9b1-5223-4fe3-a8b5-df04023bfb42, passed token: e041d9b1-5223-4fe3-a8b5-df04023bfb42
09/09/26 17:16:36: DISPATCH_HANDLER: Adding handler from function makeHandler in library xv_system_diagram
09/09/26 17:16:37: SESSION_MGR: creating session with session uuid: 'f4666a93-3acb-4dc1-a87a-ef482b45c163' and name 'vitis-run_compile_dpu_conv_top'
09/09/26 17:16:37: KERNEL_SVC: creating session with uuid: 'f4666a93-3acb-4dc1-a87a-ef482b45c163' and name 'vitis-run_compile_dpu_conv_top'
09/09/26 17:16:37: GUIDANCE_SMGR: creating guidance session with uuid: 'f4666a93-3acb-4dc1-a87a-ef482b45c163' and name 'vitis-run_compile_dpu_conv_top'
09/09/26 17:16:37: SYSTEM_DIAGRAM: creating session with uuid: 'f4666a93-3acb-4dc1-a87a-ef482b45c163' and name 'vitis-run_compile_dpu_conv_top'
09/09/26 17:17:15: Dispatch Server: Accepted socket connection from client
09/09/26 17:17:15: Starting Socket connection
09/09/26 17:17:23: SESSION_MGR: closing session for UUID 'f4666a93-3acb-4dc1-a87a-ef482b45c163' with name 'vitis-run_compile_dpu_conv_top'
09/09/26 17:17:23: KERNEL_SVC: closing session for UUID 'f4666a93-3acb-4dc1-a87a-ef482b45c163' with name 'vitis-run_compile_dpu_conv_top'
09/09/26 17:17:23: GUIDANCE_SMGR: closing session for UUID 'f4666a93-3acb-4dc1-a87a-ef482b45c163' with name 'vitis-run_compile_dpu_conv_top'
09/09/26 17:17:23: SYSTEM_DIAGRAM: closing session for UUID 'f4666a93-3acb-4dc1-a87a-ef482b45c163' with name 'vitis-run_compile_dpu_conv_top'
09/09/26 17:17:23: STOP_SERVER received, server token: e041d9b1-5223-4fe3-a8b5-df04023bfb42, passed token: e041d9b1-5223-4fe3-a8b5-df04023bfb42
09/09/26 17:17:23: Socket received request to stop server.
09/09/26 17:17:23: Dispatch Server: do_await_stop
09/09/26 17:17:23: SERVER: destructor for server bound to port 59404
09/09/26 17:19:17: Running xcd server. This server was built by gradle.
09/09/26 17:19:17: Server was asked to start on port: '60444'
09/09/26 17:19:17: Server is using token UUID: 'b7d2d12c-1905-4953-af26-f2ae7a8c049a'
09/09/26 17:19:17: SESSION_MGR: creating session with session uuid: '6d04a3e9-ade5-4ab9-8d63-1f78fcd2ec76' and name 'default'
09/09/26 17:19:17: Attempting to start server on port '60444'
09/09/26 17:19:17: Running Dispatch Server
09/09/26 17:19:18: Version 2.2.0
09/09/26 17:19:20: Dispatch Server: Accepted socket connection from client
09/09/26 17:19:20: Starting Socket connection
09/09/26 17:19:20: EXCHANGE_TOKEN received, server token: b7d2d12c-1905-4953-af26-f2ae7a8c049a, passed token: b7d2d12c-1905-4953-af26-f2ae7a8c049a
09/09/26 17:19:21: DISPATCH_HANDLER: Adding handler from function makeHandler in library xv_system_diagram
09/09/26 17:19:21: SESSION_MGR: creating session with session uuid: 'f8c2a96c-0898-4f92-aa6e-783bb40c40be' and name 'vitis-run_compile_dpu_conv_top'
09/09/26 17:19:21: KERNEL_SVC: creating session with uuid: 'f8c2a96c-0898-4f92-aa6e-783bb40c40be' and name 'vitis-run_compile_dpu_conv_top'
09/09/26 17:19:21: GUIDANCE_SMGR: creating guidance session with uuid: 'f8c2a96c-0898-4f92-aa6e-783bb40c40be' and name 'vitis-run_compile_dpu_conv_top'
09/09/26 17:19:21: SYSTEM_DIAGRAM: creating session with uuid: 'f8c2a96c-0898-4f92-aa6e-783bb40c40be' and name 'vitis-run_compile_dpu_conv_top'
09/09/26 17:20:29: Dispatch Server: Accepted socket connection from client
09/09/26 17:20:29: Starting Socket connection
09/09/26 17:20:38: SESSION_MGR: closing session for UUID 'f8c2a96c-0898-4f92-aa6e-783bb40c40be' with name 'vitis-run_compile_dpu_conv_top'
09/09/26 17:20:38: KERNEL_SVC: closing session for UUID 'f8c2a96c-0898-4f92-aa6e-783bb40c40be' with name 'vitis-run_compile_dpu_conv_top'
09/09/26 17:20:38: GUIDANCE_SMGR: closing session for UUID 'f8c2a96c-0898-4f92-aa6e-783bb40c40be' with name 'vitis-run_compile_dpu_conv_top'
09/09/26 17:20:38: SYSTEM_DIAGRAM: closing session for UUID 'f8c2a96c-0898-4f92-aa6e-783bb40c40be' with name 'vitis-run_compile_dpu_conv_top'
09/09/26 17:20:38: STOP_SERVER received, server token: b7d2d12c-1905-4953-af26-f2ae7a8c049a, passed token: b7d2d12c-1905-4953-af26-f2ae7a8c049a
09/09/26 17:20:38: Socket received request to stop server.
09/09/26 17:20:38: Dispatch Server: do_await_stop
09/09/26 17:20:38: SERVER: destructor for server bound to port 60444
09/09/26 17:22:03: Running xcd server. This server was built by gradle.
09/09/26 17:22:03: Server was asked to start on port: '65231'
09/09/26 17:22:03: Server is using token UUID: '568fb7e3-9581-4214-a867-eb6bd70b9094'
09/09/26 17:22:03: SESSION_MGR: creating session with session uuid: '6d04a3e9-ade5-4ab9-8d63-1f78fcd2ec76' and name 'default'
09/09/26 17:22:03: Attempting to start server on port '65231'
09/09/26 17:22:03: Running Dispatch Server
09/09/26 17:22:03: Version 2.2.0
09/09/26 17:22:05: Dispatch Server: Accepted socket connection from client
09/09/26 17:22:05: Starting Socket connection
09/09/26 17:22:05: EXCHANGE_TOKEN received, server token: 568fb7e3-9581-4214-a867-eb6bd70b9094, passed token: 568fb7e3-9581-4214-a867-eb6bd70b9094
09/09/26 17:22:06: DISPATCH_HANDLER: Adding handler from function makeHandler in library xv_system_diagram
09/09/26 17:22:06: SESSION_MGR: creating session with session uuid: 'e244bca5-b59f-4773-997e-b7194a487f75' and name 'vitis-run_compile_dpu_conv_top'
09/09/26 17:22:06: KERNEL_SVC: creating session with uuid: 'e244bca5-b59f-4773-997e-b7194a487f75' and name 'vitis-run_compile_dpu_conv_top'
09/09/26 17:22:06: GUIDANCE_SMGR: creating guidance session with uuid: 'e244bca5-b59f-4773-997e-b7194a487f75' and name 'vitis-run_compile_dpu_conv_top'
09/09/26 17:22:06: SYSTEM_DIAGRAM: creating session with uuid: 'e244bca5-b59f-4773-997e-b7194a487f75' and name 'vitis-run_compile_dpu_conv_top'
09/09/26 17:23:00: Dispatch Server: Accepted socket connection from client
09/09/26 17:23:00: Starting Socket connection
09/09/26 17:23:05: SESSION_MGR: closing session for UUID 'e244bca5-b59f-4773-997e-b7194a487f75' with name 'vitis-run_compile_dpu_conv_top'
09/09/26 17:23:05: KERNEL_SVC: closing session for UUID 'e244bca5-b59f-4773-997e-b7194a487f75' with name 'vitis-run_compile_dpu_conv_top'
09/09/26 17:23:05: GUIDANCE_SMGR: closing session for UUID 'e244bca5-b59f-4773-997e-b7194a487f75' with name 'vitis-run_compile_dpu_conv_top'
09/09/26 17:23:05: SYSTEM_DIAGRAM: closing session for UUID 'e244bca5-b59f-4773-997e-b7194a487f75' with name 'vitis-run_compile_dpu_conv_top'
09/09/26 17:23:06: STOP_SERVER received, server token: 568fb7e3-9581-4214-a867-eb6bd70b9094, passed token: 568fb7e3-9581-4214-a867-eb6bd70b9094
09/09/26 17:23:06: Socket received request to stop server.
09/09/26 17:23:06: Dispatch Server: do_await_stop
09/09/26 17:23:06: SERVER: destructor for server bound to port 65231
09/09/26 17:25:14: Running xcd server. This server was built by gradle.
09/09/26 17:25:14: Server was asked to start on port: '50219'
09/09/26 17:25:14: Server is using token UUID: '30c6ac86-8298-45f2-875c-bbfa338c93f3'
09/09/26 17:25:14: SESSION_MGR: creating session with session uuid: '6d04a3e9-ade5-4ab9-8d63-1f78fcd2ec76' and name 'default'
09/09/26 17:25:14: Attempting to start server on port '50219'
09/09/26 17:25:14: Running Dispatch Server
09/09/26 17:25:14: Version 2.2.0
09/09/26 17:25:16: Dispatch Server: Accepted socket connection from client
09/09/26 17:25:16: Starting Socket connection
09/09/26 17:25:16: EXCHANGE_TOKEN received, server token: 30c6ac86-8298-45f2-875c-bbfa338c93f3, passed token: 30c6ac86-8298-45f2-875c-bbfa338c93f3
09/09/26 17:25:16: DISPATCH_HANDLER: Adding handler from function makeHandler in library xv_system_diagram
09/09/26 17:25:16: SESSION_MGR: creating session with session uuid: '10cf3c21-7c3a-418c-af21-670111c0ed48' and name 'vitis-run_compile_dpu_conv_top'
09/09/26 17:25:16: KERNEL_SVC: creating session with uuid: '10cf3c21-7c3a-418c-af21-670111c0ed48' and name 'vitis-run_compile_dpu_conv_top'
09/09/26 17:25:16: GUIDANCE_SMGR: creating guidance session with uuid: '10cf3c21-7c3a-418c-af21-670111c0ed48' and name 'vitis-run_compile_dpu_conv_top'
09/09/26 17:25:16: SYSTEM_DIAGRAM: creating session with uuid: '10cf3c21-7c3a-418c-af21-670111c0ed48' and name 'vitis-run_compile_dpu_conv_top'
09/09/26 17:25:43: Dispatch Server: Accepted socket connection from client
09/09/26 17:25:43: Starting Socket connection
09/09/26 17:26:08: SESSION_MGR: closing session for UUID '10cf3c21-7c3a-418c-af21-670111c0ed48' with name 'vitis-run_compile_dpu_conv_top'
09/09/26 17:26:08: KERNEL_SVC: closing session for UUID '10cf3c21-7c3a-418c-af21-670111c0ed48' with name 'vitis-run_compile_dpu_conv_top'
09/09/26 17:26:08: GUIDANCE_SMGR: closing session for UUID '10cf3c21-7c3a-418c-af21-670111c0ed48' with name 'vitis-run_compile_dpu_conv_top'
09/09/26 17:26:08: SYSTEM_DIAGRAM: closing session for UUID '10cf3c21-7c3a-418c-af21-670111c0ed48' with name 'vitis-run_compile_dpu_conv_top'
09/09/26 17:26:08: STOP_SERVER received, server token: 30c6ac86-8298-45f2-875c-bbfa338c93f3, passed token: 30c6ac86-8298-45f2-875c-bbfa338c93f3
09/09/26 17:26:08: Socket received request to stop server.
09/09/26 17:26:08: Dispatch Server: do_await_stop
09/09/26 17:26:08: SERVER: destructor for server bound to port 50219
09/09/26 17:26:37: Running xcd server. This server was built by gradle.
09/09/26 17:26:37: Server was asked to start on port: '63891'
09/09/26 17:26:37: Server is using token UUID: '70a75473-5057-4051-8596-c3e241f21fdd'
09/09/26 17:26:37: SESSION_MGR: creating session with session uuid: '6d04a3e9-ade5-4ab9-8d63-1f78fcd2ec76' and name 'default'
09/09/26 17:26:37: Attempting to start server on port '63891'
09/09/26 17:26:37: Running Dispatch Server
09/09/26 17:26:37: Version 2.2.0
09/09/26 17:26:39: Dispatch Server: Accepted socket connection from client
09/09/26 17:26:39: Starting Socket connection
09/09/26 17:26:39: EXCHANGE_TOKEN received, server token: 70a75473-5057-4051-8596-c3e241f21fdd, passed token: 70a75473-5057-4051-8596-c3e241f21fdd
09/09/26 17:26:40: DISPATCH_HANDLER: Adding handler from function makeHandler in library xv_system_diagram
09/09/26 17:26:40: SESSION_MGR: creating session with session uuid: 'bd00945a-ac04-4221-a582-7c2777a11761' and name 'v++_compile_dpu_conv_top'
09/09/26 17:26:40: KERNEL_SVC: creating session with uuid: 'bd00945a-ac04-4221-a582-7c2777a11761' and name 'v++_compile_dpu_conv_top'
09/09/26 17:26:40: GUIDANCE_SMGR: creating guidance session with uuid: 'bd00945a-ac04-4221-a582-7c2777a11761' and name 'v++_compile_dpu_conv_top'
09/09/26 17:26:40: SYSTEM_DIAGRAM: creating session with uuid: 'bd00945a-ac04-4221-a582-7c2777a11761' and name 'v++_compile_dpu_conv_top'
09/09/26 17:27:12: Dispatch Server: Accepted socket connection from client
09/09/26 17:27:12: Starting Socket connection
09/09/26 17:31:49: SESSION_MGR: closing session for UUID 'bd00945a-ac04-4221-a582-7c2777a11761' with name 'v++_compile_dpu_conv_top'
09/09/26 17:31:49: KERNEL_SVC: closing session for UUID 'bd00945a-ac04-4221-a582-7c2777a11761' with name 'v++_compile_dpu_conv_top'
09/09/26 17:31:49: GUIDANCE_SMGR: closing session for UUID 'bd00945a-ac04-4221-a582-7c2777a11761' with name 'v++_compile_dpu_conv_top'
09/09/26 17:31:49: SYSTEM_DIAGRAM: closing session for UUID 'bd00945a-ac04-4221-a582-7c2777a11761' with name 'v++_compile_dpu_conv_top'
09/09/26 17:31:49: STOP_SERVER received, server token: 70a75473-5057-4051-8596-c3e241f21fdd, passed token: 70a75473-5057-4051-8596-c3e241f21fdd
09/09/26 17:31:49: Socket received request to stop server.
09/09/26 17:31:49: Dispatch Server: do_await_stop
09/09/26 17:31:49: SERVER: destructor for server bound to port 63891
09/09/26 18:56:33: Running xcd server. This server was built by gradle.
09/09/26 18:56:33: Server was asked to start on port: '55573'
09/09/26 18:56:33: Server is using token UUID: 'a369cfb1-5f5f-4291-9765-3e87bd5f3653'
09/09/26 18:56:33: SESSION_MGR: creating session with session uuid: '6d04a3e9-ade5-4ab9-8d63-1f78fcd2ec76' and name 'default'
09/09/26 18:56:33: Attempting to start server on port '55573'
09/09/26 18:56:33: Running Dispatch Server
09/09/26 18:56:33: Version 2.2.0
09/09/26 18:56:35: Dispatch Server: Accepted socket connection from client
09/09/26 18:56:35: Starting Socket connection
09/09/26 18:56:35: EXCHANGE_TOKEN received, server token: a369cfb1-5f5f-4291-9765-3e87bd5f3653, passed token: a369cfb1-5f5f-4291-9765-3e87bd5f3653
09/09/26 18:56:35: DISPATCH_HANDLER: Adding handler from function makeHandler in library xv_system_diagram
09/09/26 18:56:35: SESSION_MGR: creating session with session uuid: '5c4692eb-87ca-4d61-a540-9b17b7116481' and name 'v++_compile_dpu_conv_top'
09/09/26 18:56:35: KERNEL_SVC: creating session with uuid: '5c4692eb-87ca-4d61-a540-9b17b7116481' and name 'v++_compile_dpu_conv_top'
09/09/26 18:56:35: GUIDANCE_SMGR: creating guidance session with uuid: '5c4692eb-87ca-4d61-a540-9b17b7116481' and name 'v++_compile_dpu_conv_top'
09/09/26 18:56:35: SYSTEM_DIAGRAM: creating session with uuid: '5c4692eb-87ca-4d61-a540-9b17b7116481' and name 'v++_compile_dpu_conv_top'
09/09/26 18:57:05: Dispatch Server: Accepted socket connection from client
09/09/26 18:57:05: Starting Socket connection
09/09/26 19:00:33: SESSION_MGR: closing session for UUID '5c4692eb-87ca-4d61-a540-9b17b7116481' with name 'v++_compile_dpu_conv_top'
09/09/26 19:00:33: KERNEL_SVC: closing session for UUID '5c4692eb-87ca-4d61-a540-9b17b7116481' with name 'v++_compile_dpu_conv_top'
09/09/26 19:00:33: GUIDANCE_SMGR: closing session for UUID '5c4692eb-87ca-4d61-a540-9b17b7116481' with name 'v++_compile_dpu_conv_top'
09/09/26 19:00:34: SYSTEM_DIAGRAM: closing session for UUID '5c4692eb-87ca-4d61-a540-9b17b7116481' with name 'v++_compile_dpu_conv_top'
09/09/26 19:00:34: STOP_SERVER received, server token: a369cfb1-5f5f-4291-9765-3e87bd5f3653, passed token: a369cfb1-5f5f-4291-9765-3e87bd5f3653
09/09/26 19:00:34: Socket received request to stop server.
09/09/26 19:00:34: Dispatch Server: do_await_stop
09/09/26 19:00:34: SERVER: destructor for server bound to port 55573
09/09/26 22:22:25: Running xcd server. This server was built by gradle.
09/09/26 22:22:25: Server was asked to start on port: '61191'
09/09/26 22:22:25: Server is using token UUID: '3b3ea1e3-8940-4cfe-a6bc-cd463aa22483'
09/09/26 22:22:25: SESSION_MGR: creating session with session uuid: '6d04a3e9-ade5-4ab9-8d63-1f78fcd2ec76' and name 'default'
09/09/26 22:22:25: Attempting to start server on port '61191'
09/09/26 22:22:25: Running Dispatch Server
09/09/26 22:22:25: Version 2.2.0
09/09/26 22:22:27: Dispatch Server: Accepted socket connection from client
09/09/26 22:22:27: Starting Socket connection
09/09/26 22:22:27: EXCHANGE_TOKEN received, server token: 3b3ea1e3-8940-4cfe-a6bc-cd463aa22483, passed token: 3b3ea1e3-8940-4cfe-a6bc-cd463aa22483
09/09/26 22:22:28: DISPATCH_HANDLER: Adding handler from function makeHandler in library xv_system_diagram
09/09/26 22:22:28: SESSION_MGR: creating session with session uuid: 'c08b6647-7f7e-4224-91e0-c942e8c18cf2' and name 'vitis-run_compile_dpu_conv_top'
09/09/26 22:22:28: KERNEL_SVC: creating session with uuid: 'c08b6647-7f7e-4224-91e0-c942e8c18cf2' and name 'vitis-run_compile_dpu_conv_top'
09/09/26 22:22:28: GUIDANCE_SMGR: creating guidance session with uuid: 'c08b6647-7f7e-4224-91e0-c942e8c18cf2' and name 'vitis-run_compile_dpu_conv_top'
09/09/26 22:22:28: SYSTEM_DIAGRAM: creating session with uuid: 'c08b6647-7f7e-4224-91e0-c942e8c18cf2' and name 'vitis-run_compile_dpu_conv_top'
09/09/26 22:24:05: Dispatch Server: Accepted socket connection from client
09/09/26 22:24:05: Starting Socket connection
09/09/26 22:27:36: SESSION_MGR: closing session for UUID 'c08b6647-7f7e-4224-91e0-c942e8c18cf2' with name 'vitis-run_compile_dpu_conv_top'
09/09/26 22:27:36: KERNEL_SVC: closing session for UUID 'c08b6647-7f7e-4224-91e0-c942e8c18cf2' with name 'vitis-run_compile_dpu_conv_top'
09/09/26 22:27:36: GUIDANCE_SMGR: closing session for UUID 'c08b6647-7f7e-4224-91e0-c942e8c18cf2' with name 'vitis-run_compile_dpu_conv_top'
09/09/26 22:27:36: SYSTEM_DIAGRAM: closing session for UUID 'c08b6647-7f7e-4224-91e0-c942e8c18cf2' with name 'vitis-run_compile_dpu_conv_top'
09/09/26 22:27:36: STOP_SERVER received, server token: 3b3ea1e3-8940-4cfe-a6bc-cd463aa22483, passed token: 3b3ea1e3-8940-4cfe-a6bc-cd463aa22483
09/09/26 22:27:36: Socket received request to stop server.
09/09/26 22:27:36: Dispatch Server: do_await_stop
09/09/26 22:27:36: SERVER: destructor for server bound to port 61191
09/09/26 22:28:24: Running xcd server. This server was built by gradle.
09/09/26 22:28:24: Server was asked to start on port: '56212'
09/09/26 22:28:24: Server is using token UUID: 'e8fe7db0-cd93-4474-83c2-f3be0c38b93d'
09/09/26 22:28:24: SESSION_MGR: creating session with session uuid: '6d04a3e9-ade5-4ab9-8d63-1f78fcd2ec76' and name 'default'
09/09/26 22:28:24: Attempting to start server on port '56212'
09/09/26 22:28:24: Running Dispatch Server
09/09/26 22:28:24: Version 2.2.0
09/09/26 22:28:26: Dispatch Server: Accepted socket connection from client
09/09/26 22:28:26: Starting Socket connection
09/09/26 22:28:26: EXCHANGE_TOKEN received, server token: e8fe7db0-cd93-4474-83c2-f3be0c38b93d, passed token: e8fe7db0-cd93-4474-83c2-f3be0c38b93d
09/09/26 22:28:26: DISPATCH_HANDLER: Adding handler from function makeHandler in library xv_system_diagram
09/09/26 22:28:26: SESSION_MGR: creating session with session uuid: '6bf2fe80-7e78-41f1-a778-c2a31a6e9d83' and name 'vitis-run_compile_dpu_conv_top'
09/09/26 22:28:26: KERNEL_SVC: creating session with uuid: '6bf2fe80-7e78-41f1-a778-c2a31a6e9d83' and name 'vitis-run_compile_dpu_conv_top'
09/09/26 22:28:26: GUIDANCE_SMGR: creating guidance session with uuid: '6bf2fe80-7e78-41f1-a778-c2a31a6e9d83' and name 'vitis-run_compile_dpu_conv_top'
09/09/26 22:28:26: SYSTEM_DIAGRAM: creating session with uuid: '6bf2fe80-7e78-41f1-a778-c2a31a6e9d83' and name 'vitis-run_compile_dpu_conv_top'
09/09/26 22:29:46: Dispatch Server: Accepted socket connection from client
09/09/26 22:29:46: Starting Socket connection
09/09/26 22:35:18: SESSION_MGR: closing session for UUID '6bf2fe80-7e78-41f1-a778-c2a31a6e9d83' with name 'vitis-run_compile_dpu_conv_top'
09/09/26 22:35:18: KERNEL_SVC: closing session for UUID '6bf2fe80-7e78-41f1-a778-c2a31a6e9d83' with name 'vitis-run_compile_dpu_conv_top'
09/09/26 22:35:18: GUIDANCE_SMGR: closing session for UUID '6bf2fe80-7e78-41f1-a778-c2a31a6e9d83' with name 'vitis-run_compile_dpu_conv_top'
09/09/26 22:35:18: SYSTEM_DIAGRAM: closing session for UUID '6bf2fe80-7e78-41f1-a778-c2a31a6e9d83' with name 'vitis-run_compile_dpu_conv_top'
09/09/26 22:35:18: STOP_SERVER received, server token: e8fe7db0-cd93-4474-83c2-f3be0c38b93d, passed token: e8fe7db0-cd93-4474-83c2-f3be0c38b93d
09/09/26 22:35:18: Socket received request to stop server.
09/09/26 22:35:18: Dispatch Server: do_await_stop
09/09/26 22:35:18: SERVER: destructor for server bound to port 56212
09/09/26 22:35:45: Running xcd server. This server was built by gradle.
09/09/26 22:35:45: Server was asked to start on port: '58465'
09/09/26 22:35:45: Server is using token UUID: '1b76c28e-9724-4705-a03e-d06d4c4ab0b3'
09/09/26 22:35:45: SESSION_MGR: creating session with session uuid: '6d04a3e9-ade5-4ab9-8d63-1f78fcd2ec76' and name 'default'
09/09/26 22:35:45: Attempting to start server on port '58465'
09/09/26 22:35:45: Running Dispatch Server
09/09/26 22:35:45: Version 2.2.0
09/09/26 22:35:47: Dispatch Server: Accepted socket connection from client
09/09/26 22:35:47: Starting Socket connection
09/09/26 22:35:47: EXCHANGE_TOKEN received, server token: 1b76c28e-9724-4705-a03e-d06d4c4ab0b3, passed token: 1b76c28e-9724-4705-a03e-d06d4c4ab0b3
09/09/26 22:35:48: DISPATCH_HANDLER: Adding handler from function makeHandler in library xv_system_diagram
09/09/26 22:35:48: SESSION_MGR: creating session with session uuid: 'd56539ff-ae69-4b50-9596-d738ed592957' and name 'vitis-run_compile_dpu_conv_top'
09/09/26 22:35:48: KERNEL_SVC: creating session with uuid: 'd56539ff-ae69-4b50-9596-d738ed592957' and name 'vitis-run_compile_dpu_conv_top'
09/09/26 22:35:48: GUIDANCE_SMGR: creating guidance session with uuid: 'd56539ff-ae69-4b50-9596-d738ed592957' and name 'vitis-run_compile_dpu_conv_top'
09/09/26 22:35:48: SYSTEM_DIAGRAM: creating session with uuid: 'd56539ff-ae69-4b50-9596-d738ed592957' and name 'vitis-run_compile_dpu_conv_top'
09/09/26 22:36:43: Dispatch Server: Accepted socket connection from client
09/09/26 22:36:43: Starting Socket connection
09/09/26 22:54:34: Dispatch Server: Accepted socket connection from client
09/09/26 22:54:34: Starting Socket connection
09/09/26 23:06:40: SESSION_MGR: closing session for UUID 'd56539ff-ae69-4b50-9596-d738ed592957' with name 'vitis-run_compile_dpu_conv_top'
09/09/26 23:06:40: KERNEL_SVC: closing session for UUID 'd56539ff-ae69-4b50-9596-d738ed592957' with name 'vitis-run_compile_dpu_conv_top'
09/09/26 23:06:40: GUIDANCE_SMGR: closing session for UUID 'd56539ff-ae69-4b50-9596-d738ed592957' with name 'vitis-run_compile_dpu_conv_top'
09/09/26 23:06:40: SYSTEM_DIAGRAM: closing session for UUID 'd56539ff-ae69-4b50-9596-d738ed592957' with name 'vitis-run_compile_dpu_conv_top'
09/09/26 23:06:40: STOP_SERVER received, server token: 1b76c28e-9724-4705-a03e-d06d4c4ab0b3, passed token: 1b76c28e-9724-4705-a03e-d06d4c4ab0b3
09/09/26 23:06:40: Socket received request to stop server.
09/09/26 23:06:40: Dispatch Server: do_await_stop
09/09/26 23:06:40: SERVER: destructor for server bound to port 58465
09/10/26 17:01:16: Running xcd server. This server was built by gradle.
09/10/26 17:01:16: Server was asked to start on port: '58890'
09/10/26 17:01:16: Server is using token UUID: '1f60b46c-54cd-4b12-b59c-ea5c829e30d1'
09/10/26 17:01:16: SESSION_MGR: creating session with session uuid: '6d04a3e9-ade5-4ab9-8d63-1f78fcd2ec76' and name 'default'
09/10/26 17:01:16: Attempting to start server on port '58890'
09/10/26 17:01:16: Running Dispatch Server
09/10/26 17:01:16: Version 2.2.0
09/10/26 17:01:18: Dispatch Server: Accepted socket connection from client
09/10/26 17:01:18: Starting Socket connection
09/10/26 17:01:18: EXCHANGE_TOKEN received, server token: 1f60b46c-54cd-4b12-b59c-ea5c829e30d1, passed token: 1f60b46c-54cd-4b12-b59c-ea5c829e30d1
09/10/26 17:01:19: DISPATCH_HANDLER: Adding handler from function makeHandler in library xv_system_diagram
09/10/26 17:01:19: SESSION_MGR: creating session with session uuid: '64752a59-d6cc-43ec-a0df-7e1de8397598' and name 'vitis-run_compile_dpu_conv_top'
09/10/26 17:01:19: KERNEL_SVC: creating session with uuid: '64752a59-d6cc-43ec-a0df-7e1de8397598' and name 'vitis-run_compile_dpu_conv_top'
09/10/26 17:01:19: GUIDANCE_SMGR: creating guidance session with uuid: '64752a59-d6cc-43ec-a0df-7e1de8397598' and name 'vitis-run_compile_dpu_conv_top'
09/10/26 17:01:19: SYSTEM_DIAGRAM: creating session with uuid: '64752a59-d6cc-43ec-a0df-7e1de8397598' and name 'vitis-run_compile_dpu_conv_top'
09/10/26 17:01:47: Dispatch Server: Accepted socket connection from client
09/10/26 17:01:47: Starting Socket connection
09/10/26 17:02:05: SESSION_MGR: closing session for UUID '64752a59-d6cc-43ec-a0df-7e1de8397598' with name 'vitis-run_compile_dpu_conv_top'
09/10/26 17:02:05: KERNEL_SVC: closing session for UUID '64752a59-d6cc-43ec-a0df-7e1de8397598' with name 'vitis-run_compile_dpu_conv_top'
09/10/26 17:02:05: GUIDANCE_SMGR: closing session for UUID '64752a59-d6cc-43ec-a0df-7e1de8397598' with name 'vitis-run_compile_dpu_conv_top'
09/10/26 17:02:05: SYSTEM_DIAGRAM: closing session for UUID '64752a59-d6cc-43ec-a0df-7e1de8397598' with name 'vitis-run_compile_dpu_conv_top'
09/10/26 17:02:05: STOP_SERVER received, server token: 1f60b46c-54cd-4b12-b59c-ea5c829e30d1, passed token: 1f60b46c-54cd-4b12-b59c-ea5c829e30d1
09/10/26 17:02:05: Socket received request to stop server.
09/10/26 17:02:05: Dispatch Server: do_await_stop
09/10/26 17:02:05: SERVER: destructor for server bound to port 58890
09/10/26 17:02:33: Running xcd server. This server was built by gradle.
09/10/26 17:02:33: Server was asked to start on port: '62208'
09/10/26 17:02:33: Server is using token UUID: 'f2373286-cf0e-4ab2-9218-e86e7e417543'
09/10/26 17:02:33: SESSION_MGR: creating session with session uuid: '6d04a3e9-ade5-4ab9-8d63-1f78fcd2ec76' and name 'default'
09/10/26 17:02:33: Attempting to start server on port '62208'
09/10/26 17:02:33: Running Dispatch Server
09/10/26 17:02:33: Version 2.2.0
09/10/26 17:02:36: Dispatch Server: Accepted socket connection from client
09/10/26 17:02:36: Starting Socket connection
09/10/26 17:02:36: EXCHANGE_TOKEN received, server token: f2373286-cf0e-4ab2-9218-e86e7e417543, passed token: f2373286-cf0e-4ab2-9218-e86e7e417543
09/10/26 17:02:36: DISPATCH_HANDLER: Adding handler from function makeHandler in library xv_system_diagram
09/10/26 17:02:36: SESSION_MGR: creating session with session uuid: '4013c386-dd67-4771-ae4c-8dc4b24038b8' and name 'vitis-run_compile_dpu_conv_top'
09/10/26 17:02:36: KERNEL_SVC: creating session with uuid: '4013c386-dd67-4771-ae4c-8dc4b24038b8' and name 'vitis-run_compile_dpu_conv_top'
09/10/26 17:02:36: GUIDANCE_SMGR: creating guidance session with uuid: '4013c386-dd67-4771-ae4c-8dc4b24038b8' and name 'vitis-run_compile_dpu_conv_top'
09/10/26 17:02:36: SYSTEM_DIAGRAM: creating session with uuid: '4013c386-dd67-4771-ae4c-8dc4b24038b8' and name 'vitis-run_compile_dpu_conv_top'
09/10/26 17:03:29: Dispatch Server: Accepted socket connection from client
09/10/26 17:03:29: Starting Socket connection
09/10/26 17:04:57: SESSION_MGR: closing session for UUID '4013c386-dd67-4771-ae4c-8dc4b24038b8' with name 'vitis-run_compile_dpu_conv_top'
09/10/26 17:04:57: KERNEL_SVC: closing session for UUID '4013c386-dd67-4771-ae4c-8dc4b24038b8' with name 'vitis-run_compile_dpu_conv_top'
09/10/26 17:04:57: GUIDANCE_SMGR: closing session for UUID '4013c386-dd67-4771-ae4c-8dc4b24038b8' with name 'vitis-run_compile_dpu_conv_top'
09/10/26 17:04:57: SYSTEM_DIAGRAM: closing session for UUID '4013c386-dd67-4771-ae4c-8dc4b24038b8' with name 'vitis-run_compile_dpu_conv_top'
09/10/26 17:04:57: STOP_SERVER received, server token: f2373286-cf0e-4ab2-9218-e86e7e417543, passed token: f2373286-cf0e-4ab2-9218-e86e7e417543
09/10/26 17:04:57: Socket received request to stop server.
09/10/26 17:04:57: Dispatch Server: do_await_stop
09/10/26 17:04:57: SERVER: destructor for server bound to port 62208
09/10/26 17:25:38: Running xcd server. This server was built by gradle.
09/10/26 17:25:38: Server was asked to start on port: '52139'
09/10/26 17:25:38: Server is using token UUID: 'caec55e7-6d04-4245-9801-0869b846378b'
09/10/26 17:25:38: SESSION_MGR: creating session with session uuid: '6d04a3e9-ade5-4ab9-8d63-1f78fcd2ec76' and name 'default'
09/10/26 17:25:38: Attempting to start server on port '52139'
09/10/26 17:25:38: Running Dispatch Server
09/10/26 17:25:38: Version 2.2.0
09/10/26 17:25:40: Dispatch Server: Accepted socket connection from client
09/10/26 17:25:40: Starting Socket connection
09/10/26 17:25:40: EXCHANGE_TOKEN received, server token: caec55e7-6d04-4245-9801-0869b846378b, passed token: caec55e7-6d04-4245-9801-0869b846378b
09/10/26 17:25:41: DISPATCH_HANDLER: Adding handler from function makeHandler in library xv_system_diagram
09/10/26 17:25:41: SESSION_MGR: creating session with session uuid: '1b8ac7ab-9286-47e8-ac15-ace7cf7a03ad' and name 'v++_compile_dpu_conv_top'
09/10/26 17:25:41: KERNEL_SVC: creating session with uuid: '1b8ac7ab-9286-47e8-ac15-ace7cf7a03ad' and name 'v++_compile_dpu_conv_top'
09/10/26 17:25:41: GUIDANCE_SMGR: creating guidance session with uuid: '1b8ac7ab-9286-47e8-ac15-ace7cf7a03ad' and name 'v++_compile_dpu_conv_top'
09/10/26 17:25:41: SYSTEM_DIAGRAM: creating session with uuid: '1b8ac7ab-9286-47e8-ac15-ace7cf7a03ad' and name 'v++_compile_dpu_conv_top'
09/10/26 17:26:27: Dispatch Server: Accepted socket connection from client
09/10/26 17:26:27: Starting Socket connection
09/10/26 17:33:21: SESSION_MGR: closing session for UUID '1b8ac7ab-9286-47e8-ac15-ace7cf7a03ad' with name 'v++_compile_dpu_conv_top'
09/10/26 17:33:21: KERNEL_SVC: closing session for UUID '1b8ac7ab-9286-47e8-ac15-ace7cf7a03ad' with name 'v++_compile_dpu_conv_top'
09/10/26 17:33:21: GUIDANCE_SMGR: closing session for UUID '1b8ac7ab-9286-47e8-ac15-ace7cf7a03ad' with name 'v++_compile_dpu_conv_top'
09/10/26 17:33:27: SYSTEM_DIAGRAM: closing session for UUID '1b8ac7ab-9286-47e8-ac15-ace7cf7a03ad' with name 'v++_compile_dpu_conv_top'
09/10/26 17:33:27: STOP_SERVER received, server token: caec55e7-6d04-4245-9801-0869b846378b, passed token: caec55e7-6d04-4245-9801-0869b846378b
09/10/26 17:33:27: Socket received request to stop server.
09/10/26 17:33:27: Dispatch Server: do_await_stop
09/10/26 17:33:27: SERVER: destructor for server bound to port 52139
