

================================================================
== Vitis HLS Report for 'Block_entry_proc_2'
================================================================
* Date:           Mon Sep  7 20:13:41 2026

* Version:        2025.2 (Build 6295257 on Nov 14 2025)
* Project:        dpu_conv_top
* Solution:       hls (Vivado IP Flow Target)
* Product family: zynq
* Target device:  xc7z020-clg400-1


================================================================
== Performance Estimates
================================================================
+ Timing: 
    * Summary: 
    +--------+----------+----------+------------+
    |  Clock |  Target  | Estimated| Uncertainty|
    +--------+----------+----------+------------+
    |ap_clk  |  11.00 ns|  3.634 ns|     2.97 ns|
    +--------+----------+----------+------------+

+ Latency: 
    * Summary: 
    +---------+---------+----------+----------+-----+-----+---------+
    |  Latency (cycles) |  Latency (absolute) |  Interval | Pipeline|
    |   min   |   max   |    min   |    max   | min | max |   Type  |
    +---------+---------+----------+----------+-----+-----+---------+
    |        0|        0|      0 ns|      0 ns|    0|    0|       no|
    +---------+---------+----------+----------+-----+-----+---------+

    + Detail: 
        * Instance: 
        N/A

        * Loop: 
        N/A



================================================================
== Utilization Estimates
================================================================
* Summary: 
+-----------------+---------+-----+--------+-------+-----+
|       Name      | BRAM_18K| DSP |   FF   |  LUT  | URAM|
+-----------------+---------+-----+--------+-------+-----+
|DSP              |        -|    -|       -|      -|    -|
|Expression       |        -|    -|       0|      2|    -|
|FIFO             |        -|    -|       -|      -|    -|
|Instance         |        -|    -|       -|      -|    -|
|Memory           |        -|    -|       -|      -|    -|
|Multiplexer      |        -|    -|       0|     18|    -|
|Register         |        -|    -|      67|      -|    -|
+-----------------+---------+-----+--------+-------+-----+
|Total            |        0|    0|      67|     20|    0|
+-----------------+---------+-----+--------+-------+-----+
|Available        |      280|  220|  106400|  53200|    0|
+-----------------+---------+-----+--------+-------+-----+
|Utilization (%)  |        0|    0|      ~0|     ~0|    0|
+-----------------+---------+-----+--------+-------+-----+

+ Detail: 
    * Instance: 
    N/A

    * DSP: 
    N/A

    * Memory: 
    N/A

    * FIFO: 
    N/A

    * Expression: 
    +-----------------+----------+----+---+----+------------+------------+
    |  Variable Name  | Operation| DSP| FF| LUT| Bitwidth P0| Bitwidth P1|
    +-----------------+----------+----+---+----+------------+------------+
    |ap_block_state1  |        or|   0|  0|   2|           1|           1|
    +-----------------+----------+----+---+----+------------+------------+
    |Total            |          |   0|  0|   2|           1|           1|
    +-----------------+----------+----+---+----+------------+------------+

    * Multiplexer: 
    +---------+----+-----------+-----+-----------+
    |   Name  | LUT| Input Size| Bits| Total Bits|
    +---------+----+-----------+-----+-----------+
    |ap_done  |   9|          2|    1|          2|
    |perf     |   9|          2|   65|        130|
    +---------+----+-----------+-----+-----------+
    |Total    |  18|          4|   66|        132|
    +---------+----+-----------+-----+-----------+

    * Register: 
    +-------------+----+----+-----+-----------+
    |     Name    | FF | LUT| Bits| Const Bits|
    +-------------+----+----+-----+-----------+
    |ap_CS_fsm    |   1|   0|    1|          0|
    |ap_done_reg  |   1|   0|    1|          0|
    |perf_preg    |  65|   0|   96|         31|
    +-------------+----+----+-----+-----------+
    |Total        |  67|   0|   98|         31|
    +-------------+----+----+-----+-----------+



================================================================
== Interface
================================================================
* Summary: 
+-------------+-----+-----+------------+--------------------+--------------+
|  RTL Ports  | Dir | Bits|  Protocol  |    Source Object   |    C Type    |
+-------------+-----+-----+------------+--------------------+--------------+
|ap_clk       |   in|    1|  ap_ctrl_hs|  Block_entry_proc.2|  return value|
|ap_rst       |   in|    1|  ap_ctrl_hs|  Block_entry_proc.2|  return value|
|ap_start     |   in|    1|  ap_ctrl_hs|  Block_entry_proc.2|  return value|
|ap_done      |  out|    1|  ap_ctrl_hs|  Block_entry_proc.2|  return value|
|ap_continue  |   in|    1|  ap_ctrl_hs|  Block_entry_proc.2|  return value|
|ap_idle      |  out|    1|  ap_ctrl_hs|  Block_entry_proc.2|  return value|
|ap_ready     |  out|    1|  ap_ctrl_hs|  Block_entry_proc.2|  return value|
|p_read       |   in|   32|     ap_none|              p_read|        scalar|
|p_read1      |   in|   32|     ap_none|             p_read1|        scalar|
|perf         |  out|   96|      ap_vld|                perf|       pointer|
|perf_ap_vld  |  out|    1|      ap_vld|                perf|       pointer|
+-------------+-----+-----+------------+--------------------+--------------+

============================================================
+ Verbose Summary: Synthesis Manager
============================================================
InlineROM: 1
ExposeGlobal: 0
============================================================
+ Verbose Summary: CDFG Model
============================================================
IsTopModel: 0
ResetActiveHigh: 1
IsCombinational: 2
IsDatapathOnly: 0
HasWiredReturn: 1
HasMFsm: 0
HasVarLatency: 0
IsPipeline: 0
IsRtlPipelined: 0
IsInstanceOverlapped: 0
IsDontTouch: 0
HasImplIP: 0
IsGatedGlobalClock: 0


============================================================
+ Verbose Summary: Schedule
============================================================
* Number of FSM states : 1
* Pipeline : 0
* Dataflow Pipeline: 0

* FSM state transitions: 
1 --> 

* FSM state operations: 

State 1 <SV = 0> <Delay = 3.63>
ST_1 : Operation 2 [1/1] (3.63ns)   --->   "%p_read_3 = read i32 @_ssdm_op_Read.ap_auto.i32, i32 %p_read1" [C:/Users/user/Downloads/files/dpu_conv.cpp:179->C:/Users/user/Downloads/files/dpu_conv.cpp:178]   --->   Operation 2 'read' 'p_read_3' <Predicate = true> <Delay = 3.63> <CoreInst = "FIFO_SRL">   --->   Core 80 'FIFO_SRL' <Latency = 0> <II = 1> <Delay = 3.63> <Storage> <Opcode : 'read' 'write' 'nbread' 'nbwrite'> <Ports = 0> <Width = 32> <Depth = 2> <FIFO>
ST_1 : Operation 3 [1/1] (3.63ns)   --->   "%p_read_4 = read i32 @_ssdm_op_Read.ap_auto.i32, i32 %p_read" [C:/Users/user/Downloads/files/dpu_conv.cpp:179->C:/Users/user/Downloads/files/dpu_conv.cpp:178]   --->   Operation 3 'read' 'p_read_4' <Predicate = true> <Delay = 3.63> <CoreInst = "FIFO_SRL">   --->   Core 80 'FIFO_SRL' <Latency = 0> <II = 1> <Delay = 3.63> <Storage> <Opcode : 'read' 'write' 'nbread' 'nbwrite'> <Ports = 0> <Width = 32> <Depth = 2> <FIFO>
ST_1 : Operation 4 [1/1] (0.00ns)   --->   "%zext_ln179_cast = bitconcatenate i65 @_ssdm_op_BitConcatenate.i65.i1.i32.i32, i1 1, i32 %p_read_4, i32 %p_read_3" [C:/Users/user/Downloads/files/dpu_conv.cpp:179->C:/Users/user/Downloads/files/dpu_conv.cpp:178]   --->   Operation 4 'bitconcatenate' 'zext_ln179_cast' <Predicate = true> <Delay = 0.00>
ST_1 : Operation 5 [1/1] (0.00ns)   --->   "%zext_ln179 = zext i65 %zext_ln179_cast" [C:/Users/user/Downloads/files/dpu_conv.cpp:179->C:/Users/user/Downloads/files/dpu_conv.cpp:178]   --->   Operation 5 'zext' 'zext_ln179' <Predicate = true> <Delay = 0.00>
ST_1 : Operation 6 [1/1] (0.00ns)   --->   "%write_ln179 = write void @_ssdm_op_Write.ap_auto.i96P0A, i96 %perf, i96 %zext_ln179" [C:/Users/user/Downloads/files/dpu_conv.cpp:179->C:/Users/user/Downloads/files/dpu_conv.cpp:178]   --->   Operation 6 'write' 'write_ln179' <Predicate = true> <Delay = 0.00>
ST_1 : Operation 7 [1/1] (0.00ns)   --->   "%ret_ln0 = ret"   --->   Operation 7 'ret' 'ret_ln0' <Predicate = true> <Delay = 0.00>


============================================================
+ Verbose Summary: Binding
============================================================
STG Binding: 
---------------- STG Properties BEGIN ----------------
- Is combinational: 0
- Is one-state seq: 1
- Is datapath-only: 0
- Is pipelined: 0
- Is top level: 0
Port [ Return ] is wired: 1; IO mode=ap_ctrl_hs:ce=0
Port [ p_read]:  wired=1; compound=0; hidden=0; nouse=0; global=0; static=0; extern=0; dir=0; type=0; pingpong=0; private_global=0; IO mode=ap_none:ce=0
Port [ p_read1]:  wired=1; compound=0; hidden=0; nouse=0; global=0; static=0; extern=0; dir=0; type=0; pingpong=0; private_global=0; IO mode=ap_none:ce=0
Port [ perf]:  wired=1; compound=0; hidden=0; nouse=0; global=0; static=0; extern=0; dir=1; type=0; pingpong=0; private_global=0; IO mode=ap_vld:ce=0
---------------- STG Properties END ------------------

---------------- Datapath Model BEGIN ----------------

<LifeTime>
<method=bitvector/>
p_read_3        (read          ) [ 00]
p_read_4        (read          ) [ 00]
zext_ln179_cast (bitconcatenate) [ 00]
zext_ln179      (zext          ) [ 00]
write_ln179     (write         ) [ 00]
ret_ln0         (ret           ) [ 00]
</LifeTime>

<model>

<comp_list>
<comp id="0" class="1000" name="p_read">
<pin_list>
<pin id="1" dir="1" index="0" bw="1" slack="0"/>
</pin_list>
<bind>
<StgValue><ssdm name="p_read"/></StgValue>
</bind>
</comp>

<comp id="2" class="1000" name="p_read1">
<pin_list>
<pin id="3" dir="1" index="0" bw="1" slack="0"/>
</pin_list>
<bind>
<StgValue><ssdm name="p_read1"/></StgValue>
</bind>
</comp>

<comp id="4" class="1000" name="perf">
<pin_list>
<pin id="5" dir="1" index="0" bw="1" slack="0"/>
</pin_list>
<bind>
<StgValue><ssdm name="perf"/></StgValue>
</bind>
</comp>

<comp id="6" class="1001" name="const_6">
<pin_list>
<pin id="7" dir="1" index="0" bw="1" slack="0"/>
</pin_list>
<bind>
<StgValue><ssdm name="_ssdm_op_Read.ap_auto.i32"/></StgValue>
</bind>
</comp>

<comp id="8" class="1001" name="const_8">
<pin_list>
<pin id="9" dir="1" index="0" bw="1" slack="0"/>
</pin_list>
<bind>
<StgValue><ssdm name="_ssdm_op_BitConcatenate.i65.i1.i32.i32"/></StgValue>
</bind>
</comp>

<comp id="10" class="1001" name="const_10">
<pin_list>
<pin id="11" dir="1" index="0" bw="1" slack="0"/>
</pin_list>
<bind>
<StgValue><ssdm name=""/></StgValue>
</bind>
</comp>

<comp id="12" class="1001" name="const_12">
<pin_list>
<pin id="13" dir="1" index="0" bw="1" slack="0"/>
</pin_list>
<bind>
<StgValue><ssdm name="_ssdm_op_Write.ap_auto.i96P0A"/></StgValue>
</bind>
</comp>

<comp id="14" class="1004" name="p_read_3_read_fu_14">
<pin_list>
<pin id="15" dir="0" index="0" bw="32" slack="0"/>
<pin id="16" dir="0" index="1" bw="32" slack="0"/>
<pin id="17" dir="1" index="2" bw="32" slack="0"/>
</pin_list>
<bind>
<opcode="read(1150) " fcode="read"/>
<opset="p_read_3/1 "/>
</bind>
</comp>

<comp id="20" class="1004" name="p_read_4_read_fu_20">
<pin_list>
<pin id="21" dir="0" index="0" bw="32" slack="0"/>
<pin id="22" dir="0" index="1" bw="32" slack="0"/>
<pin id="23" dir="1" index="2" bw="32" slack="0"/>
</pin_list>
<bind>
<opcode="read(1150) " fcode="read"/>
<opset="p_read_4/1 "/>
</bind>
</comp>

<comp id="26" class="1004" name="write_ln179_write_fu_26">
<pin_list>
<pin id="27" dir="0" index="0" bw="0" slack="0"/>
<pin id="28" dir="0" index="1" bw="96" slack="0"/>
<pin id="29" dir="0" index="2" bw="65" slack="0"/>
<pin id="30" dir="1" index="3" bw="0" slack="2147483647"/>
</pin_list>
<bind>
<opcode="write(1151) " fcode="write"/>
<opset="write_ln179/1 "/>
</bind>
</comp>

<comp id="33" class="1004" name="zext_ln179_cast_fu_33">
<pin_list>
<pin id="34" dir="0" index="0" bw="65" slack="0"/>
<pin id="35" dir="0" index="1" bw="1" slack="0"/>
<pin id="36" dir="0" index="2" bw="32" slack="0"/>
<pin id="37" dir="0" index="3" bw="32" slack="0"/>
<pin id="38" dir="1" index="4" bw="65" slack="0"/>
</pin_list>
<bind>
<opcode="bitconcatenate(1004) " fcode="bitconcatenate"/>
<opset="zext_ln179_cast/1 "/>
</bind>
</comp>

<comp id="43" class="1004" name="zext_ln179_fu_43">
<pin_list>
<pin id="44" dir="0" index="0" bw="65" slack="0"/>
<pin id="45" dir="1" index="1" bw="96" slack="0"/>
</pin_list>
<bind>
<opcode="zext(34) " fcode="zext"/>
<opset="zext_ln179/1 "/>
</bind>
</comp>

</comp_list>

<net_list>
<net id="18"><net_src comp="6" pin="0"/><net_sink comp="14" pin=0"/></net>

<net id="19"><net_src comp="2" pin="0"/><net_sink comp="14" pin=1"/></net>

<net id="24"><net_src comp="6" pin="0"/><net_sink comp="20" pin=0"/></net>

<net id="25"><net_src comp="0" pin="0"/><net_sink comp="20" pin=1"/></net>

<net id="31"><net_src comp="12" pin="0"/><net_sink comp="26" pin=0"/></net>

<net id="32"><net_src comp="4" pin="0"/><net_sink comp="26" pin=1"/></net>

<net id="39"><net_src comp="8" pin="0"/><net_sink comp="33" pin=0"/></net>

<net id="40"><net_src comp="10" pin="0"/><net_sink comp="33" pin=1"/></net>

<net id="41"><net_src comp="20" pin="2"/><net_sink comp="33" pin=2"/></net>

<net id="42"><net_src comp="14" pin="2"/><net_sink comp="33" pin=3"/></net>

<net id="46"><net_src comp="33" pin="4"/><net_sink comp="43" pin=0"/></net>

<net id="47"><net_src comp="43" pin="1"/><net_sink comp="26" pin=2"/></net>

</net_list>

</model> 
---------------- Datapath Model END ------------------

* FSMD analyzer results:
  - Output states:
	Port: perf | {1 }
 - Input state : 
	Port: Block_entry_proc.2 : p_read | {1 }
	Port: Block_entry_proc.2 : p_read1 | {1 }
	Port: Block_entry_proc.2 : perf | {}
  - Chain level:
	State 1
		zext_ln179 : 1
		write_ln179 : 2


============================================================
+ Verbose Summary: Datapath Resource usage 
============================================================

* Functional unit list:
|----------|-------------------------|
| Operation|     Functional Unit     |
|----------|-------------------------|
|   read   |   p_read_3_read_fu_14   |
|          |   p_read_4_read_fu_20   |
|----------|-------------------------|
|   write  | write_ln179_write_fu_26 |
|----------|-------------------------|
|bitconcatenate|  zext_ln179_cast_fu_33  |
|----------|-------------------------|
|   zext   |     zext_ln179_fu_43    |
|----------|-------------------------|
|   Total  |                         |
|----------|-------------------------|

Memories:
N/A

* Register list:
N/A

* Multiplexer (MUX) list: 
|--------|------|------|------|--------|
|  Comp  |  Pin | Size |  BW  | S x BW |
|--------|------|------|------|--------|
|  Total |      |      |      |    0   |
|--------|------|------|------|--------|



* Summary:
+-----------+
|           |
+-----------+
|  Function |
|   Memory  |
|Multiplexer|
|  Register |
+-----------+
|   Total   |
+-----------+
