

================================================================
== Vitis HLS Report for 'Block_entry_proc'
================================================================
* Date:           Mon Sep  7 20:12:59 2026

* Version:        2025.2 (Build 6295257 on Nov 14 2025)
* Project:        dpu_conv_top
* Solution:       hls (Vivado IP Flow Target)
* Product family: zynq
* Target device:  xc7z020-clg400-1


================================================================
== Performance Estimates
================================================================
+ Timing: 
    * Summary: 
    +--------+----------+----------+------------+
    |  Clock |  Target  | Estimated| Uncertainty|
    +--------+----------+----------+------------+
    |ap_clk  |  11.00 ns|  8.030 ns|     2.97 ns|
    +--------+----------+----------+------------+

+ Latency: 
    * Summary: 
    +---------+----------+-----------+-----------+-----+----------+---------+
    |  Latency (cycles)  |   Latency (absolute)  |    Interval    | Pipeline|
    |   min   |    max   |    min    |    max    | min |    max   |   Type  |
    +---------+----------+-----------+-----------+-----+----------+---------+
    |        8|  16581389|  88.000 ns|  0.182 sec|    8|  16581389|       no|
    +---------+----------+-----------+-----------+-----+----------+---------+

    + Detail: 
        * Instance: 
        N/A

        * Loop: 
        N/A

============================================================
+ Verbose Summary: Synthesis Manager
============================================================
InlineROM: 1
ExposeGlobal: 0
============================================================
+ Verbose Summary: CDFG Model
============================================================
IsTopModel: 0
ResetActiveHigh: 1
IsCombinational: 2
IsDatapathOnly: 0
HasWiredReturn: 1
HasMFsm: 0
HasVarLatency: 1
IsPipeline: 0
IsRtlPipelined: 0
IsInstanceOverlapped: 0
IsDontTouch: 0
HasImplIP: 0
IsGatedGlobalClock: 0


============================================================
+ Verbose Summary: Schedule
============================================================
* Number of FSM states : 4
* Pipeline : 0
* Dataflow Pipeline: 0

* FSM state transitions: 
1 --> 2 4 
2 --> 3 
3 --> 
4 --> 3 

* FSM state operations: 

State 1 <SV = 0> <Delay = 3.63>
ST_1 : Operation 5 [1/1] (0.00ns)   --->   "%specinterface_ln0 = specinterface void @_ssdm_op_SpecInterface, i1 %do_pool, void @ap_fifo_str, i32 0, i32 0, void @p_str, i32 0, i32 0, void @p_str, void @p_str, void @p_str, i32 2, i32 2, i32 16, i32 16, void @p_str, void @ScalarProp_str, i32 4294967295, i32 0, i32 0, i32 0"   --->   Operation 5 'specinterface' 'specinterface_ln0' <Predicate = true> <Delay = 0.00>
ST_1 : Operation 6 [1/1] (3.63ns)   --->   "%p_read_5 = read i8 @_ssdm_op_Read.ap_auto.i8, i8 %p_read2"   --->   Operation 6 'read' 'p_read_5' <Predicate = true> <Delay = 3.63> <CoreInst = "FIFO_SRL">   --->   Core 80 'FIFO_SRL' <Latency = 0> <II = 1> <Delay = 3.63> <Storage> <Opcode : 'read' 'write' 'nbread' 'nbwrite'> <Ports = 0> <Width = 8> <Depth = 2> <FIFO>
ST_1 : Operation 7 [1/1] (3.63ns)   --->   "%p_read14 = read i8 @_ssdm_op_Read.ap_auto.i8, i8 %p_read1"   --->   Operation 7 'read' 'p_read14' <Predicate = true> <Delay = 3.63> <CoreInst = "FIFO_SRL">   --->   Core 80 'FIFO_SRL' <Latency = 0> <II = 1> <Delay = 3.63> <Storage> <Opcode : 'read' 'write' 'nbread' 'nbwrite'> <Ports = 0> <Width = 8> <Depth = 2> <FIFO>
ST_1 : Operation 8 [1/1] (3.63ns)   --->   "%p_read_6 = read i8 @_ssdm_op_Read.ap_auto.i8, i8 %p_read"   --->   Operation 8 'read' 'p_read_6' <Predicate = true> <Delay = 3.63> <CoreInst = "FIFO_SRL">   --->   Core 80 'FIFO_SRL' <Latency = 0> <II = 1> <Delay = 3.63> <Storage> <Opcode : 'read' 'write' 'nbread' 'nbwrite'> <Ports = 0> <Width = 8> <Depth = 2> <FIFO>
ST_1 : Operation 9 [1/1] ( I:3.63ns O:3.63ns )   --->   "%do_pool_read = read i1 @_ssdm_op_Read.ap_fifo.i1P0A, i1 %do_pool"   --->   Operation 9 'read' 'do_pool_read' <Predicate = true> <Delay = 3.63> <CoreInst = "FIFO_SRL">   --->   Core 80 'FIFO_SRL' <Latency = 0> <II = 1> <Delay = 3.63> <Storage> <Opcode : 'read' 'write' 'nbread' 'nbwrite'> <Ports = 0> <Width = 1> <Depth = 4> <FIFO>
ST_1 : Operation 10 [1/1] (0.00ns)   --->   "%specinterface_ln0 = specinterface void @_ssdm_op_SpecInterface, i64 %ofmap, void @ap_fifo_str, i32 0, i32 0, void @p_str, i32 0, i32 0, void @p_str, void @p_str, void @p_str, i32 2, i32 2, i32 16, i32 16, void @p_str, void @ScalarProp_str, i32 4294967295, i32 0, i32 0, i32 0"   --->   Operation 10 'specinterface' 'specinterface_ln0' <Predicate = true> <Delay = 0.00>
ST_1 : Operation 11 [1/1] ( I:3.63ns O:3.63ns )   --->   "%ofmap_read = read i64 @_ssdm_op_Read.ap_fifo.i64P0A, i64 %ofmap"   --->   Operation 11 'read' 'ofmap_read' <Predicate = true> <Delay = 3.63> <CoreInst = "FIFO_SRL">   --->   Core 80 'FIFO_SRL' <Latency = 0> <II = 1> <Delay = 3.63> <Storage> <Opcode : 'read' 'write' 'nbread' 'nbwrite'> <Ports = 0> <Width = 64> <Depth = 4> <FIFO>
ST_1 : Operation 12 [1/1] (0.00ns)   --->   "%specinterface_ln0 = specinterface void @_ssdm_op_SpecInterface, i8 %gmem0, void @empty_38, i32 0, i32 0, void @empty_39, i32 0, i32 262144, void @empty_6, void @empty_42, void @empty_39, i32 16, i32 16, i32 16, i32 16, void @empty_39, void @empty_39, i32 4294967295, i32 0, i32 0, i32 1"   --->   Operation 12 'specinterface' 'specinterface_ln0' <Predicate = true> <Delay = 0.00>
ST_1 : Operation 13 [1/1] (0.00ns)   --->   "%br_ln169 = br i1 %do_pool_read, void %if.else.i, void %if.then.i" [C:/Users/user/Downloads/files/dpu_conv.cpp:169]   --->   Operation 13 'br' 'br_ln169' <Predicate = true> <Delay = 0.00>

State 2 <SV = 1> <Delay = 5.58>
ST_2 : Operation 14 [2/2] (5.58ns)   --->   "%call_ln172 = call void @copy_passthrough, i8 %gmem0, i64 %ofmap_read, i8 %p_read_6, i8 %p_read14, i8 %p_read_5, i8 %dpu_conv_top_ap_int_8_64_64_ap_int_8_64_3_3_ap_int_32_ap_int_8_64_64_ap_uint_8_ap_uint_8_ap_uint_8_ap_uint_8_ap_uint_1_ap_uint_1_perf_counters_t_conv_buf, i8 %dpu_conv_top_ap_int_8_64_64_ap_int_8_64_3_3_ap_int_32_ap_int_8_64_64_ap_uint_8_ap_uint_8_ap_uint_8_ap_uint_8_ap_uint_1_ap_uint_1_perf_counters_t_conv_buf_1" [C:/Users/user/Downloads/files/dpu_conv.cpp:172]   --->   Operation 14 'call' 'call_ln172' <Predicate = true> <Delay = 5.58> <CoreType = "Generic">   --->   Generic Core

State 3 <SV = 2> <Delay = 0.00>
ST_3 : Operation 15 [1/2] (0.00ns)   --->   "%call_ln172 = call void @copy_passthrough, i8 %gmem0, i64 %ofmap_read, i8 %p_read_6, i8 %p_read14, i8 %p_read_5, i8 %dpu_conv_top_ap_int_8_64_64_ap_int_8_64_3_3_ap_int_32_ap_int_8_64_64_ap_uint_8_ap_uint_8_ap_uint_8_ap_uint_8_ap_uint_1_ap_uint_1_perf_counters_t_conv_buf, i8 %dpu_conv_top_ap_int_8_64_64_ap_int_8_64_3_3_ap_int_32_ap_int_8_64_64_ap_uint_8_ap_uint_8_ap_uint_8_ap_uint_8_ap_uint_1_ap_uint_1_perf_counters_t_conv_buf_1" [C:/Users/user/Downloads/files/dpu_conv.cpp:172]   --->   Operation 15 'call' 'call_ln172' <Predicate = (!do_pool_read)> <Delay = 0.00> <CoreType = "Generic">   --->   Generic Core
ST_3 : Operation 16 [1/1] (0.00ns)   --->   "%br_ln0 = br void %Block_entry_proc.exit"   --->   Operation 16 'br' 'br_ln0' <Predicate = (!do_pool_read)> <Delay = 0.00>
ST_3 : Operation 17 [1/2] (0.00ns)   --->   "%call_ln170 = call void @maxpool2x2, i8 %gmem0, i64 %ofmap_read, i8 %p_read_6, i8 %p_read14, i8 %p_read_5, i8 %dpu_conv_top_ap_int_8_64_64_ap_int_8_64_3_3_ap_int_32_ap_int_8_64_64_ap_uint_8_ap_uint_8_ap_uint_8_ap_uint_8_ap_uint_1_ap_uint_1_perf_counters_t_conv_buf, i8 %dpu_conv_top_ap_int_8_64_64_ap_int_8_64_3_3_ap_int_32_ap_int_8_64_64_ap_uint_8_ap_uint_8_ap_uint_8_ap_uint_8_ap_uint_1_ap_uint_1_perf_counters_t_conv_buf_1" [C:/Users/user/Downloads/files/dpu_conv.cpp:170]   --->   Operation 17 'call' 'call_ln170' <Predicate = (do_pool_read)> <Delay = 0.00> <CoreType = "Generic">   --->   Generic Core
ST_3 : Operation 18 [1/1] (0.00ns)   --->   "%br_ln171 = br void %Block_entry_proc.exit" [C:/Users/user/Downloads/files/dpu_conv.cpp:171]   --->   Operation 18 'br' 'br_ln171' <Predicate = (do_pool_read)> <Delay = 0.00>
ST_3 : Operation 19 [1/1] (0.00ns)   --->   "%ret_ln0 = ret"   --->   Operation 19 'ret' 'ret_ln0' <Predicate = true> <Delay = 0.00>

State 4 <SV = 1> <Delay = 5.60>
ST_4 : Operation 20 [2/2] (5.60ns)   --->   "%call_ln170 = call void @maxpool2x2, i8 %gmem0, i64 %ofmap_read, i8 %p_read_6, i8 %p_read14, i8 %p_read_5, i8 %dpu_conv_top_ap_int_8_64_64_ap_int_8_64_3_3_ap_int_32_ap_int_8_64_64_ap_uint_8_ap_uint_8_ap_uint_8_ap_uint_8_ap_uint_1_ap_uint_1_perf_counters_t_conv_buf, i8 %dpu_conv_top_ap_int_8_64_64_ap_int_8_64_3_3_ap_int_32_ap_int_8_64_64_ap_uint_8_ap_uint_8_ap_uint_8_ap_uint_8_ap_uint_1_ap_uint_1_perf_counters_t_conv_buf_1" [C:/Users/user/Downloads/files/dpu_conv.cpp:170]   --->   Operation 20 'call' 'call_ln170' <Predicate = true> <Delay = 5.60> <CoreType = "Generic">   --->   Generic Core


============================================================
+ Verbose Summary: Timing violations
============================================================
Target clock period: 11.000ns, clock uncertainty: 2.970ns.

 <State 1>: 3.634ns
The critical path consists of the following:
	wire read operation ('p_read_5') on port 'p_read2' [10]  (3.634 ns)

 <State 2>: 5.580ns
The critical path consists of the following:
	'call' operation ('call_ln172', C:/Users/user/Downloads/files/dpu_conv.cpp:172) to 'copy_passthrough' [19]  (5.580 ns)

 <State 3>: 0.000ns
The critical path consists of the following:

 <State 4>: 5.600ns
The critical path consists of the following:
	'call' operation ('call_ln170', C:/Users/user/Downloads/files/dpu_conv.cpp:170) to 'maxpool2x2' [22]  (5.600 ns)


============================================================
+ Verbose Summary: Binding
============================================================
N/A
* FSMD analyzer results:
  - Output states:
 - Input state : 
  - Chain level:
	State 1
	State 2
	State 3
	State 4


============================================================
+ Verbose Summary: Datapath Resource usage 
============================================================
N/A
