

================================================================
== Vitis HLS Report for 'Block_entry_proc_2'
================================================================
* Date:           Mon Sep  7 20:12:59 2026

* Version:        2025.2 (Build 6295257 on Nov 14 2025)
* Project:        dpu_conv_top
* Solution:       hls (Vivado IP Flow Target)
* Product family: zynq
* Target device:  xc7z020-clg400-1


================================================================
== Performance Estimates
================================================================
+ Timing: 
    * Summary: 
    +--------+----------+----------+------------+
    |  Clock |  Target  | Estimated| Uncertainty|
    +--------+----------+----------+------------+
    |ap_clk  |  11.00 ns|  3.634 ns|     2.97 ns|
    +--------+----------+----------+------------+

+ Latency: 
    * Summary: 
    +---------+---------+----------+----------+-----+-----+---------+
    |  Latency (cycles) |  Latency (absolute) |  Interval | Pipeline|
    |   min   |   max   |    min   |    max   | min | max |   Type  |
    +---------+---------+----------+----------+-----+-----+---------+
    |        0|        0|      0 ns|      0 ns|    0|    0|       no|
    +---------+---------+----------+----------+-----+-----+---------+

    + Detail: 
        * Instance: 
        N/A

        * Loop: 
        N/A

============================================================
+ Verbose Summary: Synthesis Manager
============================================================
InlineROM: 1
ExposeGlobal: 0
============================================================
+ Verbose Summary: CDFG Model
============================================================
IsTopModel: 0
ResetActiveHigh: 1
IsCombinational: 2
IsDatapathOnly: 0
HasWiredReturn: 1
HasMFsm: 0
HasVarLatency: 0
IsPipeline: 0
IsRtlPipelined: 0
IsInstanceOverlapped: 0
IsDontTouch: 0
HasImplIP: 0
IsGatedGlobalClock: 0


============================================================
+ Verbose Summary: Schedule
============================================================
* Number of FSM states : 1
* Pipeline : 0
* Dataflow Pipeline: 0

* FSM state transitions: 
1 --> 

* FSM state operations: 

State 1 <SV = 0> <Delay = 3.63>
ST_1 : Operation 2 [1/1] (3.63ns)   --->   "%p_read_3 = read i32 @_ssdm_op_Read.ap_auto.i32, i32 %p_read1" [C:/Users/user/Downloads/files/dpu_conv.cpp:179->C:/Users/user/Downloads/files/dpu_conv.cpp:178]   --->   Operation 2 'read' 'p_read_3' <Predicate = true> <Delay = 3.63> <CoreInst = "FIFO_SRL">   --->   Core 80 'FIFO_SRL' <Latency = 0> <II = 1> <Delay = 3.63> <Storage> <Opcode : 'read' 'write' 'nbread' 'nbwrite'> <Ports = 0> <Width = 32> <Depth = 2> <FIFO>
ST_1 : Operation 3 [1/1] (3.63ns)   --->   "%p_read_4 = read i32 @_ssdm_op_Read.ap_auto.i32, i32 %p_read" [C:/Users/user/Downloads/files/dpu_conv.cpp:179->C:/Users/user/Downloads/files/dpu_conv.cpp:178]   --->   Operation 3 'read' 'p_read_4' <Predicate = true> <Delay = 3.63> <CoreInst = "FIFO_SRL">   --->   Core 80 'FIFO_SRL' <Latency = 0> <II = 1> <Delay = 3.63> <Storage> <Opcode : 'read' 'write' 'nbread' 'nbwrite'> <Ports = 0> <Width = 32> <Depth = 2> <FIFO>
ST_1 : Operation 4 [1/1] (0.00ns)   --->   "%zext_ln179_cast = bitconcatenate i65 @_ssdm_op_BitConcatenate.i65.i1.i32.i32, i1 1, i32 %p_read_4, i32 %p_read_3" [C:/Users/user/Downloads/files/dpu_conv.cpp:179->C:/Users/user/Downloads/files/dpu_conv.cpp:178]   --->   Operation 4 'bitconcatenate' 'zext_ln179_cast' <Predicate = true> <Delay = 0.00>
ST_1 : Operation 5 [1/1] (0.00ns)   --->   "%zext_ln179 = zext i65 %zext_ln179_cast" [C:/Users/user/Downloads/files/dpu_conv.cpp:179->C:/Users/user/Downloads/files/dpu_conv.cpp:178]   --->   Operation 5 'zext' 'zext_ln179' <Predicate = true> <Delay = 0.00>
ST_1 : Operation 6 [1/1] (0.00ns)   --->   "%write_ln179 = write void @_ssdm_op_Write.ap_auto.i96P0A, i96 %perf, i96 %zext_ln179" [C:/Users/user/Downloads/files/dpu_conv.cpp:179->C:/Users/user/Downloads/files/dpu_conv.cpp:178]   --->   Operation 6 'write' 'write_ln179' <Predicate = true> <Delay = 0.00>
ST_1 : Operation 7 [1/1] (0.00ns)   --->   "%ret_ln0 = ret"   --->   Operation 7 'ret' 'ret_ln0' <Predicate = true> <Delay = 0.00>


============================================================
+ Verbose Summary: Timing violations
============================================================
Target clock period: 11.000ns, clock uncertainty: 2.970ns.

 <State 1>: 3.634ns
The critical path consists of the following:
	wire read operation ('p_read_3', C:/Users/user/Downloads/files/dpu_conv.cpp:179->C:/Users/user/Downloads/files/dpu_conv.cpp:178) on port 'p_read1' (C:/Users/user/Downloads/files/dpu_conv.cpp:179->C:/Users/user/Downloads/files/dpu_conv.cpp:178) [4]  (3.634 ns)


============================================================
+ Verbose Summary: Binding
============================================================
N/A
* FSMD analyzer results:
  - Output states:
 - Input state : 
  - Chain level:
	State 1


============================================================
+ Verbose Summary: Datapath Resource usage 
============================================================
N/A
