

================================================================
== Vitis HLS Report for 'Block_entry_proc'
================================================================
* Date:           Mon Sep  7 20:12:59 2026

* Version:        2025.2 (Build 6295257 on Nov 14 2025)
* Project:        dpu_conv_top
* Solution:       hls (Vivado IP Flow Target)
* Product family: zynq
* Target device:  xc7z020-clg400-1


================================================================
== Performance Estimates
================================================================
+ Timing: 
    * Summary: 
    +--------+----------+----------+------------+
    |  Clock |  Target  | Estimated| Uncertainty|
    +--------+----------+----------+------------+
    |ap_clk  |  11.00 ns|  8.030 ns|     2.97 ns|
    +--------+----------+----------+------------+

+ Latency: 
    * Summary: 
    +---------+----------+-----------+-----------+-----+----------+---------+
    |  Latency (cycles)  |   Latency (absolute)  |    Interval    | Pipeline|
    |   min   |    max   |    min    |    max    | min |    max   |   Type  |
    +---------+----------+-----------+-----------+-----+----------+---------+
    |        8|  16581389|  88.000 ns|  0.182 sec|    8|  16581389|       no|
    +---------+----------+-----------+-----------+-----+----------+---------+

    + Detail: 
        * Instance: 
        +----------------------------+------------------+---------+----------+-----------+-----------+-----+----------+---------+
        |                            |                  |  Latency (cycles)  |   Latency (absolute)  |    Interval    | Pipeline|
        |          Instance          |      Module      |   min   |    max   |    min    |    max    | min |    max   |   Type  |
        +----------------------------+------------------+---------+----------+-----------+-----------+-----+----------+---------+
        |grp_copy_passthrough_fu_84  |copy_passthrough  |        6|  16581387|  66.000 ns|  0.182 sec|    6|  16581387|       no|
        |grp_maxpool2x2_fu_98        |maxpool2x2        |        6|   4112908|  66.000 ns|  45.242 ms|    6|   4112908|       no|
        +----------------------------+------------------+---------+----------+-----------+-----------+-----+----------+---------+

        * Loop: 
        N/A

============================================================
+ Verbose Summary: Synthesis Manager
============================================================
InlineROM: 1
ExposeGlobal: 0
============================================================
+ Verbose Summary: CDFG Model
============================================================
IsTopModel: 0
ResetActiveHigh: 1
IsCombinational: 2
IsDatapathOnly: 0
HasWiredReturn: 1
HasMFsm: 0
HasVarLatency: 1
IsPipeline: 0
IsRtlPipelined: 0
IsInstanceOverlapped: 0
IsDontTouch: 0
HasImplIP: 0
IsGatedGlobalClock: 0


============================================================
+ Verbose Summary: Schedule
============================================================
* Number of FSM states : 4
* Pipeline : 0
* Dataflow Pipeline: 0

* FSM state transitions: 
1 --> 2 4 
2 --> 3 
3 --> 
4 --> 3 

* FSM state operations: 

State 1 <SV = 0> <Delay = 3.63>
ST_1 : Operation 5 [1/1] (0.00ns)   --->   "%specinterface_ln0 = specinterface void @_ssdm_op_SpecInterface, i1 %do_pool, void @ap_fifo_str, i32 0, i32 0, void @p_str, i32 0, i32 0, void @p_str, void @p_str, void @p_str, i32 2, i32 2, i32 16, i32 16, void @p_str, void @ScalarProp_str, i32 4294967295, i32 0, i32 0, i32 0"   --->   Operation 5 'specinterface' 'specinterface_ln0' <Predicate = true> <Delay = 0.00>
ST_1 : Operation 6 [1/1] (3.63ns)   --->   "%p_read_5 = read i8 @_ssdm_op_Read.ap_auto.i8, i8 %p_read2"   --->   Operation 6 'read' 'p_read_5' <Predicate = true> <Delay = 3.63> <CoreInst = "FIFO_SRL">   --->   Core 80 'FIFO_SRL' <Latency = 0> <II = 1> <Delay = 3.63> <Storage> <Opcode : 'read' 'write' 'nbread' 'nbwrite'> <Ports = 0> <Width = 8> <Depth = 2> <FIFO>
ST_1 : Operation 7 [1/1] (3.63ns)   --->   "%p_read14 = read i8 @_ssdm_op_Read.ap_auto.i8, i8 %p_read1"   --->   Operation 7 'read' 'p_read14' <Predicate = true> <Delay = 3.63> <CoreInst = "FIFO_SRL">   --->   Core 80 'FIFO_SRL' <Latency = 0> <II = 1> <Delay = 3.63> <Storage> <Opcode : 'read' 'write' 'nbread' 'nbwrite'> <Ports = 0> <Width = 8> <Depth = 2> <FIFO>
ST_1 : Operation 8 [1/1] (3.63ns)   --->   "%p_read_6 = read i8 @_ssdm_op_Read.ap_auto.i8, i8 %p_read"   --->   Operation 8 'read' 'p_read_6' <Predicate = true> <Delay = 3.63> <CoreInst = "FIFO_SRL">   --->   Core 80 'FIFO_SRL' <Latency = 0> <II = 1> <Delay = 3.63> <Storage> <Opcode : 'read' 'write' 'nbread' 'nbwrite'> <Ports = 0> <Width = 8> <Depth = 2> <FIFO>
ST_1 : Operation 9 [1/1] ( I:3.63ns O:3.63ns )   --->   "%do_pool_read = read i1 @_ssdm_op_Read.ap_fifo.i1P0A, i1 %do_pool"   --->   Operation 9 'read' 'do_pool_read' <Predicate = true> <Delay = 3.63> <CoreInst = "FIFO_SRL">   --->   Core 80 'FIFO_SRL' <Latency = 0> <II = 1> <Delay = 3.63> <Storage> <Opcode : 'read' 'write' 'nbread' 'nbwrite'> <Ports = 0> <Width = 1> <Depth = 4> <FIFO>
ST_1 : Operation 10 [1/1] (0.00ns)   --->   "%specinterface_ln0 = specinterface void @_ssdm_op_SpecInterface, i64 %ofmap, void @ap_fifo_str, i32 0, i32 0, void @p_str, i32 0, i32 0, void @p_str, void @p_str, void @p_str, i32 2, i32 2, i32 16, i32 16, void @p_str, void @ScalarProp_str, i32 4294967295, i32 0, i32 0, i32 0"   --->   Operation 10 'specinterface' 'specinterface_ln0' <Predicate = true> <Delay = 0.00>
ST_1 : Operation 11 [1/1] ( I:3.63ns O:3.63ns )   --->   "%ofmap_read = read i64 @_ssdm_op_Read.ap_fifo.i64P0A, i64 %ofmap"   --->   Operation 11 'read' 'ofmap_read' <Predicate = true> <Delay = 3.63> <CoreInst = "FIFO_SRL">   --->   Core 80 'FIFO_SRL' <Latency = 0> <II = 1> <Delay = 3.63> <Storage> <Opcode : 'read' 'write' 'nbread' 'nbwrite'> <Ports = 0> <Width = 64> <Depth = 4> <FIFO>
ST_1 : Operation 12 [1/1] (0.00ns)   --->   "%specinterface_ln0 = specinterface void @_ssdm_op_SpecInterface, i8 %gmem0, void @empty_38, i32 0, i32 0, void @empty_39, i32 0, i32 262144, void @empty_6, void @empty_42, void @empty_39, i32 16, i32 16, i32 16, i32 16, void @empty_39, void @empty_39, i32 4294967295, i32 0, i32 0, i32 1"   --->   Operation 12 'specinterface' 'specinterface_ln0' <Predicate = true> <Delay = 0.00>
ST_1 : Operation 13 [1/1] (0.00ns)   --->   "%br_ln169 = br i1 %do_pool_read, void %if.else.i, void %if.then.i" [C:/Users/user/Downloads/files/dpu_conv.cpp:169]   --->   Operation 13 'br' 'br_ln169' <Predicate = true> <Delay = 0.00>

State 2 <SV = 1> <Delay = 5.58>
ST_2 : Operation 14 [2/2] (5.58ns)   --->   "%call_ln172 = call void @copy_passthrough, i8 %gmem0, i64 %ofmap_read, i8 %p_read_6, i8 %p_read14, i8 %p_read_5, i8 %dpu_conv_top_ap_int_8_64_64_ap_int_8_64_3_3_ap_int_32_ap_int_8_64_64_ap_uint_8_ap_uint_8_ap_uint_8_ap_uint_8_ap_uint_1_ap_uint_1_perf_counters_t_conv_buf, i8 %dpu_conv_top_ap_int_8_64_64_ap_int_8_64_3_3_ap_int_32_ap_int_8_64_64_ap_uint_8_ap_uint_8_ap_uint_8_ap_uint_8_ap_uint_1_ap_uint_1_perf_counters_t_conv_buf_1" [C:/Users/user/Downloads/files/dpu_conv.cpp:172]   --->   Operation 14 'call' 'call_ln172' <Predicate = true> <Delay = 5.58> <CoreType = "Generic">   --->   Generic Core

State 3 <SV = 2> <Delay = 0.00>
ST_3 : Operation 15 [1/2] (0.00ns)   --->   "%call_ln172 = call void @copy_passthrough, i8 %gmem0, i64 %ofmap_read, i8 %p_read_6, i8 %p_read14, i8 %p_read_5, i8 %dpu_conv_top_ap_int_8_64_64_ap_int_8_64_3_3_ap_int_32_ap_int_8_64_64_ap_uint_8_ap_uint_8_ap_uint_8_ap_uint_8_ap_uint_1_ap_uint_1_perf_counters_t_conv_buf, i8 %dpu_conv_top_ap_int_8_64_64_ap_int_8_64_3_3_ap_int_32_ap_int_8_64_64_ap_uint_8_ap_uint_8_ap_uint_8_ap_uint_8_ap_uint_1_ap_uint_1_perf_counters_t_conv_buf_1" [C:/Users/user/Downloads/files/dpu_conv.cpp:172]   --->   Operation 15 'call' 'call_ln172' <Predicate = (!do_pool_read)> <Delay = 0.00> <CoreType = "Generic">   --->   Generic Core
ST_3 : Operation 16 [1/1] (0.00ns)   --->   "%br_ln0 = br void %Block_entry_proc.exit"   --->   Operation 16 'br' 'br_ln0' <Predicate = (!do_pool_read)> <Delay = 0.00>
ST_3 : Operation 17 [1/2] (0.00ns)   --->   "%call_ln170 = call void @maxpool2x2, i8 %gmem0, i64 %ofmap_read, i8 %p_read_6, i8 %p_read14, i8 %p_read_5, i8 %dpu_conv_top_ap_int_8_64_64_ap_int_8_64_3_3_ap_int_32_ap_int_8_64_64_ap_uint_8_ap_uint_8_ap_uint_8_ap_uint_8_ap_uint_1_ap_uint_1_perf_counters_t_conv_buf, i8 %dpu_conv_top_ap_int_8_64_64_ap_int_8_64_3_3_ap_int_32_ap_int_8_64_64_ap_uint_8_ap_uint_8_ap_uint_8_ap_uint_8_ap_uint_1_ap_uint_1_perf_counters_t_conv_buf_1" [C:/Users/user/Downloads/files/dpu_conv.cpp:170]   --->   Operation 17 'call' 'call_ln170' <Predicate = (do_pool_read)> <Delay = 0.00> <CoreType = "Generic">   --->   Generic Core
ST_3 : Operation 18 [1/1] (0.00ns)   --->   "%br_ln171 = br void %Block_entry_proc.exit" [C:/Users/user/Downloads/files/dpu_conv.cpp:171]   --->   Operation 18 'br' 'br_ln171' <Predicate = (do_pool_read)> <Delay = 0.00>
ST_3 : Operation 19 [1/1] (0.00ns)   --->   "%ret_ln0 = ret"   --->   Operation 19 'ret' 'ret_ln0' <Predicate = true> <Delay = 0.00>

State 4 <SV = 1> <Delay = 5.60>
ST_4 : Operation 20 [2/2] (5.60ns)   --->   "%call_ln170 = call void @maxpool2x2, i8 %gmem0, i64 %ofmap_read, i8 %p_read_6, i8 %p_read14, i8 %p_read_5, i8 %dpu_conv_top_ap_int_8_64_64_ap_int_8_64_3_3_ap_int_32_ap_int_8_64_64_ap_uint_8_ap_uint_8_ap_uint_8_ap_uint_8_ap_uint_1_ap_uint_1_perf_counters_t_conv_buf, i8 %dpu_conv_top_ap_int_8_64_64_ap_int_8_64_3_3_ap_int_32_ap_int_8_64_64_ap_uint_8_ap_uint_8_ap_uint_8_ap_uint_8_ap_uint_1_ap_uint_1_perf_counters_t_conv_buf_1" [C:/Users/user/Downloads/files/dpu_conv.cpp:170]   --->   Operation 20 'call' 'call_ln170' <Predicate = true> <Delay = 5.60> <CoreType = "Generic">   --->   Generic Core


============================================================
+ Verbose Summary: Binding
============================================================
STG Binding: 
---------------- STG Properties BEGIN ----------------
- Is combinational: 0
- Is one-state seq: 0
- Is datapath-only: 0
- Is pipelined: 0
- Is top level: 0
Port [ Return ] is wired: 1; IO mode=ap_ctrl_hs:ce=0
Port [ do_pool]:  wired=1; compound=1; hidden=0; nouse=0; global=0; static=0; extern=0; dir=0; type=3; pingpong=0; private_global=0; IO mode=ap_fifo:ce=0
Port [ gmem0]:  wired=1; compound=1; hidden=0; nouse=0; global=0; static=0; extern=0; dir=1; type=4; pingpong=0; private_global=0; IO mode=m_axi:ce=0
Port [ ofmap]:  wired=1; compound=1; hidden=0; nouse=0; global=0; static=0; extern=0; dir=0; type=3; pingpong=0; private_global=0; IO mode=ap_fifo:ce=0
Port [ p_read]:  wired=1; compound=0; hidden=0; nouse=0; global=0; static=0; extern=0; dir=0; type=0; pingpong=0; private_global=0; IO mode=ap_none:ce=0
Port [ p_read1]:  wired=1; compound=0; hidden=0; nouse=0; global=0; static=0; extern=0; dir=0; type=0; pingpong=0; private_global=0; IO mode=ap_none:ce=0
Port [ p_read2]:  wired=1; compound=0; hidden=0; nouse=0; global=0; static=0; extern=0; dir=0; type=0; pingpong=0; private_global=0; IO mode=ap_none:ce=0
Port [ dpu_conv_top_ap_int_8_64_64_ap_int_8_64_3_3_ap_int_32_ap_int_8_64_64_ap_uint_8_ap_uint_8_ap_uint_8_ap_uint_8_ap_uint_1_ap_uint_1_perf_counters_t_conv_buf]:  wired=1; compound=1; hidden=0; nouse=0; global=0; static=0; extern=0; dir=0; type=1; pingpong=1; private_global=0; MemPort=[11]; IO mode=ap_memory:ce=0
Port [ dpu_conv_top_ap_int_8_64_64_ap_int_8_64_3_3_ap_int_32_ap_int_8_64_64_ap_uint_8_ap_uint_8_ap_uint_8_ap_uint_8_ap_uint_1_ap_uint_1_perf_counters_t_conv_buf_1]:  wired=1; compound=1; hidden=0; nouse=0; global=0; static=0; extern=0; dir=0; type=1; pingpong=1; private_global=0; MemPort=[11]; IO mode=ap_memory:ce=0
---------------- STG Properties END ------------------

---------------- Datapath Model BEGIN ----------------

<LifeTime>
<method=bitvector/>
specinterface_ln0 (specinterface) [ 00000]
p_read_5          (read         ) [ 00111]
p_read14          (read         ) [ 00111]
p_read_6          (read         ) [ 00111]
do_pool_read      (read         ) [ 01111]
specinterface_ln0 (specinterface) [ 00000]
ofmap_read        (read         ) [ 00111]
specinterface_ln0 (specinterface) [ 00000]
br_ln169          (br           ) [ 00000]
call_ln172        (call         ) [ 00000]
br_ln0            (br           ) [ 00000]
call_ln170        (call         ) [ 00000]
br_ln171          (br           ) [ 00000]
ret_ln0           (ret          ) [ 00000]
</LifeTime>

<model>

<comp_list>
<comp id="0" class="1000" name="do_pool">
<pin_list>
<pin id="1" dir="1" index="0" bw="1" slack="0"/>
</pin_list>
<bind>
<StgValue><ssdm name="do_pool"/></StgValue>
</bind>
</comp>

<comp id="2" class="1000" name="gmem0">
<pin_list>
<pin id="3" dir="1" index="0" bw="1" slack="0"/>
</pin_list>
<bind>
<StgValue><ssdm name="gmem0"/><MemPortTyVec>1 </MemPortTyVec>
</StgValue>
</bind>
</comp>

<comp id="4" class="1000" name="ofmap">
<pin_list>
<pin id="5" dir="1" index="0" bw="1" slack="0"/>
</pin_list>
<bind>
<StgValue><ssdm name="ofmap"/></StgValue>
</bind>
</comp>

<comp id="6" class="1000" name="p_read">
<pin_list>
<pin id="7" dir="1" index="0" bw="1" slack="0"/>
</pin_list>
<bind>
<StgValue><ssdm name="p_read"/></StgValue>
</bind>
</comp>

<comp id="8" class="1000" name="p_read1">
<pin_list>
<pin id="9" dir="1" index="0" bw="1" slack="0"/>
</pin_list>
<bind>
<StgValue><ssdm name="p_read1"/></StgValue>
</bind>
</comp>

<comp id="10" class="1000" name="p_read2">
<pin_list>
<pin id="11" dir="1" index="0" bw="1" slack="0"/>
</pin_list>
<bind>
<StgValue><ssdm name="p_read2"/></StgValue>
</bind>
</comp>

<comp id="12" class="1000" name="dpu_conv_top_ap_int_8_64_64_ap_int_8_64_3_3_ap_int_32_ap_int_8_64_64_ap_uint_8_ap_uint_8_ap_uint_8_ap_uint_8_ap_uint_1_ap_uint_1_perf_counters_t_conv_buf">
<pin_list>
<pin id="13" dir="1" index="0" bw="1" slack="0"/>
</pin_list>
<bind>
<StgValue><ssdm name="dpu_conv_top_ap_int_8_64_64_ap_int_8_64_3_3_ap_int_32_ap_int_8_64_64_ap_uint_8_ap_uint_8_ap_uint_8_ap_uint_8_ap_uint_1_ap_uint_1_perf_counters_t_conv_buf"/><MemPortTyVec>1 1 </MemPortTyVec>
</StgValue>
</bind>
</comp>

<comp id="14" class="1000" name="dpu_conv_top_ap_int_8_64_64_ap_int_8_64_3_3_ap_int_32_ap_int_8_64_64_ap_uint_8_ap_uint_8_ap_uint_8_ap_uint_8_ap_uint_1_ap_uint_1_perf_counters_t_conv_buf_1">
<pin_list>
<pin id="15" dir="1" index="0" bw="1" slack="0"/>
</pin_list>
<bind>
<StgValue><ssdm name="dpu_conv_top_ap_int_8_64_64_ap_int_8_64_3_3_ap_int_32_ap_int_8_64_64_ap_uint_8_ap_uint_8_ap_uint_8_ap_uint_8_ap_uint_1_ap_uint_1_perf_counters_t_conv_buf_1"/><MemPortTyVec>1 1 </MemPortTyVec>
</StgValue>
</bind>
</comp>

<comp id="16" class="1001" name="const_16">
<pin_list>
<pin id="17" dir="1" index="0" bw="1" slack="2147483647"/>
</pin_list>
<bind>
<StgValue><ssdm name="_ssdm_op_SpecInterface"/></StgValue>
</bind>
</comp>

<comp id="18" class="1001" name="const_18">
<pin_list>
<pin id="19" dir="1" index="0" bw="1" slack="2147483647"/>
</pin_list>
<bind>
<StgValue><ssdm name="ap_fifo_str"/></StgValue>
</bind>
</comp>

<comp id="20" class="1001" name="const_20">
<pin_list>
<pin id="21" dir="1" index="0" bw="1" slack="2147483647"/>
</pin_list>
<bind>
<StgValue><ssdm name=""/></StgValue>
</bind>
</comp>

<comp id="22" class="1001" name="const_22">
<pin_list>
<pin id="23" dir="1" index="0" bw="1" slack="2147483647"/>
</pin_list>
<bind>
<StgValue><ssdm name="p_str"/></StgValue>
</bind>
</comp>

<comp id="24" class="1001" name="const_24">
<pin_list>
<pin id="25" dir="1" index="0" bw="1" slack="2147483647"/>
</pin_list>
<bind>
<StgValue><ssdm name=""/></StgValue>
</bind>
</comp>

<comp id="26" class="1001" name="const_26">
<pin_list>
<pin id="27" dir="1" index="0" bw="1" slack="2147483647"/>
</pin_list>
<bind>
<StgValue><ssdm name=""/></StgValue>
</bind>
</comp>

<comp id="28" class="1001" name="const_28">
<pin_list>
<pin id="29" dir="1" index="0" bw="1" slack="2147483647"/>
</pin_list>
<bind>
<StgValue><ssdm name="ScalarProp_str"/></StgValue>
</bind>
</comp>

<comp id="30" class="1001" name="const_30">
<pin_list>
<pin id="31" dir="1" index="0" bw="1" slack="2147483647"/>
</pin_list>
<bind>
<StgValue><ssdm name=""/></StgValue>
</bind>
</comp>

<comp id="32" class="1001" name="const_32">
<pin_list>
<pin id="33" dir="1" index="0" bw="1" slack="0"/>
</pin_list>
<bind>
<StgValue><ssdm name="_ssdm_op_Read.ap_auto.i8"/></StgValue>
</bind>
</comp>

<comp id="34" class="1001" name="const_34">
<pin_list>
<pin id="35" dir="1" index="0" bw="1" slack="0"/>
</pin_list>
<bind>
<StgValue><ssdm name="_ssdm_op_Read.ap_fifo.i1P0A"/></StgValue>
</bind>
</comp>

<comp id="36" class="1001" name="const_36">
<pin_list>
<pin id="37" dir="1" index="0" bw="1" slack="0"/>
</pin_list>
<bind>
<StgValue><ssdm name="_ssdm_op_Read.ap_fifo.i64P0A"/></StgValue>
</bind>
</comp>

<comp id="38" class="1001" name="const_38">
<pin_list>
<pin id="39" dir="1" index="0" bw="1" slack="2147483647"/>
</pin_list>
<bind>
<StgValue><ssdm name="empty_38"/></StgValue>
</bind>
</comp>

<comp id="40" class="1001" name="const_40">
<pin_list>
<pin id="41" dir="1" index="0" bw="1" slack="2147483647"/>
</pin_list>
<bind>
<StgValue><ssdm name="empty_39"/></StgValue>
</bind>
</comp>

<comp id="42" class="1001" name="const_42">
<pin_list>
<pin id="43" dir="1" index="0" bw="1" slack="2147483647"/>
</pin_list>
<bind>
<StgValue><ssdm name=""/></StgValue>
</bind>
</comp>

<comp id="44" class="1001" name="const_44">
<pin_list>
<pin id="45" dir="1" index="0" bw="1" slack="2147483647"/>
</pin_list>
<bind>
<StgValue><ssdm name="empty_6"/></StgValue>
</bind>
</comp>

<comp id="46" class="1001" name="const_46">
<pin_list>
<pin id="47" dir="1" index="0" bw="1" slack="2147483647"/>
</pin_list>
<bind>
<StgValue><ssdm name="empty_42"/></StgValue>
</bind>
</comp>

<comp id="48" class="1001" name="const_48">
<pin_list>
<pin id="49" dir="1" index="0" bw="1" slack="2147483647"/>
</pin_list>
<bind>
<StgValue><ssdm name=""/></StgValue>
</bind>
</comp>

<comp id="50" class="1001" name="const_50">
<pin_list>
<pin id="51" dir="1" index="0" bw="1" slack="0"/>
</pin_list>
<bind>
<StgValue><ssdm name="copy_passthrough"/></StgValue>
</bind>
</comp>

<comp id="52" class="1001" name="const_52">
<pin_list>
<pin id="53" dir="1" index="0" bw="1" slack="0"/>
</pin_list>
<bind>
<StgValue><ssdm name="maxpool2x2"/></StgValue>
</bind>
</comp>

<comp id="54" class="1004" name="p_read_5_read_fu_54">
<pin_list>
<pin id="55" dir="0" index="0" bw="8" slack="0"/>
<pin id="56" dir="0" index="1" bw="8" slack="0"/>
<pin id="57" dir="1" index="2" bw="8" slack="1"/>
</pin_list>
<bind>
<opcode="read(1150) " fcode="read"/>
<opset="p_read_5/1 "/>
</bind>
</comp>

<comp id="60" class="1004" name="p_read14_read_fu_60">
<pin_list>
<pin id="61" dir="0" index="0" bw="8" slack="0"/>
<pin id="62" dir="0" index="1" bw="8" slack="0"/>
<pin id="63" dir="1" index="2" bw="8" slack="1"/>
</pin_list>
<bind>
<opcode="read(1150) " fcode="read"/>
<opset="p_read14/1 "/>
</bind>
</comp>

<comp id="66" class="1004" name="p_read_6_read_fu_66">
<pin_list>
<pin id="67" dir="0" index="0" bw="8" slack="0"/>
<pin id="68" dir="0" index="1" bw="8" slack="0"/>
<pin id="69" dir="1" index="2" bw="8" slack="1"/>
</pin_list>
<bind>
<opcode="read(1150) " fcode="read"/>
<opset="p_read_6/1 "/>
</bind>
</comp>

<comp id="72" class="1004" name="do_pool_read_read_fu_72">
<pin_list>
<pin id="73" dir="0" index="0" bw="1" slack="0"/>
<pin id="74" dir="0" index="1" bw="1" slack="0"/>
<pin id="75" dir="1" index="2" bw="1" slack="2"/>
</pin_list>
<bind>
<opcode="read(1150) " fcode="read"/>
<opset="do_pool_read/1 "/>
</bind>
</comp>

<comp id="78" class="1004" name="ofmap_read_read_fu_78">
<pin_list>
<pin id="79" dir="0" index="0" bw="64" slack="0"/>
<pin id="80" dir="0" index="1" bw="64" slack="0"/>
<pin id="81" dir="1" index="2" bw="64" slack="1"/>
</pin_list>
<bind>
<opcode="read(1150) " fcode="read"/>
<opset="ofmap_read/1 "/>
</bind>
</comp>

<comp id="84" class="1004" name="grp_copy_passthrough_fu_84">
<pin_list>
<pin id="85" dir="0" index="0" bw="0" slack="0"/>
<pin id="86" dir="0" index="1" bw="8" slack="0"/>
<pin id="87" dir="0" index="2" bw="64" slack="1"/>
<pin id="88" dir="0" index="3" bw="8" slack="1"/>
<pin id="89" dir="0" index="4" bw="8" slack="1"/>
<pin id="90" dir="0" index="5" bw="8" slack="1"/>
<pin id="91" dir="0" index="6" bw="8" slack="0"/>
<pin id="92" dir="0" index="7" bw="8" slack="0"/>
<pin id="93" dir="1" index="8" bw="0" slack="2147483647"/>
</pin_list>
<bind>
<opcode="call(48) " fcode="call"/>
<opset="call_ln172/2 "/>
</bind>
</comp>

<comp id="98" class="1004" name="grp_maxpool2x2_fu_98">
<pin_list>
<pin id="99" dir="0" index="0" bw="0" slack="0"/>
<pin id="100" dir="0" index="1" bw="8" slack="0"/>
<pin id="101" dir="0" index="2" bw="64" slack="1"/>
<pin id="102" dir="0" index="3" bw="8" slack="1"/>
<pin id="103" dir="0" index="4" bw="8" slack="1"/>
<pin id="104" dir="0" index="5" bw="8" slack="1"/>
<pin id="105" dir="0" index="6" bw="8" slack="0"/>
<pin id="106" dir="0" index="7" bw="8" slack="0"/>
<pin id="107" dir="1" index="8" bw="0" slack="2147483647"/>
</pin_list>
<bind>
<opcode="call(48) " fcode="call"/>
<opset="call_ln170/4 "/>
</bind>
</comp>

<comp id="112" class="1005" name="p_read_5_reg_112">
<pin_list>
<pin id="113" dir="0" index="0" bw="8" slack="1"/>
<pin id="114" dir="1" index="1" bw="8" slack="1"/>
</pin_list>
<bind>
<opset="p_read_5 "/>
</bind>
</comp>

<comp id="118" class="1005" name="p_read14_reg_118">
<pin_list>
<pin id="119" dir="0" index="0" bw="8" slack="1"/>
<pin id="120" dir="1" index="1" bw="8" slack="1"/>
</pin_list>
<bind>
<opset="p_read14 "/>
</bind>
</comp>

<comp id="124" class="1005" name="p_read_6_reg_124">
<pin_list>
<pin id="125" dir="0" index="0" bw="8" slack="1"/>
<pin id="126" dir="1" index="1" bw="8" slack="1"/>
</pin_list>
<bind>
<opset="p_read_6 "/>
</bind>
</comp>

<comp id="130" class="1005" name="do_pool_read_reg_130">
<pin_list>
<pin id="131" dir="0" index="0" bw="1" slack="2"/>
<pin id="132" dir="1" index="1" bw="1" slack="2147483647"/>
</pin_list>
<bind>
<opset="do_pool_read "/>
</bind>
</comp>

<comp id="134" class="1005" name="ofmap_read_reg_134">
<pin_list>
<pin id="135" dir="0" index="0" bw="64" slack="1"/>
<pin id="136" dir="1" index="1" bw="64" slack="1"/>
</pin_list>
<bind>
<opset="ofmap_read "/>
</bind>
</comp>

</comp_list>

<net_list>
<net id="58"><net_src comp="32" pin="0"/><net_sink comp="54" pin=0"/></net>

<net id="59"><net_src comp="10" pin="0"/><net_sink comp="54" pin=1"/></net>

<net id="64"><net_src comp="32" pin="0"/><net_sink comp="60" pin=0"/></net>

<net id="65"><net_src comp="8" pin="0"/><net_sink comp="60" pin=1"/></net>

<net id="70"><net_src comp="32" pin="0"/><net_sink comp="66" pin=0"/></net>

<net id="71"><net_src comp="6" pin="0"/><net_sink comp="66" pin=1"/></net>

<net id="76"><net_src comp="34" pin="0"/><net_sink comp="72" pin=0"/></net>

<net id="77"><net_src comp="0" pin="0"/><net_sink comp="72" pin=1"/></net>

<net id="82"><net_src comp="36" pin="0"/><net_sink comp="78" pin=0"/></net>

<net id="83"><net_src comp="4" pin="0"/><net_sink comp="78" pin=1"/></net>

<net id="94"><net_src comp="50" pin="0"/><net_sink comp="84" pin=0"/></net>

<net id="95"><net_src comp="2" pin="0"/><net_sink comp="84" pin=1"/></net>

<net id="96"><net_src comp="12" pin="0"/><net_sink comp="84" pin=6"/></net>

<net id="97"><net_src comp="14" pin="0"/><net_sink comp="84" pin=7"/></net>

<net id="108"><net_src comp="52" pin="0"/><net_sink comp="98" pin=0"/></net>

<net id="109"><net_src comp="2" pin="0"/><net_sink comp="98" pin=1"/></net>

<net id="110"><net_src comp="12" pin="0"/><net_sink comp="98" pin=6"/></net>

<net id="111"><net_src comp="14" pin="0"/><net_sink comp="98" pin=7"/></net>

<net id="115"><net_src comp="54" pin="2"/><net_sink comp="112" pin=0"/></net>

<net id="116"><net_src comp="112" pin="1"/><net_sink comp="84" pin=5"/></net>

<net id="117"><net_src comp="112" pin="1"/><net_sink comp="98" pin=5"/></net>

<net id="121"><net_src comp="60" pin="2"/><net_sink comp="118" pin=0"/></net>

<net id="122"><net_src comp="118" pin="1"/><net_sink comp="84" pin=4"/></net>

<net id="123"><net_src comp="118" pin="1"/><net_sink comp="98" pin=4"/></net>

<net id="127"><net_src comp="66" pin="2"/><net_sink comp="124" pin=0"/></net>

<net id="128"><net_src comp="124" pin="1"/><net_sink comp="84" pin=3"/></net>

<net id="129"><net_src comp="124" pin="1"/><net_sink comp="98" pin=3"/></net>

<net id="133"><net_src comp="72" pin="2"/><net_sink comp="130" pin=0"/></net>

<net id="137"><net_src comp="78" pin="2"/><net_sink comp="134" pin=0"/></net>

<net id="138"><net_src comp="134" pin="1"/><net_sink comp="84" pin=2"/></net>

<net id="139"><net_src comp="134" pin="1"/><net_sink comp="98" pin=2"/></net>

</net_list>

</model> 
---------------- Datapath Model END ------------------

* FSMD analyzer results:
  - Output states:
	Port: gmem0 | {2 3 4 }
 - Input state : 
	Port: Block_entry_proc : do_pool | {1 }
	Port: Block_entry_proc : ofmap | {1 }
	Port: Block_entry_proc : p_read | {1 }
	Port: Block_entry_proc : p_read1 | {1 }
	Port: Block_entry_proc : p_read2 | {1 }
	Port: Block_entry_proc : dpu_conv_top_ap_int_8_64_64_ap_int_8_64_3_3_ap_int_32_ap_int_8_64_64_ap_uint_8_ap_uint_8_ap_uint_8_ap_uint_8_ap_uint_1_ap_uint_1_perf_counters_t_conv_buf | {2 3 4 }
	Port: Block_entry_proc : dpu_conv_top_ap_int_8_64_64_ap_int_8_64_3_3_ap_int_32_ap_int_8_64_64_ap_uint_8_ap_uint_8_ap_uint_8_ap_uint_8_ap_uint_1_ap_uint_1_perf_counters_t_conv_buf_1 | {2 3 4 }
  - Chain level:
	State 1
	State 2
	State 3
	State 4


============================================================
+ Verbose Summary: Datapath Resource usage 
============================================================

* Functional unit list:
|----------|----------------------------|---------|---------|---------|---------|
| Operation|       Functional Unit      |   DSP   |  Delay  |    FF   |   LUT   |
|----------|----------------------------|---------|---------|---------|---------|
|   call   | grp_copy_passthrough_fu_84 |    1    |  6.352  |   468   |   579   |
|          |    grp_maxpool2x2_fu_98    |    1    |  9.528  |   499   |   659   |
|----------|----------------------------|---------|---------|---------|---------|
|          |     p_read_5_read_fu_54    |    0    |    0    |    0    |    0    |
|          |     p_read14_read_fu_60    |    0    |    0    |    0    |    0    |
|   read   |     p_read_6_read_fu_66    |    0    |    0    |    0    |    0    |
|          |   do_pool_read_read_fu_72  |    0    |    0    |    0    |    0    |
|          |    ofmap_read_read_fu_78   |    0    |    0    |    0    |    0    |
|----------|----------------------------|---------|---------|---------|---------|
|   Total  |                            |    2    |  15.88  |   967   |   1238  |
|----------|----------------------------|---------|---------|---------|---------|

Memories:
N/A

* Register list:
+--------------------+--------+
|                    |   FF   |
+--------------------+--------+
|do_pool_read_reg_130|    1   |
| ofmap_read_reg_134 |   64   |
|  p_read14_reg_118  |    8   |
|  p_read_5_reg_112  |    8   |
|  p_read_6_reg_124  |    8   |
+--------------------+--------+
|        Total       |   89   |
+--------------------+--------+

* Multiplexer (MUX) list: 
|--------|------|------|------|--------|
|  Comp  |  Pin | Size |  BW  | S x BW |
|--------|------|------|------|--------|
|  Total |      |      |      |    0   |
|--------|------|------|------|--------|



* Summary:
+-----------+--------+--------+--------+--------+
|           |   DSP  |  Delay |   FF   |   LUT  |
+-----------+--------+--------+--------+--------+
|  Function |    2   |   15   |   967  |  1238  |
|   Memory  |    -   |    -   |    -   |    -   |
|Multiplexer|    -   |    -   |    -   |    -   |
|  Register |    -   |    -   |   89   |    -   |
+-----------+--------+--------+--------+--------+
|   Total   |    2   |   15   |  1056  |  1238  |
+-----------+--------+--------+--------+--------+
