

================================================================
== Vitis HLS Report for 'conv3x3_relu'
================================================================
* Date:           Thu Sep 10 17:28:30 2026

* Version:        2025.2 (Build 6295257 on Nov 14 2025)
* Project:        dpu_conv_top
* Solution:       hls (Vivado IP Flow Target)
* Product family: zynq
* Target device:  xc7z020-clg400-1


================================================================
== Performance Estimates
================================================================
+ Timing: 
    * Summary: 
    +--------+----------+----------+------------+
    |  Clock |  Target  | Estimated| Uncertainty|
    +--------+----------+----------+------------+
    |ap_clk  |  11.00 ns|  8.030 ns|     2.97 ns|
    +--------+----------+----------+------------+

+ Latency: 
    * Summary: 
    +---------+-----------+----------+-----------+-----+-----------+---------+
    |   Latency (cycles)  |  Latency (absolute)  |     Interval    | Pipeline|
    |   min   |    max    |    min   |    max    | min |    max    |   Type  |
    +---------+-----------+----------+-----------+-----+-----------+---------+
    |      612|  150997185|  6.732 us|  1.661 sec|  612|  150997185|       no|
    +---------+-----------+----------+-----------+-----+-----------+---------+

    + Detail: 
        * Instance: 
        N/A

        * Loop: 
        +-----------+---------+-----------+---------------+-----------+-----------+--------+----------+
        |           |   Latency (cycles)  |   Iteration   |  Initiation Interval  |  Trip  |          |
        | Loop Name |   min   |    max    |    Latency    |  achieved |   target  |  Count | Pipelined|
        +-----------+---------+-----------+---------------+-----------+-----------+--------+----------+
        |- OC_LOOP  |      611|  150997184|  611 ~ 2359331|          -|          -|  1 ~ 64|        no|
        +-----------+---------+-----------+---------------+-----------+-----------+--------+----------+

============================================================
+ Verbose Summary: Synthesis Manager
============================================================
InlineROM: 1
ExposeGlobal: 0
============================================================
+ Verbose Summary: CDFG Model
============================================================
IsTopModel: 0
ResetActiveHigh: 1
IsCombinational: 0
IsDatapathOnly: 0
HasWiredReturn: 1
HasMFsm: 0
HasVarLatency: 1
IsPipeline: 0
IsRtlPipelined: 0
IsInstanceOverlapped: 0
IsDontTouch: 0
HasImplIP: 0
IsGatedGlobalClock: 0


============================================================
+ Verbose Summary: Schedule
============================================================
* Number of FSM states : 13
* Pipeline : 0
* Dataflow Pipeline: 0

* FSM state transitions: 
1 --> 2 
2 --> 3 
3 --> 4 
4 --> 5 
5 --> 6 
6 --> 7 
7 --> 8 
8 --> 9 
9 --> 10 
10 --> 11 
11 --> 12 
12 --> 13 
13 --> 2 

* FSM state operations: 

State 1 <SV = 0> <Delay = 5.63>
ST_1 : Operation 14 [1/1] (0.00ns)   --->   "%oc = alloca i32 1" [D:/project/DPUv2/dpu_conv.cpp:23]   --->   Operation 14 'alloca' 'oc' <Predicate = true> <Delay = 0.00>
ST_1 : Operation 15 [1/1] (0.00ns)   --->   "%cycle_count_0 = alloca i32 1"   --->   Operation 15 'alloca' 'cycle_count_0' <Predicate = true> <Delay = 0.00>
ST_1 : Operation 16 [1/1] (0.00ns)   --->   "%mac_count_0 = alloca i32 1"   --->   Operation 16 'alloca' 'mac_count_0' <Predicate = true> <Delay = 0.00>
ST_1 : Operation 17 [1/1] (0.00ns)   --->   "%do_relu_read = read i1 @_ssdm_op_Read.ap_auto.i1, i1 %do_relu"   --->   Operation 17 'read' 'do_relu_read' <Predicate = true> <Delay = 0.00>
ST_1 : Operation 18 [1/1] (0.00ns)   --->   "%out_ch_read = read i8 @_ssdm_op_Read.ap_auto.i8, i8 %out_ch"   --->   Operation 18 'read' 'out_ch_read' <Predicate = true> <Delay = 0.00>
ST_1 : Operation 19 [1/1] (0.00ns)   --->   "%in_ch_read = read i8 @_ssdm_op_Read.ap_auto.i8, i8 %in_ch"   --->   Operation 19 'read' 'in_ch_read' <Predicate = true> <Delay = 0.00>
ST_1 : Operation 20 [1/1] (0.00ns)   --->   "%in_w_read = read i8 @_ssdm_op_Read.ap_auto.i8, i8 %in_w"   --->   Operation 20 'read' 'in_w_read' <Predicate = true> <Delay = 0.00>
ST_1 : Operation 21 [1/1] (0.00ns)   --->   "%in_h_read = read i8 @_ssdm_op_Read.ap_auto.i8, i8 %in_h"   --->   Operation 21 'read' 'in_h_read' <Predicate = true> <Delay = 0.00>
ST_1 : Operation 22 [1/1] (0.00ns)   --->   "%conv_buf_read = read i64 @_ssdm_op_Read.ap_auto.i64, i64 %conv_buf"   --->   Operation 22 'read' 'conv_buf_read' <Predicate = true> <Delay = 0.00>
ST_1 : Operation 23 [1/1] (0.00ns)   --->   "%bias_read = read i64 @_ssdm_op_Read.ap_auto.i64, i64 %bias"   --->   Operation 23 'read' 'bias_read' <Predicate = true> <Delay = 0.00>
ST_1 : Operation 24 [1/1] (0.00ns)   --->   "%weight_7_read = read i64 @_ssdm_op_Read.ap_auto.i64, i64 %weight_7"   --->   Operation 24 'read' 'weight_7_read' <Predicate = true> <Delay = 0.00>
ST_1 : Operation 25 [1/1] (0.00ns)   --->   "%weight_6_read = read i64 @_ssdm_op_Read.ap_auto.i64, i64 %weight_6"   --->   Operation 25 'read' 'weight_6_read' <Predicate = true> <Delay = 0.00>
ST_1 : Operation 26 [1/1] (0.00ns)   --->   "%weight_5_read = read i64 @_ssdm_op_Read.ap_auto.i64, i64 %weight_5"   --->   Operation 26 'read' 'weight_5_read' <Predicate = true> <Delay = 0.00>
ST_1 : Operation 27 [1/1] (0.00ns)   --->   "%weight_4_read = read i64 @_ssdm_op_Read.ap_auto.i64, i64 %weight_4"   --->   Operation 27 'read' 'weight_4_read' <Predicate = true> <Delay = 0.00>
ST_1 : Operation 28 [1/1] (0.00ns)   --->   "%weight_3_read = read i64 @_ssdm_op_Read.ap_auto.i64, i64 %weight_3"   --->   Operation 28 'read' 'weight_3_read' <Predicate = true> <Delay = 0.00>
ST_1 : Operation 29 [1/1] (0.00ns)   --->   "%weight_2_read = read i64 @_ssdm_op_Read.ap_auto.i64, i64 %weight_2"   --->   Operation 29 'read' 'weight_2_read' <Predicate = true> <Delay = 0.00>
ST_1 : Operation 30 [1/1] (0.00ns)   --->   "%weight_1_read = read i64 @_ssdm_op_Read.ap_auto.i64, i64 %weight_1"   --->   Operation 30 'read' 'weight_1_read' <Predicate = true> <Delay = 0.00>
ST_1 : Operation 31 [1/1] (0.00ns)   --->   "%weight_0_read = read i64 @_ssdm_op_Read.ap_auto.i64, i64 %weight_0"   --->   Operation 31 'read' 'weight_0_read' <Predicate = true> <Delay = 0.00>
ST_1 : Operation 32 [1/1] (0.00ns)   --->   "%ifmap_7_read = read i64 @_ssdm_op_Read.ap_auto.i64, i64 %ifmap_7"   --->   Operation 32 'read' 'ifmap_7_read' <Predicate = true> <Delay = 0.00>
ST_1 : Operation 33 [1/1] (0.00ns)   --->   "%ifmap_6_read = read i64 @_ssdm_op_Read.ap_auto.i64, i64 %ifmap_6"   --->   Operation 33 'read' 'ifmap_6_read' <Predicate = true> <Delay = 0.00>
ST_1 : Operation 34 [1/1] (0.00ns)   --->   "%ifmap_5_read = read i64 @_ssdm_op_Read.ap_auto.i64, i64 %ifmap_5"   --->   Operation 34 'read' 'ifmap_5_read' <Predicate = true> <Delay = 0.00>
ST_1 : Operation 35 [1/1] (0.00ns)   --->   "%ifmap_4_read = read i64 @_ssdm_op_Read.ap_auto.i64, i64 %ifmap_4"   --->   Operation 35 'read' 'ifmap_4_read' <Predicate = true> <Delay = 0.00>
ST_1 : Operation 36 [1/1] (0.00ns)   --->   "%ifmap_3_read = read i64 @_ssdm_op_Read.ap_auto.i64, i64 %ifmap_3"   --->   Operation 36 'read' 'ifmap_3_read' <Predicate = true> <Delay = 0.00>
ST_1 : Operation 37 [1/1] (0.00ns)   --->   "%ifmap_2_read = read i64 @_ssdm_op_Read.ap_auto.i64, i64 %ifmap_2"   --->   Operation 37 'read' 'ifmap_2_read' <Predicate = true> <Delay = 0.00>
ST_1 : Operation 38 [1/1] (0.00ns)   --->   "%ifmap_1_read = read i64 @_ssdm_op_Read.ap_auto.i64, i64 %ifmap_1"   --->   Operation 38 'read' 'ifmap_1_read' <Predicate = true> <Delay = 0.00>
ST_1 : Operation 39 [1/1] (0.00ns)   --->   "%ifmap_0_read = read i64 @_ssdm_op_Read.ap_auto.i64, i64 %ifmap_0"   --->   Operation 39 'read' 'ifmap_0_read' <Predicate = true> <Delay = 0.00>
ST_1 : Operation 40 [1/1] (0.00ns)   --->   "%specinterface_ln0 = specinterface void @_ssdm_op_SpecInterface, i8 %gmem2, void @empty_42, i32 0, i32 0, void @empty_47, i32 0, i32 262144, void @empty_14, void @empty_48, void @empty_47, i32 16, i32 16, i32 16, i32 16, void @empty_47, void @empty_47, i32 4294967295, i32 0, i32 0, i32 1"   --->   Operation 40 'specinterface' 'specinterface_ln0' <Predicate = true> <Delay = 0.00>
ST_1 : Operation 41 [1/1] (0.00ns)   --->   "%specinterface_ln0 = specinterface void @_ssdm_op_SpecInterface, i32 %gmem1, void @empty_42, i32 0, i32 0, void @empty_47, i32 0, i32 64, void @empty_13, void @empty_48, void @empty_47, i32 16, i32 16, i32 16, i32 16, void @empty_47, void @empty_47, i32 4294967295, i32 0, i32 0, i32 4"   --->   Operation 41 'specinterface' 'specinterface_ln0' <Predicate = true> <Delay = 0.00>
ST_1 : Operation 42 [1/1] (0.00ns)   --->   "%specinterface_ln0 = specinterface void @_ssdm_op_SpecInterface, i8 %gmem1_7, void @empty_42, i32 0, i32 0, void @empty_47, i32 0, i32 36864, void @empty_12, void @empty_48, void @empty_47, i32 16, i32 16, i32 16, i32 16, void @empty_47, void @empty_47, i32 4294967295, i32 0, i32 0, i32 1"   --->   Operation 42 'specinterface' 'specinterface_ln0' <Predicate = true> <Delay = 0.00>
ST_1 : Operation 43 [1/1] (0.00ns)   --->   "%specinterface_ln0 = specinterface void @_ssdm_op_SpecInterface, i8 %gmem1_6, void @empty_42, i32 0, i32 0, void @empty_47, i32 0, i32 36864, void @empty_11, void @empty_48, void @empty_47, i32 16, i32 16, i32 16, i32 16, void @empty_47, void @empty_47, i32 4294967295, i32 0, i32 0, i32 1"   --->   Operation 43 'specinterface' 'specinterface_ln0' <Predicate = true> <Delay = 0.00>
ST_1 : Operation 44 [1/1] (0.00ns)   --->   "%specinterface_ln0 = specinterface void @_ssdm_op_SpecInterface, i8 %gmem1_5, void @empty_42, i32 0, i32 0, void @empty_47, i32 0, i32 36864, void @empty_10, void @empty_48, void @empty_47, i32 16, i32 16, i32 16, i32 16, void @empty_47, void @empty_47, i32 4294967295, i32 0, i32 0, i32 1"   --->   Operation 44 'specinterface' 'specinterface_ln0' <Predicate = true> <Delay = 0.00>
ST_1 : Operation 45 [1/1] (0.00ns)   --->   "%specinterface_ln0 = specinterface void @_ssdm_op_SpecInterface, i8 %gmem1_4, void @empty_42, i32 0, i32 0, void @empty_47, i32 0, i32 36864, void @empty_9, void @empty_48, void @empty_47, i32 16, i32 16, i32 16, i32 16, void @empty_47, void @empty_47, i32 4294967295, i32 0, i32 0, i32 1"   --->   Operation 45 'specinterface' 'specinterface_ln0' <Predicate = true> <Delay = 0.00>
ST_1 : Operation 46 [1/1] (0.00ns)   --->   "%specinterface_ln0 = specinterface void @_ssdm_op_SpecInterface, i8 %gmem1_3, void @empty_42, i32 0, i32 0, void @empty_47, i32 0, i32 36864, void @empty_2, void @empty_48, void @empty_47, i32 16, i32 16, i32 16, i32 16, void @empty_47, void @empty_47, i32 4294967295, i32 0, i32 0, i32 1"   --->   Operation 46 'specinterface' 'specinterface_ln0' <Predicate = true> <Delay = 0.00>
ST_1 : Operation 47 [1/1] (0.00ns)   --->   "%specinterface_ln0 = specinterface void @_ssdm_op_SpecInterface, i8 %gmem1_2, void @empty_42, i32 0, i32 0, void @empty_47, i32 0, i32 36864, void @empty_7, void @empty_48, void @empty_47, i32 16, i32 16, i32 16, i32 16, void @empty_47, void @empty_47, i32 4294967295, i32 0, i32 0, i32 1"   --->   Operation 47 'specinterface' 'specinterface_ln0' <Predicate = true> <Delay = 0.00>
ST_1 : Operation 48 [1/1] (0.00ns)   --->   "%specinterface_ln0 = specinterface void @_ssdm_op_SpecInterface, i8 %gmem1_1, void @empty_42, i32 0, i32 0, void @empty_47, i32 0, i32 36864, void @empty_6, void @empty_48, void @empty_47, i32 16, i32 16, i32 16, i32 16, void @empty_47, void @empty_47, i32 4294967295, i32 0, i32 0, i32 1"   --->   Operation 48 'specinterface' 'specinterface_ln0' <Predicate = true> <Delay = 0.00>
ST_1 : Operation 49 [1/1] (0.00ns)   --->   "%specinterface_ln0 = specinterface void @_ssdm_op_SpecInterface, i8 %gmem1_0, void @empty_42, i32 0, i32 0, void @empty_47, i32 0, i32 36864, void @empty_5, void @empty_48, void @empty_47, i32 16, i32 16, i32 16, i32 16, void @empty_47, void @empty_47, i32 4294967295, i32 0, i32 0, i32 1"   --->   Operation 49 'specinterface' 'specinterface_ln0' <Predicate = true> <Delay = 0.00>
ST_1 : Operation 50 [1/1] (0.00ns)   --->   "%specinterface_ln0 = specinterface void @_ssdm_op_SpecInterface, i8 %gmem0_7, void @empty_42, i32 0, i32 0, void @empty_47, i32 0, i32 262144, void @empty_4, void @empty_48, void @empty_47, i32 16, i32 16, i32 16, i32 16, void @empty_47, void @empty_47, i32 4294967295, i32 0, i32 0, i32 1"   --->   Operation 50 'specinterface' 'specinterface_ln0' <Predicate = true> <Delay = 0.00>
ST_1 : Operation 51 [1/1] (0.00ns)   --->   "%specinterface_ln0 = specinterface void @_ssdm_op_SpecInterface, i8 %gmem0_6, void @empty_42, i32 0, i32 0, void @empty_47, i32 0, i32 262144, void @empty_3, void @empty_48, void @empty_47, i32 16, i32 16, i32 16, i32 16, void @empty_47, void @empty_47, i32 4294967295, i32 0, i32 0, i32 1"   --->   Operation 51 'specinterface' 'specinterface_ln0' <Predicate = true> <Delay = 0.00>
ST_1 : Operation 52 [1/1] (0.00ns)   --->   "%specinterface_ln0 = specinterface void @_ssdm_op_SpecInterface, i8 %gmem0_5, void @empty_42, i32 0, i32 0, void @empty_47, i32 0, i32 262144, void @empty_38, void @empty_48, void @empty_47, i32 16, i32 16, i32 16, i32 16, void @empty_47, void @empty_47, i32 4294967295, i32 0, i32 0, i32 1"   --->   Operation 52 'specinterface' 'specinterface_ln0' <Predicate = true> <Delay = 0.00>
ST_1 : Operation 53 [1/1] (0.00ns)   --->   "%specinterface_ln0 = specinterface void @_ssdm_op_SpecInterface, i8 %gmem0_4, void @empty_42, i32 0, i32 0, void @empty_47, i32 0, i32 262144, void @empty_1, void @empty_48, void @empty_47, i32 16, i32 16, i32 16, i32 16, void @empty_47, void @empty_47, i32 4294967295, i32 0, i32 0, i32 1"   --->   Operation 53 'specinterface' 'specinterface_ln0' <Predicate = true> <Delay = 0.00>
ST_1 : Operation 54 [1/1] (0.00ns)   --->   "%specinterface_ln0 = specinterface void @_ssdm_op_SpecInterface, i8 %gmem0_3, void @empty_42, i32 0, i32 0, void @empty_47, i32 0, i32 262144, void @empty_0, void @empty_48, void @empty_47, i32 16, i32 16, i32 16, i32 16, void @empty_47, void @empty_47, i32 4294967295, i32 0, i32 0, i32 1"   --->   Operation 54 'specinterface' 'specinterface_ln0' <Predicate = true> <Delay = 0.00>
ST_1 : Operation 55 [1/1] (0.00ns)   --->   "%specinterface_ln0 = specinterface void @_ssdm_op_SpecInterface, i8 %gmem0_2, void @empty_42, i32 0, i32 0, void @empty_47, i32 0, i32 262144, void @empty, void @empty_48, void @empty_47, i32 16, i32 16, i32 16, i32 16, void @empty_47, void @empty_47, i32 4294967295, i32 0, i32 0, i32 1"   --->   Operation 55 'specinterface' 'specinterface_ln0' <Predicate = true> <Delay = 0.00>
ST_1 : Operation 56 [1/1] (0.00ns)   --->   "%specinterface_ln0 = specinterface void @_ssdm_op_SpecInterface, i8 %gmem0_1, void @empty_42, i32 0, i32 0, void @empty_47, i32 0, i32 262144, void @empty_49, void @empty_48, void @empty_47, i32 16, i32 16, i32 16, i32 16, void @empty_47, void @empty_47, i32 4294967295, i32 0, i32 0, i32 1"   --->   Operation 56 'specinterface' 'specinterface_ln0' <Predicate = true> <Delay = 0.00>
ST_1 : Operation 57 [1/1] (0.00ns)   --->   "%specinterface_ln0 = specinterface void @_ssdm_op_SpecInterface, i8 %gmem0_0, void @empty_42, i32 0, i32 0, void @empty_47, i32 0, i32 262144, void @empty_44, void @empty_48, void @empty_47, i32 16, i32 16, i32 16, i32 16, void @empty_47, void @empty_47, i32 4294967295, i32 0, i32 0, i32 1"   --->   Operation 57 'specinterface' 'specinterface_ln0' <Predicate = true> <Delay = 0.00>
ST_1 : Operation 58 [1/1] (0.00ns)   --->   "%shl_ln = bitconcatenate i11 @_ssdm_op_BitConcatenate.i11.i8.i3, i8 %in_w_read, i3 0" [D:/project/DPUv2/dpu_conv.cpp:23]   --->   Operation 58 'bitconcatenate' 'shl_ln' <Predicate = true> <Delay = 0.00>
ST_1 : Operation 59 [1/1] (0.00ns)   --->   "%in_h_cast = zext i8 %in_h_read"   --->   Operation 59 'zext' 'in_h_cast' <Predicate = true> <Delay = 0.00>
ST_1 : Operation 60 [1/1] (0.00ns)   --->   "%shl_ln_cast = zext i11 %shl_ln" [D:/project/DPUv2/dpu_conv.cpp:23]   --->   Operation 60 'zext' 'shl_ln_cast' <Predicate = true> <Delay = 0.00>
ST_1 : Operation 61 [1/1] (5.63ns)   --->   "%bound7 = mul i19 %in_h_cast, i19 %shl_ln_cast" [D:/project/DPUv2/dpu_conv.cpp:23]   --->   Operation 61 'mul' 'bound7' <Predicate = true> <Delay = 5.63> <CoreInst = "Multiplier">   --->   Core 3 'Multiplier' <Latency = 0> <II = 1> <Delay = 5.63> <FuncUnit> <Opcode : 'mul'> <InPorts = 2> <OutPorts = 1>
ST_1 : Operation 62 [1/1] (0.00ns)   --->   "%store_ln0 = store i32 0, i32 %mac_count_0"   --->   Operation 62 'store' 'store_ln0' <Predicate = true> <Delay = 0.00>
ST_1 : Operation 63 [1/1] (0.00ns)   --->   "%store_ln0 = store i32 0, i32 %cycle_count_0"   --->   Operation 63 'store' 'store_ln0' <Predicate = true> <Delay = 0.00>
ST_1 : Operation 64 [1/1] (1.58ns)   --->   "%store_ln23 = store i8 0, i8 %oc" [D:/project/DPUv2/dpu_conv.cpp:23]   --->   Operation 64 'store' 'store_ln23' <Predicate = true> <Delay = 1.58>
ST_1 : Operation 65 [1/1] (0.00ns)   --->   "%br_ln23 = br void %OH_LOOP" [D:/project/DPUv2/dpu_conv.cpp:23]   --->   Operation 65 'br' 'br_ln23' <Predicate = true> <Delay = 0.00>

State 2 <SV = 1> <Delay = 3.52>
ST_2 : Operation 66 [1/1] (0.00ns)   --->   "%oc_2 = load i8 %oc" [D:/project/DPUv2/dpu_conv.cpp:23]   --->   Operation 66 'load' 'oc_2' <Predicate = true> <Delay = 0.00>
ST_2 : Operation 67 [1/1] (1.91ns)   --->   "%icmp_ln23 = icmp_eq  i8 %oc_2, i8 %out_ch_read" [D:/project/DPUv2/dpu_conv.cpp:23]   --->   Operation 67 'icmp' 'icmp_ln23' <Predicate = true> <Delay = 1.91> <CoreInst = "Cmp">   --->   Core 9 'Cmp' <Latency = 0> <II = 1> <Delay = 1.91> <FuncUnit> <Opcode : 'seteq' 'setne' 'setle' 'setge' 'setlt' 'setgt'> <InPorts = 2> <OutPorts = 1>
ST_2 : Operation 68 [1/1] (1.91ns)   --->   "%add_ln23 = add i8 %oc_2, i8 1" [D:/project/DPUv2/dpu_conv.cpp:23]   --->   Operation 68 'add' 'add_ln23' <Predicate = true> <Delay = 1.91> <CoreInst = "Adder">   --->   Core 1 'Adder' <Latency = 0> <II = 1> <Delay = 1.91> <FuncUnit> <Opcode : 'add' 'sub'> <InPorts = 2> <OutPorts = 1>
ST_2 : Operation 69 [1/1] (0.00ns)   --->   "%br_ln23 = br i1 %icmp_ln23, void %OH_LOOP.split, void %for.end95" [D:/project/DPUv2/dpu_conv.cpp:23]   --->   Operation 69 'br' 'br_ln23' <Predicate = true> <Delay = 0.00>
ST_2 : Operation 70 [1/1] (0.00ns)   --->   "%shl_ln2 = bitconcatenate i10 @_ssdm_op_BitConcatenate.i10.i8.i2, i8 %oc_2, i2 0" [D:/project/DPUv2/dpu_conv.cpp:33]   --->   Operation 70 'bitconcatenate' 'shl_ln2' <Predicate = (!icmp_ln23)> <Delay = 0.00>
ST_2 : Operation 71 [1/1] (0.00ns)   --->   "%zext_ln33 = zext i10 %shl_ln2" [D:/project/DPUv2/dpu_conv.cpp:33]   --->   Operation 71 'zext' 'zext_ln33' <Predicate = (!icmp_ln23)> <Delay = 0.00>
ST_2 : Operation 72 [1/1] (3.52ns)   --->   "%add_ln33 = add i64 %zext_ln33, i64 %bias_read" [D:/project/DPUv2/dpu_conv.cpp:33]   --->   Operation 72 'add' 'add_ln33' <Predicate = (!icmp_ln23)> <Delay = 3.52> <CoreInst = "Adder">   --->   Core 1 'Adder' <Latency = 0> <II = 1> <Delay = 3.52> <FuncUnit> <Opcode : 'add' 'sub'> <InPorts = 2> <OutPorts = 1>
ST_2 : Operation 73 [1/1] (0.00ns)   --->   "%trunc_ln = partselect i62 @_ssdm_op_PartSelect.i62.i64.i32.i32, i64 %add_ln33, i32 2, i32 63" [D:/project/DPUv2/dpu_conv.cpp:33]   --->   Operation 73 'partselect' 'trunc_ln' <Predicate = (!icmp_ln23)> <Delay = 0.00>
ST_2 : Operation 74 [1/1] (0.00ns)   --->   "%sext_ln33 = sext i62 %trunc_ln" [D:/project/DPUv2/dpu_conv.cpp:33]   --->   Operation 74 'sext' 'sext_ln33' <Predicate = (!icmp_ln23)> <Delay = 0.00>
ST_2 : Operation 75 [1/1] (0.00ns)   --->   "%gmem1_addr = getelementptr i32 %gmem1, i64 %sext_ln33" [D:/project/DPUv2/dpu_conv.cpp:33]   --->   Operation 75 'getelementptr' 'gmem1_addr' <Predicate = (!icmp_ln23)> <Delay = 0.00>
ST_2 : Operation 76 [1/1] (1.58ns)   --->   "%store_ln23 = store i8 %add_ln23, i8 %oc" [D:/project/DPUv2/dpu_conv.cpp:23]   --->   Operation 76 'store' 'store_ln23' <Predicate = (!icmp_ln23)> <Delay = 1.58>
ST_2 : Operation 77 [1/1] (0.00ns)   --->   "%cycle_count_0_load_1 = load i32 %cycle_count_0" [D:/project/DPUv2/dpu_conv.cpp:74]   --->   Operation 77 'load' 'cycle_count_0_load_1' <Predicate = (icmp_ln23)> <Delay = 0.00>
ST_2 : Operation 78 [1/1] (0.00ns)   --->   "%mac_count_0_load_1 = load i32 %mac_count_0" [D:/project/DPUv2/dpu_conv.cpp:74]   --->   Operation 78 'load' 'mac_count_0_load_1' <Predicate = (icmp_ln23)> <Delay = 0.00>
ST_2 : Operation 79 [1/1] (0.00ns)   --->   "%mrv = insertvalue i64 <undef>, i32 %mac_count_0_load_1" [D:/project/DPUv2/dpu_conv.cpp:74]   --->   Operation 79 'insertvalue' 'mrv' <Predicate = (icmp_ln23)> <Delay = 0.00>
ST_2 : Operation 80 [1/1] (0.00ns)   --->   "%mrv_1 = insertvalue i64 %mrv, i32 %cycle_count_0_load_1" [D:/project/DPUv2/dpu_conv.cpp:74]   --->   Operation 80 'insertvalue' 'mrv_1' <Predicate = (icmp_ln23)> <Delay = 0.00>
ST_2 : Operation 81 [1/1] (0.00ns)   --->   "%ret_ln74 = ret i64 %mrv_1" [D:/project/DPUv2/dpu_conv.cpp:74]   --->   Operation 81 'ret' 'ret_ln74' <Predicate = (icmp_ln23)> <Delay = 0.00>

State 3 <SV = 2> <Delay = 0.00>
ST_3 : Operation 82 [8/8] (8.03ns)   --->   "%acc_req = readreq i1 @_ssdm_op_ReadReq.m_axi.i32P1A, i32 %gmem1_addr, i64 1" [D:/project/DPUv2/dpu_conv.cpp:33]   --->   Operation 82 'readreq' 'acc_req' <Predicate = true> <Delay = 8.03> <CoreInst = "m_axi">   --->   Core 111 'm_axi' <Latency = 6> <II = 1> <Delay = 1.00> <Adapter> <Opcode : 'readrequnaligned' 'writerequnaligned' 'read' 'write' 'readreq' 'writereq' 'writeresp'>

State 4 <SV = 3> <Delay = 0.00>
ST_4 : Operation 83 [7/8] (8.03ns)   --->   "%acc_req = readreq i1 @_ssdm_op_ReadReq.m_axi.i32P1A, i32 %gmem1_addr, i64 1" [D:/project/DPUv2/dpu_conv.cpp:33]   --->   Operation 83 'readreq' 'acc_req' <Predicate = true> <Delay = 8.03> <CoreInst = "m_axi">   --->   Core 111 'm_axi' <Latency = 6> <II = 1> <Delay = 1.00> <Adapter> <Opcode : 'readrequnaligned' 'writerequnaligned' 'read' 'write' 'readreq' 'writereq' 'writeresp'>

State 5 <SV = 4> <Delay = 0.00>
ST_5 : Operation 84 [6/8] (8.03ns)   --->   "%acc_req = readreq i1 @_ssdm_op_ReadReq.m_axi.i32P1A, i32 %gmem1_addr, i64 1" [D:/project/DPUv2/dpu_conv.cpp:33]   --->   Operation 84 'readreq' 'acc_req' <Predicate = true> <Delay = 8.03> <CoreInst = "m_axi">   --->   Core 111 'm_axi' <Latency = 6> <II = 1> <Delay = 1.00> <Adapter> <Opcode : 'readrequnaligned' 'writerequnaligned' 'read' 'write' 'readreq' 'writereq' 'writeresp'>

State 6 <SV = 5> <Delay = 0.00>
ST_6 : Operation 85 [5/8] (8.03ns)   --->   "%acc_req = readreq i1 @_ssdm_op_ReadReq.m_axi.i32P1A, i32 %gmem1_addr, i64 1" [D:/project/DPUv2/dpu_conv.cpp:33]   --->   Operation 85 'readreq' 'acc_req' <Predicate = true> <Delay = 8.03> <CoreInst = "m_axi">   --->   Core 111 'm_axi' <Latency = 6> <II = 1> <Delay = 1.00> <Adapter> <Opcode : 'readrequnaligned' 'writerequnaligned' 'read' 'write' 'readreq' 'writereq' 'writeresp'>

State 7 <SV = 6> <Delay = 0.00>
ST_7 : Operation 86 [4/8] (8.03ns)   --->   "%acc_req = readreq i1 @_ssdm_op_ReadReq.m_axi.i32P1A, i32 %gmem1_addr, i64 1" [D:/project/DPUv2/dpu_conv.cpp:33]   --->   Operation 86 'readreq' 'acc_req' <Predicate = true> <Delay = 8.03> <CoreInst = "m_axi">   --->   Core 111 'm_axi' <Latency = 6> <II = 1> <Delay = 1.00> <Adapter> <Opcode : 'readrequnaligned' 'writerequnaligned' 'read' 'write' 'readreq' 'writereq' 'writeresp'>

State 8 <SV = 7> <Delay = 0.00>
ST_8 : Operation 87 [3/8] (8.03ns)   --->   "%acc_req = readreq i1 @_ssdm_op_ReadReq.m_axi.i32P1A, i32 %gmem1_addr, i64 1" [D:/project/DPUv2/dpu_conv.cpp:33]   --->   Operation 87 'readreq' 'acc_req' <Predicate = true> <Delay = 8.03> <CoreInst = "m_axi">   --->   Core 111 'm_axi' <Latency = 6> <II = 1> <Delay = 1.00> <Adapter> <Opcode : 'readrequnaligned' 'writerequnaligned' 'read' 'write' 'readreq' 'writereq' 'writeresp'>

State 9 <SV = 8> <Delay = 0.00>
ST_9 : Operation 88 [2/8] (8.03ns)   --->   "%acc_req = readreq i1 @_ssdm_op_ReadReq.m_axi.i32P1A, i32 %gmem1_addr, i64 1" [D:/project/DPUv2/dpu_conv.cpp:33]   --->   Operation 88 'readreq' 'acc_req' <Predicate = true> <Delay = 8.03> <CoreInst = "m_axi">   --->   Core 111 'm_axi' <Latency = 6> <II = 1> <Delay = 1.00> <Adapter> <Opcode : 'readrequnaligned' 'writerequnaligned' 'read' 'write' 'readreq' 'writereq' 'writeresp'>

State 10 <SV = 9> <Delay = 8.03>
ST_10 : Operation 89 [1/8] ( I:8.03ns O:8.03ns )   --->   "%acc_req = readreq i1 @_ssdm_op_ReadReq.m_axi.i32P1A, i32 %gmem1_addr, i64 1" [D:/project/DPUv2/dpu_conv.cpp:33]   --->   Operation 89 'readreq' 'acc_req' <Predicate = true> <Delay = 8.03> <CoreInst = "m_axi">   --->   Core 111 'm_axi' <Latency = 6> <II = 1> <Delay = 1.00> <Adapter> <Opcode : 'readrequnaligned' 'writerequnaligned' 'read' 'write' 'readreq' 'writereq' 'writeresp'>

State 11 <SV = 10> <Delay = 8.03>
ST_11 : Operation 90 [1/1] (0.00ns)   --->   "%cycle_count_0_load = load i32 %cycle_count_0"   --->   Operation 90 'load' 'cycle_count_0_load' <Predicate = true> <Delay = 0.00>
ST_11 : Operation 91 [1/1] (0.00ns)   --->   "%mac_count_0_load = load i32 %mac_count_0"   --->   Operation 91 'load' 'mac_count_0_load' <Predicate = true> <Delay = 0.00>
ST_11 : Operation 92 [1/1] ( I:8.03ns O:8.03ns )   --->   "%gmem1_addr_read = read i32 @_ssdm_op_Read.m_axi.i32P1A, i32 %gmem1_addr" [D:/project/DPUv2/dpu_conv.cpp:33]   --->   Operation 92 'read' 'gmem1_addr_read' <Predicate = true> <Delay = 8.03> <CoreInst = "m_axi">   --->   Core 111 'm_axi' <Latency = 3> <II = 1> <Delay = 1.00> <Adapter> <Opcode : 'readrequnaligned' 'writerequnaligned' 'read' 'write' 'readreq' 'writereq' 'writeresp'>

State 12 <SV = 11> <Delay = 1.91>
ST_12 : Operation 93 [1/1] (0.00ns)   --->   "%shl_ln28_1 = bitconcatenate i20 @_ssdm_op_BitConcatenate.i20.i8.i12, i8 %oc_2, i12 0" [D:/project/DPUv2/dpu_conv.cpp:28]   --->   Operation 93 'bitconcatenate' 'shl_ln28_1' <Predicate = true> <Delay = 0.00>
ST_12 : Operation 94 [2/2] (1.91ns)   --->   "%call_ln33 = call void @conv3x3_relu_Pipeline_OH_LOOP_OW_LOOP_IC_LOOP, i32 %cycle_count_0_load, i32 %mac_count_0_load, i32 %gmem1_addr_read, i8 %in_w_read, i8 %in_h_read, i11 %shl_ln, i11 %shl_ln, i19 %bound7, i8 %gmem2, i1 %do_relu_read, i8 %in_ch_read, i8 %oc_2, i8 %in_w_read, i64 %conv_buf_read, i20 %shl_ln28_1, i8 %gmem0_0, i8 %gmem1_0, i64 %ifmap_0_read, i64 %weight_0_read, i8 %gmem0_1, i8 %gmem1_1, i64 %ifmap_1_read, i64 %weight_1_read, i8 %gmem0_2, i8 %gmem1_2, i64 %ifmap_2_read, i64 %weight_2_read, i8 %gmem0_3, i8 %gmem1_3, i64 %ifmap_3_read, i64 %weight_3_read, i8 %gmem0_4, i8 %gmem1_4, i64 %ifmap_4_read, i64 %weight_4_read, i8 %gmem0_5, i8 %gmem1_5, i64 %ifmap_5_read, i64 %weight_5_read, i8 %gmem0_6, i8 %gmem1_6, i64 %ifmap_6_read, i64 %weight_6_read, i8 %gmem0_7, i8 %gmem1_7, i64 %ifmap_7_read, i64 %weight_7_read, i32 %mac_count_0, i32 %cycle_count_0" [D:/project/DPUv2/dpu_conv.cpp:33]   --->   Operation 94 'call' 'call_ln33' <Predicate = true> <Delay = 1.91> <CoreType = "Generic">   --->   Generic Core

State 13 <SV = 12> <Delay = 0.00>
ST_13 : Operation 95 [1/1] (0.00ns)   --->   "%speclooptripcount_ln26 = speclooptripcount void @_ssdm_op_SpecLoopTripCount, i64 1, i64 64, i64 4" [D:/project/DPUv2/dpu_conv.cpp:26]   --->   Operation 95 'speclooptripcount' 'speclooptripcount_ln26' <Predicate = true> <Delay = 0.00>
ST_13 : Operation 96 [1/1] (0.00ns)   --->   "%specloopname_ln23 = specloopname void @_ssdm_op_SpecLoopName, void @empty_46" [D:/project/DPUv2/dpu_conv.cpp:23]   --->   Operation 96 'specloopname' 'specloopname_ln23' <Predicate = true> <Delay = 0.00>
ST_13 : Operation 97 [1/2] (0.00ns)   --->   "%call_ln33 = call void @conv3x3_relu_Pipeline_OH_LOOP_OW_LOOP_IC_LOOP, i32 %cycle_count_0_load, i32 %mac_count_0_load, i32 %gmem1_addr_read, i8 %in_w_read, i8 %in_h_read, i11 %shl_ln, i11 %shl_ln, i19 %bound7, i8 %gmem2, i1 %do_relu_read, i8 %in_ch_read, i8 %oc_2, i8 %in_w_read, i64 %conv_buf_read, i20 %shl_ln28_1, i8 %gmem0_0, i8 %gmem1_0, i64 %ifmap_0_read, i64 %weight_0_read, i8 %gmem0_1, i8 %gmem1_1, i64 %ifmap_1_read, i64 %weight_1_read, i8 %gmem0_2, i8 %gmem1_2, i64 %ifmap_2_read, i64 %weight_2_read, i8 %gmem0_3, i8 %gmem1_3, i64 %ifmap_3_read, i64 %weight_3_read, i8 %gmem0_4, i8 %gmem1_4, i64 %ifmap_4_read, i64 %weight_4_read, i8 %gmem0_5, i8 %gmem1_5, i64 %ifmap_5_read, i64 %weight_5_read, i8 %gmem0_6, i8 %gmem1_6, i64 %ifmap_6_read, i64 %weight_6_read, i8 %gmem0_7, i8 %gmem1_7, i64 %ifmap_7_read, i64 %weight_7_read, i32 %mac_count_0, i32 %cycle_count_0" [D:/project/DPUv2/dpu_conv.cpp:33]   --->   Operation 97 'call' 'call_ln33' <Predicate = true> <Delay = 0.00> <CoreType = "Generic">   --->   Generic Core
ST_13 : Operation 98 [1/1] (0.00ns)   --->   "%br_ln23 = br void %OH_LOOP" [D:/project/DPUv2/dpu_conv.cpp:23]   --->   Operation 98 'br' 'br_ln23' <Predicate = true> <Delay = 0.00>


============================================================
+ Verbose Summary: Timing violations
============================================================
Target clock period: 11.000ns, clock uncertainty: 2.970ns.

 <State 1>: 5.630ns
The critical path consists of the following:
	wire read operation ('in_w_read') on port 'in_w' [48]  (0.000 ns)
	'mul' operation 19 bit ('bound7', D:/project/DPUv2/dpu_conv.cpp:23) [89]  (5.630 ns)

 <State 2>: 3.520ns
The critical path consists of the following:
	'load' operation 8 bit ('oc', D:/project/DPUv2/dpu_conv.cpp:23) on local variable 'oc', D:/project/DPUv2/dpu_conv.cpp:23 [95]  (0.000 ns)
	'add' operation 64 bit ('add_ln33', D:/project/DPUv2/dpu_conv.cpp:33) [106]  (3.520 ns)

 <State 3>: 0.000ns
The critical path consists of the following:

 <State 4>: 0.000ns
The critical path consists of the following:

 <State 5>: 0.000ns
The critical path consists of the following:

 <State 6>: 0.000ns
The critical path consists of the following:

 <State 7>: 0.000ns
The critical path consists of the following:

 <State 8>: 0.000ns
The critical path consists of the following:

 <State 9>: 0.000ns
The critical path consists of the following:

 <State 10>: 8.030ns
The critical path consists of the following:
	bus request operation ('acc_req', D:/project/DPUv2/dpu_conv.cpp:33) on port 'gmem1' (D:/project/DPUv2/dpu_conv.cpp:33) [111]  (8.030 ns)

 <State 11>: 8.030ns
The critical path consists of the following:
	bus read operation ('gmem1_addr_read', D:/project/DPUv2/dpu_conv.cpp:33) on port 'gmem1' (D:/project/DPUv2/dpu_conv.cpp:33) [112]  (8.030 ns)

 <State 12>: 1.915ns
The critical path consists of the following:
	'call' operation ('call_ln33', D:/project/DPUv2/dpu_conv.cpp:33) to 'conv3x3_relu_Pipeline_OH_LOOP_OW_LOOP_IC_LOOP' [113]  (1.915 ns)

 <State 13>: 0.000ns
The critical path consists of the following:


============================================================
+ Verbose Summary: Binding
============================================================
N/A
* FSMD analyzer results:
  - Output states:
 - Input state : 
  - Chain level:
	State 1
	State 2
	State 3
	State 4
	State 5
	State 6
	State 7
	State 8
	State 9
	State 10
	State 11
	State 12
	State 13


============================================================
+ Verbose Summary: Datapath Resource usage 
============================================================
N/A
