

================================================================
== Vitis HLS Report for 'copy_passthrough'
================================================================
* Date:           Mon Sep  7 20:13:33 2026

* Version:        2025.2 (Build 6295257 on Nov 14 2025)
* Project:        dpu_conv_top
* Solution:       hls (Vivado IP Flow Target)
* Product family: zynq
* Target device:  xc7z020-clg400-1


================================================================
== Performance Estimates
================================================================
+ Timing: 
    * Summary: 
    +--------+----------+----------+------------+
    |  Clock |  Target  | Estimated| Uncertainty|
    +--------+----------+----------+------------+
    |ap_clk  |  11.00 ns|  8.030 ns|     2.97 ns|
    +--------+----------+----------+------------+

+ Latency: 
    * Summary: 
    +---------+----------+-----------+-----------+-----+----------+---------+
    |  Latency (cycles)  |   Latency (absolute)  |    Interval    | Pipeline|
    |   min   |    max   |    min    |    max    | min |    max   |   Type  |
    +---------+----------+-----------+-----------+-----+----------+---------+
    |        6|  16581387|  66.000 ns|  0.182 sec|    6|  16581387|       no|
    +---------+----------+-----------+-----------+-----+----------+---------+

    + Detail: 
        * Instance: 
        +-----------------------------------------------------------+-------------------------------------------------+---------+----------+-----------+-----------+-----+-----+-------------------+
        |                                                           |                                                 |  Latency (cycles)  |   Latency (absolute)  |  Interval |      Pipeline     |
        |                          Instance                         |                      Module                     |   min   |    max   |    min    |    max    | min | max |        Type       |
        +-----------------------------------------------------------+-------------------------------------------------+---------+----------+-----------+-----------+-----+-----+-------------------+
        |grp_copy_passthrough_Pipeline_COPY_OC_COPY_H_COPY_W_fu_64  |copy_passthrough_Pipeline_COPY_OC_COPY_H_COPY_W  |        4|  16581385|  44.000 ns|  0.182 sec|    0|    0|  loop pipeline stp|
        +-----------------------------------------------------------+-------------------------------------------------+---------+----------+-----------+-----------+-----+-----+-------------------+

        * Loop: 
        N/A



================================================================
== Utilization Estimates
================================================================
* Summary: 
+-----------------+---------+-----+--------+-------+-----+
|       Name      | BRAM_18K| DSP |   FF   |  LUT  | URAM|
+-----------------+---------+-----+--------+-------+-----+
|DSP              |        -|    -|       -|      -|    -|
|Expression       |        -|    -|       -|      -|    -|
|FIFO             |        -|    -|       -|      -|    -|
|Instance         |        -|    1|     352|    718|    -|
|Memory           |        -|    -|       -|      -|    -|
|Multiplexer      |        -|    -|       0|     20|    -|
|Register         |        -|    -|      44|      -|    -|
+-----------------+---------+-----+--------+-------+-----+
|Total            |        0|    1|     396|    738|    0|
+-----------------+---------+-----+--------+-------+-----+
|Available        |      280|  220|  106400|  53200|    0|
+-----------------+---------+-----+--------+-------+-----+
|Utilization (%)  |        0|   ~0|      ~0|      1|    0|
+-----------------+---------+-----+--------+-------+-----+

+ Detail: 
    * Instance: 
    +-----------------------------------------------------------+-------------------------------------------------+---------+----+-----+-----+-----+
    |                          Instance                         |                      Module                     | BRAM_18K| DSP|  FF | LUT | URAM|
    +-----------------------------------------------------------+-------------------------------------------------+---------+----+-----+-----+-----+
    |grp_copy_passthrough_Pipeline_COPY_OC_COPY_H_COPY_W_fu_64  |copy_passthrough_Pipeline_COPY_OC_COPY_H_COPY_W  |        0|   0|  352|  671|    0|
    |mul_8ns_16ns_24_1_1_U184                                   |mul_8ns_16ns_24_1_1                              |        0|   1|    0|    6|    0|
    |mul_8ns_8ns_16_1_1_U183                                    |mul_8ns_8ns_16_1_1                               |        0|   0|    0|   41|    0|
    +-----------------------------------------------------------+-------------------------------------------------+---------+----+-----+-----+-----+
    |Total                                                      |                                                 |        0|   1|  352|  718|    0|
    +-----------------------------------------------------------+-------------------------------------------------+---------+----+-----+-----+-----+

    * DSP: 
    N/A

    * Memory: 
    N/A

    * FIFO: 
    N/A

    * Expression: 
    N/A

    * Multiplexer: 
    +-----------+----+-----------+-----+-----------+
    |    Name   | LUT| Input Size| Bits| Total Bits|
    +-----------+----+-----------+-----+-----------+
    |ap_NS_fsm  |  20|          4|    1|          4|
    +-----------+----+-----------+-----+-----------+
    |Total      |  20|          4|    1|          4|
    +-----------+----+-----------+-----+-----------+

    * Register: 
    +------------------------------------------------------------------------+----+----+-----+-----------+
    |                                  Name                                  | FF | LUT| Bits| Const Bits|
    +------------------------------------------------------------------------+----+----+-----+-----------+
    |ap_CS_fsm                                                               |   3|   0|    3|          0|
    |bound7_reg_125                                                          |  24|   0|   24|          0|
    |bound_reg_114                                                           |  16|   0|   16|          0|
    |grp_copy_passthrough_Pipeline_COPY_OC_COPY_H_COPY_W_fu_64_ap_start_reg  |   1|   0|    1|          0|
    +------------------------------------------------------------------------+----+----+-----+-----------+
    |Total                                                                   |  44|   0|   44|          0|
    +------------------------------------------------------------------------+----+----+-----+-----------+



================================================================
== Interface
================================================================
* Summary: 
+----------------------------------------------------------------------------------------------------------------------------------------------------------------------+-----+-----+------------+-------------------------------------------------------------------------------------------------------------------------------------------------------------+--------------+
|                                                                               RTL Ports                                                                              | Dir | Bits|  Protocol  |                                                                        Source Object                                                                        |    C Type    |
+----------------------------------------------------------------------------------------------------------------------------------------------------------------------+-----+-----+------------+-------------------------------------------------------------------------------------------------------------------------------------------------------------+--------------+
|ap_clk                                                                                                                                                                |   in|    1|  ap_ctrl_hs|                                                                                                                                             copy_passthrough|  return value|
|ap_rst                                                                                                                                                                |   in|    1|  ap_ctrl_hs|                                                                                                                                             copy_passthrough|  return value|
|ap_start                                                                                                                                                              |   in|    1|  ap_ctrl_hs|                                                                                                                                             copy_passthrough|  return value|
|ap_done                                                                                                                                                               |  out|    1|  ap_ctrl_hs|                                                                                                                                             copy_passthrough|  return value|
|ap_idle                                                                                                                                                               |  out|    1|  ap_ctrl_hs|                                                                                                                                             copy_passthrough|  return value|
|ap_ready                                                                                                                                                              |  out|    1|  ap_ctrl_hs|                                                                                                                                             copy_passthrough|  return value|
|m_axi_gmem0_0_AWVALID                                                                                                                                                 |  out|    1|       m_axi|                                                                                                                                                        gmem0|       pointer|
|m_axi_gmem0_0_AWREADY                                                                                                                                                 |   in|    1|       m_axi|                                                                                                                                                        gmem0|       pointer|
|m_axi_gmem0_0_AWADDR                                                                                                                                                  |  out|   64|       m_axi|                                                                                                                                                        gmem0|       pointer|
|m_axi_gmem0_0_AWID                                                                                                                                                    |  out|    1|       m_axi|                                                                                                                                                        gmem0|       pointer|
|m_axi_gmem0_0_AWLEN                                                                                                                                                   |  out|   32|       m_axi|                                                                                                                                                        gmem0|       pointer|
|m_axi_gmem0_0_AWSIZE                                                                                                                                                  |  out|    3|       m_axi|                                                                                                                                                        gmem0|       pointer|
|m_axi_gmem0_0_AWBURST                                                                                                                                                 |  out|    2|       m_axi|                                                                                                                                                        gmem0|       pointer|
|m_axi_gmem0_0_AWLOCK                                                                                                                                                  |  out|    2|       m_axi|                                                                                                                                                        gmem0|       pointer|
|m_axi_gmem0_0_AWCACHE                                                                                                                                                 |  out|    4|       m_axi|                                                                                                                                                        gmem0|       pointer|
|m_axi_gmem0_0_AWPROT                                                                                                                                                  |  out|    3|       m_axi|                                                                                                                                                        gmem0|       pointer|
|m_axi_gmem0_0_AWQOS                                                                                                                                                   |  out|    4|       m_axi|                                                                                                                                                        gmem0|       pointer|
|m_axi_gmem0_0_AWREGION                                                                                                                                                |  out|    4|       m_axi|                                                                                                                                                        gmem0|       pointer|
|m_axi_gmem0_0_AWUSER                                                                                                                                                  |  out|    1|       m_axi|                                                                                                                                                        gmem0|       pointer|
|m_axi_gmem0_0_WVALID                                                                                                                                                  |  out|    1|       m_axi|                                                                                                                                                        gmem0|       pointer|
|m_axi_gmem0_0_WREADY                                                                                                                                                  |   in|    1|       m_axi|                                                                                                                                                        gmem0|       pointer|
|m_axi_gmem0_0_WDATA                                                                                                                                                   |  out|    8|       m_axi|                                                                                                                                                        gmem0|       pointer|
|m_axi_gmem0_0_WSTRB                                                                                                                                                   |  out|    1|       m_axi|                                                                                                                                                        gmem0|       pointer|
|m_axi_gmem0_0_WLAST                                                                                                                                                   |  out|    1|       m_axi|                                                                                                                                                        gmem0|       pointer|
|m_axi_gmem0_0_WID                                                                                                                                                     |  out|    1|       m_axi|                                                                                                                                                        gmem0|       pointer|
|m_axi_gmem0_0_WUSER                                                                                                                                                   |  out|    1|       m_axi|                                                                                                                                                        gmem0|       pointer|
|m_axi_gmem0_0_ARVALID                                                                                                                                                 |  out|    1|       m_axi|                                                                                                                                                        gmem0|       pointer|
|m_axi_gmem0_0_ARREADY                                                                                                                                                 |   in|    1|       m_axi|                                                                                                                                                        gmem0|       pointer|
|m_axi_gmem0_0_ARADDR                                                                                                                                                  |  out|   64|       m_axi|                                                                                                                                                        gmem0|       pointer|
|m_axi_gmem0_0_ARID                                                                                                                                                    |  out|    1|       m_axi|                                                                                                                                                        gmem0|       pointer|
|m_axi_gmem0_0_ARLEN                                                                                                                                                   |  out|   32|       m_axi|                                                                                                                                                        gmem0|       pointer|
|m_axi_gmem0_0_ARSIZE                                                                                                                                                  |  out|    3|       m_axi|                                                                                                                                                        gmem0|       pointer|
|m_axi_gmem0_0_ARBURST                                                                                                                                                 |  out|    2|       m_axi|                                                                                                                                                        gmem0|       pointer|
|m_axi_gmem0_0_ARLOCK                                                                                                                                                  |  out|    2|       m_axi|                                                                                                                                                        gmem0|       pointer|
|m_axi_gmem0_0_ARCACHE                                                                                                                                                 |  out|    4|       m_axi|                                                                                                                                                        gmem0|       pointer|
|m_axi_gmem0_0_ARPROT                                                                                                                                                  |  out|    3|       m_axi|                                                                                                                                                        gmem0|       pointer|
|m_axi_gmem0_0_ARQOS                                                                                                                                                   |  out|    4|       m_axi|                                                                                                                                                        gmem0|       pointer|
|m_axi_gmem0_0_ARREGION                                                                                                                                                |  out|    4|       m_axi|                                                                                                                                                        gmem0|       pointer|
|m_axi_gmem0_0_ARUSER                                                                                                                                                  |  out|    1|       m_axi|                                                                                                                                                        gmem0|       pointer|
|m_axi_gmem0_0_RVALID                                                                                                                                                  |   in|    1|       m_axi|                                                                                                                                                        gmem0|       pointer|
|m_axi_gmem0_0_RREADY                                                                                                                                                  |  out|    1|       m_axi|                                                                                                                                                        gmem0|       pointer|
|m_axi_gmem0_0_RDATA                                                                                                                                                   |   in|    8|       m_axi|                                                                                                                                                        gmem0|       pointer|
|m_axi_gmem0_0_RLAST                                                                                                                                                   |   in|    1|       m_axi|                                                                                                                                                        gmem0|       pointer|
|m_axi_gmem0_0_RID                                                                                                                                                     |   in|    1|       m_axi|                                                                                                                                                        gmem0|       pointer|
|m_axi_gmem0_0_RFIFONUM                                                                                                                                                |   in|   11|       m_axi|                                                                                                                                                        gmem0|       pointer|
|m_axi_gmem0_0_RUSER                                                                                                                                                   |   in|    1|       m_axi|                                                                                                                                                        gmem0|       pointer|
|m_axi_gmem0_0_RRESP                                                                                                                                                   |   in|    2|       m_axi|                                                                                                                                                        gmem0|       pointer|
|m_axi_gmem0_0_BVALID                                                                                                                                                  |   in|    1|       m_axi|                                                                                                                                                        gmem0|       pointer|
|m_axi_gmem0_0_BREADY                                                                                                                                                  |  out|    1|       m_axi|                                                                                                                                                        gmem0|       pointer|
|m_axi_gmem0_0_BRESP                                                                                                                                                   |   in|    2|       m_axi|                                                                                                                                                        gmem0|       pointer|
|m_axi_gmem0_0_BID                                                                                                                                                     |   in|    1|       m_axi|                                                                                                                                                        gmem0|       pointer|
|m_axi_gmem0_0_BUSER                                                                                                                                                   |   in|    1|       m_axi|                                                                                                                                                        gmem0|       pointer|
|ofmap                                                                                                                                                                 |   in|   64|     ap_none|                                                                                                                                                        ofmap|        scalar|
|in_h                                                                                                                                                                  |   in|    8|     ap_none|                                                                                                                                                         in_h|        scalar|
|in_w                                                                                                                                                                  |   in|    8|     ap_none|                                                                                                                                                         in_w|        scalar|
|out_ch                                                                                                                                                                |   in|    8|     ap_none|                                                                                                                                                       out_ch|        scalar|
|dpu_conv_top_ap_int_8_64_64_ap_int_8_64_3_3_ap_int_32_ap_int_8_64_64_ap_uint_8_ap_uint_8_ap_uint_8_ap_uint_8_ap_uint_1_ap_uint_1_perf_counters_t_conv_buf_address0    |  out|   17|   ap_memory|    dpu_conv_top_ap_int_8_64_64_ap_int_8_64_3_3_ap_int_32_ap_int_8_64_64_ap_uint_8_ap_uint_8_ap_uint_8_ap_uint_8_ap_uint_1_ap_uint_1_perf_counters_t_conv_buf|         array|
|dpu_conv_top_ap_int_8_64_64_ap_int_8_64_3_3_ap_int_32_ap_int_8_64_64_ap_uint_8_ap_uint_8_ap_uint_8_ap_uint_8_ap_uint_1_ap_uint_1_perf_counters_t_conv_buf_ce0         |  out|    1|   ap_memory|    dpu_conv_top_ap_int_8_64_64_ap_int_8_64_3_3_ap_int_32_ap_int_8_64_64_ap_uint_8_ap_uint_8_ap_uint_8_ap_uint_8_ap_uint_1_ap_uint_1_perf_counters_t_conv_buf|         array|
|dpu_conv_top_ap_int_8_64_64_ap_int_8_64_3_3_ap_int_32_ap_int_8_64_64_ap_uint_8_ap_uint_8_ap_uint_8_ap_uint_8_ap_uint_1_ap_uint_1_perf_counters_t_conv_buf_q0          |   in|    8|   ap_memory|    dpu_conv_top_ap_int_8_64_64_ap_int_8_64_3_3_ap_int_32_ap_int_8_64_64_ap_uint_8_ap_uint_8_ap_uint_8_ap_uint_8_ap_uint_1_ap_uint_1_perf_counters_t_conv_buf|         array|
|dpu_conv_top_ap_int_8_64_64_ap_int_8_64_3_3_ap_int_32_ap_int_8_64_64_ap_uint_8_ap_uint_8_ap_uint_8_ap_uint_8_ap_uint_1_ap_uint_1_perf_counters_t_conv_buf_1_address0  |  out|   17|   ap_memory|  dpu_conv_top_ap_int_8_64_64_ap_int_8_64_3_3_ap_int_32_ap_int_8_64_64_ap_uint_8_ap_uint_8_ap_uint_8_ap_uint_8_ap_uint_1_ap_uint_1_perf_counters_t_conv_buf_1|         array|
|dpu_conv_top_ap_int_8_64_64_ap_int_8_64_3_3_ap_int_32_ap_int_8_64_64_ap_uint_8_ap_uint_8_ap_uint_8_ap_uint_8_ap_uint_1_ap_uint_1_perf_counters_t_conv_buf_1_ce0       |  out|    1|   ap_memory|  dpu_conv_top_ap_int_8_64_64_ap_int_8_64_3_3_ap_int_32_ap_int_8_64_64_ap_uint_8_ap_uint_8_ap_uint_8_ap_uint_8_ap_uint_1_ap_uint_1_perf_counters_t_conv_buf_1|         array|
|dpu_conv_top_ap_int_8_64_64_ap_int_8_64_3_3_ap_int_32_ap_int_8_64_64_ap_uint_8_ap_uint_8_ap_uint_8_ap_uint_8_ap_uint_1_ap_uint_1_perf_counters_t_conv_buf_1_q0        |   in|    8|   ap_memory|  dpu_conv_top_ap_int_8_64_64_ap_int_8_64_3_3_ap_int_32_ap_int_8_64_64_ap_uint_8_ap_uint_8_ap_uint_8_ap_uint_8_ap_uint_1_ap_uint_1_perf_counters_t_conv_buf_1|         array|
+----------------------------------------------------------------------------------------------------------------------------------------------------------------------+-----+-----+------------+-------------------------------------------------------------------------------------------------------------------------------------------------------------+--------------+

============================================================
+ Verbose Summary: Synthesis Manager
============================================================
InlineROM: 1
ExposeGlobal: 0
============================================================
+ Verbose Summary: CDFG Model
============================================================
IsTopModel: 0
ResetActiveHigh: 1
IsCombinational: 2
IsDatapathOnly: 2
HasWiredReturn: 1
HasMFsm: 0
HasVarLatency: 1
IsPipeline: 0
IsRtlPipelined: 0
IsInstanceOverlapped: 0
IsDontTouch: 0
HasImplIP: 0
IsGatedGlobalClock: 0


============================================================
+ Verbose Summary: Schedule
============================================================
* Number of FSM states : 3
* Pipeline : 0
* Dataflow Pipeline: 0

* FSM state transitions: 
1 --> 2 
2 --> 3 
3 --> 

* FSM state operations: 

State 1 <SV = 0> <Delay = 4.17>
ST_1 : Operation 4 [1/1] (0.00ns)   --->   "%in_w_read = read i8 @_ssdm_op_Read.ap_auto.i8, i8 %in_w" [C:/Users/user/Downloads/files/dpu_conv.cpp:112]   --->   Operation 4 'read' 'in_w_read' <Predicate = true> <Delay = 0.00>
ST_1 : Operation 5 [1/1] (0.00ns)   --->   "%in_h_read = read i8 @_ssdm_op_Read.ap_auto.i8, i8 %in_h" [C:/Users/user/Downloads/files/dpu_conv.cpp:112]   --->   Operation 5 'read' 'in_h_read' <Predicate = true> <Delay = 0.00>
ST_1 : Operation 6 [1/1] (0.00ns)   --->   "%cast = zext i8 %in_h_read" [C:/Users/user/Downloads/files/dpu_conv.cpp:112]   --->   Operation 6 'zext' 'cast' <Predicate = true> <Delay = 0.00>
ST_1 : Operation 7 [1/1] (0.00ns)   --->   "%cast4 = zext i8 %in_w_read" [C:/Users/user/Downloads/files/dpu_conv.cpp:112]   --->   Operation 7 'zext' 'cast4' <Predicate = true> <Delay = 0.00>
ST_1 : Operation 8 [1/1] (4.17ns)   --->   "%bound = mul i16 %cast, i16 %cast4" [C:/Users/user/Downloads/files/dpu_conv.cpp:112]   --->   Operation 8 'mul' 'bound' <Predicate = true> <Delay = 4.17> <CoreInst = "Multiplier">   --->   Core 3 'Multiplier' <Latency = 0> <II = 1> <Delay = 4.17> <FuncUnit> <Opcode : 'mul'> <InPorts = 2> <OutPorts = 1>

State 2 <SV = 1> <Delay = 5.58>
ST_2 : Operation 9 [1/1] (0.00ns)   --->   "%out_ch_read = read i8 @_ssdm_op_Read.ap_auto.i8, i8 %out_ch" [C:/Users/user/Downloads/files/dpu_conv.cpp:112]   --->   Operation 9 'read' 'out_ch_read' <Predicate = true> <Delay = 0.00>
ST_2 : Operation 10 [1/1] (0.00ns)   --->   "%ofmap_read = read i64 @_ssdm_op_Read.ap_auto.i64, i64 %ofmap" [C:/Users/user/Downloads/files/dpu_conv.cpp:112]   --->   Operation 10 'read' 'ofmap_read' <Predicate = true> <Delay = 0.00>
ST_2 : Operation 11 [1/1] (0.00ns)   --->   "%cast5 = zext i8 %out_ch_read" [C:/Users/user/Downloads/files/dpu_conv.cpp:112]   --->   Operation 11 'zext' 'cast5' <Predicate = true> <Delay = 0.00>
ST_2 : Operation 12 [1/1] (0.00ns)   --->   "%cast6 = zext i16 %bound" [C:/Users/user/Downloads/files/dpu_conv.cpp:112]   --->   Operation 12 'zext' 'cast6' <Predicate = true> <Delay = 0.00>
ST_2 : Operation 13 [1/1] (5.58ns)   --->   "%bound7 = mul i24 %cast5, i24 %cast6" [C:/Users/user/Downloads/files/dpu_conv.cpp:112]   --->   Operation 13 'mul' 'bound7' <Predicate = true> <Delay = 5.58> <CoreInst = "Multiplier">   --->   Core 3 'Multiplier' <Latency = 0> <II = 1> <Delay = 5.58> <FuncUnit> <Opcode : 'mul'> <InPorts = 2> <OutPorts = 1>
ST_2 : Operation 14 [2/2] (0.00ns)   --->   "%call_ln112 = call void @copy_passthrough_Pipeline_COPY_OC_COPY_H_COPY_W, i24 %bound7, i8 %dpu_conv_top_ap_int_8_64_64_ap_int_8_64_3_3_ap_int_32_ap_int_8_64_64_ap_uint_8_ap_uint_8_ap_uint_8_ap_uint_8_ap_uint_1_ap_uint_1_perf_counters_t_conv_buf, i8 %dpu_conv_top_ap_int_8_64_64_ap_int_8_64_3_3_ap_int_32_ap_int_8_64_64_ap_uint_8_ap_uint_8_ap_uint_8_ap_uint_8_ap_uint_1_ap_uint_1_perf_counters_t_conv_buf_1, i8 %gmem0, i8 %in_w_read, i16 %bound, i64 %ofmap_read, i8 %in_w_read" [C:/Users/user/Downloads/files/dpu_conv.cpp:112]   --->   Operation 14 'call' 'call_ln112' <Predicate = true> <Delay = 0.00> <CoreType = "Generic">   --->   Generic Core

State 3 <SV = 2> <Delay = 0.00>
ST_3 : Operation 15 [1/1] (0.00ns)   --->   "%specinterface_ln0 = specinterface void @_ssdm_op_SpecInterface, i8 %gmem0, void @empty_38, i32 0, i32 0, void @empty_39, i32 0, i32 262144, void @empty_6, void @empty_42, void @empty_39, i32 16, i32 16, i32 16, i32 16, void @empty_39, void @empty_39, i32 4294967295, i32 0, i32 0, i32 1"   --->   Operation 15 'specinterface' 'specinterface_ln0' <Predicate = true> <Delay = 0.00>
ST_3 : Operation 16 [1/2] (0.00ns)   --->   "%call_ln112 = call void @copy_passthrough_Pipeline_COPY_OC_COPY_H_COPY_W, i24 %bound7, i8 %dpu_conv_top_ap_int_8_64_64_ap_int_8_64_3_3_ap_int_32_ap_int_8_64_64_ap_uint_8_ap_uint_8_ap_uint_8_ap_uint_8_ap_uint_1_ap_uint_1_perf_counters_t_conv_buf, i8 %dpu_conv_top_ap_int_8_64_64_ap_int_8_64_3_3_ap_int_32_ap_int_8_64_64_ap_uint_8_ap_uint_8_ap_uint_8_ap_uint_8_ap_uint_1_ap_uint_1_perf_counters_t_conv_buf_1, i8 %gmem0, i8 %in_w_read, i16 %bound, i64 %ofmap_read, i8 %in_w_read" [C:/Users/user/Downloads/files/dpu_conv.cpp:112]   --->   Operation 16 'call' 'call_ln112' <Predicate = true> <Delay = 0.00> <CoreType = "Generic">   --->   Generic Core
ST_3 : Operation 17 [1/1] (0.00ns)   --->   "%ret_ln0 = ret"   --->   Operation 17 'ret' 'ret_ln0' <Predicate = true> <Delay = 0.00>


============================================================
+ Verbose Summary: Binding
============================================================
STG Binding: 
---------------- STG Properties BEGIN ----------------
- Is combinational: 0
- Is one-state seq: 0
- Is datapath-only: 0
- Is pipelined: 0
- Is top level: 0
Port [ Return ] is wired: 1; IO mode=ap_ctrl_hs:ce=0
Port [ gmem0]:  wired=1; compound=1; hidden=0; nouse=0; global=0; static=0; extern=0; dir=1; type=4; pingpong=0; private_global=0; IO mode=m_axi:ce=0
Port [ ofmap]:  wired=1; compound=0; hidden=0; nouse=0; global=0; static=0; extern=0; dir=0; type=0; pingpong=0; private_global=0; IO mode=ap_none:ce=0
Port [ in_h]:  wired=1; compound=0; hidden=0; nouse=0; global=0; static=0; extern=0; dir=0; type=0; pingpong=0; private_global=0; IO mode=ap_none:ce=0
Port [ in_w]:  wired=1; compound=0; hidden=0; nouse=0; global=0; static=0; extern=0; dir=0; type=0; pingpong=0; private_global=0; IO mode=ap_none:ce=0
Port [ out_ch]:  wired=1; compound=0; hidden=0; nouse=0; global=0; static=0; extern=0; dir=0; type=0; pingpong=0; private_global=0; IO mode=ap_none:ce=0
Port [ dpu_conv_top_ap_int_8_64_64_ap_int_8_64_3_3_ap_int_32_ap_int_8_64_64_ap_uint_8_ap_uint_8_ap_uint_8_ap_uint_8_ap_uint_1_ap_uint_1_perf_counters_t_conv_buf]:  wired=1; compound=1; hidden=0; nouse=0; global=0; static=0; extern=0; dir=0; type=1; pingpong=1; private_global=0; MemPort=[13]; IO mode=ap_memory:ce=0
Port [ dpu_conv_top_ap_int_8_64_64_ap_int_8_64_3_3_ap_int_32_ap_int_8_64_64_ap_uint_8_ap_uint_8_ap_uint_8_ap_uint_8_ap_uint_1_ap_uint_1_perf_counters_t_conv_buf_1]:  wired=1; compound=1; hidden=0; nouse=0; global=0; static=0; extern=0; dir=0; type=1; pingpong=1; private_global=0; MemPort=[13]; IO mode=ap_memory:ce=0
---------------- STG Properties END ------------------

---------------- Datapath Model BEGIN ----------------

<LifeTime>
<method=bitvector/>
in_w_read         (read         ) [ 0011]
in_h_read         (read         ) [ 0000]
cast              (zext         ) [ 0000]
cast4             (zext         ) [ 0000]
bound             (mul          ) [ 0011]
out_ch_read       (read         ) [ 0000]
ofmap_read        (read         ) [ 0001]
cast5             (zext         ) [ 0000]
cast6             (zext         ) [ 0000]
bound7            (mul          ) [ 0001]
specinterface_ln0 (specinterface) [ 0000]
call_ln112        (call         ) [ 0000]
ret_ln0           (ret          ) [ 0000]
</LifeTime>

<model>

<comp_list>
<comp id="0" class="1000" name="gmem0">
<pin_list>
<pin id="1" dir="1" index="0" bw="1" slack="0"/>
</pin_list>
<bind>
<StgValue><ssdm name="gmem0"/><MemPortTyVec>1 </MemPortTyVec>
</StgValue>
</bind>
</comp>

<comp id="2" class="1000" name="ofmap">
<pin_list>
<pin id="3" dir="1" index="0" bw="1" slack="0"/>
</pin_list>
<bind>
<StgValue><ssdm name="ofmap"/></StgValue>
</bind>
</comp>

<comp id="4" class="1000" name="in_h">
<pin_list>
<pin id="5" dir="1" index="0" bw="1" slack="0"/>
</pin_list>
<bind>
<StgValue><ssdm name="in_h"/></StgValue>
</bind>
</comp>

<comp id="6" class="1000" name="in_w">
<pin_list>
<pin id="7" dir="1" index="0" bw="1" slack="0"/>
</pin_list>
<bind>
<StgValue><ssdm name="in_w"/></StgValue>
</bind>
</comp>

<comp id="8" class="1000" name="out_ch">
<pin_list>
<pin id="9" dir="1" index="0" bw="1" slack="0"/>
</pin_list>
<bind>
<StgValue><ssdm name="out_ch"/></StgValue>
</bind>
</comp>

<comp id="10" class="1000" name="dpu_conv_top_ap_int_8_64_64_ap_int_8_64_3_3_ap_int_32_ap_int_8_64_64_ap_uint_8_ap_uint_8_ap_uint_8_ap_uint_8_ap_uint_1_ap_uint_1_perf_counters_t_conv_buf">
<pin_list>
<pin id="11" dir="1" index="0" bw="1" slack="0"/>
</pin_list>
<bind>
<StgValue><ssdm name="dpu_conv_top_ap_int_8_64_64_ap_int_8_64_3_3_ap_int_32_ap_int_8_64_64_ap_uint_8_ap_uint_8_ap_uint_8_ap_uint_8_ap_uint_1_ap_uint_1_perf_counters_t_conv_buf"/><MemPortTyVec>1 3 </MemPortTyVec>
</StgValue>
</bind>
</comp>

<comp id="12" class="1000" name="dpu_conv_top_ap_int_8_64_64_ap_int_8_64_3_3_ap_int_32_ap_int_8_64_64_ap_uint_8_ap_uint_8_ap_uint_8_ap_uint_8_ap_uint_1_ap_uint_1_perf_counters_t_conv_buf_1">
<pin_list>
<pin id="13" dir="1" index="0" bw="1" slack="0"/>
</pin_list>
<bind>
<StgValue><ssdm name="dpu_conv_top_ap_int_8_64_64_ap_int_8_64_3_3_ap_int_32_ap_int_8_64_64_ap_uint_8_ap_uint_8_ap_uint_8_ap_uint_8_ap_uint_1_ap_uint_1_perf_counters_t_conv_buf_1"/><MemPortTyVec>1 3 </MemPortTyVec>
</StgValue>
</bind>
</comp>

<comp id="14" class="1001" name="const_14">
<pin_list>
<pin id="15" dir="1" index="0" bw="1" slack="0"/>
</pin_list>
<bind>
<StgValue><ssdm name="_ssdm_op_Read.ap_auto.i8"/></StgValue>
</bind>
</comp>

<comp id="16" class="1001" name="const_16">
<pin_list>
<pin id="17" dir="1" index="0" bw="1" slack="0"/>
</pin_list>
<bind>
<StgValue><ssdm name="_ssdm_op_Read.ap_auto.i64"/></StgValue>
</bind>
</comp>

<comp id="18" class="1001" name="const_18">
<pin_list>
<pin id="19" dir="1" index="0" bw="1" slack="0"/>
</pin_list>
<bind>
<StgValue><ssdm name="copy_passthrough_Pipeline_COPY_OC_COPY_H_COPY_W"/></StgValue>
</bind>
</comp>

<comp id="20" class="1001" name="const_20">
<pin_list>
<pin id="21" dir="1" index="0" bw="1" slack="2147483647"/>
</pin_list>
<bind>
<StgValue><ssdm name="_ssdm_op_SpecInterface"/></StgValue>
</bind>
</comp>

<comp id="22" class="1001" name="const_22">
<pin_list>
<pin id="23" dir="1" index="0" bw="1" slack="2147483647"/>
</pin_list>
<bind>
<StgValue><ssdm name="empty_38"/></StgValue>
</bind>
</comp>

<comp id="24" class="1001" name="const_24">
<pin_list>
<pin id="25" dir="1" index="0" bw="1" slack="2147483647"/>
</pin_list>
<bind>
<StgValue><ssdm name=""/></StgValue>
</bind>
</comp>

<comp id="26" class="1001" name="const_26">
<pin_list>
<pin id="27" dir="1" index="0" bw="1" slack="2147483647"/>
</pin_list>
<bind>
<StgValue><ssdm name="empty_39"/></StgValue>
</bind>
</comp>

<comp id="28" class="1001" name="const_28">
<pin_list>
<pin id="29" dir="1" index="0" bw="1" slack="2147483647"/>
</pin_list>
<bind>
<StgValue><ssdm name=""/></StgValue>
</bind>
</comp>

<comp id="30" class="1001" name="const_30">
<pin_list>
<pin id="31" dir="1" index="0" bw="1" slack="2147483647"/>
</pin_list>
<bind>
<StgValue><ssdm name="empty_6"/></StgValue>
</bind>
</comp>

<comp id="32" class="1001" name="const_32">
<pin_list>
<pin id="33" dir="1" index="0" bw="1" slack="2147483647"/>
</pin_list>
<bind>
<StgValue><ssdm name="empty_42"/></StgValue>
</bind>
</comp>

<comp id="34" class="1001" name="const_34">
<pin_list>
<pin id="35" dir="1" index="0" bw="1" slack="2147483647"/>
</pin_list>
<bind>
<StgValue><ssdm name=""/></StgValue>
</bind>
</comp>

<comp id="36" class="1001" name="const_36">
<pin_list>
<pin id="37" dir="1" index="0" bw="1" slack="2147483647"/>
</pin_list>
<bind>
<StgValue><ssdm name=""/></StgValue>
</bind>
</comp>

<comp id="38" class="1001" name="const_38">
<pin_list>
<pin id="39" dir="1" index="0" bw="1" slack="2147483647"/>
</pin_list>
<bind>
<StgValue><ssdm name=""/></StgValue>
</bind>
</comp>

<comp id="40" class="1004" name="in_w_read_read_fu_40">
<pin_list>
<pin id="41" dir="0" index="0" bw="8" slack="0"/>
<pin id="42" dir="0" index="1" bw="8" slack="0"/>
<pin id="43" dir="1" index="2" bw="8" slack="0"/>
</pin_list>
<bind>
<opcode="read(1150) " fcode="read"/>
<opset="in_w_read/1 "/>
</bind>
</comp>

<comp id="46" class="1004" name="in_h_read_read_fu_46">
<pin_list>
<pin id="47" dir="0" index="0" bw="8" slack="0"/>
<pin id="48" dir="0" index="1" bw="8" slack="0"/>
<pin id="49" dir="1" index="2" bw="8" slack="0"/>
</pin_list>
<bind>
<opcode="read(1150) " fcode="read"/>
<opset="in_h_read/1 "/>
</bind>
</comp>

<comp id="52" class="1004" name="out_ch_read_read_fu_52">
<pin_list>
<pin id="53" dir="0" index="0" bw="8" slack="0"/>
<pin id="54" dir="0" index="1" bw="8" slack="0"/>
<pin id="55" dir="1" index="2" bw="8" slack="0"/>
</pin_list>
<bind>
<opcode="read(1150) " fcode="read"/>
<opset="out_ch_read/2 "/>
</bind>
</comp>

<comp id="58" class="1004" name="ofmap_read_read_fu_58">
<pin_list>
<pin id="59" dir="0" index="0" bw="64" slack="0"/>
<pin id="60" dir="0" index="1" bw="64" slack="0"/>
<pin id="61" dir="1" index="2" bw="64" slack="0"/>
</pin_list>
<bind>
<opcode="read(1150) " fcode="read"/>
<opset="ofmap_read/2 "/>
</bind>
</comp>

<comp id="64" class="1004" name="grp_copy_passthrough_Pipeline_COPY_OC_COPY_H_COPY_W_fu_64">
<pin_list>
<pin id="65" dir="0" index="0" bw="0" slack="0"/>
<pin id="66" dir="0" index="1" bw="24" slack="0"/>
<pin id="67" dir="0" index="2" bw="8" slack="0"/>
<pin id="68" dir="0" index="3" bw="8" slack="0"/>
<pin id="69" dir="0" index="4" bw="8" slack="0"/>
<pin id="70" dir="0" index="5" bw="8" slack="1"/>
<pin id="71" dir="0" index="6" bw="16" slack="1"/>
<pin id="72" dir="0" index="7" bw="64" slack="0"/>
<pin id="73" dir="0" index="8" bw="8" slack="1"/>
<pin id="74" dir="1" index="9" bw="0" slack="2147483647"/>
</pin_list>
<bind>
<opcode="call(48) " fcode="call"/>
<opset="call_ln112/2 "/>
</bind>
</comp>

<comp id="80" class="1004" name="cast_fu_80">
<pin_list>
<pin id="81" dir="0" index="0" bw="8" slack="0"/>
<pin id="82" dir="1" index="1" bw="16" slack="0"/>
</pin_list>
<bind>
<opcode="zext(34) " fcode="zext"/>
<opset="cast/1 "/>
</bind>
</comp>

<comp id="84" class="1004" name="cast4_fu_84">
<pin_list>
<pin id="85" dir="0" index="0" bw="8" slack="0"/>
<pin id="86" dir="1" index="1" bw="16" slack="0"/>
</pin_list>
<bind>
<opcode="zext(34) " fcode="zext"/>
<opset="cast4/1 "/>
</bind>
</comp>

<comp id="88" class="1004" name="bound_fu_88">
<pin_list>
<pin id="89" dir="0" index="0" bw="8" slack="0"/>
<pin id="90" dir="0" index="1" bw="8" slack="0"/>
<pin id="91" dir="1" index="2" bw="16" slack="1"/>
</pin_list>
<bind>
<opcode="mul(12) " fcode="mul"/>
<opset="bound/1 "/>
</bind>
</comp>

<comp id="94" class="1004" name="cast5_fu_94">
<pin_list>
<pin id="95" dir="0" index="0" bw="8" slack="0"/>
<pin id="96" dir="1" index="1" bw="24" slack="0"/>
</pin_list>
<bind>
<opcode="zext(34) " fcode="zext"/>
<opset="cast5/2 "/>
</bind>
</comp>

<comp id="98" class="1004" name="cast6_fu_98">
<pin_list>
<pin id="99" dir="0" index="0" bw="16" slack="1"/>
<pin id="100" dir="1" index="1" bw="24" slack="0"/>
</pin_list>
<bind>
<opcode="zext(34) " fcode="zext"/>
<opset="cast6/2 "/>
</bind>
</comp>

<comp id="101" class="1004" name="bound7_fu_101">
<pin_list>
<pin id="102" dir="0" index="0" bw="8" slack="0"/>
<pin id="103" dir="0" index="1" bw="16" slack="0"/>
<pin id="104" dir="1" index="2" bw="24" slack="0"/>
</pin_list>
<bind>
<opcode="mul(12) " fcode="mul"/>
<opset="bound7/2 "/>
</bind>
</comp>

<comp id="108" class="1005" name="in_w_read_reg_108">
<pin_list>
<pin id="109" dir="0" index="0" bw="8" slack="1"/>
<pin id="110" dir="1" index="1" bw="8" slack="1"/>
</pin_list>
<bind>
<opset="in_w_read "/>
</bind>
</comp>

<comp id="114" class="1005" name="bound_reg_114">
<pin_list>
<pin id="115" dir="0" index="0" bw="16" slack="1"/>
<pin id="116" dir="1" index="1" bw="16" slack="1"/>
</pin_list>
<bind>
<opset="bound "/>
</bind>
</comp>

<comp id="120" class="1005" name="ofmap_read_reg_120">
<pin_list>
<pin id="121" dir="0" index="0" bw="64" slack="1"/>
<pin id="122" dir="1" index="1" bw="64" slack="1"/>
</pin_list>
<bind>
<opset="ofmap_read "/>
</bind>
</comp>

<comp id="125" class="1005" name="bound7_reg_125">
<pin_list>
<pin id="126" dir="0" index="0" bw="24" slack="1"/>
<pin id="127" dir="1" index="1" bw="24" slack="1"/>
</pin_list>
<bind>
<opset="bound7 "/>
</bind>
</comp>

</comp_list>

<net_list>
<net id="44"><net_src comp="14" pin="0"/><net_sink comp="40" pin=0"/></net>

<net id="45"><net_src comp="6" pin="0"/><net_sink comp="40" pin=1"/></net>

<net id="50"><net_src comp="14" pin="0"/><net_sink comp="46" pin=0"/></net>

<net id="51"><net_src comp="4" pin="0"/><net_sink comp="46" pin=1"/></net>

<net id="56"><net_src comp="14" pin="0"/><net_sink comp="52" pin=0"/></net>

<net id="57"><net_src comp="8" pin="0"/><net_sink comp="52" pin=1"/></net>

<net id="62"><net_src comp="16" pin="0"/><net_sink comp="58" pin=0"/></net>

<net id="63"><net_src comp="2" pin="0"/><net_sink comp="58" pin=1"/></net>

<net id="75"><net_src comp="18" pin="0"/><net_sink comp="64" pin=0"/></net>

<net id="76"><net_src comp="10" pin="0"/><net_sink comp="64" pin=2"/></net>

<net id="77"><net_src comp="12" pin="0"/><net_sink comp="64" pin=3"/></net>

<net id="78"><net_src comp="0" pin="0"/><net_sink comp="64" pin=4"/></net>

<net id="79"><net_src comp="58" pin="2"/><net_sink comp="64" pin=7"/></net>

<net id="83"><net_src comp="46" pin="2"/><net_sink comp="80" pin=0"/></net>

<net id="87"><net_src comp="40" pin="2"/><net_sink comp="84" pin=0"/></net>

<net id="92"><net_src comp="80" pin="1"/><net_sink comp="88" pin=0"/></net>

<net id="93"><net_src comp="84" pin="1"/><net_sink comp="88" pin=1"/></net>

<net id="97"><net_src comp="52" pin="2"/><net_sink comp="94" pin=0"/></net>

<net id="105"><net_src comp="94" pin="1"/><net_sink comp="101" pin=0"/></net>

<net id="106"><net_src comp="98" pin="1"/><net_sink comp="101" pin=1"/></net>

<net id="107"><net_src comp="101" pin="2"/><net_sink comp="64" pin=1"/></net>

<net id="111"><net_src comp="40" pin="2"/><net_sink comp="108" pin=0"/></net>

<net id="112"><net_src comp="108" pin="1"/><net_sink comp="64" pin=5"/></net>

<net id="113"><net_src comp="108" pin="1"/><net_sink comp="64" pin=8"/></net>

<net id="117"><net_src comp="88" pin="2"/><net_sink comp="114" pin=0"/></net>

<net id="118"><net_src comp="114" pin="1"/><net_sink comp="98" pin=0"/></net>

<net id="119"><net_src comp="114" pin="1"/><net_sink comp="64" pin=6"/></net>

<net id="123"><net_src comp="58" pin="2"/><net_sink comp="120" pin=0"/></net>

<net id="124"><net_src comp="120" pin="1"/><net_sink comp="64" pin=7"/></net>

<net id="128"><net_src comp="101" pin="2"/><net_sink comp="125" pin=0"/></net>

<net id="129"><net_src comp="125" pin="1"/><net_sink comp="64" pin=1"/></net>

</net_list>

</model> 
---------------- Datapath Model END ------------------

* FSMD analyzer results:
  - Output states:
	Port: gmem0 | {2 3 }
	Port: dpu_conv_top_ap_int_8_64_64_ap_int_8_64_3_3_ap_int_32_ap_int_8_64_64_ap_uint_8_ap_uint_8_ap_uint_8_ap_uint_8_ap_uint_1_ap_uint_1_perf_counters_t_conv_buf | {}
	Port: dpu_conv_top_ap_int_8_64_64_ap_int_8_64_3_3_ap_int_32_ap_int_8_64_64_ap_uint_8_ap_uint_8_ap_uint_8_ap_uint_8_ap_uint_1_ap_uint_1_perf_counters_t_conv_buf_1 | {}
 - Input state : 
	Port: copy_passthrough : gmem0 | {}
	Port: copy_passthrough : ofmap | {2 }
	Port: copy_passthrough : in_h | {1 }
	Port: copy_passthrough : in_w | {1 }
	Port: copy_passthrough : out_ch | {2 }
	Port: copy_passthrough : dpu_conv_top_ap_int_8_64_64_ap_int_8_64_3_3_ap_int_32_ap_int_8_64_64_ap_uint_8_ap_uint_8_ap_uint_8_ap_uint_8_ap_uint_1_ap_uint_1_perf_counters_t_conv_buf | {2 3 }
	Port: copy_passthrough : dpu_conv_top_ap_int_8_64_64_ap_int_8_64_3_3_ap_int_32_ap_int_8_64_64_ap_uint_8_ap_uint_8_ap_uint_8_ap_uint_8_ap_uint_1_ap_uint_1_perf_counters_t_conv_buf_1 | {2 3 }
  - Chain level:
	State 1
		bound : 1
	State 2
		bound7 : 1
		call_ln112 : 2
	State 3


============================================================
+ Verbose Summary: Datapath Resource usage 
============================================================

* Functional unit list:
|----------|-----------------------------------------------------------|---------|---------|---------|---------|
| Operation|                      Functional Unit                      |   DSP   |  Delay  |    FF   |   LUT   |
|----------|-----------------------------------------------------------|---------|---------|---------|---------|
|   call   | grp_copy_passthrough_Pipeline_COPY_OC_COPY_H_COPY_W_fu_64 |    0    |  3.176  |   356   |   514   |
|----------|-----------------------------------------------------------|---------|---------|---------|---------|
|    mul   |                        bound_fu_88                        |    0    |    0    |    0    |    41   |
|          |                       bound7_fu_101                       |    1    |    0    |    0    |    6    |
|----------|-----------------------------------------------------------|---------|---------|---------|---------|
|          |                    in_w_read_read_fu_40                   |    0    |    0    |    0    |    0    |
|   read   |                    in_h_read_read_fu_46                   |    0    |    0    |    0    |    0    |
|          |                   out_ch_read_read_fu_52                  |    0    |    0    |    0    |    0    |
|          |                   ofmap_read_read_fu_58                   |    0    |    0    |    0    |    0    |
|----------|-----------------------------------------------------------|---------|---------|---------|---------|
|          |                         cast_fu_80                        |    0    |    0    |    0    |    0    |
|   zext   |                        cast4_fu_84                        |    0    |    0    |    0    |    0    |
|          |                        cast5_fu_94                        |    0    |    0    |    0    |    0    |
|          |                        cast6_fu_98                        |    0    |    0    |    0    |    0    |
|----------|-----------------------------------------------------------|---------|---------|---------|---------|
|   Total  |                                                           |    1    |  3.176  |   356   |   561   |
|----------|-----------------------------------------------------------|---------|---------|---------|---------|

Memories:
N/A

* Register list:
+------------------+--------+
|                  |   FF   |
+------------------+--------+
|  bound7_reg_125  |   24   |
|   bound_reg_114  |   16   |
| in_w_read_reg_108|    8   |
|ofmap_read_reg_120|   64   |
+------------------+--------+
|       Total      |   112  |
+------------------+--------+

* Multiplexer (MUX) list: 
|-----------------------------------------------------------|------|------|------|--------||---------||---------||---------|
|                            Comp                           |  Pin | Size |  BW  | S x BW ||  Delay  ||    FF   ||   LUT   |
|-----------------------------------------------------------|------|------|------|--------||---------||---------||---------|
| grp_copy_passthrough_Pipeline_COPY_OC_COPY_H_COPY_W_fu_64 |  p1  |   2  |  24  |   48   ||    0    ||    9    |
| grp_copy_passthrough_Pipeline_COPY_OC_COPY_H_COPY_W_fu_64 |  p7  |   2  |  64  |   128  ||    0    ||    9    |
|-----------------------------------------------------------|------|------|------|--------||---------||---------||---------|
|                           Total                           |      |      |      |   176  ||  3.176  ||    0    ||    18   |
|-----------------------------------------------------------|------|------|------|--------||---------||---------||---------|



* Summary:
+-----------+--------+--------+--------+--------+
|           |   DSP  |  Delay |   FF   |   LUT  |
+-----------+--------+--------+--------+--------+
|  Function |    1   |    3   |   356  |   561  |
|   Memory  |    -   |    -   |    -   |    -   |
|Multiplexer|    -   |    3   |    0   |   18   |
|  Register |    -   |    -   |   112  |    -   |
+-----------+--------+--------+--------+--------+
|   Total   |    1   |    6   |   468  |   579  |
+-----------+--------+--------+--------+--------+
