

================================================================
== Vitis HLS Report for 'copy_passthrough_Pipeline_COPY_OC_COPY_H_COPY_W'
================================================================
* Date:           Mon Sep  7 20:12:57 2026

* Version:        2025.2 (Build 6295257 on Nov 14 2025)
* Project:        dpu_conv_top
* Solution:       hls (Vivado IP Flow Target)
* Product family: zynq
* Target device:  xc7z020-clg400-1


================================================================
== Performance Estimates
================================================================
+ Timing: 
    * Summary: 
    +--------+----------+----------+------------+
    |  Clock |  Target  | Estimated| Uncertainty|
    +--------+----------+----------+------------+
    |ap_clk  |  11.00 ns|  8.030 ns|     2.97 ns|
    +--------+----------+----------+------------+

+ Latency: 
    * Summary: 
    +---------+----------+-----------+-----------+-----+-----+-------------------+
    |  Latency (cycles)  |   Latency (absolute)  |  Interval |      Pipeline     |
    |   min   |    max   |    min    |    max    | min | max |        Type       |
    +---------+----------+-----------+-----------+-----+-----+-------------------+
    |        4|  16581385|  44.000 ns|  0.182 sec|    0|    0|  loop pipeline stp|
    +---------+----------+-----------+-----------+-----+-----+-------------------+

    + Detail: 
        * Instance: 
        N/A

        * Loop: 
        +-------------------------+---------+----------+----------+-----------+-----------+--------------+----------+
        |                         |  Latency (cycles)  | Iteration|  Initiation Interval  |     Trip     |          |
        |        Loop Name        |   min   |    max   |  Latency |  achieved |   target  |     Count    | Pipelined|
        +-------------------------+---------+----------+----------+-----------+-----------+--------------+----------+
        |- COPY_OC_COPY_H_COPY_W  |        2|  16581383|        10|          1|          1|  0 ~ 16581375|       yes|
        +-------------------------+---------+----------+----------+-----------+-----------+--------------+----------+

============================================================
+ Verbose Summary: Synthesis Manager
============================================================
InlineROM: 1
ExposeGlobal: 0
============================================================
+ Verbose Summary: CDFG Model
============================================================
IsTopModel: 0
ResetActiveHigh: 1
IsCombinational: 0
IsDatapathOnly: 0
HasWiredReturn: 1
HasMFsm: 2
HasVarLatency: 1
IsPipeline: 0
IsRtlPipelined: 0
IsInstanceOverlapped: 0
IsDontTouch: 0
HasImplIP: 0
IsGatedGlobalClock: 0

+ Individual pipeline summary: 
  * Pipeline-0: initiation interval (II) = 1, depth = 11


============================================================
+ Verbose Summary: Schedule
============================================================
* Number of FSM states : 11
* Pipeline : 1
  Pipeline-0 : II = 1, D = 11, States = { 1 2 3 4 5 6 7 8 9 10 11 }
* Dataflow Pipeline: 0

* FSM state transitions: 
1 --> 2 
2 --> 3 
3 --> 4 
4 --> 5 
5 --> 6 
6 --> 7 
7 --> 8 
8 --> 9 
9 --> 10 
10 --> 11 
11 --> 

* FSM state operations: 

State 1 <SV = 0> <Delay = 1.58>
ST_1 : Operation 13 [1/1] (0.00ns)   --->   "%ow = alloca i32 1" [C:/Users/user/Downloads/files/dpu_conv.cpp:119]   --->   Operation 13 'alloca' 'ow' <Predicate = true> <Delay = 0.00>
ST_1 : Operation 14 [1/1] (0.00ns)   --->   "%oh = alloca i32 1" [C:/Users/user/Downloads/files/dpu_conv.cpp:117]   --->   Operation 14 'alloca' 'oh' <Predicate = true> <Delay = 0.00>
ST_1 : Operation 15 [1/1] (0.00ns)   --->   "%indvar_flatten = alloca i32 1"   --->   Operation 15 'alloca' 'indvar_flatten' <Predicate = true> <Delay = 0.00>
ST_1 : Operation 16 [1/1] (0.00ns)   --->   "%oc = alloca i32 1" [C:/Users/user/Downloads/files/dpu_conv.cpp:115]   --->   Operation 16 'alloca' 'oc' <Predicate = true> <Delay = 0.00>
ST_1 : Operation 17 [1/1] (0.00ns)   --->   "%indvar_flatten27 = alloca i32 1"   --->   Operation 17 'alloca' 'indvar_flatten27' <Predicate = true> <Delay = 0.00>
ST_1 : Operation 18 [1/1] (0.00ns)   --->   "%zext_ln119_read = read i8 @_ssdm_op_Read.ap_auto.i8, i8 %zext_ln119"   --->   Operation 18 'read' 'zext_ln119_read' <Predicate = true> <Delay = 0.00>
ST_1 : Operation 19 [1/1] (0.00ns)   --->   "%ofmap_read = read i64 @_ssdm_op_Read.ap_auto.i64, i64 %ofmap"   --->   Operation 19 'read' 'ofmap_read' <Predicate = true> <Delay = 0.00>
ST_1 : Operation 20 [1/1] (0.00ns)   --->   "%bound_read = read i16 @_ssdm_op_Read.ap_auto.i16, i16 %bound"   --->   Operation 20 'read' 'bound_read' <Predicate = true> <Delay = 0.00>
ST_1 : Operation 21 [1/1] (0.00ns)   --->   "%in_w_read = read i8 @_ssdm_op_Read.ap_auto.i8, i8 %in_w"   --->   Operation 21 'read' 'in_w_read' <Predicate = true> <Delay = 0.00>
ST_1 : Operation 22 [1/1] (0.00ns)   --->   "%bound7_read = read i24 @_ssdm_op_Read.ap_auto.i24, i24 %bound7"   --->   Operation 22 'read' 'bound7_read' <Predicate = true> <Delay = 0.00>
ST_1 : Operation 23 [1/1] (0.00ns)   --->   "%zext_ln119_cast = zext i8 %zext_ln119_read"   --->   Operation 23 'zext' 'zext_ln119_cast' <Predicate = true> <Delay = 0.00>
ST_1 : Operation 24 [1/1] (0.00ns)   --->   "%specinterface_ln0 = specinterface void @_ssdm_op_SpecInterface, i8 %gmem0, void @empty_38, i32 0, i32 0, void @empty_39, i32 0, i32 262144, void @empty_6, void @empty_42, void @empty_39, i32 16, i32 16, i32 16, i32 16, void @empty_39, void @empty_39, i32 4294967295, i32 0, i32 0, i32 1"   --->   Operation 24 'specinterface' 'specinterface_ln0' <Predicate = true> <Delay = 0.00>
ST_1 : Operation 25 [1/1] (1.58ns)   --->   "%store_ln0 = store i24 0, i24 %indvar_flatten27"   --->   Operation 25 'store' 'store_ln0' <Predicate = true> <Delay = 1.58>
ST_1 : Operation 26 [1/1] (1.58ns)   --->   "%store_ln115 = store i8 0, i8 %oc" [C:/Users/user/Downloads/files/dpu_conv.cpp:115]   --->   Operation 26 'store' 'store_ln115' <Predicate = true> <Delay = 1.58>
ST_1 : Operation 27 [1/1] (1.58ns)   --->   "%store_ln0 = store i16 0, i16 %indvar_flatten"   --->   Operation 27 'store' 'store_ln0' <Predicate = true> <Delay = 1.58>
ST_1 : Operation 28 [1/1] (1.58ns)   --->   "%store_ln117 = store i8 0, i8 %oh" [C:/Users/user/Downloads/files/dpu_conv.cpp:117]   --->   Operation 28 'store' 'store_ln117' <Predicate = true> <Delay = 1.58>
ST_1 : Operation 29 [1/1] (1.58ns)   --->   "%store_ln119 = store i8 0, i8 %ow" [C:/Users/user/Downloads/files/dpu_conv.cpp:119]   --->   Operation 29 'store' 'store_ln119' <Predicate = true> <Delay = 1.58>
ST_1 : Operation 30 [1/1] (0.00ns)   --->   "%br_ln0 = br void %for.inc.i"   --->   Operation 30 'br' 'br_ln0' <Predicate = true> <Delay = 0.00>

State 2 <SV = 1> <Delay = 4.47>
ST_2 : Operation 31 [1/1] (0.00ns)   --->   "%indvar_flatten_load = load i16 %indvar_flatten" [C:/Users/user/Downloads/files/dpu_conv.cpp:117]   --->   Operation 31 'load' 'indvar_flatten_load' <Predicate = true> <Delay = 0.00>
ST_2 : Operation 32 [1/1] (0.00ns)   --->   "%indvar_flatten27_load = load i24 %indvar_flatten27" [C:/Users/user/Downloads/files/dpu_conv.cpp:115]   --->   Operation 32 'load' 'indvar_flatten27_load' <Predicate = true> <Delay = 0.00>
ST_2 : Operation 33 [1/1] (2.31ns)   --->   "%icmp_ln115 = icmp_eq  i24 %indvar_flatten27_load, i24 %bound7_read" [C:/Users/user/Downloads/files/dpu_conv.cpp:115]   --->   Operation 33 'icmp' 'icmp_ln115' <Predicate = true> <Delay = 2.31> <CoreInst = "Cmp">   --->   Core 9 'Cmp' <Latency = 0> <II = 1> <Delay = 2.31> <FuncUnit> <Opcode : 'seteq' 'setne' 'setle' 'setge' 'setlt' 'setgt'> <InPorts = 2> <OutPorts = 1>
ST_2 : Operation 34 [1/1] (2.31ns)   --->   "%add_ln115_1 = add i24 %indvar_flatten27_load, i24 1" [C:/Users/user/Downloads/files/dpu_conv.cpp:115]   --->   Operation 34 'add' 'add_ln115_1' <Predicate = true> <Delay = 2.31> <CoreInst = "Adder">   --->   Core 1 'Adder' <Latency = 0> <II = 1> <Delay = 2.31> <FuncUnit> <Opcode : 'add' 'sub'> <InPorts = 2> <OutPorts = 1>
ST_2 : Operation 35 [1/1] (0.00ns)   --->   "%br_ln115 = br i1 %icmp_ln115, void %for.inc22.i, void %copy_passthrough.exit.exitStub" [C:/Users/user/Downloads/files/dpu_conv.cpp:115]   --->   Operation 35 'br' 'br_ln115' <Predicate = true> <Delay = 0.00>
ST_2 : Operation 36 [1/1] (2.07ns)   --->   "%icmp_ln117 = icmp_eq  i16 %indvar_flatten_load, i16 %bound_read" [C:/Users/user/Downloads/files/dpu_conv.cpp:117]   --->   Operation 36 'icmp' 'icmp_ln117' <Predicate = (!icmp_ln115)> <Delay = 2.07> <CoreInst = "Cmp">   --->   Core 9 'Cmp' <Latency = 0> <II = 1> <Delay = 2.07> <FuncUnit> <Opcode : 'seteq' 'setne' 'setle' 'setge' 'setlt' 'setgt'> <InPorts = 2> <OutPorts = 1>
ST_2 : Operation 37 [1/1] (2.07ns)   --->   "%add_ln117_1 = add i16 %indvar_flatten_load, i16 1" [C:/Users/user/Downloads/files/dpu_conv.cpp:117]   --->   Operation 37 'add' 'add_ln117_1' <Predicate = (!icmp_ln115)> <Delay = 2.07> <CoreInst = "Adder">   --->   Core 1 'Adder' <Latency = 0> <II = 1> <Delay = 2.07> <FuncUnit> <Opcode : 'add' 'sub'> <InPorts = 2> <OutPorts = 1>
ST_2 : Operation 38 [1/1] (0.80ns)   --->   "%select_ln117_1 = select i1 %icmp_ln117, i16 1, i16 %add_ln117_1" [C:/Users/user/Downloads/files/dpu_conv.cpp:117]   --->   Operation 38 'select' 'select_ln117_1' <Predicate = (!icmp_ln115)> <Delay = 0.80> <CoreInst = "Sel">   --->   Core 73 'Sel' <Latency = 0> <II = 1> <Delay = 0.80> <FuncUnit> <Opcode : 'select'> <InPorts = 3> <OutPorts = 1>
ST_2 : Operation 39 [1/1] (1.58ns)   --->   "%store_ln115 = store i24 %add_ln115_1, i24 %indvar_flatten27" [C:/Users/user/Downloads/files/dpu_conv.cpp:115]   --->   Operation 39 'store' 'store_ln115' <Predicate = (!icmp_ln115)> <Delay = 1.58>
ST_2 : Operation 40 [1/1] (1.58ns)   --->   "%store_ln117 = store i16 %select_ln117_1, i16 %indvar_flatten" [C:/Users/user/Downloads/files/dpu_conv.cpp:117]   --->   Operation 40 'store' 'store_ln117' <Predicate = (!icmp_ln115)> <Delay = 1.58>

State 3 <SV = 2> <Delay = 7.98>
ST_3 : Operation 41 [1/1] (0.00ns)   --->   "%oh_2 = load i8 %oh" [C:/Users/user/Downloads/files/dpu_conv.cpp:119]   --->   Operation 41 'load' 'oh_2' <Predicate = true> <Delay = 0.00>
ST_3 : Operation 42 [1/1] (0.00ns)   --->   "%oc_2 = load i8 %oc" [C:/Users/user/Downloads/files/dpu_conv.cpp:115]   --->   Operation 42 'load' 'oc_2' <Predicate = true> <Delay = 0.00>
ST_3 : Operation 43 [1/1] (0.00ns)   --->   "%ow_load = load i8 %ow" [C:/Users/user/Downloads/files/dpu_conv.cpp:119]   --->   Operation 43 'load' 'ow_load' <Predicate = (!icmp_ln115)> <Delay = 0.00>
ST_3 : Operation 44 [1/1] (1.91ns)   --->   "%add_ln115 = add i8 %oc_2, i8 1" [C:/Users/user/Downloads/files/dpu_conv.cpp:115]   --->   Operation 44 'add' 'add_ln115' <Predicate = (!icmp_ln115)> <Delay = 1.91> <CoreInst = "Adder">   --->   Core 1 'Adder' <Latency = 0> <II = 1> <Delay = 1.91> <FuncUnit> <Opcode : 'add' 'sub'> <InPorts = 2> <OutPorts = 1>
ST_3 : Operation 45 [1/1] (1.24ns)   --->   "%select_ln115 = select i1 %icmp_ln117, i8 0, i8 %oh_2" [C:/Users/user/Downloads/files/dpu_conv.cpp:115]   --->   Operation 45 'select' 'select_ln115' <Predicate = (!icmp_ln115)> <Delay = 1.24> <CoreInst = "Sel">   --->   Core 73 'Sel' <Latency = 0> <II = 1> <Delay = 1.24> <FuncUnit> <Opcode : 'select'> <InPorts = 3> <OutPorts = 1>
ST_3 : Operation 46 [1/1] (1.91ns)   --->   "%icmp_ln119 = icmp_eq  i8 %in_w_read, i8 0" [C:/Users/user/Downloads/files/dpu_conv.cpp:119]   --->   Operation 46 'icmp' 'icmp_ln119' <Predicate = (!icmp_ln115)> <Delay = 1.91> <CoreInst = "Cmp">   --->   Core 9 'Cmp' <Latency = 0> <II = 1> <Delay = 1.91> <FuncUnit> <Opcode : 'seteq' 'setne' 'setle' 'setge' 'setlt' 'setgt'> <InPorts = 2> <OutPorts = 1>
ST_3 : Operation 47 [1/1] (1.91ns)   --->   "%icmp_ln119_1 = icmp_eq  i8 %ow_load, i8 %in_w_read" [C:/Users/user/Downloads/files/dpu_conv.cpp:119]   --->   Operation 47 'icmp' 'icmp_ln119_1' <Predicate = (!icmp_ln115)> <Delay = 1.91> <CoreInst = "Cmp">   --->   Core 9 'Cmp' <Latency = 0> <II = 1> <Delay = 1.91> <FuncUnit> <Opcode : 'seteq' 'setne' 'setle' 'setge' 'setlt' 'setgt'> <InPorts = 2> <OutPorts = 1>
ST_3 : Operation 48 [1/1] (0.99ns)   --->   "%select_ln115_3 = select i1 %icmp_ln117, i1 %icmp_ln119, i1 %icmp_ln119_1" [C:/Users/user/Downloads/files/dpu_conv.cpp:115]   --->   Operation 48 'select' 'select_ln115_3' <Predicate = (!icmp_ln115)> <Delay = 0.99> <CoreInst = "Sel">   --->   Core 73 'Sel' <Latency = 0> <II = 1> <Delay = 0.99> <FuncUnit> <Opcode : 'select'> <InPorts = 3> <OutPorts = 1>
ST_3 : Operation 49 [1/1] (1.24ns)   --->   "%select_ln115_4 = select i1 %icmp_ln117, i8 %add_ln115, i8 %oc_2" [C:/Users/user/Downloads/files/dpu_conv.cpp:115]   --->   Operation 49 'select' 'select_ln115_4' <Predicate = (!icmp_ln115)> <Delay = 1.24> <CoreInst = "Sel">   --->   Core 73 'Sel' <Latency = 0> <II = 1> <Delay = 1.24> <FuncUnit> <Opcode : 'select'> <InPorts = 3> <OutPorts = 1>
ST_3 : Operation 50 [1/1] (0.00ns)   --->   "%trunc_ln117 = trunc i8 %select_ln115_4" [C:/Users/user/Downloads/files/dpu_conv.cpp:117]   --->   Operation 50 'trunc' 'trunc_ln117' <Predicate = (!icmp_ln115)> <Delay = 0.00>
ST_3 : Operation 51 [1/1] (1.91ns)   --->   "%add_ln117 = add i8 %select_ln115, i8 1" [C:/Users/user/Downloads/files/dpu_conv.cpp:117]   --->   Operation 51 'add' 'add_ln117' <Predicate = (!icmp_ln115)> <Delay = 1.91> <CoreInst = "Adder">   --->   Core 1 'Adder' <Latency = 0> <II = 1> <Delay = 1.91> <FuncUnit> <Opcode : 'add' 'sub'> <InPorts = 2> <OutPorts = 1>
ST_3 : Operation 52 [1/1] (0.00ns) (grouped into LUT with out node ow_mid2)   --->   "%empty = or i1 %select_ln115_3, i1 %icmp_ln117" [C:/Users/user/Downloads/files/dpu_conv.cpp:115]   --->   Operation 52 'or' 'empty' <Predicate = (!icmp_ln115)> <Delay = 0.00> <CoreInst = "LogicGate">   --->   Core 74 'LogicGate' <Latency = 0> <II = 1> <Delay = 0.97> <FuncUnit> <Opcode : 'and' 'or' 'xor'> <InPorts = 2> <OutPorts = 1>
ST_3 : Operation 53 [1/1] (1.24ns) (out node of the LUT)   --->   "%ow_mid2 = select i1 %empty, i8 0, i8 %ow_load" [C:/Users/user/Downloads/files/dpu_conv.cpp:115]   --->   Operation 53 'select' 'ow_mid2' <Predicate = (!icmp_ln115)> <Delay = 1.24> <CoreInst = "Sel">   --->   Core 73 'Sel' <Latency = 0> <II = 1> <Delay = 1.24> <FuncUnit> <Opcode : 'select'> <InPorts = 3> <OutPorts = 1>
ST_3 : Operation 54 [1/1] (1.24ns)   --->   "%select_ln117 = select i1 %select_ln115_3, i8 %add_ln117, i8 %select_ln115" [C:/Users/user/Downloads/files/dpu_conv.cpp:117]   --->   Operation 54 'select' 'select_ln117' <Predicate = (!icmp_ln115)> <Delay = 1.24> <CoreInst = "Sel">   --->   Core 73 'Sel' <Latency = 0> <II = 1> <Delay = 1.24> <FuncUnit> <Opcode : 'select'> <InPorts = 3> <OutPorts = 1>
ST_3 : Operation 55 [1/1] (1.91ns)   --->   "%first_iter_0 = icmp_eq  i8 %ow_mid2, i8 0" [C:/Users/user/Downloads/files/dpu_conv.cpp:115]   --->   Operation 55 'icmp' 'first_iter_0' <Predicate = (!icmp_ln115)> <Delay = 1.91> <CoreInst = "Cmp">   --->   Core 9 'Cmp' <Latency = 0> <II = 1> <Delay = 1.91> <FuncUnit> <Opcode : 'seteq' 'setne' 'setle' 'setge' 'setlt' 'setgt'> <InPorts = 2> <OutPorts = 1>
ST_3 : Operation 56 [1/1] (0.00ns)   --->   "%br_ln119 = br i1 %first_iter_0, void %for.inc.split.i, void %new.body.COPY_W.i" [C:/Users/user/Downloads/files/dpu_conv.cpp:119]   --->   Operation 56 'br' 'br_ln119' <Predicate = (!icmp_ln115)> <Delay = 0.00>
ST_3 : Operation 57 [1/1] (0.00ns)   --->   "%tmp = bitconcatenate i12 @_ssdm_op_BitConcatenate.i12.i6.i6, i6 %trunc_ln117, i6 0" [C:/Users/user/Downloads/files/dpu_conv.cpp:121]   --->   Operation 57 'bitconcatenate' 'tmp' <Predicate = (!icmp_ln115)> <Delay = 0.00>
ST_3 : Operation 58 [1/1] (0.00ns)   --->   "%zext_ln121 = zext i8 %select_ln117" [C:/Users/user/Downloads/files/dpu_conv.cpp:121]   --->   Operation 58 'zext' 'zext_ln121' <Predicate = (!icmp_ln115)> <Delay = 0.00>
ST_3 : Operation 59 [1/1] (1.54ns)   --->   "%add_ln121 = add i12 %tmp, i12 %zext_ln121" [C:/Users/user/Downloads/files/dpu_conv.cpp:121]   --->   Operation 59 'add' 'add_ln121' <Predicate = (!icmp_ln115)> <Delay = 1.54> <CoreInst = "Adder">   --->   Core 1 'Adder' <Latency = 0> <II = 1> <Delay = 1.54> <FuncUnit> <Opcode : 'add' 'sub'> <InPorts = 2> <OutPorts = 1>
ST_3 : Operation 60 [1/1] (1.91ns)   --->   "%add_ln119_2 = add i8 %ow_mid2, i8 1" [C:/Users/user/Downloads/files/dpu_conv.cpp:119]   --->   Operation 60 'add' 'add_ln119_2' <Predicate = (!icmp_ln115)> <Delay = 1.91> <CoreInst = "Adder">   --->   Core 1 'Adder' <Latency = 0> <II = 1> <Delay = 1.91> <FuncUnit> <Opcode : 'add' 'sub'> <InPorts = 2> <OutPorts = 1>
ST_3 : Operation 61 [1/1] (1.91ns)   --->   "%icmp_ln119_2 = icmp_eq  i8 %add_ln119_2, i8 %in_w_read" [C:/Users/user/Downloads/files/dpu_conv.cpp:119]   --->   Operation 61 'icmp' 'icmp_ln119_2' <Predicate = (!icmp_ln115)> <Delay = 1.91> <CoreInst = "Cmp">   --->   Core 9 'Cmp' <Latency = 0> <II = 1> <Delay = 1.91> <FuncUnit> <Opcode : 'seteq' 'setne' 'setle' 'setge' 'setlt' 'setgt'> <InPorts = 2> <OutPorts = 1>
ST_3 : Operation 62 [1/1] (0.00ns)   --->   "%br_ln119 = br i1 %icmp_ln119_2, void %new.latch.for.inc.split.i, void %last.iter.for.inc.split.i" [C:/Users/user/Downloads/files/dpu_conv.cpp:119]   --->   Operation 62 'br' 'br_ln119' <Predicate = (!icmp_ln115)> <Delay = 0.00>
ST_3 : Operation 63 [1/1] (1.58ns)   --->   "%store_ln115 = store i8 %select_ln115_4, i8 %oc" [C:/Users/user/Downloads/files/dpu_conv.cpp:115]   --->   Operation 63 'store' 'store_ln115' <Predicate = (!icmp_ln115)> <Delay = 1.58>
ST_3 : Operation 64 [1/1] (1.58ns)   --->   "%store_ln117 = store i8 %select_ln117, i8 %oh" [C:/Users/user/Downloads/files/dpu_conv.cpp:117]   --->   Operation 64 'store' 'store_ln117' <Predicate = (!icmp_ln115)> <Delay = 1.58>
ST_3 : Operation 65 [1/1] (1.58ns)   --->   "%store_ln119 = store i8 %add_ln119_2, i8 %ow" [C:/Users/user/Downloads/files/dpu_conv.cpp:119]   --->   Operation 65 'store' 'store_ln119' <Predicate = (!icmp_ln115)> <Delay = 1.58>
ST_3 : Operation 66 [1/1] (0.00ns)   --->   "%br_ln119 = br void %for.inc.i" [C:/Users/user/Downloads/files/dpu_conv.cpp:119]   --->   Operation 66 'br' 'br_ln119' <Predicate = (!icmp_ln115)> <Delay = 0.00>

State 4 <SV = 3> <Delay = 5.71>
ST_4 : Operation 67 [1/1] (0.00ns)   --->   "%shl_ln = bitconcatenate i20 @_ssdm_op_BitConcatenate.i20.i8.i12, i8 %oc_2, i12 0" [C:/Users/user/Downloads/files/dpu_conv.cpp:119]   --->   Operation 67 'bitconcatenate' 'shl_ln' <Predicate = true> <Delay = 0.00>
ST_4 : Operation 68 [1/1] (0.00ns)   --->   "%zext_ln117 = zext i20 %shl_ln" [C:/Users/user/Downloads/files/dpu_conv.cpp:117]   --->   Operation 68 'zext' 'zext_ln117' <Predicate = (!icmp_ln117 & !select_ln115_3)> <Delay = 0.00>
ST_4 : Operation 69 [1/1] (0.00ns)   --->   "%shl_ln119_1 = bitconcatenate i14 @_ssdm_op_BitConcatenate.i14.i8.i6, i8 %oh_2, i6 0" [C:/Users/user/Downloads/files/dpu_conv.cpp:119]   --->   Operation 69 'bitconcatenate' 'shl_ln119_1' <Predicate = (!icmp_ln117 & !select_ln115_3)> <Delay = 0.00>
ST_4 : Operation 70 [1/1] (0.00ns)   --->   "%zext_ln119_1 = zext i14 %shl_ln119_1" [C:/Users/user/Downloads/files/dpu_conv.cpp:119]   --->   Operation 70 'zext' 'zext_ln119_1' <Predicate = (!icmp_ln117 & !select_ln115_3)> <Delay = 0.00>
ST_4 : Operation 71 [1/1] (2.19ns)   --->   "%add_ln119 = add i21 %zext_ln117, i21 %zext_ln119_1" [C:/Users/user/Downloads/files/dpu_conv.cpp:119]   --->   Operation 71 'add' 'add_ln119' <Predicate = (!icmp_ln117 & !select_ln115_3)> <Delay = 2.19> <CoreInst = "Adder">   --->   Core 1 'Adder' <Latency = 0> <II = 1> <Delay = 2.19> <FuncUnit> <Opcode : 'add' 'sub'> <InPorts = 2> <OutPorts = 1>
ST_4 : Operation 72 [1/1] (0.00ns)   --->   "%specloopname_ln0 = specloopname void @_ssdm_op_SpecLoopName, void @COPY_OC_COPY_H_COPY_W_str"   --->   Operation 72 'specloopname' 'specloopname_ln0' <Predicate = (!icmp_ln115)> <Delay = 0.00>
ST_4 : Operation 73 [1/1] (0.00ns)   --->   "%speclooptripcount_ln0 = speclooptripcount void @_ssdm_op_SpecLoopTripCount, i64 0, i64 16581375, i64 2048383"   --->   Operation 73 'speclooptripcount' 'speclooptripcount_ln0' <Predicate = (!icmp_ln115)> <Delay = 0.00>
ST_4 : Operation 74 [1/1] (0.00ns)   --->   "%shl_ln119_mid1 = bitconcatenate i20 @_ssdm_op_BitConcatenate.i20.i8.i12, i8 %add_ln115, i12 0" [C:/Users/user/Downloads/files/dpu_conv.cpp:119]   --->   Operation 74 'bitconcatenate' 'shl_ln119_mid1' <Predicate = (!icmp_ln115)> <Delay = 0.00>
ST_4 : Operation 75 [1/1] (0.00ns) (grouped into LUT with out node add_ln119_1)   --->   "%select_ln115_1 = select i1 %icmp_ln117, i20 %shl_ln119_mid1, i20 %shl_ln" [C:/Users/user/Downloads/files/dpu_conv.cpp:115]   --->   Operation 75 'select' 'select_ln115_1' <Predicate = (!icmp_ln115 & select_ln115_3)> <Delay = 0.00> <CoreInst = "Sel">   --->   Core 73 'Sel' <Latency = 0> <II = 1> <Delay = 0.70> <FuncUnit> <Opcode : 'select'> <InPorts = 3> <OutPorts = 1>
ST_4 : Operation 76 [1/1] (0.00ns) (grouped into LUT with out node add_ln119_1)   --->   "%zext_ln115 = zext i20 %select_ln115_1" [C:/Users/user/Downloads/files/dpu_conv.cpp:115]   --->   Operation 76 'zext' 'zext_ln115' <Predicate = (!icmp_ln115 & select_ln115_3)> <Delay = 0.00>
ST_4 : Operation 77 [1/1] (0.00ns) (grouped into LUT with out node add_ln119_1_mid2)   --->   "%zext_ln115_1 = zext i20 %shl_ln119_mid1" [C:/Users/user/Downloads/files/dpu_conv.cpp:115]   --->   Operation 77 'zext' 'zext_ln115_1' <Predicate = (!icmp_ln115 & icmp_ln117 & !select_ln115_3)> <Delay = 0.00>
ST_4 : Operation 78 [1/1] (0.00ns) (grouped into LUT with out node add_ln119_1_mid2)   --->   "%select_ln115_2 = select i1 %icmp_ln117, i21 %zext_ln115_1, i21 %add_ln119" [C:/Users/user/Downloads/files/dpu_conv.cpp:115]   --->   Operation 78 'select' 'select_ln115_2' <Predicate = (!icmp_ln115 & !select_ln115_3)> <Delay = 0.00> <CoreInst = "Sel">   --->   Core 73 'Sel' <Latency = 0> <II = 1> <Delay = 0.70> <FuncUnit> <Opcode : 'select'> <InPorts = 3> <OutPorts = 1>
ST_4 : Operation 79 [1/1] (0.00ns) (grouped into LUT with out node add_ln119_1)   --->   "%shl_ln119_1_mid1 = bitconcatenate i14 @_ssdm_op_BitConcatenate.i14.i8.i6, i8 %add_ln117, i6 0" [C:/Users/user/Downloads/files/dpu_conv.cpp:119]   --->   Operation 79 'bitconcatenate' 'shl_ln119_1_mid1' <Predicate = (!icmp_ln115 & select_ln115_3)> <Delay = 0.00>
ST_4 : Operation 80 [1/1] (0.00ns) (grouped into LUT with out node add_ln119_1)   --->   "%zext_ln119_2 = zext i14 %shl_ln119_1_mid1" [C:/Users/user/Downloads/files/dpu_conv.cpp:119]   --->   Operation 80 'zext' 'zext_ln119_2' <Predicate = (!icmp_ln115 & select_ln115_3)> <Delay = 0.00>
ST_4 : Operation 81 [1/1] (2.19ns) (out node of the LUT)   --->   "%add_ln119_1 = add i21 %zext_ln115, i21 %zext_ln119_2" [C:/Users/user/Downloads/files/dpu_conv.cpp:119]   --->   Operation 81 'add' 'add_ln119_1' <Predicate = (!icmp_ln115 & select_ln115_3)> <Delay = 2.19> <CoreInst = "Adder">   --->   Core 1 'Adder' <Latency = 0> <II = 1> <Delay = 2.19> <FuncUnit> <Opcode : 'add' 'sub'> <InPorts = 2> <OutPorts = 1>
ST_4 : Operation 82 [1/1] (0.00ns) (grouped into LUT with out node add_ln119_1_mid2)   --->   "%add_ln119_1_mid2_v = select i1 %select_ln115_3, i21 %add_ln119_1, i21 %select_ln115_2" [C:/Users/user/Downloads/files/dpu_conv.cpp:115]   --->   Operation 82 'select' 'add_ln119_1_mid2_v' <Predicate = (!icmp_ln115)> <Delay = 0.00> <CoreInst = "Sel">   --->   Core 73 'Sel' <Latency = 0> <II = 1> <Delay = 0.70> <FuncUnit> <Opcode : 'select'> <InPorts = 3> <OutPorts = 1>
ST_4 : Operation 83 [1/1] (0.00ns) (grouped into LUT with out node add_ln119_1_mid2)   --->   "%add_ln119_1_mid2_v_cast = zext i21 %add_ln119_1_mid2_v" [C:/Users/user/Downloads/files/dpu_conv.cpp:115]   --->   Operation 83 'zext' 'add_ln119_1_mid2_v_cast' <Predicate = (!icmp_ln115)> <Delay = 0.00>
ST_4 : Operation 84 [1/1] (3.52ns) (out node of the LUT)   --->   "%add_ln119_1_mid2 = add i64 %add_ln119_1_mid2_v_cast, i64 %ofmap_read" [C:/Users/user/Downloads/files/dpu_conv.cpp:115]   --->   Operation 84 'add' 'add_ln119_1_mid2' <Predicate = (!icmp_ln115)> <Delay = 3.52> <CoreInst = "Adder">   --->   Core 1 'Adder' <Latency = 0> <II = 1> <Delay = 3.52> <FuncUnit> <Opcode : 'add' 'sub'> <InPorts = 2> <OutPorts = 1>
ST_4 : Operation 85 [1/1] (0.00ns)   --->   "%gmem0_addr = getelementptr i8 %gmem0, i64 %add_ln119_1_mid2" [C:/Users/user/Downloads/files/dpu_conv.cpp:119]   --->   Operation 85 'getelementptr' 'gmem0_addr' <Predicate = (!icmp_ln115 & first_iter_0)> <Delay = 0.00>
ST_4 : Operation 86 [1/1] (0.00ns)   --->   "%tmp_3 = bitconcatenate i17 @_ssdm_op_BitConcatenate.i17.i12.i5, i12 %add_ln121, i5 0" [C:/Users/user/Downloads/files/dpu_conv.cpp:121]   --->   Operation 86 'bitconcatenate' 'tmp_3' <Predicate = (!icmp_ln115)> <Delay = 0.00>
ST_4 : Operation 87 [1/1] (0.00ns)   --->   "%trunc_ln119 = trunc i8 %ow_mid2" [C:/Users/user/Downloads/files/dpu_conv.cpp:119]   --->   Operation 87 'trunc' 'trunc_ln119' <Predicate = (!icmp_ln115)> <Delay = 0.00>
ST_4 : Operation 88 [1/1] (0.00ns)   --->   "%lshr_ln = partselect i7 @_ssdm_op_PartSelect.i7.i8.i32.i32, i8 %ow_mid2, i32 1, i32 7" [C:/Users/user/Downloads/files/dpu_conv.cpp:119]   --->   Operation 88 'partselect' 'lshr_ln' <Predicate = (!icmp_ln115)> <Delay = 0.00>
ST_4 : Operation 89 [1/1] (0.00ns)   --->   "%zext_ln121_1 = zext i7 %lshr_ln" [C:/Users/user/Downloads/files/dpu_conv.cpp:121]   --->   Operation 89 'zext' 'zext_ln121_1' <Predicate = (!icmp_ln115)> <Delay = 0.00>
ST_4 : Operation 90 [1/1] (2.10ns)   --->   "%add_ln121_1 = add i17 %tmp_3, i17 %zext_ln121_1" [C:/Users/user/Downloads/files/dpu_conv.cpp:121]   --->   Operation 90 'add' 'add_ln121_1' <Predicate = (!icmp_ln115)> <Delay = 2.10> <CoreInst = "Adder">   --->   Core 1 'Adder' <Latency = 0> <II = 1> <Delay = 2.10> <FuncUnit> <Opcode : 'add' 'sub'> <InPorts = 2> <OutPorts = 1>
ST_4 : Operation 91 [1/1] (0.00ns)   --->   "%zext_ln121_2 = zext i17 %add_ln121_1" [C:/Users/user/Downloads/files/dpu_conv.cpp:121]   --->   Operation 91 'zext' 'zext_ln121_2' <Predicate = (!icmp_ln115)> <Delay = 0.00>
ST_4 : Operation 92 [1/1] (0.00ns)   --->   "%dpu_conv_top_ap_int_64_64_ap_int_64_3_3_ap_int_ap_int_64_64_6 = getelementptr i8 %dpu_conv_top_ap_int_8_64_64_ap_int_8_64_3_3_ap_int_32_ap_int_8_64_64_ap_uint_8_ap_uint_8_ap_uint_8_ap_uint_8_ap_uint_1_ap_uint_1_perf_counters_t_conv_buf, i64 0, i64 %zext_ln121_2" [C:/Users/user/Downloads/files/dpu_conv.cpp:121]   --->   Operation 92 'getelementptr' 'dpu_conv_top_ap_int_64_64_ap_int_64_3_3_ap_int_ap_int_64_64_6' <Predicate = (!icmp_ln115)> <Delay = 0.00>
ST_4 : Operation 93 [1/1] (0.00ns)   --->   "%dpu_conv_top_ap_int_64_64_ap_int_64_3_3_ap_int_ap_int_64_64_7 = getelementptr i8 %dpu_conv_top_ap_int_8_64_64_ap_int_8_64_3_3_ap_int_32_ap_int_8_64_64_ap_uint_8_ap_uint_8_ap_uint_8_ap_uint_8_ap_uint_1_ap_uint_1_perf_counters_t_conv_buf_1, i64 0, i64 %zext_ln121_2" [C:/Users/user/Downloads/files/dpu_conv.cpp:121]   --->   Operation 93 'getelementptr' 'dpu_conv_top_ap_int_64_64_ap_int_64_3_3_ap_int_ap_int_64_64_7' <Predicate = (!icmp_ln115)> <Delay = 0.00>
ST_4 : Operation 94 [2/2] (3.25ns)   --->   "%dpu_conv_top_ap_int_64_64_ap_int_64_3_3_ap_int_ap_int_64_64_8 = load i17 %dpu_conv_top_ap_int_64_64_ap_int_64_3_3_ap_int_ap_int_64_64_6" [C:/Users/user/Downloads/files/dpu_conv.cpp:121]   --->   Operation 94 'load' 'dpu_conv_top_ap_int_64_64_ap_int_64_3_3_ap_int_ap_int_64_64_8' <Predicate = (!icmp_ln115)> <Delay = 3.25> <CoreInst = "RAM">   --->   Core 81 'RAM' <Latency = 1> <II = 1> <Delay = 3.25> <Storage> <Opcode : 'load' 'store'> <Ports = 2> <Width = 8> <Depth = 131072> <RAM>
ST_4 : Operation 95 [2/2] (3.25ns)   --->   "%dpu_conv_top_ap_int_64_64_ap_int_64_3_3_ap_int_ap_int_64_64_9 = load i17 %dpu_conv_top_ap_int_64_64_ap_int_64_3_3_ap_int_ap_int_64_64_7" [C:/Users/user/Downloads/files/dpu_conv.cpp:121]   --->   Operation 95 'load' 'dpu_conv_top_ap_int_64_64_ap_int_64_3_3_ap_int_ap_int_64_64_9' <Predicate = (!icmp_ln115)> <Delay = 3.25> <CoreInst = "RAM">   --->   Core 81 'RAM' <Latency = 1> <II = 1> <Delay = 3.25> <Storage> <Opcode : 'load' 'store'> <Ports = 2> <Width = 8> <Depth = 131072> <RAM>
ST_4 : Operation 96 [1/1] (0.00ns)   --->   "%gmem0_addr_2 = getelementptr i8 %gmem0, i64 %add_ln119_1_mid2" [C:/Users/user/Downloads/files/dpu_conv.cpp:119]   --->   Operation 96 'getelementptr' 'gmem0_addr_2' <Predicate = (!icmp_ln115)> <Delay = 0.00>

State 5 <SV = 4> <Delay = 8.03>
ST_5 : Operation 97 [1/1] ( I:8.03ns O:8.03ns )   --->   "%empty_67 = writereq i1 @_ssdm_op_WriteReq.m_axi.p1i8, i8 %gmem0_addr, i64 %zext_ln119_cast" [C:/Users/user/Downloads/files/dpu_conv.cpp:119]   --->   Operation 97 'writereq' 'empty_67' <Predicate = (first_iter_0)> <Delay = 8.03> <CoreInst = "m_axi">   --->   Core 111 'm_axi' <Latency = 9> <II = 1> <Delay = 1.00> <Adapter> <Opcode : 'readrequnaligned' 'writerequnaligned' 'read' 'write' 'readreq' 'writereq' 'writeresp'>
ST_5 : Operation 98 [1/1] (0.00ns)   --->   "%br_ln119 = br void %for.inc.split.i" [C:/Users/user/Downloads/files/dpu_conv.cpp:119]   --->   Operation 98 'br' 'br_ln119' <Predicate = (first_iter_0)> <Delay = 0.00>
ST_5 : Operation 99 [1/2] ( I:3.25ns O:3.25ns )   --->   "%dpu_conv_top_ap_int_64_64_ap_int_64_3_3_ap_int_ap_int_64_64_8 = load i17 %dpu_conv_top_ap_int_64_64_ap_int_64_3_3_ap_int_ap_int_64_64_6" [C:/Users/user/Downloads/files/dpu_conv.cpp:121]   --->   Operation 99 'load' 'dpu_conv_top_ap_int_64_64_ap_int_64_3_3_ap_int_ap_int_64_64_8' <Predicate = true> <Delay = 3.25> <CoreInst = "RAM">   --->   Core 81 'RAM' <Latency = 1> <II = 1> <Delay = 3.25> <Storage> <Opcode : 'load' 'store'> <Ports = 2> <Width = 8> <Depth = 131072> <RAM>
ST_5 : Operation 100 [1/2] ( I:3.25ns O:3.25ns )   --->   "%dpu_conv_top_ap_int_64_64_ap_int_64_3_3_ap_int_ap_int_64_64_9 = load i17 %dpu_conv_top_ap_int_64_64_ap_int_64_3_3_ap_int_ap_int_64_64_7" [C:/Users/user/Downloads/files/dpu_conv.cpp:121]   --->   Operation 100 'load' 'dpu_conv_top_ap_int_64_64_ap_int_64_3_3_ap_int_ap_int_64_64_9' <Predicate = true> <Delay = 3.25> <CoreInst = "RAM">   --->   Core 81 'RAM' <Latency = 1> <II = 1> <Delay = 3.25> <Storage> <Opcode : 'load' 'store'> <Ports = 2> <Width = 8> <Depth = 131072> <RAM>
ST_5 : Operation 101 [1/1] (1.24ns)   --->   "%select_ln121 = select i1 %trunc_ln119, i8 %dpu_conv_top_ap_int_64_64_ap_int_64_3_3_ap_int_ap_int_64_64_9, i8 %dpu_conv_top_ap_int_64_64_ap_int_64_3_3_ap_int_ap_int_64_64_8" [C:/Users/user/Downloads/files/dpu_conv.cpp:121]   --->   Operation 101 'select' 'select_ln121' <Predicate = true> <Delay = 1.24> <CoreInst = "Sel">   --->   Core 73 'Sel' <Latency = 0> <II = 1> <Delay = 1.24> <FuncUnit> <Opcode : 'select'> <InPorts = 3> <OutPorts = 1>

State 6 <SV = 5> <Delay = 8.03>
ST_6 : Operation 102 [1/1] (0.00ns)   --->   "%specpipeline_ln120 = specpipeline void @_ssdm_op_SpecPipeline, i32 1, i32 0, i32 0, i32 0, i32 4294967295, void @empty_39" [C:/Users/user/Downloads/files/dpu_conv.cpp:120]   --->   Operation 102 'specpipeline' 'specpipeline_ln120' <Predicate = true> <Delay = 0.00>
ST_6 : Operation 103 [1/1] ( I:8.03ns O:8.03ns )   --->   "%write_ln121 = write void @_ssdm_op_Write.m_axi.p1i8.i8, i8 %gmem0_addr_2, i8 %select_ln121, i1 1" [C:/Users/user/Downloads/files/dpu_conv.cpp:121]   --->   Operation 103 'write' 'write_ln121' <Predicate = true> <Delay = 8.03> <CoreInst = "m_axi">   --->   Core 111 'm_axi' <Latency = 5> <II = 1> <Delay = 1.00> <Adapter> <Opcode : 'readrequnaligned' 'writerequnaligned' 'read' 'write' 'readreq' 'writereq' 'writeresp'>

State 7 <SV = 6> <Delay = 0.00>
ST_7 : Operation 104 [5/5] (8.03ns)   --->   "%empty_68 = writeresp i1 @_ssdm_op_WriteResp.m_axi.p1i8, i8 %gmem0_addr_2" [C:/Users/user/Downloads/files/dpu_conv.cpp:117]   --->   Operation 104 'writeresp' 'empty_68' <Predicate = (icmp_ln119_2)> <Delay = 8.03> <CoreInst = "m_axi">   --->   Core 111 'm_axi' <Latency = 3> <II = 1> <Delay = 1.00> <Adapter> <Opcode : 'readrequnaligned' 'writerequnaligned' 'read' 'write' 'readreq' 'writereq' 'writeresp'>

State 8 <SV = 7> <Delay = 0.00>
ST_8 : Operation 105 [4/5] (8.03ns)   --->   "%empty_68 = writeresp i1 @_ssdm_op_WriteResp.m_axi.p1i8, i8 %gmem0_addr_2" [C:/Users/user/Downloads/files/dpu_conv.cpp:117]   --->   Operation 105 'writeresp' 'empty_68' <Predicate = (icmp_ln119_2)> <Delay = 8.03> <CoreInst = "m_axi">   --->   Core 111 'm_axi' <Latency = 3> <II = 1> <Delay = 1.00> <Adapter> <Opcode : 'readrequnaligned' 'writerequnaligned' 'read' 'write' 'readreq' 'writereq' 'writeresp'>

State 9 <SV = 8> <Delay = 0.00>
ST_9 : Operation 106 [3/5] (8.03ns)   --->   "%empty_68 = writeresp i1 @_ssdm_op_WriteResp.m_axi.p1i8, i8 %gmem0_addr_2" [C:/Users/user/Downloads/files/dpu_conv.cpp:117]   --->   Operation 106 'writeresp' 'empty_68' <Predicate = (icmp_ln119_2)> <Delay = 8.03> <CoreInst = "m_axi">   --->   Core 111 'm_axi' <Latency = 3> <II = 1> <Delay = 1.00> <Adapter> <Opcode : 'readrequnaligned' 'writerequnaligned' 'read' 'write' 'readreq' 'writereq' 'writeresp'>

State 10 <SV = 9> <Delay = 1.58>
ST_10 : Operation 107 [2/5] (8.03ns)   --->   "%empty_68 = writeresp i1 @_ssdm_op_WriteResp.m_axi.p1i8, i8 %gmem0_addr_2" [C:/Users/user/Downloads/files/dpu_conv.cpp:117]   --->   Operation 107 'writeresp' 'empty_68' <Predicate = (icmp_ln119_2)> <Delay = 8.03> <CoreInst = "m_axi">   --->   Core 111 'm_axi' <Latency = 3> <II = 1> <Delay = 1.00> <Adapter> <Opcode : 'readrequnaligned' 'writerequnaligned' 'read' 'write' 'readreq' 'writereq' 'writeresp'>
ST_10 : Operation 110 [1/1] (1.58ns)   --->   "%ret_ln0 = ret"   --->   Operation 110 'ret' 'ret_ln0' <Predicate = (icmp_ln115)> <Delay = 1.58>

State 11 <SV = 10> <Delay = 8.03>
ST_11 : Operation 108 [1/5] ( I:8.03ns O:8.03ns )   --->   "%empty_68 = writeresp i1 @_ssdm_op_WriteResp.m_axi.p1i8, i8 %gmem0_addr_2" [C:/Users/user/Downloads/files/dpu_conv.cpp:117]   --->   Operation 108 'writeresp' 'empty_68' <Predicate = (icmp_ln119_2)> <Delay = 8.03> <CoreInst = "m_axi">   --->   Core 111 'm_axi' <Latency = 3> <II = 1> <Delay = 1.00> <Adapter> <Opcode : 'readrequnaligned' 'writerequnaligned' 'read' 'write' 'readreq' 'writereq' 'writeresp'>
ST_11 : Operation 109 [1/1] (0.00ns)   --->   "%br_ln119 = br void %new.latch.for.inc.split.i" [C:/Users/user/Downloads/files/dpu_conv.cpp:119]   --->   Operation 109 'br' 'br_ln119' <Predicate = (icmp_ln119_2)> <Delay = 0.00>


============================================================
+ Verbose Summary: Timing violations
============================================================
Target clock period: 11.000ns, clock uncertainty: 2.970ns.

 <State 1>: 1.588ns
The critical path consists of the following:
	'alloca' operation 24 bit ('indvar_flatten27') [13]  (0.000 ns)
	'store' operation ('store_ln0') of constant 0 24 bit on local variable 'indvar_flatten27' [21]  (1.588 ns)

 <State 2>: 4.470ns
The critical path consists of the following:
	'load' operation 16 bit ('indvar_flatten_load', C:/Users/user/Downloads/files/dpu_conv.cpp:117) on local variable 'indvar_flatten' [29]  (0.000 ns)
	'icmp' operation 1 bit ('icmp_ln117', C:/Users/user/Downloads/files/dpu_conv.cpp:117) [45]  (2.077 ns)
	'select' operation 16 bit ('select_ln117_1', C:/Users/user/Downloads/files/dpu_conv.cpp:117) [99]  (0.805 ns)
	'store' operation ('store_ln117', C:/Users/user/Downloads/files/dpu_conv.cpp:117) of variable 'select_ln117_1', C:/Users/user/Downloads/files/dpu_conv.cpp:117 16 bit on local variable 'indvar_flatten' [102]  (1.588 ns)

 <State 3>: 7.986ns
The critical path consists of the following:
	'load' operation 8 bit ('ow_load', C:/Users/user/Downloads/files/dpu_conv.cpp:119) on local variable 'ow', C:/Users/user/Downloads/files/dpu_conv.cpp:119 [41]  (0.000 ns)
	'icmp' operation 1 bit ('icmp_ln119_1', C:/Users/user/Downloads/files/dpu_conv.cpp:119) [53]  (1.915 ns)
	'select' operation 1 bit ('select_ln115_3', C:/Users/user/Downloads/files/dpu_conv.cpp:115) [54]  (0.993 ns)
	'or' operation 1 bit ('empty', C:/Users/user/Downloads/files/dpu_conv.cpp:115) [58]  (0.000 ns)
	'select' operation 8 bit ('ow_mid2', C:/Users/user/Downloads/files/dpu_conv.cpp:115) [59]  (1.248 ns)
	'add' operation 8 bit ('add_ln119_2', C:/Users/user/Downloads/files/dpu_conv.cpp:119) [91]  (1.915 ns)
	'icmp' operation 1 bit ('icmp_ln119_2', C:/Users/user/Downloads/files/dpu_conv.cpp:119) [92]  (1.915 ns)

 <State 4>: 5.716ns
The critical path consists of the following:
	'add' operation 21 bit ('add_ln119', C:/Users/user/Downloads/files/dpu_conv.cpp:119) [36]  (2.196 ns)
	'select' operation 21 bit ('select_ln115_2', C:/Users/user/Downloads/files/dpu_conv.cpp:115) [51]  (0.000 ns)
	'select' operation 21 bit ('add_ln119_1_mid2_v', C:/Users/user/Downloads/files/dpu_conv.cpp:115) [63]  (0.000 ns)
	'add' operation 64 bit ('add_ln119_1_mid2', C:/Users/user/Downloads/files/dpu_conv.cpp:115) [65]  (3.520 ns)
	'getelementptr' operation 8 bit ('gmem0_addr', C:/Users/user/Downloads/files/dpu_conv.cpp:119) [70]  (0.000 ns)

 <State 5>: 8.030ns
The critical path consists of the following:
	bus request operation ('empty_67', C:/Users/user/Downloads/files/dpu_conv.cpp:119) on port 'gmem0' (C:/Users/user/Downloads/files/dpu_conv.cpp:119) [71]  (8.030 ns)

 <State 6>: 8.030ns
The critical path consists of the following:
	bus write operation ('write_ln121', C:/Users/user/Downloads/files/dpu_conv.cpp:121) on port 'gmem0' (C:/Users/user/Downloads/files/dpu_conv.cpp:121) [90]  (8.030 ns)

 <State 7>: 0.000ns
The critical path consists of the following:

 <State 8>: 0.000ns
The critical path consists of the following:

 <State 9>: 0.000ns
The critical path consists of the following:

 <State 10>: 1.588ns
The critical path consists of the following:

 <State 11>: 8.030ns
The critical path consists of the following:
	bus response operation ('empty_68', C:/Users/user/Downloads/files/dpu_conv.cpp:117) on port 'gmem0' (C:/Users/user/Downloads/files/dpu_conv.cpp:117) [95]  (8.030 ns)


============================================================
+ Verbose Summary: Binding
============================================================
N/A
* FSMD analyzer results:
  - Output states:
 - Input state : 
  - Chain level:
	State 1
	State 2
	State 3
	State 4
	State 5
	State 6
	State 7
	State 8
	State 9
	State 10
	State 11


============================================================
+ Verbose Summary: Datapath Resource usage 
============================================================
N/A
