

================================================================
== Vitis HLS Report for 'dpu_conv_top_Pipeline_COPY_OC_COPY_H_COPY_W'
================================================================
* Date:           Thu Sep 10 17:28:31 2026

* Version:        2025.2 (Build 6295257 on Nov 14 2025)
* Project:        dpu_conv_top
* Solution:       hls (Vivado IP Flow Target)
* Product family: zynq
* Target device:  xc7z020-clg400-1


================================================================
== Performance Estimates
================================================================
+ Timing: 
    * Summary: 
    +--------+----------+----------+------------+
    |  Clock |  Target  | Estimated| Uncertainty|
    +--------+----------+----------+------------+
    |ap_clk  |  11.00 ns|  8.030 ns|     2.97 ns|
    +--------+----------+----------+------------+

+ Latency: 
    * Summary: 
    +---------+----------+-----------+-----------+-----+-----+-------------------+
    |  Latency (cycles)  |   Latency (absolute)  |  Interval |      Pipeline     |
    |   min   |    max   |    min    |    max    | min | max |        Type       |
    +---------+----------+-----------+-----------+-----+-----+-------------------+
    |        4|  16581393|  44.000 ns|  0.182 sec|    0|    0|  loop pipeline stp|
    +---------+----------+-----------+-----------+-----+-----+-------------------+

    + Detail: 
        * Instance: 
        N/A

        * Loop: 
        +-------------------------+---------+----------+----------+-----------+-----------+--------------+----------+
        |                         |  Latency (cycles)  | Iteration|  Initiation Interval  |     Trip     |          |
        |        Loop Name        |   min   |    max   |  Latency |  achieved |   target  |     Count    | Pipelined|
        +-------------------------+---------+----------+----------+-----------+-----------+--------------+----------+
        |- COPY_OC_COPY_H_COPY_W  |        2|  16581391|        18|          1|          1|  0 ~ 16581375|       yes|
        +-------------------------+---------+----------+----------+-----------+-----------+--------------+----------+

============================================================
+ Verbose Summary: Synthesis Manager
============================================================
InlineROM: 1
ExposeGlobal: 0
============================================================
+ Verbose Summary: CDFG Model
============================================================
IsTopModel: 0
ResetActiveHigh: 1
IsCombinational: 0
IsDatapathOnly: 0
HasWiredReturn: 1
HasMFsm: 2
HasVarLatency: 1
IsPipeline: 0
IsRtlPipelined: 0
IsInstanceOverlapped: 0
IsDontTouch: 0
HasImplIP: 0
IsGatedGlobalClock: 0

+ Individual pipeline summary: 
  * Pipeline-0: initiation interval (II) = 1, depth = 19


============================================================
+ Verbose Summary: Schedule
============================================================
* Number of FSM states : 19
* Pipeline : 1
  Pipeline-0 : II = 1, D = 19, States = { 1 2 3 4 5 6 7 8 9 10 11 12 13 14 15 16 17 18 19 }
* Dataflow Pipeline: 0

* FSM state transitions: 
1 --> 2 
2 --> 3 
3 --> 4 
4 --> 5 
5 --> 6 
6 --> 7 
7 --> 8 
8 --> 9 
9 --> 10 
10 --> 11 
11 --> 12 
12 --> 13 
13 --> 14 
14 --> 15 
15 --> 16 
16 --> 17 
17 --> 18 
18 --> 19 
19 --> 

* FSM state operations: 

State 1 <SV = 0> <Delay = 1.58>
ST_1 : Operation 21 [1/1] (0.00ns)   --->   "%ow = alloca i32 1" [D:/project/DPUv2/dpu_conv.cpp:119->D:/project/DPUv2/dpu_conv.cpp:175]   --->   Operation 21 'alloca' 'ow' <Predicate = true> <Delay = 0.00>
ST_1 : Operation 22 [1/1] (0.00ns)   --->   "%oh_1 = alloca i32 1" [D:/project/DPUv2/dpu_conv.cpp:117->D:/project/DPUv2/dpu_conv.cpp:175]   --->   Operation 22 'alloca' 'oh_1' <Predicate = true> <Delay = 0.00>
ST_1 : Operation 23 [1/1] (0.00ns)   --->   "%indvar_flatten35 = alloca i32 1"   --->   Operation 23 'alloca' 'indvar_flatten35' <Predicate = true> <Delay = 0.00>
ST_1 : Operation 24 [1/1] (0.00ns)   --->   "%oc_1 = alloca i32 1" [D:/project/DPUv2/dpu_conv.cpp:115->D:/project/DPUv2/dpu_conv.cpp:175]   --->   Operation 24 'alloca' 'oc_1' <Predicate = true> <Delay = 0.00>
ST_1 : Operation 25 [1/1] (0.00ns)   --->   "%indvar_flatten57 = alloca i32 1"   --->   Operation 25 'alloca' 'indvar_flatten57' <Predicate = true> <Delay = 0.00>
ST_1 : Operation 26 [1/1] (0.00ns)   --->   "%conv_scratch_read = read i64 @_ssdm_op_Read.ap_auto.i64, i64 %conv_scratch"   --->   Operation 26 'read' 'conv_scratch_read' <Predicate = true> <Delay = 0.00>
ST_1 : Operation 27 [1/1] (0.00ns)   --->   "%mul_ln112_read = read i16 @_ssdm_op_Read.ap_auto.i16, i16 %mul_ln112"   --->   Operation 27 'read' 'mul_ln112_read' <Predicate = true> <Delay = 0.00>
ST_1 : Operation 28 [1/1] (0.00ns)   --->   "%zext_ln119_read = read i8 @_ssdm_op_Read.ap_auto.i8, i8 %zext_ln119"   --->   Operation 28 'read' 'zext_ln119_read' <Predicate = true> <Delay = 0.00>
ST_1 : Operation 29 [1/1] (0.00ns)   --->   "%in_w_read = read i8 @_ssdm_op_Read.ap_auto.i8, i8 %in_w"   --->   Operation 29 'read' 'in_w_read' <Predicate = true> <Delay = 0.00>
ST_1 : Operation 30 [1/1] (0.00ns)   --->   "%mul_ln112_1_read = read i24 @_ssdm_op_Read.ap_auto.i24, i24 %mul_ln112_1"   --->   Operation 30 'read' 'mul_ln112_1_read' <Predicate = true> <Delay = 0.00>
ST_1 : Operation 31 [1/1] (0.00ns)   --->   "%ofmap_read = read i64 @_ssdm_op_Read.ap_auto.i64, i64 %ofmap"   --->   Operation 31 'read' 'ofmap_read' <Predicate = true> <Delay = 0.00>
ST_1 : Operation 32 [1/1] (0.00ns)   --->   "%zext_ln119_cast = zext i8 %zext_ln119_read"   --->   Operation 32 'zext' 'zext_ln119_cast' <Predicate = true> <Delay = 0.00>
ST_1 : Operation 33 [1/1] (0.00ns)   --->   "%specinterface_ln0 = specinterface void @_ssdm_op_SpecInterface, i8 %gmem0, void @empty_42, i32 0, i32 0, void @empty_47, i32 0, i32 262144, void @empty_15, void @empty_48, void @empty_47, i32 16, i32 16, i32 16, i32 16, void @empty_47, void @empty_47, i32 4294967295, i32 0, i32 0, i32 1"   --->   Operation 33 'specinterface' 'specinterface_ln0' <Predicate = true> <Delay = 0.00>
ST_1 : Operation 34 [1/1] (0.00ns)   --->   "%specinterface_ln0 = specinterface void @_ssdm_op_SpecInterface, i8 %gmem2, void @empty_42, i32 0, i32 0, void @empty_47, i32 0, i32 262144, void @empty_14, void @empty_48, void @empty_47, i32 16, i32 16, i32 16, i32 16, void @empty_47, void @empty_47, i32 4294967295, i32 0, i32 0, i32 1"   --->   Operation 34 'specinterface' 'specinterface_ln0' <Predicate = true> <Delay = 0.00>
ST_1 : Operation 35 [1/1] (1.58ns)   --->   "%store_ln0 = store i24 0, i24 %indvar_flatten57"   --->   Operation 35 'store' 'store_ln0' <Predicate = true> <Delay = 1.58>
ST_1 : Operation 36 [1/1] (1.58ns)   --->   "%store_ln115 = store i8 0, i8 %oc_1" [D:/project/DPUv2/dpu_conv.cpp:115->D:/project/DPUv2/dpu_conv.cpp:175]   --->   Operation 36 'store' 'store_ln115' <Predicate = true> <Delay = 1.58>
ST_1 : Operation 37 [1/1] (1.58ns)   --->   "%store_ln0 = store i16 0, i16 %indvar_flatten35"   --->   Operation 37 'store' 'store_ln0' <Predicate = true> <Delay = 1.58>
ST_1 : Operation 38 [1/1] (1.58ns)   --->   "%store_ln117 = store i8 0, i8 %oh_1" [D:/project/DPUv2/dpu_conv.cpp:117->D:/project/DPUv2/dpu_conv.cpp:175]   --->   Operation 38 'store' 'store_ln117' <Predicate = true> <Delay = 1.58>
ST_1 : Operation 39 [1/1] (1.58ns)   --->   "%store_ln119 = store i8 0, i8 %ow" [D:/project/DPUv2/dpu_conv.cpp:119->D:/project/DPUv2/dpu_conv.cpp:175]   --->   Operation 39 'store' 'store_ln119' <Predicate = true> <Delay = 1.58>
ST_1 : Operation 40 [1/1] (1.58ns)   --->   "%br_ln0 = br void %for.inc.i"   --->   Operation 40 'br' 'br_ln0' <Predicate = true> <Delay = 1.58>

State 2 <SV = 1> <Delay = 6.23>
ST_2 : Operation 41 [1/1] (0.00ns)   --->   "%first_iter_2 = phi i1 1, void %newFuncRoot, i1 0, void %new.latch.for.inc.i.split"   --->   Operation 41 'phi' 'first_iter_2' <Predicate = true> <Delay = 0.00>
ST_2 : Operation 42 [1/1] (0.00ns)   --->   "%ow_1 = load i8 %ow" [D:/project/DPUv2/dpu_conv.cpp:119->D:/project/DPUv2/dpu_conv.cpp:175]   --->   Operation 42 'load' 'ow_1' <Predicate = true> <Delay = 0.00>
ST_2 : Operation 43 [1/1] (0.00ns)   --->   "%indvar_flatten35_load = load i16 %indvar_flatten35" [D:/project/DPUv2/dpu_conv.cpp:117->D:/project/DPUv2/dpu_conv.cpp:175]   --->   Operation 43 'load' 'indvar_flatten35_load' <Predicate = true> <Delay = 0.00>
ST_2 : Operation 44 [1/1] (0.00ns)   --->   "%indvar_flatten57_load = load i24 %indvar_flatten57" [D:/project/DPUv2/dpu_conv.cpp:115->D:/project/DPUv2/dpu_conv.cpp:175]   --->   Operation 44 'load' 'indvar_flatten57_load' <Predicate = true> <Delay = 0.00>
ST_2 : Operation 45 [1/1] (2.31ns)   --->   "%icmp_ln115 = icmp_eq  i24 %indvar_flatten57_load, i24 %mul_ln112_1_read" [D:/project/DPUv2/dpu_conv.cpp:115->D:/project/DPUv2/dpu_conv.cpp:175]   --->   Operation 45 'icmp' 'icmp_ln115' <Predicate = true> <Delay = 2.31> <CoreInst = "Cmp">   --->   Core 9 'Cmp' <Latency = 0> <II = 1> <Delay = 2.31> <FuncUnit> <Opcode : 'seteq' 'setne' 'setle' 'setge' 'setlt' 'setgt'> <InPorts = 2> <OutPorts = 1>
ST_2 : Operation 46 [1/1] (2.31ns)   --->   "%add_ln115 = add i24 %indvar_flatten57_load, i24 1" [D:/project/DPUv2/dpu_conv.cpp:115->D:/project/DPUv2/dpu_conv.cpp:175]   --->   Operation 46 'add' 'add_ln115' <Predicate = true> <Delay = 2.31> <CoreInst = "Adder">   --->   Core 1 'Adder' <Latency = 0> <II = 1> <Delay = 2.31> <FuncUnit> <Opcode : 'add' 'sub'> <InPorts = 2> <OutPorts = 1>
ST_2 : Operation 47 [1/1] (0.00ns)   --->   "%br_ln115 = br i1 %icmp_ln115, void %for.inc22.i, void %if.end.loopexit.exitStub" [D:/project/DPUv2/dpu_conv.cpp:115->D:/project/DPUv2/dpu_conv.cpp:175]   --->   Operation 47 'br' 'br_ln115' <Predicate = true> <Delay = 0.00>
ST_2 : Operation 48 [1/1] (2.07ns)   --->   "%icmp_ln117 = icmp_eq  i16 %indvar_flatten35_load, i16 %mul_ln112_read" [D:/project/DPUv2/dpu_conv.cpp:117->D:/project/DPUv2/dpu_conv.cpp:175]   --->   Operation 48 'icmp' 'icmp_ln117' <Predicate = (!icmp_ln115)> <Delay = 2.07> <CoreInst = "Cmp">   --->   Core 9 'Cmp' <Latency = 0> <II = 1> <Delay = 2.07> <FuncUnit> <Opcode : 'seteq' 'setne' 'setle' 'setge' 'setlt' 'setgt'> <InPorts = 2> <OutPorts = 1>
ST_2 : Operation 49 [1/1] (0.00ns) (grouped into LUT with out node or_ln117)   --->   "%or_ln115 = or i1 %icmp_ln117, i1 %first_iter_2" [D:/project/DPUv2/dpu_conv.cpp:115->D:/project/DPUv2/dpu_conv.cpp:175]   --->   Operation 49 'or' 'or_ln115' <Predicate = (!icmp_ln115)> <Delay = 0.00> <CoreInst = "LogicGate">   --->   Core 74 'LogicGate' <Latency = 0> <II = 1> <Delay = 0.97> <FuncUnit> <Opcode : 'and' 'or' 'xor'> <InPorts = 2> <OutPorts = 1>
ST_2 : Operation 50 [1/1] (1.91ns)   --->   "%icmp_ln119 = icmp_eq  i8 %in_w_read, i8 0" [D:/project/DPUv2/dpu_conv.cpp:119->D:/project/DPUv2/dpu_conv.cpp:175]   --->   Operation 50 'icmp' 'icmp_ln119' <Predicate = (!icmp_ln115)> <Delay = 1.91> <CoreInst = "Cmp">   --->   Core 9 'Cmp' <Latency = 0> <II = 1> <Delay = 1.91> <FuncUnit> <Opcode : 'seteq' 'setne' 'setle' 'setge' 'setlt' 'setgt'> <InPorts = 2> <OutPorts = 1>
ST_2 : Operation 51 [1/1] (1.91ns)   --->   "%icmp_ln119_1 = icmp_eq  i8 %ow_1, i8 %in_w_read" [D:/project/DPUv2/dpu_conv.cpp:119->D:/project/DPUv2/dpu_conv.cpp:175]   --->   Operation 51 'icmp' 'icmp_ln119_1' <Predicate = (!icmp_ln115)> <Delay = 1.91> <CoreInst = "Cmp">   --->   Core 9 'Cmp' <Latency = 0> <II = 1> <Delay = 1.91> <FuncUnit> <Opcode : 'seteq' 'setne' 'setle' 'setge' 'setlt' 'setgt'> <InPorts = 2> <OutPorts = 1>
ST_2 : Operation 52 [1/1] (0.99ns)   --->   "%select_ln115_4 = select i1 %icmp_ln117, i1 %icmp_ln119, i1 %icmp_ln119_1" [D:/project/DPUv2/dpu_conv.cpp:115->D:/project/DPUv2/dpu_conv.cpp:175]   --->   Operation 52 'select' 'select_ln115_4' <Predicate = (!icmp_ln115)> <Delay = 0.99> <CoreInst = "Sel">   --->   Core 73 'Sel' <Latency = 0> <II = 1> <Delay = 0.99> <FuncUnit> <Opcode : 'select'> <InPorts = 3> <OutPorts = 1>
ST_2 : Operation 53 [1/1] (0.97ns) (out node of the LUT)   --->   "%or_ln117 = or i1 %select_ln115_4, i1 %or_ln115" [D:/project/DPUv2/dpu_conv.cpp:117->D:/project/DPUv2/dpu_conv.cpp:175]   --->   Operation 53 'or' 'or_ln117' <Predicate = (!icmp_ln115)> <Delay = 0.97> <CoreInst = "LogicGate">   --->   Core 74 'LogicGate' <Latency = 0> <II = 1> <Delay = 0.97> <FuncUnit> <Opcode : 'and' 'or' 'xor'> <InPorts = 2> <OutPorts = 1>
ST_2 : Operation 54 [1/1] (0.00ns)   --->   "%br_ln119 = br i1 %or_ln117, void %for.inc.i.split, void %for.first.iter.for.inc.i" [D:/project/DPUv2/dpu_conv.cpp:119->D:/project/DPUv2/dpu_conv.cpp:175]   --->   Operation 54 'br' 'br_ln119' <Predicate = (!icmp_ln115)> <Delay = 0.00>
ST_2 : Operation 55 [1/1] (1.91ns)   --->   "%add_ln119_7 = add i8 %ow_1, i8 1" [D:/project/DPUv2/dpu_conv.cpp:119->D:/project/DPUv2/dpu_conv.cpp:175]   --->   Operation 55 'add' 'add_ln119_7' <Predicate = (!icmp_ln115)> <Delay = 1.91> <CoreInst = "Adder">   --->   Core 1 'Adder' <Latency = 0> <II = 1> <Delay = 1.91> <FuncUnit> <Opcode : 'add' 'sub'> <InPorts = 2> <OutPorts = 1>
ST_2 : Operation 56 [1/1] (0.00ns) (grouped into LUT with out node select_ln119)   --->   "%or_ln119 = or i1 %select_ln115_4, i1 %icmp_ln117" [D:/project/DPUv2/dpu_conv.cpp:119->D:/project/DPUv2/dpu_conv.cpp:175]   --->   Operation 56 'or' 'or_ln119' <Predicate = (!icmp_ln115)> <Delay = 0.00> <CoreInst = "LogicGate">   --->   Core 74 'LogicGate' <Latency = 0> <II = 1> <Delay = 0.97> <FuncUnit> <Opcode : 'and' 'or' 'xor'> <InPorts = 2> <OutPorts = 1>
ST_2 : Operation 57 [1/1] (1.24ns) (out node of the LUT)   --->   "%select_ln119 = select i1 %or_ln119, i8 1, i8 %add_ln119_7" [D:/project/DPUv2/dpu_conv.cpp:119->D:/project/DPUv2/dpu_conv.cpp:175]   --->   Operation 57 'select' 'select_ln119' <Predicate = (!icmp_ln115)> <Delay = 1.24> <CoreInst = "Sel">   --->   Core 73 'Sel' <Latency = 0> <II = 1> <Delay = 1.24> <FuncUnit> <Opcode : 'select'> <InPorts = 3> <OutPorts = 1>
ST_2 : Operation 58 [1/1] (1.91ns)   --->   "%icmp_ln119_2 = icmp_eq  i8 %select_ln119, i8 %in_w_read" [D:/project/DPUv2/dpu_conv.cpp:119->D:/project/DPUv2/dpu_conv.cpp:175]   --->   Operation 58 'icmp' 'icmp_ln119_2' <Predicate = (!icmp_ln115)> <Delay = 1.91> <CoreInst = "Cmp">   --->   Core 9 'Cmp' <Latency = 0> <II = 1> <Delay = 1.91> <FuncUnit> <Opcode : 'seteq' 'setne' 'setle' 'setge' 'setlt' 'setgt'> <InPorts = 2> <OutPorts = 1>
ST_2 : Operation 59 [1/1] (0.00ns)   --->   "%br_ln119 = br i1 %icmp_ln119_2, void %new.latch.for.inc.i.split, void %last.iter.for.inc.i.split" [D:/project/DPUv2/dpu_conv.cpp:119->D:/project/DPUv2/dpu_conv.cpp:175]   --->   Operation 59 'br' 'br_ln119' <Predicate = (!icmp_ln115)> <Delay = 0.00>
ST_2 : Operation 60 [1/1] (2.07ns)   --->   "%add_ln117_1 = add i16 %indvar_flatten35_load, i16 1" [D:/project/DPUv2/dpu_conv.cpp:117->D:/project/DPUv2/dpu_conv.cpp:175]   --->   Operation 60 'add' 'add_ln117_1' <Predicate = (!icmp_ln115)> <Delay = 2.07> <CoreInst = "Adder">   --->   Core 1 'Adder' <Latency = 0> <II = 1> <Delay = 2.07> <FuncUnit> <Opcode : 'add' 'sub'> <InPorts = 2> <OutPorts = 1>
ST_2 : Operation 61 [1/1] (0.80ns)   --->   "%select_ln117_3 = select i1 %icmp_ln117, i16 1, i16 %add_ln117_1" [D:/project/DPUv2/dpu_conv.cpp:117->D:/project/DPUv2/dpu_conv.cpp:175]   --->   Operation 61 'select' 'select_ln117_3' <Predicate = (!icmp_ln115)> <Delay = 0.80> <CoreInst = "Sel">   --->   Core 73 'Sel' <Latency = 0> <II = 1> <Delay = 0.80> <FuncUnit> <Opcode : 'select'> <InPorts = 3> <OutPorts = 1>
ST_2 : Operation 62 [1/1] (1.58ns)   --->   "%store_ln115 = store i24 %add_ln115, i24 %indvar_flatten57" [D:/project/DPUv2/dpu_conv.cpp:115->D:/project/DPUv2/dpu_conv.cpp:175]   --->   Operation 62 'store' 'store_ln115' <Predicate = (!icmp_ln115)> <Delay = 1.58>
ST_2 : Operation 63 [1/1] (1.58ns)   --->   "%store_ln117 = store i16 %select_ln117_3, i16 %indvar_flatten35" [D:/project/DPUv2/dpu_conv.cpp:117->D:/project/DPUv2/dpu_conv.cpp:175]   --->   Operation 63 'store' 'store_ln117' <Predicate = (!icmp_ln115)> <Delay = 1.58>
ST_2 : Operation 64 [1/1] (1.58ns)   --->   "%store_ln119 = store i8 %select_ln119, i8 %ow" [D:/project/DPUv2/dpu_conv.cpp:119->D:/project/DPUv2/dpu_conv.cpp:175]   --->   Operation 64 'store' 'store_ln119' <Predicate = (!icmp_ln115)> <Delay = 1.58>
ST_2 : Operation 65 [1/1] (0.00ns)   --->   "%br_ln119 = br void %for.inc.i" [D:/project/DPUv2/dpu_conv.cpp:119->D:/project/DPUv2/dpu_conv.cpp:175]   --->   Operation 65 'br' 'br_ln119' <Predicate = (!icmp_ln115)> <Delay = 0.00>

State 3 <SV = 2> <Delay = 5.99>
ST_3 : Operation 66 [1/1] (0.00ns)   --->   "%oh = load i8 %oh_1" [D:/project/DPUv2/dpu_conv.cpp:119->D:/project/DPUv2/dpu_conv.cpp:175]   --->   Operation 66 'load' 'oh' <Predicate = true> <Delay = 0.00>
ST_3 : Operation 67 [1/1] (0.00ns)   --->   "%oc = load i8 %oc_1" [D:/project/DPUv2/dpu_conv.cpp:115->D:/project/DPUv2/dpu_conv.cpp:175]   --->   Operation 67 'load' 'oc' <Predicate = true> <Delay = 0.00>
ST_3 : Operation 68 [1/1] (1.24ns)   --->   "%select_ln115 = select i1 %icmp_ln117, i8 0, i8 %oh" [D:/project/DPUv2/dpu_conv.cpp:115->D:/project/DPUv2/dpu_conv.cpp:175]   --->   Operation 68 'select' 'select_ln115' <Predicate = (!icmp_ln115)> <Delay = 1.24> <CoreInst = "Sel">   --->   Core 73 'Sel' <Latency = 0> <II = 1> <Delay = 1.24> <FuncUnit> <Opcode : 'select'> <InPorts = 3> <OutPorts = 1>
ST_3 : Operation 69 [1/1] (1.91ns)   --->   "%add_ln115_1 = add i8 %oc, i8 1" [D:/project/DPUv2/dpu_conv.cpp:115->D:/project/DPUv2/dpu_conv.cpp:175]   --->   Operation 69 'add' 'add_ln115_1' <Predicate = (!icmp_ln115)> <Delay = 1.91> <CoreInst = "Adder">   --->   Core 1 'Adder' <Latency = 0> <II = 1> <Delay = 1.91> <FuncUnit> <Opcode : 'add' 'sub'> <InPorts = 2> <OutPorts = 1>
ST_3 : Operation 70 [1/1] (1.24ns)   --->   "%select_ln115_5 = select i1 %icmp_ln117, i8 %add_ln115_1, i8 %oc" [D:/project/DPUv2/dpu_conv.cpp:115->D:/project/DPUv2/dpu_conv.cpp:175]   --->   Operation 70 'select' 'select_ln115_5' <Predicate = (!icmp_ln115)> <Delay = 1.24> <CoreInst = "Sel">   --->   Core 73 'Sel' <Latency = 0> <II = 1> <Delay = 1.24> <FuncUnit> <Opcode : 'select'> <InPorts = 3> <OutPorts = 1>
ST_3 : Operation 71 [1/1] (1.91ns)   --->   "%add_ln117 = add i8 %select_ln115, i8 1" [D:/project/DPUv2/dpu_conv.cpp:117->D:/project/DPUv2/dpu_conv.cpp:175]   --->   Operation 71 'add' 'add_ln117' <Predicate = (!icmp_ln115)> <Delay = 1.91> <CoreInst = "Adder">   --->   Core 1 'Adder' <Latency = 0> <II = 1> <Delay = 1.91> <FuncUnit> <Opcode : 'add' 'sub'> <InPorts = 2> <OutPorts = 1>
ST_3 : Operation 72 [1/1] (1.24ns)   --->   "%select_ln117_2 = select i1 %select_ln115_4, i8 %add_ln117, i8 %select_ln115" [D:/project/DPUv2/dpu_conv.cpp:117->D:/project/DPUv2/dpu_conv.cpp:175]   --->   Operation 72 'select' 'select_ln117_2' <Predicate = (!icmp_ln115)> <Delay = 1.24> <CoreInst = "Sel">   --->   Core 73 'Sel' <Latency = 0> <II = 1> <Delay = 1.24> <FuncUnit> <Opcode : 'select'> <InPorts = 3> <OutPorts = 1>
ST_3 : Operation 73 [1/1] (1.58ns)   --->   "%store_ln115 = store i8 %select_ln115_5, i8 %oc_1" [D:/project/DPUv2/dpu_conv.cpp:115->D:/project/DPUv2/dpu_conv.cpp:175]   --->   Operation 73 'store' 'store_ln115' <Predicate = (!icmp_ln115)> <Delay = 1.58>
ST_3 : Operation 74 [1/1] (1.58ns)   --->   "%store_ln117 = store i8 %select_ln117_2, i8 %oh_1" [D:/project/DPUv2/dpu_conv.cpp:117->D:/project/DPUv2/dpu_conv.cpp:175]   --->   Operation 74 'store' 'store_ln117' <Predicate = (!icmp_ln115)> <Delay = 1.58>

State 4 <SV = 3> <Delay = 7.49>
ST_4 : Operation 75 [1/1] (0.00ns)   --->   "%specbitsmap_ln0 = specbitsmap void @_ssdm_op_SpecBitsMap, i8 %gmem0"   --->   Operation 75 'specbitsmap' 'specbitsmap_ln0' <Predicate = true> <Delay = 0.00>
ST_4 : Operation 76 [1/1] (0.00ns)   --->   "%specbitsmap_ln0 = specbitsmap void @_ssdm_op_SpecBitsMap, i8 %gmem2"   --->   Operation 76 'specbitsmap' 'specbitsmap_ln0' <Predicate = true> <Delay = 0.00>
ST_4 : Operation 77 [1/1] (0.00ns)   --->   "%shl_ln1 = bitconcatenate i20 @_ssdm_op_BitConcatenate.i20.i8.i12, i8 %oc, i12 0" [D:/project/DPUv2/dpu_conv.cpp:119->D:/project/DPUv2/dpu_conv.cpp:175]   --->   Operation 77 'bitconcatenate' 'shl_ln1' <Predicate = true> <Delay = 0.00>
ST_4 : Operation 78 [1/1] (0.00ns)   --->   "%zext_ln117 = zext i20 %shl_ln1" [D:/project/DPUv2/dpu_conv.cpp:117->D:/project/DPUv2/dpu_conv.cpp:175]   --->   Operation 78 'zext' 'zext_ln117' <Predicate = (!select_ln115_4 & !icmp_ln117)> <Delay = 0.00>
ST_4 : Operation 79 [1/1] (0.00ns)   --->   "%shl_ln119_1 = bitconcatenate i14 @_ssdm_op_BitConcatenate.i14.i8.i6, i8 %oh, i6 0" [D:/project/DPUv2/dpu_conv.cpp:119->D:/project/DPUv2/dpu_conv.cpp:175]   --->   Operation 79 'bitconcatenate' 'shl_ln119_1' <Predicate = true> <Delay = 0.00>
ST_4 : Operation 80 [1/1] (0.00ns)   --->   "%zext_ln119_1 = zext i14 %shl_ln119_1" [D:/project/DPUv2/dpu_conv.cpp:119->D:/project/DPUv2/dpu_conv.cpp:175]   --->   Operation 80 'zext' 'zext_ln119_1' <Predicate = (!select_ln115_4 & !icmp_ln117)> <Delay = 0.00>
ST_4 : Operation 81 [1/1] (0.00ns) (grouped into TernaryAdder)   --->   "%add_ln119 = add i64 %zext_ln119_1, i64 %ofmap_read" [D:/project/DPUv2/dpu_conv.cpp:119->D:/project/DPUv2/dpu_conv.cpp:175]   --->   Operation 81 'add' 'add_ln119' <Predicate = (!select_ln115_4 & !icmp_ln117)> <Delay = 0.00> <CoreInst = "TAddSub">   --->   Core 10 'TAddSub' <Latency = 0> <II = 1> <Delay = 2.65> <IPBlock> <Opcode : 'add' 'sub'> <InPorts = 3> <OutPorts = 1> <Sync> <CReg>
ST_4 : Operation 82 [1/1] (5.30ns) (root node of TernaryAdder)   --->   "%add_ln119_1 = add i64 %add_ln119, i64 %zext_ln117" [D:/project/DPUv2/dpu_conv.cpp:119->D:/project/DPUv2/dpu_conv.cpp:175]   --->   Operation 82 'add' 'add_ln119_1' <Predicate = (!select_ln115_4 & !icmp_ln117)> <Delay = 5.30> <CoreInst = "TAddSub">   --->   Core 10 'TAddSub' <Latency = 0> <II = 1> <Delay = 2.65> <IPBlock> <Opcode : 'add' 'sub'> <InPorts = 3> <OutPorts = 1> <Sync> <CReg>
ST_4 : Operation 83 [1/1] (0.00ns)   --->   "%specloopname_ln0 = specloopname void @_ssdm_op_SpecLoopName, void @COPY_OC_COPY_H_COPY_W_str"   --->   Operation 83 'specloopname' 'specloopname_ln0' <Predicate = (!icmp_ln115)> <Delay = 0.00>
ST_4 : Operation 84 [1/1] (0.00ns)   --->   "%speclooptripcount_ln0 = speclooptripcount void @_ssdm_op_SpecLoopTripCount, i64 0, i64 16581375, i64 2048383"   --->   Operation 84 'speclooptripcount' 'speclooptripcount_ln0' <Predicate = (!icmp_ln115)> <Delay = 0.00>
ST_4 : Operation 85 [1/1] (0.00ns)   --->   "%shl_ln119_mid1 = bitconcatenate i20 @_ssdm_op_BitConcatenate.i20.i8.i12, i8 %add_ln115_1, i12 0" [D:/project/DPUv2/dpu_conv.cpp:119->D:/project/DPUv2/dpu_conv.cpp:175]   --->   Operation 85 'bitconcatenate' 'shl_ln119_mid1' <Predicate = (!icmp_ln115)> <Delay = 0.00>
ST_4 : Operation 86 [1/1] (0.00ns)   --->   "%zext_ln117_1 = zext i20 %shl_ln119_mid1" [D:/project/DPUv2/dpu_conv.cpp:117->D:/project/DPUv2/dpu_conv.cpp:175]   --->   Operation 86 'zext' 'zext_ln117_1' <Predicate = (!icmp_ln115 & !select_ln115_4 & icmp_ln117)> <Delay = 0.00>
ST_4 : Operation 87 [1/1] (0.70ns)   --->   "%select_ln115_1 = select i1 %icmp_ln117, i20 %shl_ln119_mid1, i20 %shl_ln1" [D:/project/DPUv2/dpu_conv.cpp:115->D:/project/DPUv2/dpu_conv.cpp:175]   --->   Operation 87 'select' 'select_ln115_1' <Predicate = (!icmp_ln115)> <Delay = 0.70> <CoreInst = "Sel">   --->   Core 73 'Sel' <Latency = 0> <II = 1> <Delay = 0.70> <FuncUnit> <Opcode : 'select'> <InPorts = 3> <OutPorts = 1>
ST_4 : Operation 88 [1/1] (0.00ns)   --->   "%zext_ln115 = zext i20 %select_ln115_1" [D:/project/DPUv2/dpu_conv.cpp:115->D:/project/DPUv2/dpu_conv.cpp:175]   --->   Operation 88 'zext' 'zext_ln115' <Predicate = (!icmp_ln115)> <Delay = 0.00>
ST_4 : Operation 89 [1/1] (0.00ns) (grouped into LUT with out node select_ln117)   --->   "%select_ln115_2 = select i1 %icmp_ln117, i14 0, i14 %shl_ln119_1" [D:/project/DPUv2/dpu_conv.cpp:115->D:/project/DPUv2/dpu_conv.cpp:175]   --->   Operation 89 'select' 'select_ln115_2' <Predicate = (!icmp_ln115 & !select_ln115_4)> <Delay = 0.00> <CoreInst = "Sel">   --->   Core 73 'Sel' <Latency = 0> <II = 1> <Delay = 0.70> <FuncUnit> <Opcode : 'select'> <InPorts = 3> <OutPorts = 1>
ST_4 : Operation 90 [1/1] (3.52ns)   --->   "%add_ln119_4 = add i64 %zext_ln117_1, i64 %ofmap_read" [D:/project/DPUv2/dpu_conv.cpp:119->D:/project/DPUv2/dpu_conv.cpp:175]   --->   Operation 90 'add' 'add_ln119_4' <Predicate = (!icmp_ln115 & !select_ln115_4 & icmp_ln117)> <Delay = 3.52> <CoreInst = "Adder">   --->   Core 1 'Adder' <Latency = 0> <II = 1> <Delay = 3.52> <FuncUnit> <Opcode : 'add' 'sub'> <InPorts = 2> <OutPorts = 1>
ST_4 : Operation 91 [1/1] (0.00ns) (grouped into LUT with out node select_ln117_1)   --->   "%select_ln115_3 = select i1 %icmp_ln117, i64 %add_ln119_4, i64 %add_ln119_1" [D:/project/DPUv2/dpu_conv.cpp:115->D:/project/DPUv2/dpu_conv.cpp:175]   --->   Operation 91 'select' 'select_ln115_3' <Predicate = (!icmp_ln115 & !select_ln115_4)> <Delay = 0.00> <CoreInst = "Sel">   --->   Core 73 'Sel' <Latency = 0> <II = 1> <Delay = 1.48> <FuncUnit> <Opcode : 'select'> <InPorts = 3> <OutPorts = 1>
ST_4 : Operation 92 [1/1] (0.00ns)   --->   "%shl_ln119_1_mid1 = bitconcatenate i14 @_ssdm_op_BitConcatenate.i14.i8.i6, i8 %add_ln117, i6 0" [D:/project/DPUv2/dpu_conv.cpp:119->D:/project/DPUv2/dpu_conv.cpp:175]   --->   Operation 92 'bitconcatenate' 'shl_ln119_1_mid1' <Predicate = (!icmp_ln115)> <Delay = 0.00>
ST_4 : Operation 93 [1/1] (0.00ns)   --->   "%zext_ln119_2 = zext i14 %shl_ln119_1_mid1" [D:/project/DPUv2/dpu_conv.cpp:119->D:/project/DPUv2/dpu_conv.cpp:175]   --->   Operation 93 'zext' 'zext_ln119_2' <Predicate = (!icmp_ln115 & select_ln115_4)> <Delay = 0.00>
ST_4 : Operation 94 [1/1] (0.70ns) (out node of the LUT)   --->   "%select_ln117 = select i1 %select_ln115_4, i14 %shl_ln119_1_mid1, i14 %select_ln115_2" [D:/project/DPUv2/dpu_conv.cpp:117->D:/project/DPUv2/dpu_conv.cpp:175]   --->   Operation 94 'select' 'select_ln117' <Predicate = (!icmp_ln115)> <Delay = 0.70> <CoreInst = "Sel">   --->   Core 73 'Sel' <Latency = 0> <II = 1> <Delay = 0.70> <FuncUnit> <Opcode : 'select'> <InPorts = 3> <OutPorts = 1>
ST_4 : Operation 95 [1/1] (0.00ns)   --->   "%zext_ln119_3 = zext i14 %select_ln117" [D:/project/DPUv2/dpu_conv.cpp:119->D:/project/DPUv2/dpu_conv.cpp:175]   --->   Operation 95 'zext' 'zext_ln119_3' <Predicate = (!icmp_ln115)> <Delay = 0.00>
ST_4 : Operation 96 [1/1] (0.00ns) (grouped into TernaryAdder)   --->   "%add_ln119_5 = add i64 %zext_ln119_2, i64 %ofmap_read" [D:/project/DPUv2/dpu_conv.cpp:119->D:/project/DPUv2/dpu_conv.cpp:175]   --->   Operation 96 'add' 'add_ln119_5' <Predicate = (!icmp_ln115 & select_ln115_4)> <Delay = 0.00> <CoreInst = "TAddSub">   --->   Core 10 'TAddSub' <Latency = 0> <II = 1> <Delay = 2.65> <IPBlock> <Opcode : 'add' 'sub'> <InPorts = 3> <OutPorts = 1> <Sync> <CReg>
ST_4 : Operation 97 [1/1] (5.30ns) (root node of TernaryAdder)   --->   "%add_ln119_6 = add i64 %add_ln119_5, i64 %zext_ln115" [D:/project/DPUv2/dpu_conv.cpp:119->D:/project/DPUv2/dpu_conv.cpp:175]   --->   Operation 97 'add' 'add_ln119_6' <Predicate = (!icmp_ln115 & select_ln115_4)> <Delay = 5.30> <CoreInst = "TAddSub">   --->   Core 10 'TAddSub' <Latency = 0> <II = 1> <Delay = 2.65> <IPBlock> <Opcode : 'add' 'sub'> <InPorts = 3> <OutPorts = 1> <Sync> <CReg>
ST_4 : Operation 98 [1/1] (1.48ns) (out node of the LUT)   --->   "%select_ln117_1 = select i1 %select_ln115_4, i64 %add_ln119_6, i64 %select_ln115_3" [D:/project/DPUv2/dpu_conv.cpp:117->D:/project/DPUv2/dpu_conv.cpp:175]   --->   Operation 98 'select' 'select_ln117_1' <Predicate = (!icmp_ln115)> <Delay = 1.48> <CoreInst = "Sel">   --->   Core 73 'Sel' <Latency = 0> <II = 1> <Delay = 1.48> <FuncUnit> <Opcode : 'select'> <InPorts = 3> <OutPorts = 1>
ST_4 : Operation 99 [1/1] (0.00ns) (grouped into TernaryAdder)   --->   "%add_ln119_2 = add i64 %zext_ln119_3, i64 %conv_scratch_read" [D:/project/DPUv2/dpu_conv.cpp:119->D:/project/DPUv2/dpu_conv.cpp:175]   --->   Operation 99 'add' 'add_ln119_2' <Predicate = (!icmp_ln115)> <Delay = 0.00> <CoreInst = "TAddSub">   --->   Core 10 'TAddSub' <Latency = 0> <II = 1> <Delay = 2.65> <IPBlock> <Opcode : 'add' 'sub'> <InPorts = 3> <OutPorts = 1> <Sync> <CReg>
ST_4 : Operation 100 [1/1] (5.30ns) (root node of TernaryAdder)   --->   "%add_ln119_3 = add i64 %add_ln119_2, i64 %zext_ln115" [D:/project/DPUv2/dpu_conv.cpp:119->D:/project/DPUv2/dpu_conv.cpp:175]   --->   Operation 100 'add' 'add_ln119_3' <Predicate = (!icmp_ln115)> <Delay = 5.30> <CoreInst = "TAddSub">   --->   Core 10 'TAddSub' <Latency = 0> <II = 1> <Delay = 2.65> <IPBlock> <Opcode : 'add' 'sub'> <InPorts = 3> <OutPorts = 1> <Sync> <CReg>
ST_4 : Operation 101 [1/1] (0.00ns)   --->   "%gmem2_addr = getelementptr i8 %gmem2, i64 %add_ln119_3" [D:/project/DPUv2/dpu_conv.cpp:119->D:/project/DPUv2/dpu_conv.cpp:175]   --->   Operation 101 'getelementptr' 'gmem2_addr' <Predicate = (!icmp_ln115)> <Delay = 0.00>
ST_4 : Operation 102 [1/1] (0.00ns)   --->   "%gmem0_addr = getelementptr i8 %gmem0, i64 %select_ln117_1" [D:/project/DPUv2/dpu_conv.cpp:119->D:/project/DPUv2/dpu_conv.cpp:175]   --->   Operation 102 'getelementptr' 'gmem0_addr' <Predicate = (!icmp_ln115 & or_ln117)> <Delay = 0.00>
ST_4 : Operation 103 [1/1] (0.00ns)   --->   "%gmem0_addr_2 = getelementptr i8 %gmem0, i64 %select_ln117_1" [D:/project/DPUv2/dpu_conv.cpp:119->D:/project/DPUv2/dpu_conv.cpp:175]   --->   Operation 103 'getelementptr' 'gmem0_addr_2' <Predicate = (!icmp_ln115)> <Delay = 0.00>

State 5 <SV = 4> <Delay = 8.03>
ST_5 : Operation 104 [8/8] (8.03ns)   --->   "%empty_68 = readreq i1 @_ssdm_op_ReadReq.m_axi.p1i8, i8 %gmem2_addr, i64 %zext_ln119_cast" [D:/project/DPUv2/dpu_conv.cpp:119->D:/project/DPUv2/dpu_conv.cpp:175]   --->   Operation 104 'readreq' 'empty_68' <Predicate = (or_ln117)> <Delay = 8.03> <CoreInst = "m_axi">   --->   Core 111 'm_axi' <Latency = 6> <II = 1> <Delay = 1.00> <Adapter> <Opcode : 'readrequnaligned' 'writerequnaligned' 'read' 'write' 'readreq' 'writereq' 'writeresp'>
ST_5 : Operation 105 [1/1] ( I:8.03ns O:8.03ns )   --->   "%empty_69 = writereq i1 @_ssdm_op_WriteReq.m_axi.p1i8, i8 %gmem0_addr, i64 %zext_ln119_cast" [D:/project/DPUv2/dpu_conv.cpp:119->D:/project/DPUv2/dpu_conv.cpp:175]   --->   Operation 105 'writereq' 'empty_69' <Predicate = (or_ln117)> <Delay = 8.03> <CoreInst = "m_axi">   --->   Core 111 'm_axi' <Latency = 9> <II = 1> <Delay = 1.00> <Adapter> <Opcode : 'readrequnaligned' 'writerequnaligned' 'read' 'write' 'readreq' 'writereq' 'writeresp'>

State 6 <SV = 5> <Delay = 0.00>
ST_6 : Operation 106 [7/8] (8.03ns)   --->   "%empty_68 = readreq i1 @_ssdm_op_ReadReq.m_axi.p1i8, i8 %gmem2_addr, i64 %zext_ln119_cast" [D:/project/DPUv2/dpu_conv.cpp:119->D:/project/DPUv2/dpu_conv.cpp:175]   --->   Operation 106 'readreq' 'empty_68' <Predicate = (or_ln117)> <Delay = 8.03> <CoreInst = "m_axi">   --->   Core 111 'm_axi' <Latency = 6> <II = 1> <Delay = 1.00> <Adapter> <Opcode : 'readrequnaligned' 'writerequnaligned' 'read' 'write' 'readreq' 'writereq' 'writeresp'>

State 7 <SV = 6> <Delay = 0.00>
ST_7 : Operation 107 [6/8] (8.03ns)   --->   "%empty_68 = readreq i1 @_ssdm_op_ReadReq.m_axi.p1i8, i8 %gmem2_addr, i64 %zext_ln119_cast" [D:/project/DPUv2/dpu_conv.cpp:119->D:/project/DPUv2/dpu_conv.cpp:175]   --->   Operation 107 'readreq' 'empty_68' <Predicate = (or_ln117)> <Delay = 8.03> <CoreInst = "m_axi">   --->   Core 111 'm_axi' <Latency = 6> <II = 1> <Delay = 1.00> <Adapter> <Opcode : 'readrequnaligned' 'writerequnaligned' 'read' 'write' 'readreq' 'writereq' 'writeresp'>

State 8 <SV = 7> <Delay = 0.00>
ST_8 : Operation 108 [5/8] (8.03ns)   --->   "%empty_68 = readreq i1 @_ssdm_op_ReadReq.m_axi.p1i8, i8 %gmem2_addr, i64 %zext_ln119_cast" [D:/project/DPUv2/dpu_conv.cpp:119->D:/project/DPUv2/dpu_conv.cpp:175]   --->   Operation 108 'readreq' 'empty_68' <Predicate = (or_ln117)> <Delay = 8.03> <CoreInst = "m_axi">   --->   Core 111 'm_axi' <Latency = 6> <II = 1> <Delay = 1.00> <Adapter> <Opcode : 'readrequnaligned' 'writerequnaligned' 'read' 'write' 'readreq' 'writereq' 'writeresp'>

State 9 <SV = 8> <Delay = 0.00>
ST_9 : Operation 109 [4/8] (8.03ns)   --->   "%empty_68 = readreq i1 @_ssdm_op_ReadReq.m_axi.p1i8, i8 %gmem2_addr, i64 %zext_ln119_cast" [D:/project/DPUv2/dpu_conv.cpp:119->D:/project/DPUv2/dpu_conv.cpp:175]   --->   Operation 109 'readreq' 'empty_68' <Predicate = (or_ln117)> <Delay = 8.03> <CoreInst = "m_axi">   --->   Core 111 'm_axi' <Latency = 6> <II = 1> <Delay = 1.00> <Adapter> <Opcode : 'readrequnaligned' 'writerequnaligned' 'read' 'write' 'readreq' 'writereq' 'writeresp'>

State 10 <SV = 9> <Delay = 0.00>
ST_10 : Operation 110 [3/8] (8.03ns)   --->   "%empty_68 = readreq i1 @_ssdm_op_ReadReq.m_axi.p1i8, i8 %gmem2_addr, i64 %zext_ln119_cast" [D:/project/DPUv2/dpu_conv.cpp:119->D:/project/DPUv2/dpu_conv.cpp:175]   --->   Operation 110 'readreq' 'empty_68' <Predicate = (or_ln117)> <Delay = 8.03> <CoreInst = "m_axi">   --->   Core 111 'm_axi' <Latency = 6> <II = 1> <Delay = 1.00> <Adapter> <Opcode : 'readrequnaligned' 'writerequnaligned' 'read' 'write' 'readreq' 'writereq' 'writeresp'>

State 11 <SV = 10> <Delay = 0.00>
ST_11 : Operation 111 [2/8] (8.03ns)   --->   "%empty_68 = readreq i1 @_ssdm_op_ReadReq.m_axi.p1i8, i8 %gmem2_addr, i64 %zext_ln119_cast" [D:/project/DPUv2/dpu_conv.cpp:119->D:/project/DPUv2/dpu_conv.cpp:175]   --->   Operation 111 'readreq' 'empty_68' <Predicate = (or_ln117)> <Delay = 8.03> <CoreInst = "m_axi">   --->   Core 111 'm_axi' <Latency = 6> <II = 1> <Delay = 1.00> <Adapter> <Opcode : 'readrequnaligned' 'writerequnaligned' 'read' 'write' 'readreq' 'writereq' 'writeresp'>

State 12 <SV = 11> <Delay = 8.03>
ST_12 : Operation 112 [1/8] ( I:8.03ns O:8.03ns )   --->   "%empty_68 = readreq i1 @_ssdm_op_ReadReq.m_axi.p1i8, i8 %gmem2_addr, i64 %zext_ln119_cast" [D:/project/DPUv2/dpu_conv.cpp:119->D:/project/DPUv2/dpu_conv.cpp:175]   --->   Operation 112 'readreq' 'empty_68' <Predicate = (or_ln117)> <Delay = 8.03> <CoreInst = "m_axi">   --->   Core 111 'm_axi' <Latency = 6> <II = 1> <Delay = 1.00> <Adapter> <Opcode : 'readrequnaligned' 'writerequnaligned' 'read' 'write' 'readreq' 'writereq' 'writeresp'>
ST_12 : Operation 113 [1/1] (0.00ns)   --->   "%br_ln119 = br void %for.inc.i.split" [D:/project/DPUv2/dpu_conv.cpp:119->D:/project/DPUv2/dpu_conv.cpp:175]   --->   Operation 113 'br' 'br_ln119' <Predicate = (or_ln117)> <Delay = 0.00>

State 13 <SV = 12> <Delay = 8.03>
ST_13 : Operation 114 [1/1] ( I:8.03ns O:8.03ns )   --->   "%gmem2_addr_read = read i8 @_ssdm_op_Read.m_axi.i8.p1i8, i8 %gmem2_addr" [D:/project/DPUv2/dpu_conv.cpp:121->D:/project/DPUv2/dpu_conv.cpp:175]   --->   Operation 114 'read' 'gmem2_addr_read' <Predicate = true> <Delay = 8.03> <CoreInst = "m_axi">   --->   Core 111 'm_axi' <Latency = 3> <II = 1> <Delay = 1.00> <Adapter> <Opcode : 'readrequnaligned' 'writerequnaligned' 'read' 'write' 'readreq' 'writereq' 'writeresp'>

State 14 <SV = 13> <Delay = 8.03>
ST_14 : Operation 115 [1/1] (0.00ns)   --->   "%specpipeline_ln120 = specpipeline void @_ssdm_op_SpecPipeline, i32 1, i32 0, i32 0, i32 0, i32 4294967295, void @empty_47" [D:/project/DPUv2/dpu_conv.cpp:120->D:/project/DPUv2/dpu_conv.cpp:175]   --->   Operation 115 'specpipeline' 'specpipeline_ln120' <Predicate = true> <Delay = 0.00>
ST_14 : Operation 116 [1/1] ( I:8.03ns O:8.03ns )   --->   "%write_ln121 = write void @_ssdm_op_Write.m_axi.p1i8.i8, i8 %gmem0_addr_2, i8 %gmem2_addr_read, i1 1" [D:/project/DPUv2/dpu_conv.cpp:121->D:/project/DPUv2/dpu_conv.cpp:175]   --->   Operation 116 'write' 'write_ln121' <Predicate = true> <Delay = 8.03> <CoreInst = "m_axi">   --->   Core 111 'm_axi' <Latency = 5> <II = 1> <Delay = 1.00> <Adapter> <Opcode : 'readrequnaligned' 'writerequnaligned' 'read' 'write' 'readreq' 'writereq' 'writeresp'>

State 15 <SV = 14> <Delay = 0.00>
ST_15 : Operation 117 [5/5] (8.03ns)   --->   "%empty = writeresp i1 @_ssdm_op_WriteResp.m_axi.p1i8, i8 %gmem0_addr_2" [D:/project/DPUv2/dpu_conv.cpp:117->D:/project/DPUv2/dpu_conv.cpp:175]   --->   Operation 117 'writeresp' 'empty' <Predicate = (icmp_ln119_2)> <Delay = 8.03> <CoreInst = "m_axi">   --->   Core 111 'm_axi' <Latency = 3> <II = 1> <Delay = 1.00> <Adapter> <Opcode : 'readrequnaligned' 'writerequnaligned' 'read' 'write' 'readreq' 'writereq' 'writeresp'>

State 16 <SV = 15> <Delay = 0.00>
ST_16 : Operation 118 [4/5] (8.03ns)   --->   "%empty = writeresp i1 @_ssdm_op_WriteResp.m_axi.p1i8, i8 %gmem0_addr_2" [D:/project/DPUv2/dpu_conv.cpp:117->D:/project/DPUv2/dpu_conv.cpp:175]   --->   Operation 118 'writeresp' 'empty' <Predicate = (icmp_ln119_2)> <Delay = 8.03> <CoreInst = "m_axi">   --->   Core 111 'm_axi' <Latency = 3> <II = 1> <Delay = 1.00> <Adapter> <Opcode : 'readrequnaligned' 'writerequnaligned' 'read' 'write' 'readreq' 'writereq' 'writeresp'>

State 17 <SV = 16> <Delay = 0.00>
ST_17 : Operation 119 [3/5] (8.03ns)   --->   "%empty = writeresp i1 @_ssdm_op_WriteResp.m_axi.p1i8, i8 %gmem0_addr_2" [D:/project/DPUv2/dpu_conv.cpp:117->D:/project/DPUv2/dpu_conv.cpp:175]   --->   Operation 119 'writeresp' 'empty' <Predicate = (icmp_ln119_2)> <Delay = 8.03> <CoreInst = "m_axi">   --->   Core 111 'm_axi' <Latency = 3> <II = 1> <Delay = 1.00> <Adapter> <Opcode : 'readrequnaligned' 'writerequnaligned' 'read' 'write' 'readreq' 'writereq' 'writeresp'>

State 18 <SV = 17> <Delay = 1.58>
ST_18 : Operation 120 [2/5] (8.03ns)   --->   "%empty = writeresp i1 @_ssdm_op_WriteResp.m_axi.p1i8, i8 %gmem0_addr_2" [D:/project/DPUv2/dpu_conv.cpp:117->D:/project/DPUv2/dpu_conv.cpp:175]   --->   Operation 120 'writeresp' 'empty' <Predicate = (icmp_ln119_2)> <Delay = 8.03> <CoreInst = "m_axi">   --->   Core 111 'm_axi' <Latency = 3> <II = 1> <Delay = 1.00> <Adapter> <Opcode : 'readrequnaligned' 'writerequnaligned' 'read' 'write' 'readreq' 'writereq' 'writeresp'>
ST_18 : Operation 123 [1/1] (1.58ns)   --->   "%ret_ln0 = ret"   --->   Operation 123 'ret' 'ret_ln0' <Predicate = (icmp_ln115)> <Delay = 1.58>

State 19 <SV = 18> <Delay = 8.03>
ST_19 : Operation 121 [1/5] ( I:8.03ns O:8.03ns )   --->   "%empty = writeresp i1 @_ssdm_op_WriteResp.m_axi.p1i8, i8 %gmem0_addr_2" [D:/project/DPUv2/dpu_conv.cpp:117->D:/project/DPUv2/dpu_conv.cpp:175]   --->   Operation 121 'writeresp' 'empty' <Predicate = (icmp_ln119_2)> <Delay = 8.03> <CoreInst = "m_axi">   --->   Core 111 'm_axi' <Latency = 3> <II = 1> <Delay = 1.00> <Adapter> <Opcode : 'readrequnaligned' 'writerequnaligned' 'read' 'write' 'readreq' 'writereq' 'writeresp'>
ST_19 : Operation 122 [1/1] (0.00ns)   --->   "%br_ln119 = br void %new.latch.for.inc.i.split" [D:/project/DPUv2/dpu_conv.cpp:119->D:/project/DPUv2/dpu_conv.cpp:175]   --->   Operation 122 'br' 'br_ln119' <Predicate = (icmp_ln119_2)> <Delay = 0.00>


============================================================
+ Verbose Summary: Timing violations
============================================================
Target clock period: 11.000ns, clock uncertainty: 2.970ns.

 <State 1>: 1.588ns
The critical path consists of the following:
	'alloca' operation 24 bit ('indvar_flatten57') [13]  (0.000 ns)
	'store' operation ('store_ln0') of constant 0 24 bit on local variable 'indvar_flatten57' [23]  (1.588 ns)

 <State 2>: 6.233ns
The critical path consists of the following:
	'load' operation 16 bit ('indvar_flatten35_load', D:/project/DPUv2/dpu_conv.cpp:117->D:/project/DPUv2/dpu_conv.cpp:175) on local variable 'indvar_flatten35' [33]  (0.000 ns)
	'icmp' operation 1 bit ('icmp_ln117', D:/project/DPUv2/dpu_conv.cpp:117->D:/project/DPUv2/dpu_conv.cpp:175) [50]  (2.077 ns)
	'select' operation 1 bit ('select_ln115_4', D:/project/DPUv2/dpu_conv.cpp:115->D:/project/DPUv2/dpu_conv.cpp:175) [63]  (0.993 ns)
	'or' operation 1 bit ('or_ln119', D:/project/DPUv2/dpu_conv.cpp:119->D:/project/DPUv2/dpu_conv.cpp:175) [90]  (0.000 ns)
	'select' operation 8 bit ('select_ln119', D:/project/DPUv2/dpu_conv.cpp:119->D:/project/DPUv2/dpu_conv.cpp:175) [91]  (1.248 ns)
	'icmp' operation 1 bit ('icmp_ln119_2', D:/project/DPUv2/dpu_conv.cpp:119->D:/project/DPUv2/dpu_conv.cpp:175) [92]  (1.915 ns)

 <State 3>: 5.999ns
The critical path consists of the following:
	'load' operation 8 bit ('oh', D:/project/DPUv2/dpu_conv.cpp:119->D:/project/DPUv2/dpu_conv.cpp:175) on local variable 'oh', D:/project/DPUv2/dpu_conv.cpp:117->D:/project/DPUv2/dpu_conv.cpp:175 [32]  (0.000 ns)
	'select' operation 8 bit ('select_ln115', D:/project/DPUv2/dpu_conv.cpp:115->D:/project/DPUv2/dpu_conv.cpp:175) [51]  (1.248 ns)
	'add' operation 8 bit ('add_ln117', D:/project/DPUv2/dpu_conv.cpp:117->D:/project/DPUv2/dpu_conv.cpp:175) [65]  (1.915 ns)
	'select' operation 8 bit ('select_ln117_2', D:/project/DPUv2/dpu_conv.cpp:117->D:/project/DPUv2/dpu_conv.cpp:175) [74]  (1.248 ns)
	'store' operation ('store_ln117', D:/project/DPUv2/dpu_conv.cpp:117->D:/project/DPUv2/dpu_conv.cpp:175) of variable 'select_ln117_2', D:/project/DPUv2/dpu_conv.cpp:117->D:/project/DPUv2/dpu_conv.cpp:175 8 bit on local variable 'oh', D:/project/DPUv2/dpu_conv.cpp:117->D:/project/DPUv2/dpu_conv.cpp:175 [103]  (1.588 ns)

 <State 4>: 7.496ns
The critical path consists of the following:
	'select' operation 20 bit ('select_ln115_1', D:/project/DPUv2/dpu_conv.cpp:115->D:/project/DPUv2/dpu_conv.cpp:175) [56]  (0.708 ns)
	'add' operation 64 bit ('add_ln119_6', D:/project/DPUv2/dpu_conv.cpp:119->D:/project/DPUv2/dpu_conv.cpp:175) [72]  (5.307 ns)
	'select' operation 64 bit ('select_ln117_1', D:/project/DPUv2/dpu_conv.cpp:117->D:/project/DPUv2/dpu_conv.cpp:175) [73]  (1.481 ns)
	'getelementptr' operation 8 bit ('gmem0_addr', D:/project/DPUv2/dpu_conv.cpp:119->D:/project/DPUv2/dpu_conv.cpp:175) [81]  (0.000 ns)

 <State 5>: 8.030ns
The critical path consists of the following:
	bus request operation ('empty_69', D:/project/DPUv2/dpu_conv.cpp:119->D:/project/DPUv2/dpu_conv.cpp:175) on port 'gmem0' (D:/project/DPUv2/dpu_conv.cpp:119->D:/project/DPUv2/dpu_conv.cpp:175) [82]  (8.030 ns)

 <State 6>: 0.000ns
The critical path consists of the following:

 <State 7>: 0.000ns
The critical path consists of the following:

 <State 8>: 0.000ns
The critical path consists of the following:

 <State 9>: 0.000ns
The critical path consists of the following:

 <State 10>: 0.000ns
The critical path consists of the following:

 <State 11>: 0.000ns
The critical path consists of the following:

 <State 12>: 8.030ns
The critical path consists of the following:
	bus request operation ('empty_68', D:/project/DPUv2/dpu_conv.cpp:119->D:/project/DPUv2/dpu_conv.cpp:175) on port 'gmem2' (D:/project/DPUv2/dpu_conv.cpp:119->D:/project/DPUv2/dpu_conv.cpp:175) [80]  (8.030 ns)

 <State 13>: 8.030ns
The critical path consists of the following:
	bus read operation ('gmem2_addr_read', D:/project/DPUv2/dpu_conv.cpp:121->D:/project/DPUv2/dpu_conv.cpp:175) on port 'gmem2' (D:/project/DPUv2/dpu_conv.cpp:121->D:/project/DPUv2/dpu_conv.cpp:175) [86]  (8.030 ns)

 <State 14>: 8.030ns
The critical path consists of the following:
	bus write operation ('write_ln121', D:/project/DPUv2/dpu_conv.cpp:121->D:/project/DPUv2/dpu_conv.cpp:175) on port 'gmem0' (D:/project/DPUv2/dpu_conv.cpp:121->D:/project/DPUv2/dpu_conv.cpp:175) [88]  (8.030 ns)

 <State 15>: 0.000ns
The critical path consists of the following:

 <State 16>: 0.000ns
The critical path consists of the following:

 <State 17>: 0.000ns
The critical path consists of the following:

 <State 18>: 1.588ns
The critical path consists of the following:

 <State 19>: 8.030ns
The critical path consists of the following:
	bus response operation ('empty', D:/project/DPUv2/dpu_conv.cpp:117->D:/project/DPUv2/dpu_conv.cpp:175) on port 'gmem0' (D:/project/DPUv2/dpu_conv.cpp:117->D:/project/DPUv2/dpu_conv.cpp:175) [95]  (8.030 ns)


============================================================
+ Verbose Summary: Binding
============================================================
N/A
* FSMD analyzer results:
  - Output states:
 - Input state : 
  - Chain level:
	State 1
	State 2
	State 3
	State 4
	State 5
	State 6
	State 7
	State 8
	State 9
	State 10
	State 11
	State 12
	State 13
	State 14
	State 15
	State 16
	State 17
	State 18
	State 19


============================================================
+ Verbose Summary: Datapath Resource usage 
============================================================
N/A
