

================================================================
== Vitis HLS Report for 'dpu_conv_top'
================================================================
* Date:           Thu Sep 10 17:28:35 2026

* Version:        2025.2 (Build 6295257 on Nov 14 2025)
* Project:        dpu_conv_top
* Solution:       hls (Vivado IP Flow Target)
* Product family: zynq
* Target device:  xc7z020-clg400-1


================================================================
== Performance Estimates
================================================================
+ Timing: 
    * Summary: 
    +--------+----------+----------+------------+
    |  Clock |  Target  | Estimated| Uncertainty|
    +--------+----------+----------+------------+
    |ap_clk  |  11.00 ns|  8.030 ns|     2.97 ns|
    +--------+----------+----------+------------+

+ Latency: 
    * Summary: 
    +---------+-----------+----------+-----------+-----+-----------+---------+
    |   Latency (cycles)  |  Latency (absolute)  |     Interval    | Pipeline|
    |   min   |    max    |    min   |    max    | min |    max    |   Type  |
    +---------+-----------+----------+-----------+-----+-----------+---------+
    |      618|  167578581|  6.798 us|  1.843 sec|  619|  167578582|       no|
    +---------+-----------+----------+-----------+-----+-----------+---------+

    + Detail: 
        * Instance: 
        N/A

        * Loop: 
        N/A

============================================================
+ Verbose Summary: Synthesis Manager
============================================================
InlineROM: 1
ExposeGlobal: 0
============================================================
+ Verbose Summary: CDFG Model
============================================================
IsTopModel: 1
ResetActiveHigh: 1
IsCombinational: 0
IsDatapathOnly: 0
HasWiredReturn: 1
HasMFsm: 0
HasVarLatency: 1
IsPipeline: 0
IsRtlPipelined: 0
IsInstanceOverlapped: 0
IsDontTouch: 0
HasImplIP: 0
IsGatedGlobalClock: 0


============================================================
+ Verbose Summary: Schedule
============================================================
* Number of FSM states : 5
* Pipeline : 0
* Dataflow Pipeline: 0

* FSM state transitions: 
1 --> 2 
2 --> 3 5 
3 --> 4 
4 --> 
5 --> 4 

* FSM state operations: 

State 1 <SV = 0> <Delay = 6.63>
ST_1 : Operation 6 [1/1] (1.00ns)   --->   "%do_pool_read = read i1 @_ssdm_op_Read.s_axilite.i1, i1 %do_pool" [D:/project/DPUv2/dpu_conv.cpp:134]   --->   Operation 6 'read' 'do_pool_read' <Predicate = true> <Delay = 1.00> <CoreInst = "s_axilite">   --->   Core 112 's_axilite' <Latency = 0> <II = 1> <Delay = 1.00> <Adapter> <Opcode : 'read' 'write'>
ST_1 : Operation 7 [1/1] (1.00ns)   --->   "%do_relu_read = read i1 @_ssdm_op_Read.s_axilite.i1, i1 %do_relu" [D:/project/DPUv2/dpu_conv.cpp:134]   --->   Operation 7 'read' 'do_relu_read' <Predicate = true> <Delay = 1.00> <CoreInst = "s_axilite">   --->   Core 112 's_axilite' <Latency = 0> <II = 1> <Delay = 1.00> <Adapter> <Opcode : 'read' 'write'>
ST_1 : Operation 8 [1/1] (1.00ns)   --->   "%out_ch_read = read i8 @_ssdm_op_Read.s_axilite.i8, i8 %out_ch" [D:/project/DPUv2/dpu_conv.cpp:134]   --->   Operation 8 'read' 'out_ch_read' <Predicate = true> <Delay = 1.00> <CoreInst = "s_axilite">   --->   Core 112 's_axilite' <Latency = 0> <II = 1> <Delay = 1.00> <Adapter> <Opcode : 'read' 'write'>
ST_1 : Operation 9 [1/1] (1.00ns)   --->   "%in_ch_read = read i8 @_ssdm_op_Read.s_axilite.i8, i8 %in_ch" [D:/project/DPUv2/dpu_conv.cpp:134]   --->   Operation 9 'read' 'in_ch_read' <Predicate = true> <Delay = 1.00> <CoreInst = "s_axilite">   --->   Core 112 's_axilite' <Latency = 0> <II = 1> <Delay = 1.00> <Adapter> <Opcode : 'read' 'write'>
ST_1 : Operation 10 [1/1] (1.00ns)   --->   "%in_w_read = read i8 @_ssdm_op_Read.s_axilite.i8, i8 %in_w" [D:/project/DPUv2/dpu_conv.cpp:134]   --->   Operation 10 'read' 'in_w_read' <Predicate = true> <Delay = 1.00> <CoreInst = "s_axilite">   --->   Core 112 's_axilite' <Latency = 0> <II = 1> <Delay = 1.00> <Adapter> <Opcode : 'read' 'write'>
ST_1 : Operation 11 [1/1] (1.00ns)   --->   "%in_h_read = read i8 @_ssdm_op_Read.s_axilite.i8, i8 %in_h" [D:/project/DPUv2/dpu_conv.cpp:134]   --->   Operation 11 'read' 'in_h_read' <Predicate = true> <Delay = 1.00> <CoreInst = "s_axilite">   --->   Core 112 's_axilite' <Latency = 0> <II = 1> <Delay = 1.00> <Adapter> <Opcode : 'read' 'write'>
ST_1 : Operation 12 [1/1] (1.00ns)   --->   "%ofmap_read = read i64 @_ssdm_op_Read.s_axilite.i64, i64 %ofmap" [D:/project/DPUv2/dpu_conv.cpp:134]   --->   Operation 12 'read' 'ofmap_read' <Predicate = true> <Delay = 1.00> <CoreInst = "s_axilite">   --->   Core 112 's_axilite' <Latency = 0> <II = 1> <Delay = 1.00> <Adapter> <Opcode : 'read' 'write'>
ST_1 : Operation 13 [1/1] (1.00ns)   --->   "%conv_scratch_read = read i64 @_ssdm_op_Read.s_axilite.i64, i64 %conv_scratch" [D:/project/DPUv2/dpu_conv.cpp:134]   --->   Operation 13 'read' 'conv_scratch_read' <Predicate = true> <Delay = 1.00> <CoreInst = "s_axilite">   --->   Core 112 's_axilite' <Latency = 0> <II = 1> <Delay = 1.00> <Adapter> <Opcode : 'read' 'write'>
ST_1 : Operation 14 [1/1] (1.00ns)   --->   "%bias_read = read i64 @_ssdm_op_Read.s_axilite.i64, i64 %bias" [D:/project/DPUv2/dpu_conv.cpp:134]   --->   Operation 14 'read' 'bias_read' <Predicate = true> <Delay = 1.00> <CoreInst = "s_axilite">   --->   Core 112 's_axilite' <Latency = 0> <II = 1> <Delay = 1.00> <Adapter> <Opcode : 'read' 'write'>
ST_1 : Operation 15 [1/1] (1.00ns)   --->   "%weight_7_read = read i64 @_ssdm_op_Read.s_axilite.i64, i64 %weight_7" [D:/project/DPUv2/dpu_conv.cpp:134]   --->   Operation 15 'read' 'weight_7_read' <Predicate = true> <Delay = 1.00> <CoreInst = "s_axilite">   --->   Core 112 's_axilite' <Latency = 0> <II = 1> <Delay = 1.00> <Adapter> <Opcode : 'read' 'write'>
ST_1 : Operation 16 [1/1] (1.00ns)   --->   "%weight_6_read = read i64 @_ssdm_op_Read.s_axilite.i64, i64 %weight_6" [D:/project/DPUv2/dpu_conv.cpp:134]   --->   Operation 16 'read' 'weight_6_read' <Predicate = true> <Delay = 1.00> <CoreInst = "s_axilite">   --->   Core 112 's_axilite' <Latency = 0> <II = 1> <Delay = 1.00> <Adapter> <Opcode : 'read' 'write'>
ST_1 : Operation 17 [1/1] (1.00ns)   --->   "%weight_5_read = read i64 @_ssdm_op_Read.s_axilite.i64, i64 %weight_5" [D:/project/DPUv2/dpu_conv.cpp:134]   --->   Operation 17 'read' 'weight_5_read' <Predicate = true> <Delay = 1.00> <CoreInst = "s_axilite">   --->   Core 112 's_axilite' <Latency = 0> <II = 1> <Delay = 1.00> <Adapter> <Opcode : 'read' 'write'>
ST_1 : Operation 18 [1/1] (1.00ns)   --->   "%weight_4_read = read i64 @_ssdm_op_Read.s_axilite.i64, i64 %weight_4" [D:/project/DPUv2/dpu_conv.cpp:134]   --->   Operation 18 'read' 'weight_4_read' <Predicate = true> <Delay = 1.00> <CoreInst = "s_axilite">   --->   Core 112 's_axilite' <Latency = 0> <II = 1> <Delay = 1.00> <Adapter> <Opcode : 'read' 'write'>
ST_1 : Operation 19 [1/1] (1.00ns)   --->   "%weight_3_read = read i64 @_ssdm_op_Read.s_axilite.i64, i64 %weight_3" [D:/project/DPUv2/dpu_conv.cpp:134]   --->   Operation 19 'read' 'weight_3_read' <Predicate = true> <Delay = 1.00> <CoreInst = "s_axilite">   --->   Core 112 's_axilite' <Latency = 0> <II = 1> <Delay = 1.00> <Adapter> <Opcode : 'read' 'write'>
ST_1 : Operation 20 [1/1] (1.00ns)   --->   "%weight_2_read = read i64 @_ssdm_op_Read.s_axilite.i64, i64 %weight_2" [D:/project/DPUv2/dpu_conv.cpp:134]   --->   Operation 20 'read' 'weight_2_read' <Predicate = true> <Delay = 1.00> <CoreInst = "s_axilite">   --->   Core 112 's_axilite' <Latency = 0> <II = 1> <Delay = 1.00> <Adapter> <Opcode : 'read' 'write'>
ST_1 : Operation 21 [1/1] (1.00ns)   --->   "%weight_1_read = read i64 @_ssdm_op_Read.s_axilite.i64, i64 %weight_1" [D:/project/DPUv2/dpu_conv.cpp:134]   --->   Operation 21 'read' 'weight_1_read' <Predicate = true> <Delay = 1.00> <CoreInst = "s_axilite">   --->   Core 112 's_axilite' <Latency = 0> <II = 1> <Delay = 1.00> <Adapter> <Opcode : 'read' 'write'>
ST_1 : Operation 22 [1/1] (1.00ns)   --->   "%weight_0_read = read i64 @_ssdm_op_Read.s_axilite.i64, i64 %weight_0" [D:/project/DPUv2/dpu_conv.cpp:134]   --->   Operation 22 'read' 'weight_0_read' <Predicate = true> <Delay = 1.00> <CoreInst = "s_axilite">   --->   Core 112 's_axilite' <Latency = 0> <II = 1> <Delay = 1.00> <Adapter> <Opcode : 'read' 'write'>
ST_1 : Operation 23 [1/1] (1.00ns)   --->   "%ifmap_7_read = read i64 @_ssdm_op_Read.s_axilite.i64, i64 %ifmap_7" [D:/project/DPUv2/dpu_conv.cpp:134]   --->   Operation 23 'read' 'ifmap_7_read' <Predicate = true> <Delay = 1.00> <CoreInst = "s_axilite">   --->   Core 112 's_axilite' <Latency = 0> <II = 1> <Delay = 1.00> <Adapter> <Opcode : 'read' 'write'>
ST_1 : Operation 24 [1/1] (1.00ns)   --->   "%ifmap_6_read = read i64 @_ssdm_op_Read.s_axilite.i64, i64 %ifmap_6" [D:/project/DPUv2/dpu_conv.cpp:134]   --->   Operation 24 'read' 'ifmap_6_read' <Predicate = true> <Delay = 1.00> <CoreInst = "s_axilite">   --->   Core 112 's_axilite' <Latency = 0> <II = 1> <Delay = 1.00> <Adapter> <Opcode : 'read' 'write'>
ST_1 : Operation 25 [1/1] (1.00ns)   --->   "%ifmap_5_read = read i64 @_ssdm_op_Read.s_axilite.i64, i64 %ifmap_5" [D:/project/DPUv2/dpu_conv.cpp:134]   --->   Operation 25 'read' 'ifmap_5_read' <Predicate = true> <Delay = 1.00> <CoreInst = "s_axilite">   --->   Core 112 's_axilite' <Latency = 0> <II = 1> <Delay = 1.00> <Adapter> <Opcode : 'read' 'write'>
ST_1 : Operation 26 [1/1] (1.00ns)   --->   "%ifmap_4_read = read i64 @_ssdm_op_Read.s_axilite.i64, i64 %ifmap_4" [D:/project/DPUv2/dpu_conv.cpp:134]   --->   Operation 26 'read' 'ifmap_4_read' <Predicate = true> <Delay = 1.00> <CoreInst = "s_axilite">   --->   Core 112 's_axilite' <Latency = 0> <II = 1> <Delay = 1.00> <Adapter> <Opcode : 'read' 'write'>
ST_1 : Operation 27 [1/1] (1.00ns)   --->   "%ifmap_3_read = read i64 @_ssdm_op_Read.s_axilite.i64, i64 %ifmap_3" [D:/project/DPUv2/dpu_conv.cpp:134]   --->   Operation 27 'read' 'ifmap_3_read' <Predicate = true> <Delay = 1.00> <CoreInst = "s_axilite">   --->   Core 112 's_axilite' <Latency = 0> <II = 1> <Delay = 1.00> <Adapter> <Opcode : 'read' 'write'>
ST_1 : Operation 28 [1/1] (1.00ns)   --->   "%ifmap_2_read = read i64 @_ssdm_op_Read.s_axilite.i64, i64 %ifmap_2" [D:/project/DPUv2/dpu_conv.cpp:134]   --->   Operation 28 'read' 'ifmap_2_read' <Predicate = true> <Delay = 1.00> <CoreInst = "s_axilite">   --->   Core 112 's_axilite' <Latency = 0> <II = 1> <Delay = 1.00> <Adapter> <Opcode : 'read' 'write'>
ST_1 : Operation 29 [1/1] (1.00ns)   --->   "%ifmap_1_read = read i64 @_ssdm_op_Read.s_axilite.i64, i64 %ifmap_1" [D:/project/DPUv2/dpu_conv.cpp:134]   --->   Operation 29 'read' 'ifmap_1_read' <Predicate = true> <Delay = 1.00> <CoreInst = "s_axilite">   --->   Core 112 's_axilite' <Latency = 0> <II = 1> <Delay = 1.00> <Adapter> <Opcode : 'read' 'write'>
ST_1 : Operation 30 [1/1] (1.00ns)   --->   "%ifmap_0_read = read i64 @_ssdm_op_Read.s_axilite.i64, i64 %ifmap_0" [D:/project/DPUv2/dpu_conv.cpp:134]   --->   Operation 30 'read' 'ifmap_0_read' <Predicate = true> <Delay = 1.00> <CoreInst = "s_axilite">   --->   Core 112 's_axilite' <Latency = 0> <II = 1> <Delay = 1.00> <Adapter> <Opcode : 'read' 'write'>
ST_1 : Operation 31 [2/2] (5.63ns)   --->   "%call_ret = call i64 @conv3x3_relu, i8 %gmem0_0, i64 %ifmap_0_read, i8 %gmem0_1, i64 %ifmap_1_read, i8 %gmem0_2, i64 %ifmap_2_read, i8 %gmem0_3, i64 %ifmap_3_read, i8 %gmem0_4, i64 %ifmap_4_read, i8 %gmem0_5, i64 %ifmap_5_read, i8 %gmem0_6, i64 %ifmap_6_read, i8 %gmem0_7, i64 %ifmap_7_read, i8 %gmem1_0, i64 %weight_0_read, i8 %gmem1_1, i64 %weight_1_read, i8 %gmem1_2, i64 %weight_2_read, i8 %gmem1_3, i64 %weight_3_read, i8 %gmem1_4, i64 %weight_4_read, i8 %gmem1_5, i64 %weight_5_read, i8 %gmem1_6, i64 %weight_6_read, i8 %gmem1_7, i64 %weight_7_read, i32 %gmem1, i64 %bias_read, i8 %gmem2, i64 %conv_scratch_read, i8 %in_h_read, i8 %in_w_read, i8 %in_ch_read, i8 %out_ch_read, i1 %do_relu_read" [D:/project/DPUv2/dpu_conv.cpp:168]   --->   Operation 31 'call' 'call_ret' <Predicate = true> <Delay = 5.63> <CoreType = "Generic">   --->   Generic Core

State 2 <SV = 1> <Delay = 4.17>
ST_2 : Operation 32 [1/1] (0.00ns)   --->   "%spectopmodule_ln128 = spectopmodule void @_ssdm_op_SpecTopModule, void @empty_8" [D:/project/DPUv2/dpu_conv.cpp:128]   --->   Operation 32 'spectopmodule' 'spectopmodule_ln128' <Predicate = true> <Delay = 0.00>
ST_2 : Operation 33 [1/1] (0.00ns)   --->   "%specinterface_ln0 = specinterface void @_ssdm_op_SpecInterface, i8 %gmem0_0, void @empty_42, i32 0, i32 0, void @empty_47, i32 0, i32 262144, void @empty_44, void @empty_48, void @empty_47, i32 16, i32 16, i32 16, i32 16, void @empty_47, void @empty_47, i32 4294967295, i32 0, i32 0, i32 1"   --->   Operation 33 'specinterface' 'specinterface_ln0' <Predicate = true> <Delay = 0.00>
ST_2 : Operation 34 [1/1] (0.00ns)   --->   "%specbitsmap_ln0 = specbitsmap void @_ssdm_op_SpecBitsMap, i8 %gmem0_0"   --->   Operation 34 'specbitsmap' 'specbitsmap_ln0' <Predicate = true> <Delay = 0.00>
ST_2 : Operation 35 [1/1] (0.00ns)   --->   "%specinterface_ln0 = specinterface void @_ssdm_op_SpecInterface, i8 %gmem0_1, void @empty_42, i32 0, i32 0, void @empty_47, i32 0, i32 262144, void @empty_49, void @empty_48, void @empty_47, i32 16, i32 16, i32 16, i32 16, void @empty_47, void @empty_47, i32 4294967295, i32 0, i32 0, i32 1"   --->   Operation 35 'specinterface' 'specinterface_ln0' <Predicate = true> <Delay = 0.00>
ST_2 : Operation 36 [1/1] (0.00ns)   --->   "%specbitsmap_ln0 = specbitsmap void @_ssdm_op_SpecBitsMap, i8 %gmem0_1"   --->   Operation 36 'specbitsmap' 'specbitsmap_ln0' <Predicate = true> <Delay = 0.00>
ST_2 : Operation 37 [1/1] (0.00ns)   --->   "%specinterface_ln0 = specinterface void @_ssdm_op_SpecInterface, i8 %gmem0_2, void @empty_42, i32 0, i32 0, void @empty_47, i32 0, i32 262144, void @empty, void @empty_48, void @empty_47, i32 16, i32 16, i32 16, i32 16, void @empty_47, void @empty_47, i32 4294967295, i32 0, i32 0, i32 1"   --->   Operation 37 'specinterface' 'specinterface_ln0' <Predicate = true> <Delay = 0.00>
ST_2 : Operation 38 [1/1] (0.00ns)   --->   "%specbitsmap_ln0 = specbitsmap void @_ssdm_op_SpecBitsMap, i8 %gmem0_2"   --->   Operation 38 'specbitsmap' 'specbitsmap_ln0' <Predicate = true> <Delay = 0.00>
ST_2 : Operation 39 [1/1] (0.00ns)   --->   "%specinterface_ln0 = specinterface void @_ssdm_op_SpecInterface, i8 %gmem0_3, void @empty_42, i32 0, i32 0, void @empty_47, i32 0, i32 262144, void @empty_0, void @empty_48, void @empty_47, i32 16, i32 16, i32 16, i32 16, void @empty_47, void @empty_47, i32 4294967295, i32 0, i32 0, i32 1"   --->   Operation 39 'specinterface' 'specinterface_ln0' <Predicate = true> <Delay = 0.00>
ST_2 : Operation 40 [1/1] (0.00ns)   --->   "%specbitsmap_ln0 = specbitsmap void @_ssdm_op_SpecBitsMap, i8 %gmem0_3"   --->   Operation 40 'specbitsmap' 'specbitsmap_ln0' <Predicate = true> <Delay = 0.00>
ST_2 : Operation 41 [1/1] (0.00ns)   --->   "%specinterface_ln0 = specinterface void @_ssdm_op_SpecInterface, i8 %gmem0_4, void @empty_42, i32 0, i32 0, void @empty_47, i32 0, i32 262144, void @empty_1, void @empty_48, void @empty_47, i32 16, i32 16, i32 16, i32 16, void @empty_47, void @empty_47, i32 4294967295, i32 0, i32 0, i32 1"   --->   Operation 41 'specinterface' 'specinterface_ln0' <Predicate = true> <Delay = 0.00>
ST_2 : Operation 42 [1/1] (0.00ns)   --->   "%specbitsmap_ln0 = specbitsmap void @_ssdm_op_SpecBitsMap, i8 %gmem0_4"   --->   Operation 42 'specbitsmap' 'specbitsmap_ln0' <Predicate = true> <Delay = 0.00>
ST_2 : Operation 43 [1/1] (0.00ns)   --->   "%specinterface_ln0 = specinterface void @_ssdm_op_SpecInterface, i8 %gmem0_5, void @empty_42, i32 0, i32 0, void @empty_47, i32 0, i32 262144, void @empty_38, void @empty_48, void @empty_47, i32 16, i32 16, i32 16, i32 16, void @empty_47, void @empty_47, i32 4294967295, i32 0, i32 0, i32 1"   --->   Operation 43 'specinterface' 'specinterface_ln0' <Predicate = true> <Delay = 0.00>
ST_2 : Operation 44 [1/1] (0.00ns)   --->   "%specbitsmap_ln0 = specbitsmap void @_ssdm_op_SpecBitsMap, i8 %gmem0_5"   --->   Operation 44 'specbitsmap' 'specbitsmap_ln0' <Predicate = true> <Delay = 0.00>
ST_2 : Operation 45 [1/1] (0.00ns)   --->   "%specinterface_ln0 = specinterface void @_ssdm_op_SpecInterface, i8 %gmem0_6, void @empty_42, i32 0, i32 0, void @empty_47, i32 0, i32 262144, void @empty_3, void @empty_48, void @empty_47, i32 16, i32 16, i32 16, i32 16, void @empty_47, void @empty_47, i32 4294967295, i32 0, i32 0, i32 1"   --->   Operation 45 'specinterface' 'specinterface_ln0' <Predicate = true> <Delay = 0.00>
ST_2 : Operation 46 [1/1] (0.00ns)   --->   "%specbitsmap_ln0 = specbitsmap void @_ssdm_op_SpecBitsMap, i8 %gmem0_6"   --->   Operation 46 'specbitsmap' 'specbitsmap_ln0' <Predicate = true> <Delay = 0.00>
ST_2 : Operation 47 [1/1] (0.00ns)   --->   "%specinterface_ln0 = specinterface void @_ssdm_op_SpecInterface, i8 %gmem0_7, void @empty_42, i32 0, i32 0, void @empty_47, i32 0, i32 262144, void @empty_4, void @empty_48, void @empty_47, i32 16, i32 16, i32 16, i32 16, void @empty_47, void @empty_47, i32 4294967295, i32 0, i32 0, i32 1"   --->   Operation 47 'specinterface' 'specinterface_ln0' <Predicate = true> <Delay = 0.00>
ST_2 : Operation 48 [1/1] (0.00ns)   --->   "%specbitsmap_ln0 = specbitsmap void @_ssdm_op_SpecBitsMap, i8 %gmem0_7"   --->   Operation 48 'specbitsmap' 'specbitsmap_ln0' <Predicate = true> <Delay = 0.00>
ST_2 : Operation 49 [1/1] (0.00ns)   --->   "%specinterface_ln0 = specinterface void @_ssdm_op_SpecInterface, i8 %gmem1_0, void @empty_42, i32 0, i32 0, void @empty_47, i32 0, i32 36864, void @empty_5, void @empty_48, void @empty_47, i32 16, i32 16, i32 16, i32 16, void @empty_47, void @empty_47, i32 4294967295, i32 0, i32 0, i32 1"   --->   Operation 49 'specinterface' 'specinterface_ln0' <Predicate = true> <Delay = 0.00>
ST_2 : Operation 50 [1/1] (0.00ns)   --->   "%specbitsmap_ln0 = specbitsmap void @_ssdm_op_SpecBitsMap, i8 %gmem1_0"   --->   Operation 50 'specbitsmap' 'specbitsmap_ln0' <Predicate = true> <Delay = 0.00>
ST_2 : Operation 51 [1/1] (0.00ns)   --->   "%specinterface_ln0 = specinterface void @_ssdm_op_SpecInterface, i8 %gmem1_1, void @empty_42, i32 0, i32 0, void @empty_47, i32 0, i32 36864, void @empty_6, void @empty_48, void @empty_47, i32 16, i32 16, i32 16, i32 16, void @empty_47, void @empty_47, i32 4294967295, i32 0, i32 0, i32 1"   --->   Operation 51 'specinterface' 'specinterface_ln0' <Predicate = true> <Delay = 0.00>
ST_2 : Operation 52 [1/1] (0.00ns)   --->   "%specbitsmap_ln0 = specbitsmap void @_ssdm_op_SpecBitsMap, i8 %gmem1_1"   --->   Operation 52 'specbitsmap' 'specbitsmap_ln0' <Predicate = true> <Delay = 0.00>
ST_2 : Operation 53 [1/1] (0.00ns)   --->   "%specinterface_ln0 = specinterface void @_ssdm_op_SpecInterface, i8 %gmem1_2, void @empty_42, i32 0, i32 0, void @empty_47, i32 0, i32 36864, void @empty_7, void @empty_48, void @empty_47, i32 16, i32 16, i32 16, i32 16, void @empty_47, void @empty_47, i32 4294967295, i32 0, i32 0, i32 1"   --->   Operation 53 'specinterface' 'specinterface_ln0' <Predicate = true> <Delay = 0.00>
ST_2 : Operation 54 [1/1] (0.00ns)   --->   "%specbitsmap_ln0 = specbitsmap void @_ssdm_op_SpecBitsMap, i8 %gmem1_2"   --->   Operation 54 'specbitsmap' 'specbitsmap_ln0' <Predicate = true> <Delay = 0.00>
ST_2 : Operation 55 [1/1] (0.00ns)   --->   "%specinterface_ln0 = specinterface void @_ssdm_op_SpecInterface, i8 %gmem1_3, void @empty_42, i32 0, i32 0, void @empty_47, i32 0, i32 36864, void @empty_2, void @empty_48, void @empty_47, i32 16, i32 16, i32 16, i32 16, void @empty_47, void @empty_47, i32 4294967295, i32 0, i32 0, i32 1"   --->   Operation 55 'specinterface' 'specinterface_ln0' <Predicate = true> <Delay = 0.00>
ST_2 : Operation 56 [1/1] (0.00ns)   --->   "%specbitsmap_ln0 = specbitsmap void @_ssdm_op_SpecBitsMap, i8 %gmem1_3"   --->   Operation 56 'specbitsmap' 'specbitsmap_ln0' <Predicate = true> <Delay = 0.00>
ST_2 : Operation 57 [1/1] (0.00ns)   --->   "%specinterface_ln0 = specinterface void @_ssdm_op_SpecInterface, i8 %gmem1_4, void @empty_42, i32 0, i32 0, void @empty_47, i32 0, i32 36864, void @empty_9, void @empty_48, void @empty_47, i32 16, i32 16, i32 16, i32 16, void @empty_47, void @empty_47, i32 4294967295, i32 0, i32 0, i32 1"   --->   Operation 57 'specinterface' 'specinterface_ln0' <Predicate = true> <Delay = 0.00>
ST_2 : Operation 58 [1/1] (0.00ns)   --->   "%specbitsmap_ln0 = specbitsmap void @_ssdm_op_SpecBitsMap, i8 %gmem1_4"   --->   Operation 58 'specbitsmap' 'specbitsmap_ln0' <Predicate = true> <Delay = 0.00>
ST_2 : Operation 59 [1/1] (0.00ns)   --->   "%specinterface_ln0 = specinterface void @_ssdm_op_SpecInterface, i8 %gmem1_5, void @empty_42, i32 0, i32 0, void @empty_47, i32 0, i32 36864, void @empty_10, void @empty_48, void @empty_47, i32 16, i32 16, i32 16, i32 16, void @empty_47, void @empty_47, i32 4294967295, i32 0, i32 0, i32 1"   --->   Operation 59 'specinterface' 'specinterface_ln0' <Predicate = true> <Delay = 0.00>
ST_2 : Operation 60 [1/1] (0.00ns)   --->   "%specbitsmap_ln0 = specbitsmap void @_ssdm_op_SpecBitsMap, i8 %gmem1_5"   --->   Operation 60 'specbitsmap' 'specbitsmap_ln0' <Predicate = true> <Delay = 0.00>
ST_2 : Operation 61 [1/1] (0.00ns)   --->   "%specinterface_ln0 = specinterface void @_ssdm_op_SpecInterface, i8 %gmem1_6, void @empty_42, i32 0, i32 0, void @empty_47, i32 0, i32 36864, void @empty_11, void @empty_48, void @empty_47, i32 16, i32 16, i32 16, i32 16, void @empty_47, void @empty_47, i32 4294967295, i32 0, i32 0, i32 1"   --->   Operation 61 'specinterface' 'specinterface_ln0' <Predicate = true> <Delay = 0.00>
ST_2 : Operation 62 [1/1] (0.00ns)   --->   "%specbitsmap_ln0 = specbitsmap void @_ssdm_op_SpecBitsMap, i8 %gmem1_6"   --->   Operation 62 'specbitsmap' 'specbitsmap_ln0' <Predicate = true> <Delay = 0.00>
ST_2 : Operation 63 [1/1] (0.00ns)   --->   "%specinterface_ln0 = specinterface void @_ssdm_op_SpecInterface, i8 %gmem1_7, void @empty_42, i32 0, i32 0, void @empty_47, i32 0, i32 36864, void @empty_12, void @empty_48, void @empty_47, i32 16, i32 16, i32 16, i32 16, void @empty_47, void @empty_47, i32 4294967295, i32 0, i32 0, i32 1"   --->   Operation 63 'specinterface' 'specinterface_ln0' <Predicate = true> <Delay = 0.00>
ST_2 : Operation 64 [1/1] (0.00ns)   --->   "%specbitsmap_ln0 = specbitsmap void @_ssdm_op_SpecBitsMap, i8 %gmem1_7"   --->   Operation 64 'specbitsmap' 'specbitsmap_ln0' <Predicate = true> <Delay = 0.00>
ST_2 : Operation 65 [1/1] (0.00ns)   --->   "%specinterface_ln0 = specinterface void @_ssdm_op_SpecInterface, i32 %gmem1, void @empty_42, i32 0, i32 0, void @empty_47, i32 0, i32 64, void @empty_13, void @empty_48, void @empty_47, i32 16, i32 16, i32 16, i32 16, void @empty_47, void @empty_47, i32 4294967295, i32 0, i32 0, i32 4"   --->   Operation 65 'specinterface' 'specinterface_ln0' <Predicate = true> <Delay = 0.00>
ST_2 : Operation 66 [1/1] (0.00ns)   --->   "%specbitsmap_ln0 = specbitsmap void @_ssdm_op_SpecBitsMap, i32 %gmem1"   --->   Operation 66 'specbitsmap' 'specbitsmap_ln0' <Predicate = true> <Delay = 0.00>
ST_2 : Operation 67 [1/1] (0.00ns)   --->   "%specinterface_ln0 = specinterface void @_ssdm_op_SpecInterface, i8 %gmem2, void @empty_42, i32 0, i32 0, void @empty_47, i32 0, i32 262144, void @empty_14, void @empty_48, void @empty_47, i32 16, i32 16, i32 16, i32 16, void @empty_47, void @empty_47, i32 4294967295, i32 0, i32 0, i32 1"   --->   Operation 67 'specinterface' 'specinterface_ln0' <Predicate = true> <Delay = 0.00>
ST_2 : Operation 68 [1/1] (0.00ns)   --->   "%specbitsmap_ln0 = specbitsmap void @_ssdm_op_SpecBitsMap, i8 %gmem2"   --->   Operation 68 'specbitsmap' 'specbitsmap_ln0' <Predicate = true> <Delay = 0.00>
ST_2 : Operation 69 [1/1] (0.00ns)   --->   "%specinterface_ln0 = specinterface void @_ssdm_op_SpecInterface, i8 %gmem0, void @empty_42, i32 0, i32 0, void @empty_47, i32 0, i32 262144, void @empty_15, void @empty_48, void @empty_47, i32 16, i32 16, i32 16, i32 16, void @empty_47, void @empty_47, i32 4294967295, i32 0, i32 0, i32 1"   --->   Operation 69 'specinterface' 'specinterface_ln0' <Predicate = true> <Delay = 0.00>
ST_2 : Operation 70 [1/1] (0.00ns)   --->   "%specbitsmap_ln0 = specbitsmap void @_ssdm_op_SpecBitsMap, i8 %gmem0"   --->   Operation 70 'specbitsmap' 'specbitsmap_ln0' <Predicate = true> <Delay = 0.00>
ST_2 : Operation 71 [1/1] (0.00ns)   --->   "%specinterface_ln0 = specinterface void @_ssdm_op_SpecInterface, i64 %ifmap_0, void @empty_16, i32 0, i32 0, void @empty_47, i32 0, i32 0, void @empty_17, void @empty_18, void @empty_47, i32 0, i32 0, i32 0, i32 0, void @empty_47, void @empty_19, i32 4294967295, i32 0, i32 0, i32 0"   --->   Operation 71 'specinterface' 'specinterface_ln0' <Predicate = true> <Delay = 0.00>
ST_2 : Operation 72 [1/1] (0.00ns)   --->   "%specinterface_ln0 = specinterface void @_ssdm_op_SpecInterface, i64 %ifmap_0, void @empty_20, i32 0, i32 0, void @empty_47, i32 0, i32 0, void @empty_47, void @empty_47, void @empty_47, i32 0, i32 0, i32 0, i32 0, void @empty_47, void @empty_19, i32 4294967295, i32 0, i32 0, i32 0"   --->   Operation 72 'specinterface' 'specinterface_ln0' <Predicate = true> <Delay = 0.00>
ST_2 : Operation 73 [1/1] (0.00ns)   --->   "%specinterface_ln0 = specinterface void @_ssdm_op_SpecInterface, i64 %ifmap_1, void @empty_16, i32 0, i32 0, void @empty_47, i32 0, i32 0, void @empty_17, void @empty_21, void @empty_47, i32 0, i32 0, i32 0, i32 0, void @empty_47, void @empty_19, i32 4294967295, i32 0, i32 0, i32 0"   --->   Operation 73 'specinterface' 'specinterface_ln0' <Predicate = true> <Delay = 0.00>
ST_2 : Operation 74 [1/1] (0.00ns)   --->   "%specinterface_ln0 = specinterface void @_ssdm_op_SpecInterface, i64 %ifmap_1, void @empty_20, i32 0, i32 0, void @empty_47, i32 0, i32 0, void @empty_47, void @empty_47, void @empty_47, i32 0, i32 0, i32 0, i32 0, void @empty_47, void @empty_19, i32 4294967295, i32 0, i32 0, i32 0"   --->   Operation 74 'specinterface' 'specinterface_ln0' <Predicate = true> <Delay = 0.00>
ST_2 : Operation 75 [1/1] (0.00ns)   --->   "%specinterface_ln0 = specinterface void @_ssdm_op_SpecInterface, i64 %ifmap_2, void @empty_16, i32 0, i32 0, void @empty_47, i32 0, i32 0, void @empty_17, void @empty_22, void @empty_47, i32 0, i32 0, i32 0, i32 0, void @empty_47, void @empty_19, i32 4294967295, i32 0, i32 0, i32 0"   --->   Operation 75 'specinterface' 'specinterface_ln0' <Predicate = true> <Delay = 0.00>
ST_2 : Operation 76 [1/1] (0.00ns)   --->   "%specinterface_ln0 = specinterface void @_ssdm_op_SpecInterface, i64 %ifmap_2, void @empty_20, i32 0, i32 0, void @empty_47, i32 0, i32 0, void @empty_47, void @empty_47, void @empty_47, i32 0, i32 0, i32 0, i32 0, void @empty_47, void @empty_19, i32 4294967295, i32 0, i32 0, i32 0"   --->   Operation 76 'specinterface' 'specinterface_ln0' <Predicate = true> <Delay = 0.00>
ST_2 : Operation 77 [1/1] (0.00ns)   --->   "%specinterface_ln0 = specinterface void @_ssdm_op_SpecInterface, i64 %ifmap_3, void @empty_16, i32 0, i32 0, void @empty_47, i32 0, i32 0, void @empty_17, void @empty_23, void @empty_47, i32 0, i32 0, i32 0, i32 0, void @empty_47, void @empty_19, i32 4294967295, i32 0, i32 0, i32 0"   --->   Operation 77 'specinterface' 'specinterface_ln0' <Predicate = true> <Delay = 0.00>
ST_2 : Operation 78 [1/1] (0.00ns)   --->   "%specinterface_ln0 = specinterface void @_ssdm_op_SpecInterface, i64 %ifmap_3, void @empty_20, i32 0, i32 0, void @empty_47, i32 0, i32 0, void @empty_47, void @empty_47, void @empty_47, i32 0, i32 0, i32 0, i32 0, void @empty_47, void @empty_19, i32 4294967295, i32 0, i32 0, i32 0"   --->   Operation 78 'specinterface' 'specinterface_ln0' <Predicate = true> <Delay = 0.00>
ST_2 : Operation 79 [1/1] (0.00ns)   --->   "%specinterface_ln0 = specinterface void @_ssdm_op_SpecInterface, i64 %ifmap_4, void @empty_16, i32 0, i32 0, void @empty_47, i32 0, i32 0, void @empty_17, void @empty_24, void @empty_47, i32 0, i32 0, i32 0, i32 0, void @empty_47, void @empty_19, i32 4294967295, i32 0, i32 0, i32 0"   --->   Operation 79 'specinterface' 'specinterface_ln0' <Predicate = true> <Delay = 0.00>
ST_2 : Operation 80 [1/1] (0.00ns)   --->   "%specinterface_ln0 = specinterface void @_ssdm_op_SpecInterface, i64 %ifmap_4, void @empty_20, i32 0, i32 0, void @empty_47, i32 0, i32 0, void @empty_47, void @empty_47, void @empty_47, i32 0, i32 0, i32 0, i32 0, void @empty_47, void @empty_19, i32 4294967295, i32 0, i32 0, i32 0"   --->   Operation 80 'specinterface' 'specinterface_ln0' <Predicate = true> <Delay = 0.00>
ST_2 : Operation 81 [1/1] (0.00ns)   --->   "%specinterface_ln0 = specinterface void @_ssdm_op_SpecInterface, i64 %ifmap_5, void @empty_16, i32 0, i32 0, void @empty_47, i32 0, i32 0, void @empty_17, void @empty_25, void @empty_47, i32 0, i32 0, i32 0, i32 0, void @empty_47, void @empty_19, i32 4294967295, i32 0, i32 0, i32 0"   --->   Operation 81 'specinterface' 'specinterface_ln0' <Predicate = true> <Delay = 0.00>
ST_2 : Operation 82 [1/1] (0.00ns)   --->   "%specinterface_ln0 = specinterface void @_ssdm_op_SpecInterface, i64 %ifmap_5, void @empty_20, i32 0, i32 0, void @empty_47, i32 0, i32 0, void @empty_47, void @empty_47, void @empty_47, i32 0, i32 0, i32 0, i32 0, void @empty_47, void @empty_19, i32 4294967295, i32 0, i32 0, i32 0"   --->   Operation 82 'specinterface' 'specinterface_ln0' <Predicate = true> <Delay = 0.00>
ST_2 : Operation 83 [1/1] (0.00ns)   --->   "%specinterface_ln0 = specinterface void @_ssdm_op_SpecInterface, i64 %ifmap_6, void @empty_16, i32 0, i32 0, void @empty_47, i32 0, i32 0, void @empty_17, void @empty_26, void @empty_47, i32 0, i32 0, i32 0, i32 0, void @empty_47, void @empty_19, i32 4294967295, i32 0, i32 0, i32 0"   --->   Operation 83 'specinterface' 'specinterface_ln0' <Predicate = true> <Delay = 0.00>
ST_2 : Operation 84 [1/1] (0.00ns)   --->   "%specinterface_ln0 = specinterface void @_ssdm_op_SpecInterface, i64 %ifmap_6, void @empty_20, i32 0, i32 0, void @empty_47, i32 0, i32 0, void @empty_47, void @empty_47, void @empty_47, i32 0, i32 0, i32 0, i32 0, void @empty_47, void @empty_19, i32 4294967295, i32 0, i32 0, i32 0"   --->   Operation 84 'specinterface' 'specinterface_ln0' <Predicate = true> <Delay = 0.00>
ST_2 : Operation 85 [1/1] (0.00ns)   --->   "%specinterface_ln0 = specinterface void @_ssdm_op_SpecInterface, i64 %ifmap_7, void @empty_16, i32 0, i32 0, void @empty_47, i32 0, i32 0, void @empty_17, void @empty_27, void @empty_47, i32 0, i32 0, i32 0, i32 0, void @empty_47, void @empty_19, i32 4294967295, i32 0, i32 0, i32 0"   --->   Operation 85 'specinterface' 'specinterface_ln0' <Predicate = true> <Delay = 0.00>
ST_2 : Operation 86 [1/1] (0.00ns)   --->   "%specinterface_ln0 = specinterface void @_ssdm_op_SpecInterface, i64 %ifmap_7, void @empty_20, i32 0, i32 0, void @empty_47, i32 0, i32 0, void @empty_47, void @empty_47, void @empty_47, i32 0, i32 0, i32 0, i32 0, void @empty_47, void @empty_19, i32 4294967295, i32 0, i32 0, i32 0"   --->   Operation 86 'specinterface' 'specinterface_ln0' <Predicate = true> <Delay = 0.00>
ST_2 : Operation 87 [1/1] (0.00ns)   --->   "%specinterface_ln0 = specinterface void @_ssdm_op_SpecInterface, i64 %weight_0, void @empty_16, i32 0, i32 0, void @empty_47, i32 0, i32 0, void @empty_17, void @empty_28, void @empty_47, i32 0, i32 0, i32 0, i32 0, void @empty_47, void @empty_19, i32 4294967295, i32 0, i32 0, i32 0"   --->   Operation 87 'specinterface' 'specinterface_ln0' <Predicate = true> <Delay = 0.00>
ST_2 : Operation 88 [1/1] (0.00ns)   --->   "%specinterface_ln0 = specinterface void @_ssdm_op_SpecInterface, i64 %weight_0, void @empty_20, i32 0, i32 0, void @empty_47, i32 0, i32 0, void @empty_47, void @empty_47, void @empty_47, i32 0, i32 0, i32 0, i32 0, void @empty_47, void @empty_19, i32 4294967295, i32 0, i32 0, i32 0"   --->   Operation 88 'specinterface' 'specinterface_ln0' <Predicate = true> <Delay = 0.00>
ST_2 : Operation 89 [1/1] (0.00ns)   --->   "%specinterface_ln0 = specinterface void @_ssdm_op_SpecInterface, i64 %weight_1, void @empty_16, i32 0, i32 0, void @empty_47, i32 0, i32 0, void @empty_17, void @empty_29, void @empty_47, i32 0, i32 0, i32 0, i32 0, void @empty_47, void @empty_19, i32 4294967295, i32 0, i32 0, i32 0"   --->   Operation 89 'specinterface' 'specinterface_ln0' <Predicate = true> <Delay = 0.00>
ST_2 : Operation 90 [1/1] (0.00ns)   --->   "%specinterface_ln0 = specinterface void @_ssdm_op_SpecInterface, i64 %weight_1, void @empty_20, i32 0, i32 0, void @empty_47, i32 0, i32 0, void @empty_47, void @empty_47, void @empty_47, i32 0, i32 0, i32 0, i32 0, void @empty_47, void @empty_19, i32 4294967295, i32 0, i32 0, i32 0"   --->   Operation 90 'specinterface' 'specinterface_ln0' <Predicate = true> <Delay = 0.00>
ST_2 : Operation 91 [1/1] (0.00ns)   --->   "%specinterface_ln0 = specinterface void @_ssdm_op_SpecInterface, i64 %weight_2, void @empty_16, i32 0, i32 0, void @empty_47, i32 0, i32 0, void @empty_17, void @empty_30, void @empty_47, i32 0, i32 0, i32 0, i32 0, void @empty_47, void @empty_19, i32 4294967295, i32 0, i32 0, i32 0"   --->   Operation 91 'specinterface' 'specinterface_ln0' <Predicate = true> <Delay = 0.00>
ST_2 : Operation 92 [1/1] (0.00ns)   --->   "%specinterface_ln0 = specinterface void @_ssdm_op_SpecInterface, i64 %weight_2, void @empty_20, i32 0, i32 0, void @empty_47, i32 0, i32 0, void @empty_47, void @empty_47, void @empty_47, i32 0, i32 0, i32 0, i32 0, void @empty_47, void @empty_19, i32 4294967295, i32 0, i32 0, i32 0"   --->   Operation 92 'specinterface' 'specinterface_ln0' <Predicate = true> <Delay = 0.00>
ST_2 : Operation 93 [1/1] (0.00ns)   --->   "%specinterface_ln0 = specinterface void @_ssdm_op_SpecInterface, i64 %weight_3, void @empty_16, i32 0, i32 0, void @empty_47, i32 0, i32 0, void @empty_17, void @empty_31, void @empty_47, i32 0, i32 0, i32 0, i32 0, void @empty_47, void @empty_19, i32 4294967295, i32 0, i32 0, i32 0"   --->   Operation 93 'specinterface' 'specinterface_ln0' <Predicate = true> <Delay = 0.00>
ST_2 : Operation 94 [1/1] (0.00ns)   --->   "%specinterface_ln0 = specinterface void @_ssdm_op_SpecInterface, i64 %weight_3, void @empty_20, i32 0, i32 0, void @empty_47, i32 0, i32 0, void @empty_47, void @empty_47, void @empty_47, i32 0, i32 0, i32 0, i32 0, void @empty_47, void @empty_19, i32 4294967295, i32 0, i32 0, i32 0"   --->   Operation 94 'specinterface' 'specinterface_ln0' <Predicate = true> <Delay = 0.00>
ST_2 : Operation 95 [1/1] (0.00ns)   --->   "%specinterface_ln0 = specinterface void @_ssdm_op_SpecInterface, i64 %weight_4, void @empty_16, i32 0, i32 0, void @empty_47, i32 0, i32 0, void @empty_17, void @empty_32, void @empty_47, i32 0, i32 0, i32 0, i32 0, void @empty_47, void @empty_19, i32 4294967295, i32 0, i32 0, i32 0"   --->   Operation 95 'specinterface' 'specinterface_ln0' <Predicate = true> <Delay = 0.00>
ST_2 : Operation 96 [1/1] (0.00ns)   --->   "%specinterface_ln0 = specinterface void @_ssdm_op_SpecInterface, i64 %weight_4, void @empty_20, i32 0, i32 0, void @empty_47, i32 0, i32 0, void @empty_47, void @empty_47, void @empty_47, i32 0, i32 0, i32 0, i32 0, void @empty_47, void @empty_19, i32 4294967295, i32 0, i32 0, i32 0"   --->   Operation 96 'specinterface' 'specinterface_ln0' <Predicate = true> <Delay = 0.00>
ST_2 : Operation 97 [1/1] (0.00ns)   --->   "%specinterface_ln0 = specinterface void @_ssdm_op_SpecInterface, i64 %weight_5, void @empty_16, i32 0, i32 0, void @empty_47, i32 0, i32 0, void @empty_17, void @empty_33, void @empty_47, i32 0, i32 0, i32 0, i32 0, void @empty_47, void @empty_19, i32 4294967295, i32 0, i32 0, i32 0"   --->   Operation 97 'specinterface' 'specinterface_ln0' <Predicate = true> <Delay = 0.00>
ST_2 : Operation 98 [1/1] (0.00ns)   --->   "%specinterface_ln0 = specinterface void @_ssdm_op_SpecInterface, i64 %weight_5, void @empty_20, i32 0, i32 0, void @empty_47, i32 0, i32 0, void @empty_47, void @empty_47, void @empty_47, i32 0, i32 0, i32 0, i32 0, void @empty_47, void @empty_19, i32 4294967295, i32 0, i32 0, i32 0"   --->   Operation 98 'specinterface' 'specinterface_ln0' <Predicate = true> <Delay = 0.00>
ST_2 : Operation 99 [1/1] (0.00ns)   --->   "%specinterface_ln0 = specinterface void @_ssdm_op_SpecInterface, i64 %weight_6, void @empty_16, i32 0, i32 0, void @empty_47, i32 0, i32 0, void @empty_17, void @empty_34, void @empty_47, i32 0, i32 0, i32 0, i32 0, void @empty_47, void @empty_19, i32 4294967295, i32 0, i32 0, i32 0"   --->   Operation 99 'specinterface' 'specinterface_ln0' <Predicate = true> <Delay = 0.00>
ST_2 : Operation 100 [1/1] (0.00ns)   --->   "%specinterface_ln0 = specinterface void @_ssdm_op_SpecInterface, i64 %weight_6, void @empty_20, i32 0, i32 0, void @empty_47, i32 0, i32 0, void @empty_47, void @empty_47, void @empty_47, i32 0, i32 0, i32 0, i32 0, void @empty_47, void @empty_19, i32 4294967295, i32 0, i32 0, i32 0"   --->   Operation 100 'specinterface' 'specinterface_ln0' <Predicate = true> <Delay = 0.00>
ST_2 : Operation 101 [1/1] (0.00ns)   --->   "%specinterface_ln0 = specinterface void @_ssdm_op_SpecInterface, i64 %weight_7, void @empty_16, i32 0, i32 0, void @empty_47, i32 0, i32 0, void @empty_17, void @empty_35, void @empty_47, i32 0, i32 0, i32 0, i32 0, void @empty_47, void @empty_19, i32 4294967295, i32 0, i32 0, i32 0"   --->   Operation 101 'specinterface' 'specinterface_ln0' <Predicate = true> <Delay = 0.00>
ST_2 : Operation 102 [1/1] (0.00ns)   --->   "%specinterface_ln0 = specinterface void @_ssdm_op_SpecInterface, i64 %weight_7, void @empty_20, i32 0, i32 0, void @empty_47, i32 0, i32 0, void @empty_47, void @empty_47, void @empty_47, i32 0, i32 0, i32 0, i32 0, void @empty_47, void @empty_19, i32 4294967295, i32 0, i32 0, i32 0"   --->   Operation 102 'specinterface' 'specinterface_ln0' <Predicate = true> <Delay = 0.00>
ST_2 : Operation 103 [1/1] (0.00ns)   --->   "%specinterface_ln0 = specinterface void @_ssdm_op_SpecInterface, i64 %bias, void @empty_16, i32 0, i32 0, void @empty_47, i32 0, i32 0, void @empty_17, void @empty_36, void @empty_47, i32 0, i32 0, i32 0, i32 0, void @empty_47, void @empty_19, i32 4294967295, i32 0, i32 0, i32 0"   --->   Operation 103 'specinterface' 'specinterface_ln0' <Predicate = true> <Delay = 0.00>
ST_2 : Operation 104 [1/1] (0.00ns)   --->   "%specinterface_ln0 = specinterface void @_ssdm_op_SpecInterface, i64 %bias, void @empty_20, i32 0, i32 0, void @empty_47, i32 0, i32 0, void @empty_47, void @empty_47, void @empty_47, i32 0, i32 0, i32 0, i32 0, void @empty_47, void @empty_19, i32 4294967295, i32 0, i32 0, i32 0"   --->   Operation 104 'specinterface' 'specinterface_ln0' <Predicate = true> <Delay = 0.00>
ST_2 : Operation 105 [1/1] (0.00ns)   --->   "%specinterface_ln0 = specinterface void @_ssdm_op_SpecInterface, i64 %conv_scratch, void @empty_16, i32 0, i32 0, void @empty_47, i32 0, i32 0, void @empty_17, void @empty_37, void @empty_47, i32 0, i32 0, i32 0, i32 0, void @empty_47, void @empty_19, i32 4294967295, i32 0, i32 0, i32 0"   --->   Operation 105 'specinterface' 'specinterface_ln0' <Predicate = true> <Delay = 0.00>
ST_2 : Operation 106 [1/1] (0.00ns)   --->   "%specinterface_ln0 = specinterface void @_ssdm_op_SpecInterface, i64 %conv_scratch, void @empty_20, i32 0, i32 0, void @empty_47, i32 0, i32 0, void @empty_47, void @empty_47, void @empty_47, i32 0, i32 0, i32 0, i32 0, void @empty_47, void @empty_19, i32 4294967295, i32 0, i32 0, i32 0"   --->   Operation 106 'specinterface' 'specinterface_ln0' <Predicate = true> <Delay = 0.00>
ST_2 : Operation 107 [1/1] (0.00ns)   --->   "%specinterface_ln0 = specinterface void @_ssdm_op_SpecInterface, i64 %ofmap, void @empty_16, i32 0, i32 0, void @empty_47, i32 0, i32 0, void @empty_17, void @empty_50, void @empty_47, i32 0, i32 0, i32 0, i32 0, void @empty_47, void @empty_19, i32 4294967295, i32 0, i32 0, i32 0"   --->   Operation 107 'specinterface' 'specinterface_ln0' <Predicate = true> <Delay = 0.00>
ST_2 : Operation 108 [1/1] (0.00ns)   --->   "%specinterface_ln0 = specinterface void @_ssdm_op_SpecInterface, i64 %ofmap, void @empty_20, i32 0, i32 0, void @empty_47, i32 0, i32 0, void @empty_47, void @empty_47, void @empty_47, i32 0, i32 0, i32 0, i32 0, void @empty_47, void @empty_19, i32 4294967295, i32 0, i32 0, i32 0"   --->   Operation 108 'specinterface' 'specinterface_ln0' <Predicate = true> <Delay = 0.00>
ST_2 : Operation 109 [1/1] (0.00ns)   --->   "%specbitsmap_ln0 = specbitsmap void @_ssdm_op_SpecBitsMap, i8 %in_h"   --->   Operation 109 'specbitsmap' 'specbitsmap_ln0' <Predicate = true> <Delay = 0.00>
ST_2 : Operation 110 [1/1] (0.00ns)   --->   "%specinterface_ln0 = specinterface void @_ssdm_op_SpecInterface, i8 %in_h, void @empty_16, i32 4294967295, i32 4294967295, void @empty_47, i32 0, i32 0, void @empty_39, void @empty_18, void @empty_47, i32 0, i32 0, i32 0, i32 0, void @empty_47, void @empty_47, i32 4294967295, i32 0, i32 0, i32 0"   --->   Operation 110 'specinterface' 'specinterface_ln0' <Predicate = true> <Delay = 0.00>
ST_2 : Operation 111 [1/1] (0.00ns)   --->   "%specinterface_ln0 = specinterface void @_ssdm_op_SpecInterface, i8 %in_h, void @empty_20, i32 0, i32 0, void @empty_47, i32 0, i32 0, void @empty_47, void @empty_47, void @empty_47, i32 0, i32 0, i32 0, i32 0, void @empty_47, void @empty_47, i32 4294967295, i32 0, i32 0, i32 0"   --->   Operation 111 'specinterface' 'specinterface_ln0' <Predicate = true> <Delay = 0.00>
ST_2 : Operation 112 [1/1] (0.00ns)   --->   "%specbitsmap_ln0 = specbitsmap void @_ssdm_op_SpecBitsMap, i8 %in_w"   --->   Operation 112 'specbitsmap' 'specbitsmap_ln0' <Predicate = true> <Delay = 0.00>
ST_2 : Operation 113 [1/1] (0.00ns)   --->   "%specinterface_ln0 = specinterface void @_ssdm_op_SpecInterface, i8 %in_w, void @empty_16, i32 4294967295, i32 4294967295, void @empty_47, i32 0, i32 0, void @empty_39, void @empty_40, void @empty_47, i32 0, i32 0, i32 0, i32 0, void @empty_47, void @empty_47, i32 4294967295, i32 0, i32 0, i32 0"   --->   Operation 113 'specinterface' 'specinterface_ln0' <Predicate = true> <Delay = 0.00>
ST_2 : Operation 114 [1/1] (0.00ns)   --->   "%specinterface_ln0 = specinterface void @_ssdm_op_SpecInterface, i8 %in_w, void @empty_20, i32 0, i32 0, void @empty_47, i32 0, i32 0, void @empty_47, void @empty_47, void @empty_47, i32 0, i32 0, i32 0, i32 0, void @empty_47, void @empty_47, i32 4294967295, i32 0, i32 0, i32 0"   --->   Operation 114 'specinterface' 'specinterface_ln0' <Predicate = true> <Delay = 0.00>
ST_2 : Operation 115 [1/1] (0.00ns)   --->   "%specbitsmap_ln0 = specbitsmap void @_ssdm_op_SpecBitsMap, i8 %in_ch"   --->   Operation 115 'specbitsmap' 'specbitsmap_ln0' <Predicate = true> <Delay = 0.00>
ST_2 : Operation 116 [1/1] (0.00ns)   --->   "%specinterface_ln0 = specinterface void @_ssdm_op_SpecInterface, i8 %in_ch, void @empty_16, i32 4294967295, i32 4294967295, void @empty_47, i32 0, i32 0, void @empty_39, void @empty_41, void @empty_47, i32 0, i32 0, i32 0, i32 0, void @empty_47, void @empty_47, i32 4294967295, i32 0, i32 0, i32 0"   --->   Operation 116 'specinterface' 'specinterface_ln0' <Predicate = true> <Delay = 0.00>
ST_2 : Operation 117 [1/1] (0.00ns)   --->   "%specinterface_ln0 = specinterface void @_ssdm_op_SpecInterface, i8 %in_ch, void @empty_20, i32 0, i32 0, void @empty_47, i32 0, i32 0, void @empty_47, void @empty_47, void @empty_47, i32 0, i32 0, i32 0, i32 0, void @empty_47, void @empty_47, i32 4294967295, i32 0, i32 0, i32 0"   --->   Operation 117 'specinterface' 'specinterface_ln0' <Predicate = true> <Delay = 0.00>
ST_2 : Operation 118 [1/1] (0.00ns)   --->   "%specbitsmap_ln0 = specbitsmap void @_ssdm_op_SpecBitsMap, i8 %out_ch"   --->   Operation 118 'specbitsmap' 'specbitsmap_ln0' <Predicate = true> <Delay = 0.00>
ST_2 : Operation 119 [1/1] (0.00ns)   --->   "%specinterface_ln0 = specinterface void @_ssdm_op_SpecInterface, i8 %out_ch, void @empty_16, i32 4294967295, i32 4294967295, void @empty_47, i32 0, i32 0, void @empty_39, void @empty_22, void @empty_47, i32 0, i32 0, i32 0, i32 0, void @empty_47, void @empty_47, i32 4294967295, i32 0, i32 0, i32 0"   --->   Operation 119 'specinterface' 'specinterface_ln0' <Predicate = true> <Delay = 0.00>
ST_2 : Operation 120 [1/1] (0.00ns)   --->   "%specinterface_ln0 = specinterface void @_ssdm_op_SpecInterface, i8 %out_ch, void @empty_20, i32 0, i32 0, void @empty_47, i32 0, i32 0, void @empty_47, void @empty_47, void @empty_47, i32 0, i32 0, i32 0, i32 0, void @empty_47, void @empty_47, i32 4294967295, i32 0, i32 0, i32 0"   --->   Operation 120 'specinterface' 'specinterface_ln0' <Predicate = true> <Delay = 0.00>
ST_2 : Operation 121 [1/1] (0.00ns)   --->   "%specbitsmap_ln0 = specbitsmap void @_ssdm_op_SpecBitsMap, i1 %do_relu"   --->   Operation 121 'specbitsmap' 'specbitsmap_ln0' <Predicate = true> <Delay = 0.00>
ST_2 : Operation 122 [1/1] (0.00ns)   --->   "%specinterface_ln0 = specinterface void @_ssdm_op_SpecInterface, i1 %do_relu, void @empty_16, i32 4294967295, i32 4294967295, void @empty_47, i32 0, i32 0, void @empty_39, void @empty_45, void @empty_47, i32 0, i32 0, i32 0, i32 0, void @empty_47, void @empty_47, i32 4294967295, i32 0, i32 0, i32 0"   --->   Operation 122 'specinterface' 'specinterface_ln0' <Predicate = true> <Delay = 0.00>
ST_2 : Operation 123 [1/1] (0.00ns)   --->   "%specinterface_ln0 = specinterface void @_ssdm_op_SpecInterface, i1 %do_relu, void @empty_20, i32 0, i32 0, void @empty_47, i32 0, i32 0, void @empty_47, void @empty_47, void @empty_47, i32 0, i32 0, i32 0, i32 0, void @empty_47, void @empty_47, i32 4294967295, i32 0, i32 0, i32 0"   --->   Operation 123 'specinterface' 'specinterface_ln0' <Predicate = true> <Delay = 0.00>
ST_2 : Operation 124 [1/1] (0.00ns)   --->   "%specbitsmap_ln0 = specbitsmap void @_ssdm_op_SpecBitsMap, i1 %do_pool"   --->   Operation 124 'specbitsmap' 'specbitsmap_ln0' <Predicate = true> <Delay = 0.00>
ST_2 : Operation 125 [1/1] (0.00ns)   --->   "%specinterface_ln0 = specinterface void @_ssdm_op_SpecInterface, i1 %do_pool, void @empty_16, i32 4294967295, i32 4294967295, void @empty_47, i32 0, i32 0, void @empty_39, void @empty_43, void @empty_47, i32 0, i32 0, i32 0, i32 0, void @empty_47, void @empty_47, i32 4294967295, i32 0, i32 0, i32 0"   --->   Operation 125 'specinterface' 'specinterface_ln0' <Predicate = true> <Delay = 0.00>
ST_2 : Operation 126 [1/1] (0.00ns)   --->   "%specinterface_ln0 = specinterface void @_ssdm_op_SpecInterface, i1 %do_pool, void @empty_20, i32 0, i32 0, void @empty_47, i32 0, i32 0, void @empty_47, void @empty_47, void @empty_47, i32 0, i32 0, i32 0, i32 0, void @empty_47, void @empty_47, i32 4294967295, i32 0, i32 0, i32 0"   --->   Operation 126 'specinterface' 'specinterface_ln0' <Predicate = true> <Delay = 0.00>
ST_2 : Operation 127 [1/1] (0.00ns)   --->   "%specbitsmap_ln0 = specbitsmap void @_ssdm_op_SpecBitsMap, i96 %perf"   --->   Operation 127 'specbitsmap' 'specbitsmap_ln0' <Predicate = true> <Delay = 0.00>
ST_2 : Operation 128 [1/1] (0.00ns)   --->   "%specinterface_ln0 = specinterface void @_ssdm_op_SpecInterface, i96 %perf, void @empty_16, i32 4294967295, i32 4294967295, void @empty_47, i32 0, i32 0, void @empty_39, void @empty_24, void @empty_47, i32 0, i32 0, i32 0, i32 0, void @empty_47, void @empty_47, i32 4294967295, i32 0, i32 0, i32 0"   --->   Operation 128 'specinterface' 'specinterface_ln0' <Predicate = true> <Delay = 0.00>
ST_2 : Operation 129 [1/1] (0.00ns)   --->   "%specinterface_ln0 = specinterface void @_ssdm_op_SpecInterface, i96 %perf, void @empty_20, i32 0, i32 0, void @empty_47, i32 0, i32 0, void @empty_47, void @empty_47, void @empty_47, i32 0, i32 0, i32 0, i32 0, void @empty_47, void @empty_47, i32 4294967295, i32 0, i32 0, i32 0"   --->   Operation 129 'specinterface' 'specinterface_ln0' <Predicate = true> <Delay = 0.00>
ST_2 : Operation 130 [1/1] (0.00ns)   --->   "%specinterface_ln0 = specinterface void @_ssdm_op_SpecInterface, i32 0, void @empty_16, i32 0, i32 0, void @empty_47, i32 0, i32 0, void @empty_39, void @empty_47, void @empty_47, i32 0, i32 0, i32 0, i32 0, void @empty_47, void @empty_47, i32 0, i32 0, i32 0, i32 0"   --->   Operation 130 'specinterface' 'specinterface_ln0' <Predicate = true> <Delay = 0.00>
ST_2 : Operation 131 [1/2] (1.91ns)   --->   "%call_ret = call i64 @conv3x3_relu, i8 %gmem0_0, i64 %ifmap_0_read, i8 %gmem0_1, i64 %ifmap_1_read, i8 %gmem0_2, i64 %ifmap_2_read, i8 %gmem0_3, i64 %ifmap_3_read, i8 %gmem0_4, i64 %ifmap_4_read, i8 %gmem0_5, i64 %ifmap_5_read, i8 %gmem0_6, i64 %ifmap_6_read, i8 %gmem0_7, i64 %ifmap_7_read, i8 %gmem1_0, i64 %weight_0_read, i8 %gmem1_1, i64 %weight_1_read, i8 %gmem1_2, i64 %weight_2_read, i8 %gmem1_3, i64 %weight_3_read, i8 %gmem1_4, i64 %weight_4_read, i8 %gmem1_5, i64 %weight_5_read, i8 %gmem1_6, i64 %weight_6_read, i8 %gmem1_7, i64 %weight_7_read, i32 %gmem1, i64 %bias_read, i8 %gmem2, i64 %conv_scratch_read, i8 %in_h_read, i8 %in_w_read, i8 %in_ch_read, i8 %out_ch_read, i1 %do_relu_read" [D:/project/DPUv2/dpu_conv.cpp:168]   --->   Operation 131 'call' 'call_ret' <Predicate = true> <Delay = 1.91> <CoreType = "Generic">   --->   Generic Core
ST_2 : Operation 132 [1/1] (0.00ns)   --->   "%mac_count = extractvalue i64 %call_ret" [D:/project/DPUv2/dpu_conv.cpp:168]   --->   Operation 132 'extractvalue' 'mac_count' <Predicate = true> <Delay = 0.00>
ST_2 : Operation 133 [1/1] (0.00ns)   --->   "%cycle_count = extractvalue i64 %call_ret" [D:/project/DPUv2/dpu_conv.cpp:168]   --->   Operation 133 'extractvalue' 'cycle_count' <Predicate = true> <Delay = 0.00>
ST_2 : Operation 134 [1/1] (0.00ns)   --->   "%br_ln172 = br i1 %do_pool_read, void %COPY_H.lr.ph.i, void %if.then" [D:/project/DPUv2/dpu_conv.cpp:172]   --->   Operation 134 'br' 'br_ln172' <Predicate = true> <Delay = 0.00>
ST_2 : Operation 135 [1/1] (0.00ns)   --->   "%zext_ln112 = zext i8 %in_h_read" [D:/project/DPUv2/dpu_conv.cpp:112->D:/project/DPUv2/dpu_conv.cpp:175]   --->   Operation 135 'zext' 'zext_ln112' <Predicate = (!do_pool_read)> <Delay = 0.00>
ST_2 : Operation 136 [1/1] (0.00ns)   --->   "%zext_ln112_1 = zext i8 %in_w_read" [D:/project/DPUv2/dpu_conv.cpp:112->D:/project/DPUv2/dpu_conv.cpp:175]   --->   Operation 136 'zext' 'zext_ln112_1' <Predicate = (!do_pool_read)> <Delay = 0.00>
ST_2 : Operation 137 [1/1] (4.17ns)   --->   "%mul_ln112 = mul i16 %zext_ln112, i16 %zext_ln112_1" [D:/project/DPUv2/dpu_conv.cpp:112->D:/project/DPUv2/dpu_conv.cpp:175]   --->   Operation 137 'mul' 'mul_ln112' <Predicate = (!do_pool_read)> <Delay = 4.17> <CoreInst = "Multiplier">   --->   Core 3 'Multiplier' <Latency = 0> <II = 1> <Delay = 4.17> <FuncUnit> <Opcode : 'mul'> <InPorts = 2> <OutPorts = 1>
ST_2 : Operation 138 [1/1] (0.00ns)   --->   "%lshr_ln = partselect i7 @_ssdm_op_PartSelect.i7.i8.i32.i32, i8 %in_h_read, i32 1, i32 7" [D:/project/DPUv2/dpu_conv.cpp:87->D:/project/DPUv2/dpu_conv.cpp:173]   --->   Operation 138 'partselect' 'lshr_ln' <Predicate = (do_pool_read)> <Delay = 0.00>
ST_2 : Operation 139 [1/1] (0.00ns)   --->   "%lshr_ln1 = partselect i7 @_ssdm_op_PartSelect.i7.i8.i32.i32, i8 %in_w_read, i32 1, i32 7" [D:/project/DPUv2/dpu_conv.cpp:89->D:/project/DPUv2/dpu_conv.cpp:173]   --->   Operation 139 'partselect' 'lshr_ln1' <Predicate = (do_pool_read)> <Delay = 0.00>
ST_2 : Operation 140 [1/1] (0.00ns)   --->   "%zext_ln82 = zext i7 %lshr_ln" [D:/project/DPUv2/dpu_conv.cpp:82->D:/project/DPUv2/dpu_conv.cpp:173]   --->   Operation 140 'zext' 'zext_ln82' <Predicate = (do_pool_read)> <Delay = 0.00>
ST_2 : Operation 141 [1/1] (0.00ns)   --->   "%zext_ln82_1 = zext i7 %lshr_ln1" [D:/project/DPUv2/dpu_conv.cpp:82->D:/project/DPUv2/dpu_conv.cpp:173]   --->   Operation 141 'zext' 'zext_ln82_1' <Predicate = (do_pool_read)> <Delay = 0.00>
ST_2 : Operation 142 [1/1] (3.74ns)   --->   "%mul_ln82 = mul i14 %zext_ln82, i14 %zext_ln82_1" [D:/project/DPUv2/dpu_conv.cpp:82->D:/project/DPUv2/dpu_conv.cpp:173]   --->   Operation 142 'mul' 'mul_ln82' <Predicate = (do_pool_read)> <Delay = 3.74> <CoreInst = "Multiplier">   --->   Core 3 'Multiplier' <Latency = 0> <II = 1> <Delay = 3.74> <FuncUnit> <Opcode : 'mul'> <InPorts = 2> <OutPorts = 1>

State 3 <SV = 2> <Delay = 5.58>
ST_3 : Operation 143 [1/1] (0.00ns)   --->   "%zext_ln112_2 = zext i8 %out_ch_read" [D:/project/DPUv2/dpu_conv.cpp:112->D:/project/DPUv2/dpu_conv.cpp:175]   --->   Operation 143 'zext' 'zext_ln112_2' <Predicate = true> <Delay = 0.00>
ST_3 : Operation 144 [1/1] (0.00ns)   --->   "%zext_ln112_3 = zext i16 %mul_ln112" [D:/project/DPUv2/dpu_conv.cpp:112->D:/project/DPUv2/dpu_conv.cpp:175]   --->   Operation 144 'zext' 'zext_ln112_3' <Predicate = true> <Delay = 0.00>
ST_3 : Operation 145 [1/1] (5.58ns)   --->   "%mul_ln112_1 = mul i24 %zext_ln112_2, i24 %zext_ln112_3" [D:/project/DPUv2/dpu_conv.cpp:112->D:/project/DPUv2/dpu_conv.cpp:175]   --->   Operation 145 'mul' 'mul_ln112_1' <Predicate = true> <Delay = 5.58> <CoreInst = "Multiplier">   --->   Core 3 'Multiplier' <Latency = 0> <II = 1> <Delay = 5.58> <FuncUnit> <Opcode : 'mul'> <InPorts = 2> <OutPorts = 1>
ST_3 : Operation 146 [2/2] (0.00ns)   --->   "%call_ln134 = call void @dpu_conv_top_Pipeline_COPY_OC_COPY_H_COPY_W, i8 %gmem0, i8 %gmem2, i64 %ofmap_read, i24 %mul_ln112_1, i8 %in_w_read, i8 %in_w_read, i16 %mul_ln112, i64 %conv_scratch_read" [D:/project/DPUv2/dpu_conv.cpp:134]   --->   Operation 146 'call' 'call_ln134' <Predicate = true> <Delay = 0.00> <CoreType = "Generic">   --->   Generic Core

State 4 <SV = 3> <Delay = 1.00>
ST_4 : Operation 147 [1/2] (0.00ns)   --->   "%call_ln134 = call void @dpu_conv_top_Pipeline_COPY_OC_COPY_H_COPY_W, i8 %gmem0, i8 %gmem2, i64 %ofmap_read, i24 %mul_ln112_1, i8 %in_w_read, i8 %in_w_read, i16 %mul_ln112, i64 %conv_scratch_read" [D:/project/DPUv2/dpu_conv.cpp:134]   --->   Operation 147 'call' 'call_ln134' <Predicate = (!do_pool_read)> <Delay = 0.00> <CoreType = "Generic">   --->   Generic Core
ST_4 : Operation 148 [1/1] (0.00ns)   --->   "%br_ln0 = br void %if.end"   --->   Operation 148 'br' 'br_ln0' <Predicate = (!do_pool_read)> <Delay = 0.00>
ST_4 : Operation 149 [1/2] (0.00ns)   --->   "%call_ln134 = call void @dpu_conv_top_Pipeline_POOL_OC_POOL_H_POOL_W, i8 %gmem0, i8 %gmem2, i64 %ofmap_read, i22 %mul_ln82_1, i64 %conv_scratch_read, i7 %lshr_ln1, i7 %lshr_ln1, i14 %mul_ln82" [D:/project/DPUv2/dpu_conv.cpp:134]   --->   Operation 149 'call' 'call_ln134' <Predicate = (do_pool_read)> <Delay = 0.00> <CoreType = "Generic">   --->   Generic Core
ST_4 : Operation 150 [1/1] (0.00ns)   --->   "%br_ln0 = br void %if.end"   --->   Operation 150 'br' 'br_ln0' <Predicate = (do_pool_read)> <Delay = 0.00>
ST_4 : Operation 151 [1/1] (0.00ns)   --->   "%zext_ln182_cast = bitconcatenate i65 @_ssdm_op_BitConcatenate.i65.i1.i32.i32, i1 1, i32 %mac_count, i32 %cycle_count" [D:/project/DPUv2/dpu_conv.cpp:182]   --->   Operation 151 'bitconcatenate' 'zext_ln182_cast' <Predicate = true> <Delay = 0.00>
ST_4 : Operation 152 [1/1] (0.00ns)   --->   "%zext_ln182 = zext i65 %zext_ln182_cast" [D:/project/DPUv2/dpu_conv.cpp:182]   --->   Operation 152 'zext' 'zext_ln182' <Predicate = true> <Delay = 0.00>
ST_4 : Operation 153 [1/1] (1.00ns)   --->   "%write_ln182 = write void @_ssdm_op_Write.s_axilite.i96P0A, i96 %perf, i96 %zext_ln182" [D:/project/DPUv2/dpu_conv.cpp:182]   --->   Operation 153 'write' 'write_ln182' <Predicate = true> <Delay = 1.00> <CoreInst = "s_axilite">   --->   Core 112 's_axilite' <Latency = 0> <II = 1> <Delay = 1.00> <Adapter> <Opcode : 'read' 'write'>
ST_4 : Operation 154 [1/1] (0.00ns)   --->   "%ret_ln183 = ret" [D:/project/DPUv2/dpu_conv.cpp:183]   --->   Operation 154 'ret' 'ret_ln183' <Predicate = true> <Delay = 0.00>

State 5 <SV = 2> <Delay = 5.60>
ST_5 : Operation 155 [1/1] (0.00ns)   --->   "%zext_ln82_2 = zext i8 %out_ch_read" [D:/project/DPUv2/dpu_conv.cpp:82->D:/project/DPUv2/dpu_conv.cpp:173]   --->   Operation 155 'zext' 'zext_ln82_2' <Predicate = true> <Delay = 0.00>
ST_5 : Operation 156 [1/1] (0.00ns)   --->   "%zext_ln82_3 = zext i14 %mul_ln82" [D:/project/DPUv2/dpu_conv.cpp:82->D:/project/DPUv2/dpu_conv.cpp:173]   --->   Operation 156 'zext' 'zext_ln82_3' <Predicate = true> <Delay = 0.00>
ST_5 : Operation 157 [1/1] (5.60ns)   --->   "%mul_ln82_1 = mul i22 %zext_ln82_2, i22 %zext_ln82_3" [D:/project/DPUv2/dpu_conv.cpp:82->D:/project/DPUv2/dpu_conv.cpp:173]   --->   Operation 157 'mul' 'mul_ln82_1' <Predicate = true> <Delay = 5.60> <CoreInst = "Multiplier">   --->   Core 3 'Multiplier' <Latency = 0> <II = 1> <Delay = 5.60> <FuncUnit> <Opcode : 'mul'> <InPorts = 2> <OutPorts = 1>
ST_5 : Operation 158 [2/2] (0.00ns)   --->   "%call_ln134 = call void @dpu_conv_top_Pipeline_POOL_OC_POOL_H_POOL_W, i8 %gmem0, i8 %gmem2, i64 %ofmap_read, i22 %mul_ln82_1, i64 %conv_scratch_read, i7 %lshr_ln1, i7 %lshr_ln1, i14 %mul_ln82" [D:/project/DPUv2/dpu_conv.cpp:134]   --->   Operation 158 'call' 'call_ln134' <Predicate = true> <Delay = 0.00> <CoreType = "Generic">   --->   Generic Core


============================================================
+ Verbose Summary: Timing violations
============================================================
Target clock period: 11.000ns, clock uncertainty: 2.970ns.

 <State 1>: 6.630ns
The critical path consists of the following:
	s_axi read operation ('do_relu_read', D:/project/DPUv2/dpu_conv.cpp:134) on port 'do_relu' (D:/project/DPUv2/dpu_conv.cpp:134) [146]  (1.000 ns)
	'call' operation 64 bit ('call_ret', D:/project/DPUv2/dpu_conv.cpp:168) to 'conv3x3_relu' [170]  (5.630 ns)

 <State 2>: 4.170ns
The critical path consists of the following:
	'mul' operation 16 bit ('mul_ln112', D:/project/DPUv2/dpu_conv.cpp:112->D:/project/DPUv2/dpu_conv.cpp:175) [177]  (4.170 ns)

 <State 3>: 5.580ns
The critical path consists of the following:
	'mul' operation 24 bit ('mul_ln112_1', D:/project/DPUv2/dpu_conv.cpp:112->D:/project/DPUv2/dpu_conv.cpp:175) [180]  (5.580 ns)

 <State 4>: 1.000ns
The critical path consists of the following:
	s_axi write operation ('write_ln182', D:/project/DPUv2/dpu_conv.cpp:182) on port 'perf' (D:/project/DPUv2/dpu_conv.cpp:182) [197]  (1.000 ns)

 <State 5>: 5.600ns
The critical path consists of the following:
	'mul' operation 22 bit ('mul_ln82_1', D:/project/DPUv2/dpu_conv.cpp:82->D:/project/DPUv2/dpu_conv.cpp:173) [191]  (5.600 ns)


============================================================
+ Verbose Summary: Binding
============================================================
N/A
* FSMD analyzer results:
  - Output states:
 - Input state : 
  - Chain level:
	State 1
	State 2
	State 3
	State 4
	State 5


============================================================
+ Verbose Summary: Datapath Resource usage 
============================================================
N/A
