

================================================================
== Vitis HLS Report for 'dpu_conv_top_Pipeline_POOL_OC_POOL_H_POOL_W'
================================================================
* Date:           Wed Sep  9 18:58:25 2026

* Version:        2025.2 (Build 6295257 on Nov 14 2025)
* Project:        dpu_conv_top
* Solution:       hls (Vivado IP Flow Target)
* Product family: zynq
* Target device:  xc7z020-clg400-1


================================================================
== Performance Estimates
================================================================
+ Timing: 
    * Summary: 
    +--------+----------+----------+------------+
    |  Clock |  Target  | Estimated| Uncertainty|
    +--------+----------+----------+------------+
    |ap_clk  |  11.00 ns|  8.030 ns|     2.97 ns|
    +--------+----------+----------+------------+

+ Latency: 
    * Summary: 
    +---------+----------+-----------+-----------+-----+-----+-------------------+
    |  Latency (cycles)  |   Latency (absolute)  |  Interval |      Pipeline     |
    |   min   |    max   |    min    |    max    | min | max |        Type       |
    +---------+----------+-----------+-----------+-----+-----+-------------------+
    |        3|  16451598|  33.000 ns|  0.181 sec|    0|    0|  loop pipeline stp|
    +---------+----------+-----------+-----------+-----+-----+-------------------+

    + Detail: 
        * Instance: 
        N/A

        * Loop: 
        +-------------------------+---------+----------+----------+-----------+-----------+-------------+----------+
        |                         |  Latency (cycles)  | Iteration|  Initiation Interval  |     Trip    |          |
        |        Loop Name        |   min   |    max   |  Latency |  achieved |   target  |    Count    | Pipelined|
        +-------------------------+---------+----------+----------+-----------+-----------+-------------+----------+
        |- POOL_OC_POOL_H_POOL_W  |        1|  16451596|        21|          4|          1|  0 ~ 4112895|       yes|
        +-------------------------+---------+----------+----------+-----------+-----------+-------------+----------+

============================================================
+ Verbose Summary: Synthesis Manager
============================================================
InlineROM: 1
ExposeGlobal: 0
============================================================
+ Verbose Summary: CDFG Model
============================================================
IsTopModel: 0
ResetActiveHigh: 1
IsCombinational: 0
IsDatapathOnly: 0
HasWiredReturn: 1
HasMFsm: 2
HasVarLatency: 1
IsPipeline: 0
IsRtlPipelined: 0
IsInstanceOverlapped: 0
IsDontTouch: 0
HasImplIP: 0
IsGatedGlobalClock: 0

+ Individual pipeline summary: 
  * Pipeline-0: initiation interval (II) = 4, depth = 22


============================================================
+ Verbose Summary: Schedule
============================================================
* Number of FSM states : 22
* Pipeline : 1
  Pipeline-0 : II = 4, D = 22, States = { 1 2 3 4 5 6 7 8 9 10 11 12 13 14 15 16 17 18 19 20 21 22 }
* Dataflow Pipeline: 0

* FSM state transitions: 
1 --> 2 
2 --> 3 
3 --> 4 
4 --> 5 
5 --> 6 
6 --> 7 
7 --> 8 
8 --> 9 
9 --> 10 
10 --> 11 
11 --> 12 
12 --> 13 
13 --> 14 
14 --> 15 
15 --> 16 
16 --> 17 
17 --> 18 
18 --> 19 
19 --> 20 
20 --> 21 
21 --> 22 
22 --> 

* FSM state operations: 

State 1 <SV = 0> <Delay = 1.58>
ST_1 : Operation 24 [1/1] (0.00ns)   --->   "%ow = alloca i32 1" [D:/project/DPUv2/dpu_conv.cpp:89->D:/project/DPUv2/dpu_conv.cpp:173]   --->   Operation 24 'alloca' 'ow' <Predicate = true> <Delay = 0.00>
ST_1 : Operation 25 [1/1] (0.00ns)   --->   "%oh = alloca i32 1" [D:/project/DPUv2/dpu_conv.cpp:87->D:/project/DPUv2/dpu_conv.cpp:173]   --->   Operation 25 'alloca' 'oh' <Predicate = true> <Delay = 0.00>
ST_1 : Operation 26 [1/1] (0.00ns)   --->   "%indvar_flatten = alloca i32 1"   --->   Operation 26 'alloca' 'indvar_flatten' <Predicate = true> <Delay = 0.00>
ST_1 : Operation 27 [1/1] (0.00ns)   --->   "%oc = alloca i32 1" [D:/project/DPUv2/dpu_conv.cpp:85->D:/project/DPUv2/dpu_conv.cpp:173]   --->   Operation 27 'alloca' 'oc' <Predicate = true> <Delay = 0.00>
ST_1 : Operation 28 [1/1] (0.00ns)   --->   "%indvar_flatten25 = alloca i32 1"   --->   Operation 28 'alloca' 'indvar_flatten25' <Predicate = true> <Delay = 0.00>
ST_1 : Operation 29 [1/1] (0.00ns)   --->   "%mul_ln82_read = read i14 @_ssdm_op_Read.ap_auto.i14, i14 %mul_ln82"   --->   Operation 29 'read' 'mul_ln82_read' <Predicate = true> <Delay = 0.00>
ST_1 : Operation 30 [1/1] (0.00ns)   --->   "%zext_ln85_read = read i7 @_ssdm_op_Read.ap_auto.i7, i7 %zext_ln85"   --->   Operation 30 'read' 'zext_ln85_read' <Predicate = true> <Delay = 0.00>
ST_1 : Operation 31 [1/1] (0.00ns)   --->   "%lshr_ln1_read = read i7 @_ssdm_op_Read.ap_auto.i7, i7 %lshr_ln1"   --->   Operation 31 'read' 'lshr_ln1_read' <Predicate = true> <Delay = 0.00>
ST_1 : Operation 32 [1/1] (0.00ns)   --->   "%conv_scratch_read = read i64 @_ssdm_op_Read.ap_auto.i64, i64 %conv_scratch"   --->   Operation 32 'read' 'conv_scratch_read' <Predicate = true> <Delay = 0.00>
ST_1 : Operation 33 [1/1] (0.00ns)   --->   "%mul_ln82_1_read = read i22 @_ssdm_op_Read.ap_auto.i22, i22 %mul_ln82_1"   --->   Operation 33 'read' 'mul_ln82_1_read' <Predicate = true> <Delay = 0.00>
ST_1 : Operation 34 [1/1] (0.00ns)   --->   "%ofmap_read = read i64 @_ssdm_op_Read.ap_auto.i64, i64 %ofmap"   --->   Operation 34 'read' 'ofmap_read' <Predicate = true> <Delay = 0.00>
ST_1 : Operation 35 [1/1] (0.00ns)   --->   "%zext_ln85_cast = zext i7 %zext_ln85_read"   --->   Operation 35 'zext' 'zext_ln85_cast' <Predicate = true> <Delay = 0.00>
ST_1 : Operation 36 [1/1] (0.00ns)   --->   "%specinterface_ln0 = specinterface void @_ssdm_op_SpecInterface, i8 %gmem0, void @empty_42, i32 0, i32 0, void @empty_47, i32 0, i32 262144, void @empty_15, void @empty_48, void @empty_47, i32 16, i32 16, i32 16, i32 16, void @empty_47, void @empty_47, i32 4294967295, i32 0, i32 0, i32 1"   --->   Operation 36 'specinterface' 'specinterface_ln0' <Predicate = true> <Delay = 0.00>
ST_1 : Operation 37 [1/1] (0.00ns)   --->   "%specinterface_ln0 = specinterface void @_ssdm_op_SpecInterface, i8 %gmem2, void @empty_42, i32 0, i32 0, void @empty_47, i32 0, i32 262144, void @empty_14, void @empty_48, void @empty_47, i32 16, i32 16, i32 16, i32 16, void @empty_47, void @empty_47, i32 4294967295, i32 0, i32 0, i32 1"   --->   Operation 37 'specinterface' 'specinterface_ln0' <Predicate = true> <Delay = 0.00>
ST_1 : Operation 38 [1/1] (1.58ns)   --->   "%store_ln0 = store i22 0, i22 %indvar_flatten25"   --->   Operation 38 'store' 'store_ln0' <Predicate = true> <Delay = 1.58>
ST_1 : Operation 39 [1/1] (1.58ns)   --->   "%store_ln85 = store i8 0, i8 %oc" [D:/project/DPUv2/dpu_conv.cpp:85->D:/project/DPUv2/dpu_conv.cpp:173]   --->   Operation 39 'store' 'store_ln85' <Predicate = true> <Delay = 1.58>
ST_1 : Operation 40 [1/1] (1.58ns)   --->   "%store_ln0 = store i14 0, i14 %indvar_flatten"   --->   Operation 40 'store' 'store_ln0' <Predicate = true> <Delay = 1.58>
ST_1 : Operation 41 [1/1] (1.58ns)   --->   "%store_ln87 = store i7 0, i7 %oh" [D:/project/DPUv2/dpu_conv.cpp:87->D:/project/DPUv2/dpu_conv.cpp:173]   --->   Operation 41 'store' 'store_ln87' <Predicate = true> <Delay = 1.58>
ST_1 : Operation 42 [1/1] (1.58ns)   --->   "%store_ln89 = store i7 0, i7 %ow" [D:/project/DPUv2/dpu_conv.cpp:89->D:/project/DPUv2/dpu_conv.cpp:173]   --->   Operation 42 'store' 'store_ln89' <Predicate = true> <Delay = 1.58>
ST_1 : Operation 43 [1/1] (0.00ns)   --->   "%br_ln0 = br void %for.body9.i"   --->   Operation 43 'br' 'br_ln0' <Predicate = true> <Delay = 0.00>

State 2 <SV = 1> <Delay = 6.14>
ST_2 : Operation 44 [1/1] (0.00ns)   --->   "%oh_1 = load i7 %oh" [D:/project/DPUv2/dpu_conv.cpp:91->D:/project/DPUv2/dpu_conv.cpp:173]   --->   Operation 44 'load' 'oh_1' <Predicate = true> <Delay = 0.00>
ST_2 : Operation 45 [1/1] (0.00ns)   --->   "%indvar_flatten_load = load i14 %indvar_flatten" [D:/project/DPUv2/dpu_conv.cpp:87->D:/project/DPUv2/dpu_conv.cpp:173]   --->   Operation 45 'load' 'indvar_flatten_load' <Predicate = true> <Delay = 0.00>
ST_2 : Operation 46 [1/1] (0.00ns)   --->   "%oc_1 = load i8 %oc" [D:/project/DPUv2/dpu_conv.cpp:85->D:/project/DPUv2/dpu_conv.cpp:173]   --->   Operation 46 'load' 'oc_1' <Predicate = true> <Delay = 0.00>
ST_2 : Operation 47 [1/1] (0.00ns)   --->   "%indvar_flatten25_load = load i22 %indvar_flatten25" [D:/project/DPUv2/dpu_conv.cpp:85->D:/project/DPUv2/dpu_conv.cpp:173]   --->   Operation 47 'load' 'indvar_flatten25_load' <Predicate = true> <Delay = 0.00>
ST_2 : Operation 48 [1/1] (0.00ns)   --->   "%shl_ln = bitconcatenate i20 @_ssdm_op_BitConcatenate.i20.i8.i12, i8 %oc_1, i12 0" [D:/project/DPUv2/dpu_conv.cpp:91->D:/project/DPUv2/dpu_conv.cpp:173]   --->   Operation 48 'bitconcatenate' 'shl_ln' <Predicate = true> <Delay = 0.00>
ST_2 : Operation 49 [1/1] (2.25ns)   --->   "%icmp_ln85 = icmp_eq  i22 %indvar_flatten25_load, i22 %mul_ln82_1_read" [D:/project/DPUv2/dpu_conv.cpp:85->D:/project/DPUv2/dpu_conv.cpp:173]   --->   Operation 49 'icmp' 'icmp_ln85' <Predicate = true> <Delay = 2.25> <CoreInst = "Cmp">   --->   Core 9 'Cmp' <Latency = 0> <II = 1> <Delay = 2.25> <FuncUnit> <Opcode : 'seteq' 'setne' 'setle' 'setge' 'setlt' 'setgt'> <InPorts = 2> <OutPorts = 1>
ST_2 : Operation 50 [1/1] (2.25ns)   --->   "%add_ln85 = add i22 %indvar_flatten25_load, i22 1" [D:/project/DPUv2/dpu_conv.cpp:85->D:/project/DPUv2/dpu_conv.cpp:173]   --->   Operation 50 'add' 'add_ln85' <Predicate = true> <Delay = 2.25> <CoreInst = "Adder">   --->   Core 1 'Adder' <Latency = 0> <II = 1> <Delay = 2.25> <FuncUnit> <Opcode : 'add' 'sub'> <InPorts = 2> <OutPorts = 1>
ST_2 : Operation 51 [1/1] (0.00ns)   --->   "%br_ln85 = br i1 %icmp_ln85, void %for.inc62.i, void %if.end.loopexit61.exitStub" [D:/project/DPUv2/dpu_conv.cpp:85->D:/project/DPUv2/dpu_conv.cpp:173]   --->   Operation 51 'br' 'br_ln85' <Predicate = true> <Delay = 0.00>
ST_2 : Operation 52 [1/1] (0.00ns)   --->   "%ow_load = load i7 %ow" [D:/project/DPUv2/dpu_conv.cpp:89->D:/project/DPUv2/dpu_conv.cpp:173]   --->   Operation 52 'load' 'ow_load' <Predicate = (!icmp_ln85)> <Delay = 0.00>
ST_2 : Operation 53 [1/1] (1.81ns)   --->   "%icmp_ln87 = icmp_eq  i14 %indvar_flatten_load, i14 %mul_ln82_read" [D:/project/DPUv2/dpu_conv.cpp:87->D:/project/DPUv2/dpu_conv.cpp:173]   --->   Operation 53 'icmp' 'icmp_ln87' <Predicate = (!icmp_ln85)> <Delay = 1.81> <CoreInst = "Cmp">   --->   Core 9 'Cmp' <Latency = 0> <II = 1> <Delay = 1.81> <FuncUnit> <Opcode : 'seteq' 'setne' 'setle' 'setge' 'setlt' 'setgt'> <InPorts = 2> <OutPorts = 1>
ST_2 : Operation 54 [1/1] (0.99ns)   --->   "%select_ln85 = select i1 %icmp_ln87, i7 0, i7 %oh_1" [D:/project/DPUv2/dpu_conv.cpp:85->D:/project/DPUv2/dpu_conv.cpp:173]   --->   Operation 54 'select' 'select_ln85' <Predicate = (!icmp_ln85)> <Delay = 0.99> <CoreInst = "Sel">   --->   Core 73 'Sel' <Latency = 0> <II = 1> <Delay = 0.99> <FuncUnit> <Opcode : 'select'> <InPorts = 3> <OutPorts = 1>
ST_2 : Operation 55 [1/1] (1.91ns)   --->   "%add_ln85_1 = add i8 %oc_1, i8 1" [D:/project/DPUv2/dpu_conv.cpp:85->D:/project/DPUv2/dpu_conv.cpp:173]   --->   Operation 55 'add' 'add_ln85_1' <Predicate = (!icmp_ln85)> <Delay = 1.91> <CoreInst = "Adder">   --->   Core 1 'Adder' <Latency = 0> <II = 1> <Delay = 1.91> <FuncUnit> <Opcode : 'add' 'sub'> <InPorts = 2> <OutPorts = 1>
ST_2 : Operation 56 [1/1] (0.00ns)   --->   "%shl_ln91_mid1 = bitconcatenate i20 @_ssdm_op_BitConcatenate.i20.i8.i12, i8 %add_ln85_1, i12 0" [D:/project/DPUv2/dpu_conv.cpp:91->D:/project/DPUv2/dpu_conv.cpp:173]   --->   Operation 56 'bitconcatenate' 'shl_ln91_mid1' <Predicate = (!icmp_ln85)> <Delay = 0.00>
ST_2 : Operation 57 [1/1] (0.70ns)   --->   "%select_ln85_1 = select i1 %icmp_ln87, i20 %shl_ln91_mid1, i20 %shl_ln" [D:/project/DPUv2/dpu_conv.cpp:85->D:/project/DPUv2/dpu_conv.cpp:173]   --->   Operation 57 'select' 'select_ln85_1' <Predicate = (!icmp_ln85)> <Delay = 0.70> <CoreInst = "Sel">   --->   Core 73 'Sel' <Latency = 0> <II = 1> <Delay = 0.70> <FuncUnit> <Opcode : 'select'> <InPorts = 3> <OutPorts = 1>
ST_2 : Operation 58 [1/1] (0.00ns)   --->   "%zext_ln85_1 = zext i20 %select_ln85_1" [D:/project/DPUv2/dpu_conv.cpp:85->D:/project/DPUv2/dpu_conv.cpp:173]   --->   Operation 58 'zext' 'zext_ln85_1' <Predicate = (!icmp_ln85)> <Delay = 0.00>
ST_2 : Operation 59 [1/1] (1.87ns)   --->   "%icmp_ln89 = icmp_eq  i7 %lshr_ln1_read, i7 0" [D:/project/DPUv2/dpu_conv.cpp:89->D:/project/DPUv2/dpu_conv.cpp:173]   --->   Operation 59 'icmp' 'icmp_ln89' <Predicate = (!icmp_ln85)> <Delay = 1.87> <CoreInst = "Cmp">   --->   Core 9 'Cmp' <Latency = 0> <II = 1> <Delay = 1.87> <FuncUnit> <Opcode : 'seteq' 'setne' 'setle' 'setge' 'setlt' 'setgt'> <InPorts = 2> <OutPorts = 1>
ST_2 : Operation 60 [1/1] (1.87ns)   --->   "%icmp_ln89_1 = icmp_eq  i7 %ow_load, i7 %lshr_ln1_read" [D:/project/DPUv2/dpu_conv.cpp:89->D:/project/DPUv2/dpu_conv.cpp:173]   --->   Operation 60 'icmp' 'icmp_ln89_1' <Predicate = (!icmp_ln85)> <Delay = 1.87> <CoreInst = "Cmp">   --->   Core 9 'Cmp' <Latency = 0> <II = 1> <Delay = 1.87> <FuncUnit> <Opcode : 'seteq' 'setne' 'setle' 'setge' 'setlt' 'setgt'> <InPorts = 2> <OutPorts = 1>
ST_2 : Operation 61 [1/1] (0.99ns)   --->   "%select_ln85_3 = select i1 %icmp_ln87, i1 %icmp_ln89, i1 %icmp_ln89_1" [D:/project/DPUv2/dpu_conv.cpp:85->D:/project/DPUv2/dpu_conv.cpp:173]   --->   Operation 61 'select' 'select_ln85_3' <Predicate = (!icmp_ln85)> <Delay = 0.99> <CoreInst = "Sel">   --->   Core 73 'Sel' <Latency = 0> <II = 1> <Delay = 0.99> <FuncUnit> <Opcode : 'select'> <InPorts = 3> <OutPorts = 1>
ST_2 : Operation 62 [1/1] (1.24ns)   --->   "%select_ln85_4 = select i1 %icmp_ln87, i8 %add_ln85_1, i8 %oc_1" [D:/project/DPUv2/dpu_conv.cpp:85->D:/project/DPUv2/dpu_conv.cpp:173]   --->   Operation 62 'select' 'select_ln85_4' <Predicate = (!icmp_ln85)> <Delay = 1.24> <CoreInst = "Sel">   --->   Core 73 'Sel' <Latency = 0> <II = 1> <Delay = 1.24> <FuncUnit> <Opcode : 'select'> <InPorts = 3> <OutPorts = 1>
ST_2 : Operation 63 [1/1] (1.87ns)   --->   "%add_ln87 = add i7 %select_ln85, i7 1" [D:/project/DPUv2/dpu_conv.cpp:87->D:/project/DPUv2/dpu_conv.cpp:173]   --->   Operation 63 'add' 'add_ln87' <Predicate = (!icmp_ln85)> <Delay = 1.87> <CoreInst = "Adder">   --->   Core 1 'Adder' <Latency = 0> <II = 1> <Delay = 1.87> <FuncUnit> <Opcode : 'add' 'sub'> <InPorts = 2> <OutPorts = 1>
ST_2 : Operation 64 [1/1] (0.00ns) (grouped into LUT with out node ow_mid2)   --->   "%empty_67 = or i1 %select_ln85_3, i1 %icmp_ln87" [D:/project/DPUv2/dpu_conv.cpp:85->D:/project/DPUv2/dpu_conv.cpp:173]   --->   Operation 64 'or' 'empty_67' <Predicate = (!icmp_ln85)> <Delay = 0.00> <CoreInst = "LogicGate">   --->   Core 74 'LogicGate' <Latency = 0> <II = 1> <Delay = 0.97> <FuncUnit> <Opcode : 'and' 'or' 'xor'> <InPorts = 2> <OutPorts = 1>
ST_2 : Operation 65 [1/1] (0.99ns) (out node of the LUT)   --->   "%ow_mid2 = select i1 %empty_67, i7 0, i7 %ow_load" [D:/project/DPUv2/dpu_conv.cpp:85->D:/project/DPUv2/dpu_conv.cpp:173]   --->   Operation 65 'select' 'ow_mid2' <Predicate = (!icmp_ln85)> <Delay = 0.99> <CoreInst = "Sel">   --->   Core 73 'Sel' <Latency = 0> <II = 1> <Delay = 0.99> <FuncUnit> <Opcode : 'select'> <InPorts = 3> <OutPorts = 1>
ST_2 : Operation 66 [1/1] (1.87ns)   --->   "%first_iter_0 = icmp_eq  i7 %ow_mid2, i7 0" [D:/project/DPUv2/dpu_conv.cpp:85->D:/project/DPUv2/dpu_conv.cpp:173]   --->   Operation 66 'icmp' 'first_iter_0' <Predicate = (!icmp_ln85)> <Delay = 1.87> <CoreInst = "Cmp">   --->   Core 9 'Cmp' <Latency = 0> <II = 1> <Delay = 1.87> <FuncUnit> <Opcode : 'seteq' 'setne' 'setle' 'setge' 'setlt' 'setgt'> <InPorts = 2> <OutPorts = 1>
ST_2 : Operation 67 [1/1] (0.00ns)   --->   "%br_ln89 = br i1 %first_iter_0, void %for.body9.i.split, void %new.body.POOL_W.i" [D:/project/DPUv2/dpu_conv.cpp:89->D:/project/DPUv2/dpu_conv.cpp:173]   --->   Operation 67 'br' 'br_ln89' <Predicate = (!icmp_ln85)> <Delay = 0.00>
ST_2 : Operation 68 [1/1] (3.52ns)   --->   "%add_ln91 = add i64 %zext_ln85_1, i64 %conv_scratch_read" [D:/project/DPUv2/dpu_conv.cpp:91->D:/project/DPUv2/dpu_conv.cpp:173]   --->   Operation 68 'add' 'add_ln91' <Predicate = (!icmp_ln85)> <Delay = 3.52> <CoreInst = "Adder">   --->   Core 1 'Adder' <Latency = 0> <II = 1> <Delay = 3.52> <FuncUnit> <Opcode : 'add' 'sub'> <InPorts = 2> <OutPorts = 1>
ST_2 : Operation 69 [1/1] (1.81ns)   --->   "%add_ln87_1 = add i14 %indvar_flatten_load, i14 1" [D:/project/DPUv2/dpu_conv.cpp:87->D:/project/DPUv2/dpu_conv.cpp:173]   --->   Operation 69 'add' 'add_ln87_1' <Predicate = (!icmp_ln85)> <Delay = 1.81> <CoreInst = "Adder">   --->   Core 1 'Adder' <Latency = 0> <II = 1> <Delay = 1.81> <FuncUnit> <Opcode : 'add' 'sub'> <InPorts = 2> <OutPorts = 1>
ST_2 : Operation 70 [1/1] (0.70ns)   --->   "%select_ln87_1 = select i1 %icmp_ln87, i14 1, i14 %add_ln87_1" [D:/project/DPUv2/dpu_conv.cpp:87->D:/project/DPUv2/dpu_conv.cpp:173]   --->   Operation 70 'select' 'select_ln87_1' <Predicate = (!icmp_ln85)> <Delay = 0.70> <CoreInst = "Sel">   --->   Core 73 'Sel' <Latency = 0> <II = 1> <Delay = 0.70> <FuncUnit> <Opcode : 'select'> <InPorts = 3> <OutPorts = 1>
ST_2 : Operation 71 [1/1] (1.58ns)   --->   "%store_ln85 = store i22 %add_ln85, i22 %indvar_flatten25" [D:/project/DPUv2/dpu_conv.cpp:85->D:/project/DPUv2/dpu_conv.cpp:173]   --->   Operation 71 'store' 'store_ln85' <Predicate = (!icmp_ln85)> <Delay = 1.58>
ST_2 : Operation 72 [1/1] (1.58ns)   --->   "%store_ln85 = store i8 %select_ln85_4, i8 %oc" [D:/project/DPUv2/dpu_conv.cpp:85->D:/project/DPUv2/dpu_conv.cpp:173]   --->   Operation 72 'store' 'store_ln85' <Predicate = (!icmp_ln85)> <Delay = 1.58>
ST_2 : Operation 73 [1/1] (1.58ns)   --->   "%store_ln87 = store i14 %select_ln87_1, i14 %indvar_flatten" [D:/project/DPUv2/dpu_conv.cpp:87->D:/project/DPUv2/dpu_conv.cpp:173]   --->   Operation 73 'store' 'store_ln87' <Predicate = (!icmp_ln85)> <Delay = 1.58>

State 3 <SV = 2> <Delay = 7.22>
ST_3 : Operation 74 [1/1] (0.00ns)   --->   "%specbitsmap_ln0 = specbitsmap void @_ssdm_op_SpecBitsMap, i8 %gmem0"   --->   Operation 74 'specbitsmap' 'specbitsmap_ln0' <Predicate = true> <Delay = 0.00>
ST_3 : Operation 75 [1/1] (0.00ns)   --->   "%specbitsmap_ln0 = specbitsmap void @_ssdm_op_SpecBitsMap, i8 %gmem2"   --->   Operation 75 'specbitsmap' 'specbitsmap_ln0' <Predicate = true> <Delay = 0.00>
ST_3 : Operation 76 [1/1] (0.00ns)   --->   "%zext_ln91 = zext i20 %shl_ln" [D:/project/DPUv2/dpu_conv.cpp:91->D:/project/DPUv2/dpu_conv.cpp:173]   --->   Operation 76 'zext' 'zext_ln91' <Predicate = (!icmp_ln87 & !select_ln85_3)> <Delay = 0.00>
ST_3 : Operation 77 [1/1] (0.00ns)   --->   "%shl_ln91_3 = bitconcatenate i13 @_ssdm_op_BitConcatenate.i13.i7.i6, i7 %oh_1, i6 0" [D:/project/DPUv2/dpu_conv.cpp:91->D:/project/DPUv2/dpu_conv.cpp:173]   --->   Operation 77 'bitconcatenate' 'shl_ln91_3' <Predicate = (!icmp_ln87 & !select_ln85_3)> <Delay = 0.00>
ST_3 : Operation 78 [1/1] (0.00ns)   --->   "%zext_ln91_1 = zext i13 %shl_ln91_3" [D:/project/DPUv2/dpu_conv.cpp:91->D:/project/DPUv2/dpu_conv.cpp:173]   --->   Operation 78 'zext' 'zext_ln91_1' <Predicate = (!icmp_ln87 & !select_ln85_3)> <Delay = 0.00>
ST_3 : Operation 79 [1/1] (0.00ns) (grouped into TernaryAdder)   --->   "%add_ln91_1 = add i64 %zext_ln91_1, i64 %ofmap_read" [D:/project/DPUv2/dpu_conv.cpp:91->D:/project/DPUv2/dpu_conv.cpp:173]   --->   Operation 79 'add' 'add_ln91_1' <Predicate = (!icmp_ln87 & !select_ln85_3)> <Delay = 0.00> <CoreInst = "TAddSub">   --->   Core 10 'TAddSub' <Latency = 0> <II = 1> <Delay = 2.65> <IPBlock> <Opcode : 'add' 'sub'> <InPorts = 3> <OutPorts = 1> <Sync> <CReg>
ST_3 : Operation 80 [1/1] (5.30ns) (root node of TernaryAdder)   --->   "%add_ln91_2 = add i64 %add_ln91_1, i64 %zext_ln91" [D:/project/DPUv2/dpu_conv.cpp:91->D:/project/DPUv2/dpu_conv.cpp:173]   --->   Operation 80 'add' 'add_ln91_2' <Predicate = (!icmp_ln87 & !select_ln85_3)> <Delay = 5.30> <CoreInst = "TAddSub">   --->   Core 10 'TAddSub' <Latency = 0> <II = 1> <Delay = 2.65> <IPBlock> <Opcode : 'add' 'sub'> <InPorts = 3> <OutPorts = 1> <Sync> <CReg>
ST_3 : Operation 81 [1/1] (0.00ns)   --->   "%specloopname_ln0 = specloopname void @_ssdm_op_SpecLoopName, void @POOL_OC_POOL_H_POOL_W_str"   --->   Operation 81 'specloopname' 'specloopname_ln0' <Predicate = (!icmp_ln85)> <Delay = 0.00>
ST_3 : Operation 82 [1/1] (0.00ns)   --->   "%speclooptripcount_ln0 = speclooptripcount void @_ssdm_op_SpecLoopTripCount, i64 0, i64 4112895, i64 504063"   --->   Operation 82 'speclooptripcount' 'speclooptripcount_ln0' <Predicate = (!icmp_ln85)> <Delay = 0.00>
ST_3 : Operation 83 [1/1] (0.00ns)   --->   "%zext_ln91_5 = zext i20 %shl_ln91_mid1" [D:/project/DPUv2/dpu_conv.cpp:91->D:/project/DPUv2/dpu_conv.cpp:173]   --->   Operation 83 'zext' 'zext_ln91_5' <Predicate = (!icmp_ln85 & icmp_ln87 & !select_ln85_3)> <Delay = 0.00>
ST_3 : Operation 84 [1/1] (3.52ns)   --->   "%add_ln91_8 = add i64 %zext_ln91_5, i64 %ofmap_read" [D:/project/DPUv2/dpu_conv.cpp:91->D:/project/DPUv2/dpu_conv.cpp:173]   --->   Operation 84 'add' 'add_ln91_8' <Predicate = (!icmp_ln85 & icmp_ln87 & !select_ln85_3)> <Delay = 3.52> <CoreInst = "Adder">   --->   Core 1 'Adder' <Latency = 0> <II = 1> <Delay = 3.52> <FuncUnit> <Opcode : 'add' 'sub'> <InPorts = 2> <OutPorts = 1>
ST_3 : Operation 85 [1/1] (0.00ns) (grouped into LUT with out node add_ln91_2_mid2)   --->   "%select_ln85_2 = select i1 %icmp_ln87, i64 %add_ln91_8, i64 %add_ln91_2" [D:/project/DPUv2/dpu_conv.cpp:85->D:/project/DPUv2/dpu_conv.cpp:173]   --->   Operation 85 'select' 'select_ln85_2' <Predicate = (!icmp_ln85 & !select_ln85_3)> <Delay = 0.00> <CoreInst = "Sel">   --->   Core 73 'Sel' <Latency = 0> <II = 1> <Delay = 1.48> <FuncUnit> <Opcode : 'select'> <InPorts = 3> <OutPorts = 1>
ST_3 : Operation 86 [1/1] (0.00ns)   --->   "%shl_ln91_3_mid1 = bitconcatenate i13 @_ssdm_op_BitConcatenate.i13.i7.i6, i7 %add_ln87, i6 0" [D:/project/DPUv2/dpu_conv.cpp:91->D:/project/DPUv2/dpu_conv.cpp:173]   --->   Operation 86 'bitconcatenate' 'shl_ln91_3_mid1' <Predicate = (!icmp_ln85 & select_ln85_3)> <Delay = 0.00>
ST_3 : Operation 87 [1/1] (0.00ns)   --->   "%zext_ln91_6 = zext i13 %shl_ln91_3_mid1" [D:/project/DPUv2/dpu_conv.cpp:91->D:/project/DPUv2/dpu_conv.cpp:173]   --->   Operation 87 'zext' 'zext_ln91_6' <Predicate = (!icmp_ln85 & select_ln85_3)> <Delay = 0.00>
ST_3 : Operation 88 [1/1] (0.00ns) (grouped into TernaryAdder)   --->   "%add_ln91_9 = add i64 %zext_ln91_6, i64 %ofmap_read" [D:/project/DPUv2/dpu_conv.cpp:91->D:/project/DPUv2/dpu_conv.cpp:173]   --->   Operation 88 'add' 'add_ln91_9' <Predicate = (!icmp_ln85 & select_ln85_3)> <Delay = 0.00> <CoreInst = "TAddSub">   --->   Core 10 'TAddSub' <Latency = 0> <II = 1> <Delay = 2.65> <IPBlock> <Opcode : 'add' 'sub'> <InPorts = 3> <OutPorts = 1> <Sync> <CReg>
ST_3 : Operation 89 [1/1] (5.30ns) (root node of TernaryAdder)   --->   "%add_ln91_10 = add i64 %add_ln91_9, i64 %zext_ln85_1" [D:/project/DPUv2/dpu_conv.cpp:91->D:/project/DPUv2/dpu_conv.cpp:173]   --->   Operation 89 'add' 'add_ln91_10' <Predicate = (!icmp_ln85 & select_ln85_3)> <Delay = 5.30> <CoreInst = "TAddSub">   --->   Core 10 'TAddSub' <Latency = 0> <II = 1> <Delay = 2.65> <IPBlock> <Opcode : 'add' 'sub'> <InPorts = 3> <OutPorts = 1> <Sync> <CReg>
ST_3 : Operation 90 [1/1] (1.48ns) (out node of the LUT)   --->   "%add_ln91_2_mid2 = select i1 %select_ln85_3, i64 %add_ln91_10, i64 %select_ln85_2" [D:/project/DPUv2/dpu_conv.cpp:85->D:/project/DPUv2/dpu_conv.cpp:173]   --->   Operation 90 'select' 'add_ln91_2_mid2' <Predicate = (!icmp_ln85)> <Delay = 1.48> <CoreInst = "Sel">   --->   Core 73 'Sel' <Latency = 0> <II = 1> <Delay = 1.48> <FuncUnit> <Opcode : 'select'> <InPorts = 3> <OutPorts = 1>
ST_3 : Operation 91 [1/1] (0.99ns)   --->   "%select_ln87 = select i1 %select_ln85_3, i7 %add_ln87, i7 %select_ln85" [D:/project/DPUv2/dpu_conv.cpp:87->D:/project/DPUv2/dpu_conv.cpp:173]   --->   Operation 91 'select' 'select_ln87' <Predicate = (!icmp_ln85)> <Delay = 0.99> <CoreInst = "Sel">   --->   Core 73 'Sel' <Latency = 0> <II = 1> <Delay = 0.99> <FuncUnit> <Opcode : 'select'> <InPorts = 3> <OutPorts = 1>
ST_3 : Operation 92 [1/1] (0.00ns)   --->   "%gmem0_addr = getelementptr i8 %gmem0, i64 %add_ln91_2_mid2" [D:/project/DPUv2/dpu_conv.cpp:89->D:/project/DPUv2/dpu_conv.cpp:173]   --->   Operation 92 'getelementptr' 'gmem0_addr' <Predicate = (!icmp_ln85 & first_iter_0)> <Delay = 0.00>
ST_3 : Operation 93 [1/1] (0.00ns)   --->   "%shl_ln91_1 = bitconcatenate i14 @_ssdm_op_BitConcatenate.i14.i7.i7, i7 %select_ln87, i7 0" [D:/project/DPUv2/dpu_conv.cpp:91->D:/project/DPUv2/dpu_conv.cpp:173]   --->   Operation 93 'bitconcatenate' 'shl_ln91_1' <Predicate = (!icmp_ln85)> <Delay = 0.00>
ST_3 : Operation 94 [1/1] (0.00ns)   --->   "%zext_ln89 = zext i14 %shl_ln91_1" [D:/project/DPUv2/dpu_conv.cpp:89->D:/project/DPUv2/dpu_conv.cpp:173]   --->   Operation 94 'zext' 'zext_ln89' <Predicate = (!icmp_ln85)> <Delay = 0.00>
ST_3 : Operation 95 [1/1] (0.00ns)   --->   "%shl_ln91_2 = bitconcatenate i8 @_ssdm_op_BitConcatenate.i8.i7.i1, i7 %ow_mid2, i1 0" [D:/project/DPUv2/dpu_conv.cpp:91->D:/project/DPUv2/dpu_conv.cpp:173]   --->   Operation 95 'bitconcatenate' 'shl_ln91_2' <Predicate = (!icmp_ln85)> <Delay = 0.00>
ST_3 : Operation 96 [1/1] (0.00ns)   --->   "%zext_ln91_2 = zext i8 %shl_ln91_2" [D:/project/DPUv2/dpu_conv.cpp:91->D:/project/DPUv2/dpu_conv.cpp:173]   --->   Operation 96 'zext' 'zext_ln91_2' <Predicate = (!icmp_ln85)> <Delay = 0.00>
ST_3 : Operation 97 [1/1] (0.00ns)   --->   "%zext_ln91_3 = zext i8 %shl_ln91_2" [D:/project/DPUv2/dpu_conv.cpp:91->D:/project/DPUv2/dpu_conv.cpp:173]   --->   Operation 97 'zext' 'zext_ln91_3' <Predicate = (!icmp_ln85)> <Delay = 0.00>
ST_3 : Operation 98 [1/1] (0.00ns) (grouped into TernaryAdder)   --->   "%add_ln91_3 = add i64 %add_ln91, i64 %zext_ln89" [D:/project/DPUv2/dpu_conv.cpp:91->D:/project/DPUv2/dpu_conv.cpp:173]   --->   Operation 98 'add' 'add_ln91_3' <Predicate = (!icmp_ln85)> <Delay = 0.00> <CoreInst = "TAddSub">   --->   Core 10 'TAddSub' <Latency = 0> <II = 1> <Delay = 2.65> <IPBlock> <Opcode : 'add' 'sub'> <InPorts = 3> <OutPorts = 1> <Sync> <CReg>
ST_3 : Operation 99 [1/1] (1.91ns)   --->   "%add_ln91_4 = add i9 %zext_ln91_3, i9 64" [D:/project/DPUv2/dpu_conv.cpp:91->D:/project/DPUv2/dpu_conv.cpp:173]   --->   Operation 99 'add' 'add_ln91_4' <Predicate = (!icmp_ln85)> <Delay = 1.91> <CoreInst = "Adder">   --->   Core 1 'Adder' <Latency = 0> <II = 1> <Delay = 1.91> <FuncUnit> <Opcode : 'add' 'sub'> <InPorts = 2> <OutPorts = 1>
ST_3 : Operation 100 [1/1] (0.00ns)   --->   "%zext_ln91_4 = zext i9 %add_ln91_4" [D:/project/DPUv2/dpu_conv.cpp:91->D:/project/DPUv2/dpu_conv.cpp:173]   --->   Operation 100 'zext' 'zext_ln91_4' <Predicate = (!icmp_ln85)> <Delay = 0.00>
ST_3 : Operation 101 [1/1] (5.30ns) (root node of TernaryAdder)   --->   "%add_ln91_5 = add i64 %zext_ln91_4, i64 %add_ln91_3" [D:/project/DPUv2/dpu_conv.cpp:91->D:/project/DPUv2/dpu_conv.cpp:173]   --->   Operation 101 'add' 'add_ln91_5' <Predicate = (!icmp_ln85)> <Delay = 5.30> <CoreInst = "TAddSub">   --->   Core 10 'TAddSub' <Latency = 0> <II = 1> <Delay = 2.65> <IPBlock> <Opcode : 'add' 'sub'> <InPorts = 3> <OutPorts = 1> <Sync> <CReg>
ST_3 : Operation 102 [1/1] (0.00ns) (grouped into TernaryAdder)   --->   "%add_ln91_6 = add i64 %add_ln91, i64 %zext_ln91_2" [D:/project/DPUv2/dpu_conv.cpp:91->D:/project/DPUv2/dpu_conv.cpp:173]   --->   Operation 102 'add' 'add_ln91_6' <Predicate = (!icmp_ln85)> <Delay = 0.00> <CoreInst = "TAddSub">   --->   Core 10 'TAddSub' <Latency = 0> <II = 1> <Delay = 2.65> <IPBlock> <Opcode : 'add' 'sub'> <InPorts = 3> <OutPorts = 1> <Sync> <CReg>
ST_3 : Operation 103 [1/1] (5.30ns) (root node of TernaryAdder)   --->   "%add_ln91_7 = add i64 %add_ln91_6, i64 %zext_ln89" [D:/project/DPUv2/dpu_conv.cpp:91->D:/project/DPUv2/dpu_conv.cpp:173]   --->   Operation 103 'add' 'add_ln91_7' <Predicate = (!icmp_ln85)> <Delay = 5.30> <CoreInst = "TAddSub">   --->   Core 10 'TAddSub' <Latency = 0> <II = 1> <Delay = 2.65> <IPBlock> <Opcode : 'add' 'sub'> <InPorts = 3> <OutPorts = 1> <Sync> <CReg>
ST_3 : Operation 104 [1/1] (0.00ns)   --->   "%gmem2_addr = getelementptr i8 %gmem2, i64 %add_ln91_7" [D:/project/DPUv2/dpu_conv.cpp:91->D:/project/DPUv2/dpu_conv.cpp:173]   --->   Operation 104 'getelementptr' 'gmem2_addr' <Predicate = (!icmp_ln85)> <Delay = 0.00>
ST_3 : Operation 105 [1/1] (0.00ns)   --->   "%gmem2_addr_1 = getelementptr i8 %gmem2, i64 %add_ln91_5" [D:/project/DPUv2/dpu_conv.cpp:93->D:/project/DPUv2/dpu_conv.cpp:173]   --->   Operation 105 'getelementptr' 'gmem2_addr_1' <Predicate = (!icmp_ln85)> <Delay = 0.00>
ST_3 : Operation 106 [1/1] (0.00ns)   --->   "%gmem0_addr_1 = getelementptr i8 %gmem0, i64 %add_ln91_2_mid2" [D:/project/DPUv2/dpu_conv.cpp:89->D:/project/DPUv2/dpu_conv.cpp:173]   --->   Operation 106 'getelementptr' 'gmem0_addr_1' <Predicate = (!icmp_ln85)> <Delay = 0.00>
ST_3 : Operation 107 [1/1] (1.87ns)   --->   "%add_ln89 = add i7 %ow_mid2, i7 1" [D:/project/DPUv2/dpu_conv.cpp:89->D:/project/DPUv2/dpu_conv.cpp:173]   --->   Operation 107 'add' 'add_ln89' <Predicate = (!icmp_ln85)> <Delay = 1.87> <CoreInst = "Adder">   --->   Core 1 'Adder' <Latency = 0> <II = 1> <Delay = 1.87> <FuncUnit> <Opcode : 'add' 'sub'> <InPorts = 2> <OutPorts = 1>
ST_3 : Operation 108 [1/1] (1.87ns)   --->   "%icmp_ln89_2 = icmp_eq  i7 %add_ln89, i7 %lshr_ln1_read" [D:/project/DPUv2/dpu_conv.cpp:89->D:/project/DPUv2/dpu_conv.cpp:173]   --->   Operation 108 'icmp' 'icmp_ln89_2' <Predicate = (!icmp_ln85)> <Delay = 1.87> <CoreInst = "Cmp">   --->   Core 9 'Cmp' <Latency = 0> <II = 1> <Delay = 1.87> <FuncUnit> <Opcode : 'seteq' 'setne' 'setle' 'setge' 'setlt' 'setgt'> <InPorts = 2> <OutPorts = 1>
ST_3 : Operation 109 [1/1] (0.00ns)   --->   "%br_ln89 = br i1 %icmp_ln89_2, void %new.latch.for.body9.i.split, void %last.iter.for.body9.i.split" [D:/project/DPUv2/dpu_conv.cpp:89->D:/project/DPUv2/dpu_conv.cpp:173]   --->   Operation 109 'br' 'br_ln89' <Predicate = (!icmp_ln85)> <Delay = 0.00>
ST_3 : Operation 110 [1/1] (1.58ns)   --->   "%store_ln87 = store i7 %select_ln87, i7 %oh" [D:/project/DPUv2/dpu_conv.cpp:87->D:/project/DPUv2/dpu_conv.cpp:173]   --->   Operation 110 'store' 'store_ln87' <Predicate = (!icmp_ln85)> <Delay = 1.58>
ST_3 : Operation 111 [1/1] (1.58ns)   --->   "%store_ln89 = store i7 %add_ln89, i7 %ow" [D:/project/DPUv2/dpu_conv.cpp:89->D:/project/DPUv2/dpu_conv.cpp:173]   --->   Operation 111 'store' 'store_ln89' <Predicate = (!icmp_ln85)> <Delay = 1.58>
ST_3 : Operation 112 [1/1] (0.00ns)   --->   "%br_ln89 = br void %for.body9.i" [D:/project/DPUv2/dpu_conv.cpp:89->D:/project/DPUv2/dpu_conv.cpp:173]   --->   Operation 112 'br' 'br_ln89' <Predicate = (!icmp_ln85)> <Delay = 0.00>

State 4 <SV = 3> <Delay = 8.03>
ST_4 : Operation 113 [1/1] ( I:8.03ns O:8.03ns )   --->   "%empty_66 = writereq i1 @_ssdm_op_WriteReq.m_axi.p1i8, i8 %gmem0_addr, i64 %zext_ln85_cast" [D:/project/DPUv2/dpu_conv.cpp:89->D:/project/DPUv2/dpu_conv.cpp:173]   --->   Operation 113 'writereq' 'empty_66' <Predicate = (!icmp_ln85 & first_iter_0)> <Delay = 8.03> <CoreInst = "m_axi">   --->   Core 111 'm_axi' <Latency = 9> <II = 1> <Delay = 1.00> <Adapter> <Opcode : 'readrequnaligned' 'writerequnaligned' 'read' 'write' 'readreq' 'writereq' 'writeresp'>
ST_4 : Operation 114 [1/1] (0.00ns)   --->   "%br_ln89 = br void %for.body9.i.split" [D:/project/DPUv2/dpu_conv.cpp:89->D:/project/DPUv2/dpu_conv.cpp:173]   --->   Operation 114 'br' 'br_ln89' <Predicate = (!icmp_ln85 & first_iter_0)> <Delay = 0.00>
ST_4 : Operation 115 [8/8] (8.03ns)   --->   "%empty_64 = readreq i1 @_ssdm_op_ReadReq.m_axi.p1i8, i8 %gmem2_addr, i64 2" [D:/project/DPUv2/dpu_conv.cpp:91->D:/project/DPUv2/dpu_conv.cpp:173]   --->   Operation 115 'readreq' 'empty_64' <Predicate = (!icmp_ln85)> <Delay = 8.03> <CoreInst = "m_axi">   --->   Core 111 'm_axi' <Latency = 6> <II = 1> <Delay = 1.00> <Adapter> <Opcode : 'readrequnaligned' 'writerequnaligned' 'read' 'write' 'readreq' 'writereq' 'writeresp'>

State 5 <SV = 4> <Delay = 0.00>
ST_5 : Operation 116 [7/8] (8.03ns)   --->   "%empty_64 = readreq i1 @_ssdm_op_ReadReq.m_axi.p1i8, i8 %gmem2_addr, i64 2" [D:/project/DPUv2/dpu_conv.cpp:91->D:/project/DPUv2/dpu_conv.cpp:173]   --->   Operation 116 'readreq' 'empty_64' <Predicate = (!icmp_ln85)> <Delay = 8.03> <CoreInst = "m_axi">   --->   Core 111 'm_axi' <Latency = 6> <II = 1> <Delay = 1.00> <Adapter> <Opcode : 'readrequnaligned' 'writerequnaligned' 'read' 'write' 'readreq' 'writereq' 'writeresp'>

State 6 <SV = 5> <Delay = 0.00>
ST_6 : Operation 117 [6/8] (8.03ns)   --->   "%empty_64 = readreq i1 @_ssdm_op_ReadReq.m_axi.p1i8, i8 %gmem2_addr, i64 2" [D:/project/DPUv2/dpu_conv.cpp:91->D:/project/DPUv2/dpu_conv.cpp:173]   --->   Operation 117 'readreq' 'empty_64' <Predicate = true> <Delay = 8.03> <CoreInst = "m_axi">   --->   Core 111 'm_axi' <Latency = 6> <II = 1> <Delay = 1.00> <Adapter> <Opcode : 'readrequnaligned' 'writerequnaligned' 'read' 'write' 'readreq' 'writereq' 'writeresp'>
ST_6 : Operation 118 [8/8] (8.03ns)   --->   "%empty_65 = readreq i1 @_ssdm_op_ReadReq.m_axi.p1i8, i8 %gmem2_addr_1, i64 2" [D:/project/DPUv2/dpu_conv.cpp:93->D:/project/DPUv2/dpu_conv.cpp:173]   --->   Operation 118 'readreq' 'empty_65' <Predicate = true> <Delay = 8.03> <CoreInst = "m_axi">   --->   Core 111 'm_axi' <Latency = 6> <II = 1> <Delay = 1.00> <Adapter> <Opcode : 'readrequnaligned' 'writerequnaligned' 'read' 'write' 'readreq' 'writereq' 'writeresp'>

State 7 <SV = 6> <Delay = 0.00>
ST_7 : Operation 119 [5/8] (8.03ns)   --->   "%empty_64 = readreq i1 @_ssdm_op_ReadReq.m_axi.p1i8, i8 %gmem2_addr, i64 2" [D:/project/DPUv2/dpu_conv.cpp:91->D:/project/DPUv2/dpu_conv.cpp:173]   --->   Operation 119 'readreq' 'empty_64' <Predicate = true> <Delay = 8.03> <CoreInst = "m_axi">   --->   Core 111 'm_axi' <Latency = 6> <II = 1> <Delay = 1.00> <Adapter> <Opcode : 'readrequnaligned' 'writerequnaligned' 'read' 'write' 'readreq' 'writereq' 'writeresp'>
ST_7 : Operation 120 [7/8] (8.03ns)   --->   "%empty_65 = readreq i1 @_ssdm_op_ReadReq.m_axi.p1i8, i8 %gmem2_addr_1, i64 2" [D:/project/DPUv2/dpu_conv.cpp:93->D:/project/DPUv2/dpu_conv.cpp:173]   --->   Operation 120 'readreq' 'empty_65' <Predicate = true> <Delay = 8.03> <CoreInst = "m_axi">   --->   Core 111 'm_axi' <Latency = 6> <II = 1> <Delay = 1.00> <Adapter> <Opcode : 'readrequnaligned' 'writerequnaligned' 'read' 'write' 'readreq' 'writereq' 'writeresp'>

State 8 <SV = 7> <Delay = 0.00>
ST_8 : Operation 121 [4/8] (8.03ns)   --->   "%empty_64 = readreq i1 @_ssdm_op_ReadReq.m_axi.p1i8, i8 %gmem2_addr, i64 2" [D:/project/DPUv2/dpu_conv.cpp:91->D:/project/DPUv2/dpu_conv.cpp:173]   --->   Operation 121 'readreq' 'empty_64' <Predicate = true> <Delay = 8.03> <CoreInst = "m_axi">   --->   Core 111 'm_axi' <Latency = 6> <II = 1> <Delay = 1.00> <Adapter> <Opcode : 'readrequnaligned' 'writerequnaligned' 'read' 'write' 'readreq' 'writereq' 'writeresp'>
ST_8 : Operation 122 [6/8] (8.03ns)   --->   "%empty_65 = readreq i1 @_ssdm_op_ReadReq.m_axi.p1i8, i8 %gmem2_addr_1, i64 2" [D:/project/DPUv2/dpu_conv.cpp:93->D:/project/DPUv2/dpu_conv.cpp:173]   --->   Operation 122 'readreq' 'empty_65' <Predicate = true> <Delay = 8.03> <CoreInst = "m_axi">   --->   Core 111 'm_axi' <Latency = 6> <II = 1> <Delay = 1.00> <Adapter> <Opcode : 'readrequnaligned' 'writerequnaligned' 'read' 'write' 'readreq' 'writereq' 'writeresp'>

State 9 <SV = 8> <Delay = 0.00>
ST_9 : Operation 123 [3/8] (8.03ns)   --->   "%empty_64 = readreq i1 @_ssdm_op_ReadReq.m_axi.p1i8, i8 %gmem2_addr, i64 2" [D:/project/DPUv2/dpu_conv.cpp:91->D:/project/DPUv2/dpu_conv.cpp:173]   --->   Operation 123 'readreq' 'empty_64' <Predicate = true> <Delay = 8.03> <CoreInst = "m_axi">   --->   Core 111 'm_axi' <Latency = 6> <II = 1> <Delay = 1.00> <Adapter> <Opcode : 'readrequnaligned' 'writerequnaligned' 'read' 'write' 'readreq' 'writereq' 'writeresp'>
ST_9 : Operation 124 [5/8] (8.03ns)   --->   "%empty_65 = readreq i1 @_ssdm_op_ReadReq.m_axi.p1i8, i8 %gmem2_addr_1, i64 2" [D:/project/DPUv2/dpu_conv.cpp:93->D:/project/DPUv2/dpu_conv.cpp:173]   --->   Operation 124 'readreq' 'empty_65' <Predicate = true> <Delay = 8.03> <CoreInst = "m_axi">   --->   Core 111 'm_axi' <Latency = 6> <II = 1> <Delay = 1.00> <Adapter> <Opcode : 'readrequnaligned' 'writerequnaligned' 'read' 'write' 'readreq' 'writereq' 'writeresp'>

State 10 <SV = 9> <Delay = 0.00>
ST_10 : Operation 125 [2/8] (8.03ns)   --->   "%empty_64 = readreq i1 @_ssdm_op_ReadReq.m_axi.p1i8, i8 %gmem2_addr, i64 2" [D:/project/DPUv2/dpu_conv.cpp:91->D:/project/DPUv2/dpu_conv.cpp:173]   --->   Operation 125 'readreq' 'empty_64' <Predicate = true> <Delay = 8.03> <CoreInst = "m_axi">   --->   Core 111 'm_axi' <Latency = 6> <II = 1> <Delay = 1.00> <Adapter> <Opcode : 'readrequnaligned' 'writerequnaligned' 'read' 'write' 'readreq' 'writereq' 'writeresp'>
ST_10 : Operation 126 [4/8] (8.03ns)   --->   "%empty_65 = readreq i1 @_ssdm_op_ReadReq.m_axi.p1i8, i8 %gmem2_addr_1, i64 2" [D:/project/DPUv2/dpu_conv.cpp:93->D:/project/DPUv2/dpu_conv.cpp:173]   --->   Operation 126 'readreq' 'empty_65' <Predicate = true> <Delay = 8.03> <CoreInst = "m_axi">   --->   Core 111 'm_axi' <Latency = 6> <II = 1> <Delay = 1.00> <Adapter> <Opcode : 'readrequnaligned' 'writerequnaligned' 'read' 'write' 'readreq' 'writereq' 'writeresp'>

State 11 <SV = 10> <Delay = 8.03>
ST_11 : Operation 127 [1/8] ( I:8.03ns O:8.03ns )   --->   "%empty_64 = readreq i1 @_ssdm_op_ReadReq.m_axi.p1i8, i8 %gmem2_addr, i64 2" [D:/project/DPUv2/dpu_conv.cpp:91->D:/project/DPUv2/dpu_conv.cpp:173]   --->   Operation 127 'readreq' 'empty_64' <Predicate = true> <Delay = 8.03> <CoreInst = "m_axi">   --->   Core 111 'm_axi' <Latency = 6> <II = 1> <Delay = 1.00> <Adapter> <Opcode : 'readrequnaligned' 'writerequnaligned' 'read' 'write' 'readreq' 'writereq' 'writeresp'>
ST_11 : Operation 128 [3/8] (8.03ns)   --->   "%empty_65 = readreq i1 @_ssdm_op_ReadReq.m_axi.p1i8, i8 %gmem2_addr_1, i64 2" [D:/project/DPUv2/dpu_conv.cpp:93->D:/project/DPUv2/dpu_conv.cpp:173]   --->   Operation 128 'readreq' 'empty_65' <Predicate = true> <Delay = 8.03> <CoreInst = "m_axi">   --->   Core 111 'm_axi' <Latency = 6> <II = 1> <Delay = 1.00> <Adapter> <Opcode : 'readrequnaligned' 'writerequnaligned' 'read' 'write' 'readreq' 'writereq' 'writeresp'>

State 12 <SV = 11> <Delay = 8.03>
ST_12 : Operation 129 [1/1] ( I:8.03ns O:8.03ns )   --->   "%p00 = read i8 @_ssdm_op_Read.m_axi.i8.p1i8, i8 %gmem2_addr" [D:/project/DPUv2/dpu_conv.cpp:91->D:/project/DPUv2/dpu_conv.cpp:173]   --->   Operation 129 'read' 'p00' <Predicate = true> <Delay = 8.03> <CoreInst = "m_axi">   --->   Core 111 'm_axi' <Latency = 3> <II = 1> <Delay = 1.00> <Adapter> <Opcode : 'readrequnaligned' 'writerequnaligned' 'read' 'write' 'readreq' 'writereq' 'writeresp'>
ST_12 : Operation 130 [2/8] (8.03ns)   --->   "%empty_65 = readreq i1 @_ssdm_op_ReadReq.m_axi.p1i8, i8 %gmem2_addr_1, i64 2" [D:/project/DPUv2/dpu_conv.cpp:93->D:/project/DPUv2/dpu_conv.cpp:173]   --->   Operation 130 'readreq' 'empty_65' <Predicate = true> <Delay = 8.03> <CoreInst = "m_axi">   --->   Core 111 'm_axi' <Latency = 6> <II = 1> <Delay = 1.00> <Adapter> <Opcode : 'readrequnaligned' 'writerequnaligned' 'read' 'write' 'readreq' 'writereq' 'writeresp'>

State 13 <SV = 12> <Delay = 8.03>
ST_13 : Operation 131 [1/1] ( I:8.03ns O:8.03ns )   --->   "%p01 = read i8 @_ssdm_op_Read.m_axi.i8.p1i8, i8 %gmem2_addr" [D:/project/DPUv2/dpu_conv.cpp:91->D:/project/DPUv2/dpu_conv.cpp:173]   --->   Operation 131 'read' 'p01' <Predicate = true> <Delay = 8.03> <CoreInst = "m_axi">   --->   Core 111 'm_axi' <Latency = 3> <II = 1> <Delay = 1.00> <Adapter> <Opcode : 'readrequnaligned' 'writerequnaligned' 'read' 'write' 'readreq' 'writereq' 'writeresp'>
ST_13 : Operation 132 [1/8] ( I:8.03ns O:8.03ns )   --->   "%empty_65 = readreq i1 @_ssdm_op_ReadReq.m_axi.p1i8, i8 %gmem2_addr_1, i64 2" [D:/project/DPUv2/dpu_conv.cpp:93->D:/project/DPUv2/dpu_conv.cpp:173]   --->   Operation 132 'readreq' 'empty_65' <Predicate = true> <Delay = 8.03> <CoreInst = "m_axi">   --->   Core 111 'm_axi' <Latency = 6> <II = 1> <Delay = 1.00> <Adapter> <Opcode : 'readrequnaligned' 'writerequnaligned' 'read' 'write' 'readreq' 'writereq' 'writeresp'>

State 14 <SV = 13> <Delay = 8.03>
ST_14 : Operation 133 [1/1] ( I:8.03ns O:8.03ns )   --->   "%p10 = read i8 @_ssdm_op_Read.m_axi.i8.p1i8, i8 %gmem2_addr_1" [D:/project/DPUv2/dpu_conv.cpp:93->D:/project/DPUv2/dpu_conv.cpp:173]   --->   Operation 133 'read' 'p10' <Predicate = true> <Delay = 8.03> <CoreInst = "m_axi">   --->   Core 111 'm_axi' <Latency = 3> <II = 1> <Delay = 1.00> <Adapter> <Opcode : 'readrequnaligned' 'writerequnaligned' 'read' 'write' 'readreq' 'writereq' 'writeresp'>

State 15 <SV = 14> <Delay = 8.03>
ST_15 : Operation 134 [1/1] ( I:8.03ns O:8.03ns )   --->   "%p11 = read i8 @_ssdm_op_Read.m_axi.i8.p1i8, i8 %gmem2_addr_1" [D:/project/DPUv2/dpu_conv.cpp:93->D:/project/DPUv2/dpu_conv.cpp:173]   --->   Operation 134 'read' 'p11' <Predicate = true> <Delay = 8.03> <CoreInst = "m_axi">   --->   Core 111 'm_axi' <Latency = 3> <II = 1> <Delay = 1.00> <Adapter> <Opcode : 'readrequnaligned' 'writerequnaligned' 'read' 'write' 'readreq' 'writereq' 'writeresp'>
ST_15 : Operation 135 [1/1] (1.91ns)   --->   "%icmp_ln96 = icmp_sgt  i8 %p00, i8 %p01" [D:/project/DPUv2/dpu_conv.cpp:96->D:/project/DPUv2/dpu_conv.cpp:173]   --->   Operation 135 'icmp' 'icmp_ln96' <Predicate = true> <Delay = 1.91> <CoreInst = "Cmp">   --->   Core 9 'Cmp' <Latency = 0> <II = 1> <Delay = 1.91> <FuncUnit> <Opcode : 'seteq' 'setne' 'setle' 'setge' 'setlt' 'setgt'> <InPorts = 2> <OutPorts = 1>
ST_15 : Operation 136 [1/1] (1.24ns)   --->   "%m0 = select i1 %icmp_ln96, i8 %p00, i8 %p01" [D:/project/DPUv2/dpu_conv.cpp:96->D:/project/DPUv2/dpu_conv.cpp:173]   --->   Operation 136 'select' 'm0' <Predicate = true> <Delay = 1.24> <CoreInst = "Sel">   --->   Core 73 'Sel' <Latency = 0> <II = 1> <Delay = 1.24> <FuncUnit> <Opcode : 'select'> <InPorts = 3> <OutPorts = 1>

State 16 <SV = 15> <Delay = 6.32>
ST_16 : Operation 137 [1/1] (1.91ns)   --->   "%icmp_ln97 = icmp_sgt  i8 %p10, i8 %p11" [D:/project/DPUv2/dpu_conv.cpp:97->D:/project/DPUv2/dpu_conv.cpp:173]   --->   Operation 137 'icmp' 'icmp_ln97' <Predicate = true> <Delay = 1.91> <CoreInst = "Cmp">   --->   Core 9 'Cmp' <Latency = 0> <II = 1> <Delay = 1.91> <FuncUnit> <Opcode : 'seteq' 'setne' 'setle' 'setge' 'setlt' 'setgt'> <InPorts = 2> <OutPorts = 1>
ST_16 : Operation 138 [1/1] (1.24ns)   --->   "%m1 = select i1 %icmp_ln97, i8 %p10, i8 %p11" [D:/project/DPUv2/dpu_conv.cpp:97->D:/project/DPUv2/dpu_conv.cpp:173]   --->   Operation 138 'select' 'm1' <Predicate = true> <Delay = 1.24> <CoreInst = "Sel">   --->   Core 73 'Sel' <Latency = 0> <II = 1> <Delay = 1.24> <FuncUnit> <Opcode : 'select'> <InPorts = 3> <OutPorts = 1>
ST_16 : Operation 139 [1/1] (1.91ns)   --->   "%icmp_ln98 = icmp_sgt  i8 %m0, i8 %m1" [D:/project/DPUv2/dpu_conv.cpp:98->D:/project/DPUv2/dpu_conv.cpp:173]   --->   Operation 139 'icmp' 'icmp_ln98' <Predicate = true> <Delay = 1.91> <CoreInst = "Cmp">   --->   Core 9 'Cmp' <Latency = 0> <II = 1> <Delay = 1.91> <FuncUnit> <Opcode : 'seteq' 'setne' 'setle' 'setge' 'setlt' 'setgt'> <InPorts = 2> <OutPorts = 1>
ST_16 : Operation 140 [1/1] (1.24ns)   --->   "%select_ln98 = select i1 %icmp_ln98, i8 %m0, i8 %m1" [D:/project/DPUv2/dpu_conv.cpp:98->D:/project/DPUv2/dpu_conv.cpp:173]   --->   Operation 140 'select' 'select_ln98' <Predicate = true> <Delay = 1.24> <CoreInst = "Sel">   --->   Core 73 'Sel' <Latency = 0> <II = 1> <Delay = 1.24> <FuncUnit> <Opcode : 'select'> <InPorts = 3> <OutPorts = 1>

State 17 <SV = 16> <Delay = 8.03>
ST_17 : Operation 141 [1/1] (0.00ns)   --->   "%specpipeline_ln90 = specpipeline void @_ssdm_op_SpecPipeline, i32 1, i32 0, i32 0, i32 0, i32 4294967295, void @empty_47" [D:/project/DPUv2/dpu_conv.cpp:90->D:/project/DPUv2/dpu_conv.cpp:173]   --->   Operation 141 'specpipeline' 'specpipeline_ln90' <Predicate = true> <Delay = 0.00>
ST_17 : Operation 142 [1/1] ( I:8.03ns O:8.03ns )   --->   "%write_ln98 = write void @_ssdm_op_Write.m_axi.p1i8.i8, i8 %gmem0_addr_1, i8 %select_ln98, i1 1" [D:/project/DPUv2/dpu_conv.cpp:98->D:/project/DPUv2/dpu_conv.cpp:173]   --->   Operation 142 'write' 'write_ln98' <Predicate = true> <Delay = 8.03> <CoreInst = "m_axi">   --->   Core 111 'm_axi' <Latency = 5> <II = 1> <Delay = 1.00> <Adapter> <Opcode : 'readrequnaligned' 'writerequnaligned' 'read' 'write' 'readreq' 'writereq' 'writeresp'>

State 18 <SV = 17> <Delay = 1.58>
ST_18 : Operation 143 [5/5] (8.03ns)   --->   "%empty = writeresp i1 @_ssdm_op_WriteResp.m_axi.p1i8, i8 %gmem0_addr_1" [D:/project/DPUv2/dpu_conv.cpp:87->D:/project/DPUv2/dpu_conv.cpp:173]   --->   Operation 143 'writeresp' 'empty' <Predicate = (icmp_ln89_2)> <Delay = 8.03> <CoreInst = "m_axi">   --->   Core 111 'm_axi' <Latency = 3> <II = 1> <Delay = 1.00> <Adapter> <Opcode : 'readrequnaligned' 'writerequnaligned' 'read' 'write' 'readreq' 'writereq' 'writeresp'>
ST_18 : Operation 149 [1/1] (1.58ns)   --->   "%ret_ln0 = ret"   --->   Operation 149 'ret' 'ret_ln0' <Predicate = (icmp_ln85)> <Delay = 1.58>

State 19 <SV = 18> <Delay = 0.00>
ST_19 : Operation 144 [4/5] (8.03ns)   --->   "%empty = writeresp i1 @_ssdm_op_WriteResp.m_axi.p1i8, i8 %gmem0_addr_1" [D:/project/DPUv2/dpu_conv.cpp:87->D:/project/DPUv2/dpu_conv.cpp:173]   --->   Operation 144 'writeresp' 'empty' <Predicate = (icmp_ln89_2)> <Delay = 8.03> <CoreInst = "m_axi">   --->   Core 111 'm_axi' <Latency = 3> <II = 1> <Delay = 1.00> <Adapter> <Opcode : 'readrequnaligned' 'writerequnaligned' 'read' 'write' 'readreq' 'writereq' 'writeresp'>

State 20 <SV = 19> <Delay = 0.00>
ST_20 : Operation 145 [3/5] (8.03ns)   --->   "%empty = writeresp i1 @_ssdm_op_WriteResp.m_axi.p1i8, i8 %gmem0_addr_1" [D:/project/DPUv2/dpu_conv.cpp:87->D:/project/DPUv2/dpu_conv.cpp:173]   --->   Operation 145 'writeresp' 'empty' <Predicate = (icmp_ln89_2)> <Delay = 8.03> <CoreInst = "m_axi">   --->   Core 111 'm_axi' <Latency = 3> <II = 1> <Delay = 1.00> <Adapter> <Opcode : 'readrequnaligned' 'writerequnaligned' 'read' 'write' 'readreq' 'writereq' 'writeresp'>

State 21 <SV = 20> <Delay = 0.00>
ST_21 : Operation 146 [2/5] (8.03ns)   --->   "%empty = writeresp i1 @_ssdm_op_WriteResp.m_axi.p1i8, i8 %gmem0_addr_1" [D:/project/DPUv2/dpu_conv.cpp:87->D:/project/DPUv2/dpu_conv.cpp:173]   --->   Operation 146 'writeresp' 'empty' <Predicate = (icmp_ln89_2)> <Delay = 8.03> <CoreInst = "m_axi">   --->   Core 111 'm_axi' <Latency = 3> <II = 1> <Delay = 1.00> <Adapter> <Opcode : 'readrequnaligned' 'writerequnaligned' 'read' 'write' 'readreq' 'writereq' 'writeresp'>

State 22 <SV = 21> <Delay = 8.03>
ST_22 : Operation 147 [1/5] ( I:8.03ns O:8.03ns )   --->   "%empty = writeresp i1 @_ssdm_op_WriteResp.m_axi.p1i8, i8 %gmem0_addr_1" [D:/project/DPUv2/dpu_conv.cpp:87->D:/project/DPUv2/dpu_conv.cpp:173]   --->   Operation 147 'writeresp' 'empty' <Predicate = (icmp_ln89_2)> <Delay = 8.03> <CoreInst = "m_axi">   --->   Core 111 'm_axi' <Latency = 3> <II = 1> <Delay = 1.00> <Adapter> <Opcode : 'readrequnaligned' 'writerequnaligned' 'read' 'write' 'readreq' 'writereq' 'writeresp'>
ST_22 : Operation 148 [1/1] (0.00ns)   --->   "%br_ln89 = br void %new.latch.for.body9.i.split" [D:/project/DPUv2/dpu_conv.cpp:89->D:/project/DPUv2/dpu_conv.cpp:173]   --->   Operation 148 'br' 'br_ln89' <Predicate = (icmp_ln89_2)> <Delay = 0.00>


============================================================
+ Verbose Summary: Timing violations
============================================================
Target clock period: 11.000ns, clock uncertainty: 2.970ns.

 <State 1>: 1.588ns
The critical path consists of the following:
	'alloca' operation 22 bit ('indvar_flatten25') [13]  (0.000 ns)
	'store' operation ('store_ln0') of constant 0 22 bit on local variable 'indvar_flatten25' [23]  (1.588 ns)

 <State 2>: 6.143ns
The critical path consists of the following:
	'load' operation 8 bit ('oc', D:/project/DPUv2/dpu_conv.cpp:85->D:/project/DPUv2/dpu_conv.cpp:173) on local variable 'oc', D:/project/DPUv2/dpu_conv.cpp:85->D:/project/DPUv2/dpu_conv.cpp:173 [32]  (0.000 ns)
	'add' operation 8 bit ('add_ln85_1', D:/project/DPUv2/dpu_conv.cpp:85->D:/project/DPUv2/dpu_conv.cpp:173) [51]  (1.915 ns)
	'select' operation 20 bit ('select_ln85_1', D:/project/DPUv2/dpu_conv.cpp:85->D:/project/DPUv2/dpu_conv.cpp:173) [54]  (0.708 ns)
	'add' operation 64 bit ('add_ln91', D:/project/DPUv2/dpu_conv.cpp:91->D:/project/DPUv2/dpu_conv.cpp:173) [78]  (3.520 ns)

 <State 3>: 7.222ns
The critical path consists of the following:
	'add' operation 9 bit ('add_ln91_4', D:/project/DPUv2/dpu_conv.cpp:91->D:/project/DPUv2/dpu_conv.cpp:173) [86]  (1.915 ns)
	'add' operation 64 bit ('add_ln91_5', D:/project/DPUv2/dpu_conv.cpp:91->D:/project/DPUv2/dpu_conv.cpp:173) [88]  (5.307 ns)

 <State 4>: 8.030ns
The critical path consists of the following:
	bus request operation ('empty_66', D:/project/DPUv2/dpu_conv.cpp:89->D:/project/DPUv2/dpu_conv.cpp:173) on port 'gmem0' (D:/project/DPUv2/dpu_conv.cpp:89->D:/project/DPUv2/dpu_conv.cpp:173) [75]  (8.030 ns)

 <State 5>: 0.000ns
The critical path consists of the following:

 <State 6>: 0.000ns
The critical path consists of the following:

 <State 7>: 0.000ns
The critical path consists of the following:

 <State 8>: 0.000ns
The critical path consists of the following:

 <State 9>: 0.000ns
The critical path consists of the following:

 <State 10>: 0.000ns
The critical path consists of the following:

 <State 11>: 8.030ns
The critical path consists of the following:
	bus request operation ('empty_64', D:/project/DPUv2/dpu_conv.cpp:91->D:/project/DPUv2/dpu_conv.cpp:173) on port 'gmem2' (D:/project/DPUv2/dpu_conv.cpp:91->D:/project/DPUv2/dpu_conv.cpp:173) [92]  (8.030 ns)

 <State 12>: 8.030ns
The critical path consists of the following:
	bus read operation ('p00', D:/project/DPUv2/dpu_conv.cpp:91->D:/project/DPUv2/dpu_conv.cpp:173) on port 'gmem2' (D:/project/DPUv2/dpu_conv.cpp:91->D:/project/DPUv2/dpu_conv.cpp:173) [93]  (8.030 ns)

 <State 13>: 8.030ns
The critical path consists of the following:
	bus read operation ('p01', D:/project/DPUv2/dpu_conv.cpp:91->D:/project/DPUv2/dpu_conv.cpp:173) on port 'gmem2' (D:/project/DPUv2/dpu_conv.cpp:91->D:/project/DPUv2/dpu_conv.cpp:173) [94]  (8.030 ns)

 <State 14>: 8.030ns
The critical path consists of the following:
	bus read operation ('p10', D:/project/DPUv2/dpu_conv.cpp:93->D:/project/DPUv2/dpu_conv.cpp:173) on port 'gmem2' (D:/project/DPUv2/dpu_conv.cpp:93->D:/project/DPUv2/dpu_conv.cpp:173) [97]  (8.030 ns)

 <State 15>: 8.030ns
The critical path consists of the following:
	bus read operation ('p11', D:/project/DPUv2/dpu_conv.cpp:93->D:/project/DPUv2/dpu_conv.cpp:173) on port 'gmem2' (D:/project/DPUv2/dpu_conv.cpp:93->D:/project/DPUv2/dpu_conv.cpp:173) [98]  (8.030 ns)

 <State 16>: 6.326ns
The critical path consists of the following:
	'icmp' operation 1 bit ('icmp_ln97', D:/project/DPUv2/dpu_conv.cpp:97->D:/project/DPUv2/dpu_conv.cpp:173) [101]  (1.915 ns)
	'select' operation 8 bit ('m1', D:/project/DPUv2/dpu_conv.cpp:97->D:/project/DPUv2/dpu_conv.cpp:173) [102]  (1.248 ns)
	'icmp' operation 1 bit ('icmp_ln98', D:/project/DPUv2/dpu_conv.cpp:98->D:/project/DPUv2/dpu_conv.cpp:173) [103]  (1.915 ns)
	'select' operation 8 bit ('select_ln98', D:/project/DPUv2/dpu_conv.cpp:98->D:/project/DPUv2/dpu_conv.cpp:173) [104]  (1.248 ns)

 <State 17>: 8.030ns
The critical path consists of the following:
	bus write operation ('write_ln98', D:/project/DPUv2/dpu_conv.cpp:98->D:/project/DPUv2/dpu_conv.cpp:173) on port 'gmem0' (D:/project/DPUv2/dpu_conv.cpp:98->D:/project/DPUv2/dpu_conv.cpp:173) [106]  (8.030 ns)

 <State 18>: 1.588ns
The critical path consists of the following:

 <State 19>: 0.000ns
The critical path consists of the following:

 <State 20>: 0.000ns
The critical path consists of the following:

 <State 21>: 0.000ns
The critical path consists of the following:

 <State 22>: 8.030ns
The critical path consists of the following:
	bus response operation ('empty', D:/project/DPUv2/dpu_conv.cpp:87->D:/project/DPUv2/dpu_conv.cpp:173) on port 'gmem0' (D:/project/DPUv2/dpu_conv.cpp:87->D:/project/DPUv2/dpu_conv.cpp:173) [111]  (8.030 ns)


============================================================
+ Verbose Summary: Binding
============================================================
N/A
* FSMD analyzer results:
  - Output states:
 - Input state : 
  - Chain level:
	State 1
	State 2
	State 3
	State 4
	State 5
	State 6
	State 7
	State 8
	State 9
	State 10
	State 11
	State 12
	State 13
	State 14
	State 15
	State 16
	State 17
	State 18
	State 19
	State 20
	State 21
	State 22


============================================================
+ Verbose Summary: Datapath Resource usage 
============================================================
N/A
