D:\project\DPU_Project\DPU_HLS\dpu_conv_top\hls\.autopilot\db\dpu_conv.pp.0.cpp:2262:5: remark: Added loop label VITIS_LOOP_676_1:   [xilinx-label-all-loops]
    for (unsigned i = low; i != high+1; ++i) {
    ^
    VITIS_LOOP_676_1: 
D:\project\DPU_Project\DPU_HLS\dpu_conv_top\hls\.autopilot\db\dpu_conv.pp.0.cpp:2262:5: note: FIX-IT applied suggested code changes
D:\project\DPU_Project\DPU_HLS\dpu_conv_top\hls\.autopilot\db\dpu_conv.pp.0.cpp:2276:5: remark: Added loop label VITIS_LOOP_690_1:   [xilinx-label-all-loops]
    for (unsigned i = low; i != high+1; ++i) {
    ^
    VITIS_LOOP_690_1: 
D:\project\DPU_Project\DPU_HLS\dpu_conv_top\hls\.autopilot\db\dpu_conv.pp.0.cpp:2276:5: note: FIX-IT applied suggested code changes
D:\project\DPU_Project\DPU_HLS\dpu_conv_top\hls\.autopilot\db\dpu_conv.pp.0.cpp:2290:5: remark: Added loop label VITIS_LOOP_704_1:   [xilinx-label-all-loops]
    for (unsigned i = low; i != high+1; ++i) {
    ^
    VITIS_LOOP_704_1: 
D:\project\DPU_Project\DPU_HLS\dpu_conv_top\hls\.autopilot\db\dpu_conv.pp.0.cpp:2290:5: note: FIX-IT applied suggested code changes
D:\project\DPU_Project\DPU_HLS\dpu_conv_top\hls\.autopilot\db\dpu_conv.pp.0.cpp:5810:7: remark: Added loop label VITIS_LOOP_1251_1:   [xilinx-label-all-loops]
      for (i = 0; i < __N - 1; ++i) {
      ^
      VITIS_LOOP_1251_1: 
D:\project\DPU_Project\DPU_HLS\dpu_conv_top\hls\.autopilot\db\dpu_conv.pp.0.cpp:5810:7: note: FIX-IT applied suggested code changes
D:\project\DPU_Project\DPU_HLS\dpu_conv_top\hls\.autopilot\db\dpu_conv.pp.0.cpp:49673:21: remark: Added loop label VITIS_LOOP_43_1:   [xilinx-label-all-loops]
                    for (int u = 0; u < 8; u++) {
                    ^
                    VITIS_LOOP_43_1: 
D:\project\DPU_Project\DPU_HLS\dpu_conv_top\hls\.autopilot\db\dpu_conv.pp.0.cpp:49673:21: note: FIX-IT applied suggested code changes
D:\project\DPU_Project\DPU_HLS\dpu_conv_top\hls\.autopilot\db\dpu_conv.pp.0.cpp:49678:25: remark: Added loop label VITIS_LOOP_48_2:   [xilinx-label-all-loops]
                        for (int kh = 0; kh < 3; kh++) {
                        ^
                        VITIS_LOOP_48_2: 
D:\project\DPU_Project\DPU_HLS\dpu_conv_top\hls\.autopilot\db\dpu_conv.pp.0.cpp:49678:25: note: FIX-IT applied suggested code changes
D:\project\DPU_Project\DPU_HLS\dpu_conv_top\hls\.autopilot\db\dpu_conv.pp.0.cpp:49679:29: remark: Added loop label VITIS_LOOP_49_3:   [xilinx-label-all-loops]
                            for (int kw = 0; kw < 3; kw++) {
                            ^
                            VITIS_LOOP_49_3: 
D:\project\DPU_Project\DPU_HLS\dpu_conv_top\hls\.autopilot\db\dpu_conv.pp.0.cpp:49679:29: note: FIX-IT applied suggested code changes
