

================================================================
== Vitis HLS Report for 'maxpool2x2'
================================================================
* Date:           Mon Sep  7 20:12:59 2026

* Version:        2025.2 (Build 6295257 on Nov 14 2025)
* Project:        dpu_conv_top
* Solution:       hls (Vivado IP Flow Target)
* Product family: zynq
* Target device:  xc7z020-clg400-1


================================================================
== Performance Estimates
================================================================
+ Timing: 
    * Summary: 
    +--------+----------+----------+------------+
    |  Clock |  Target  | Estimated| Uncertainty|
    +--------+----------+----------+------------+
    |ap_clk  |  11.00 ns|  8.030 ns|     2.97 ns|
    +--------+----------+----------+------------+

+ Latency: 
    * Summary: 
    +---------+---------+-----------+-----------+-----+---------+---------+
    |  Latency (cycles) |   Latency (absolute)  |    Interval   | Pipeline|
    |   min   |   max   |    min    |    max    | min |   max   |   Type  |
    +---------+---------+-----------+-----------+-----+---------+---------+
    |        6|  4112908|  66.000 ns|  45.242 ms|    6|  4112908|       no|
    +---------+---------+-----------+-----------+-----+---------+---------+

    + Detail: 
        * Instance: 
        N/A

        * Loop: 
        N/A

============================================================
+ Verbose Summary: Synthesis Manager
============================================================
InlineROM: 1
ExposeGlobal: 0
============================================================
+ Verbose Summary: CDFG Model
============================================================
IsTopModel: 0
ResetActiveHigh: 1
IsCombinational: 0
IsDatapathOnly: 0
HasWiredReturn: 1
HasMFsm: 0
HasVarLatency: 1
IsPipeline: 0
IsRtlPipelined: 0
IsInstanceOverlapped: 0
IsDontTouch: 0
HasImplIP: 0
IsGatedGlobalClock: 0


============================================================
+ Verbose Summary: Schedule
============================================================
* Number of FSM states : 3
* Pipeline : 0
* Dataflow Pipeline: 0

* FSM state transitions: 
1 --> 2 
2 --> 3 
3 --> 

* FSM state operations: 

State 1 <SV = 0> <Delay = 3.74>
ST_1 : Operation 4 [1/1] (0.00ns)   --->   "%in_w_read = read i8 @_ssdm_op_Read.ap_auto.i8, i8 %in_w" [C:/Users/user/Downloads/files/dpu_conv.cpp:82]   --->   Operation 4 'read' 'in_w_read' <Predicate = true> <Delay = 0.00>
ST_1 : Operation 5 [1/1] (0.00ns)   --->   "%in_h_read = read i8 @_ssdm_op_Read.ap_auto.i8, i8 %in_h" [C:/Users/user/Downloads/files/dpu_conv.cpp:82]   --->   Operation 5 'read' 'in_h_read' <Predicate = true> <Delay = 0.00>
ST_1 : Operation 6 [1/1] (0.00ns)   --->   "%lshr_ln = partselect i7 @_ssdm_op_PartSelect.i7.i8.i32.i32, i8 %in_h_read, i32 1, i32 7" [C:/Users/user/Downloads/files/dpu_conv.cpp:87]   --->   Operation 6 'partselect' 'lshr_ln' <Predicate = true> <Delay = 0.00>
ST_1 : Operation 7 [1/1] (0.00ns)   --->   "%lshr_ln1 = partselect i7 @_ssdm_op_PartSelect.i7.i8.i32.i32, i8 %in_w_read, i32 1, i32 7" [C:/Users/user/Downloads/files/dpu_conv.cpp:89]   --->   Operation 7 'partselect' 'lshr_ln1' <Predicate = true> <Delay = 0.00>
ST_1 : Operation 8 [1/1] (0.00ns)   --->   "%cast = zext i7 %lshr_ln" [C:/Users/user/Downloads/files/dpu_conv.cpp:87]   --->   Operation 8 'zext' 'cast' <Predicate = true> <Delay = 0.00>
ST_1 : Operation 9 [1/1] (0.00ns)   --->   "%cast4 = zext i7 %lshr_ln1" [C:/Users/user/Downloads/files/dpu_conv.cpp:89]   --->   Operation 9 'zext' 'cast4' <Predicate = true> <Delay = 0.00>
ST_1 : Operation 10 [1/1] (3.74ns)   --->   "%bound = mul i14 %cast, i14 %cast4" [C:/Users/user/Downloads/files/dpu_conv.cpp:87]   --->   Operation 10 'mul' 'bound' <Predicate = true> <Delay = 3.74> <CoreInst = "Multiplier">   --->   Core 3 'Multiplier' <Latency = 0> <II = 1> <Delay = 3.74> <FuncUnit> <Opcode : 'mul'> <InPorts = 2> <OutPorts = 1>

State 2 <SV = 1> <Delay = 5.60>
ST_2 : Operation 11 [1/1] (0.00ns)   --->   "%out_ch_read = read i8 @_ssdm_op_Read.ap_auto.i8, i8 %out_ch" [C:/Users/user/Downloads/files/dpu_conv.cpp:82]   --->   Operation 11 'read' 'out_ch_read' <Predicate = true> <Delay = 0.00>
ST_2 : Operation 12 [1/1] (0.00ns)   --->   "%ofmap_read = read i64 @_ssdm_op_Read.ap_auto.i64, i64 %ofmap" [C:/Users/user/Downloads/files/dpu_conv.cpp:82]   --->   Operation 12 'read' 'ofmap_read' <Predicate = true> <Delay = 0.00>
ST_2 : Operation 13 [1/1] (0.00ns)   --->   "%cast5 = zext i8 %out_ch_read" [C:/Users/user/Downloads/files/dpu_conv.cpp:82]   --->   Operation 13 'zext' 'cast5' <Predicate = true> <Delay = 0.00>
ST_2 : Operation 14 [1/1] (0.00ns)   --->   "%cast6 = zext i14 %bound" [C:/Users/user/Downloads/files/dpu_conv.cpp:87]   --->   Operation 14 'zext' 'cast6' <Predicate = true> <Delay = 0.00>
ST_2 : Operation 15 [1/1] (5.60ns)   --->   "%bound7 = mul i22 %cast5, i22 %cast6" [C:/Users/user/Downloads/files/dpu_conv.cpp:82]   --->   Operation 15 'mul' 'bound7' <Predicate = true> <Delay = 5.60> <CoreInst = "Multiplier">   --->   Core 3 'Multiplier' <Latency = 0> <II = 1> <Delay = 5.60> <FuncUnit> <Opcode : 'mul'> <InPorts = 2> <OutPorts = 1>
ST_2 : Operation 16 [2/2] (0.00ns)   --->   "%call_ln82 = call void @maxpool2x2_Pipeline_POOL_OC_POOL_H_POOL_W, i22 %bound7, i8 %dpu_conv_top_ap_int_8_64_64_ap_int_8_64_3_3_ap_int_32_ap_int_8_64_64_ap_uint_8_ap_uint_8_ap_uint_8_ap_uint_8_ap_uint_1_ap_uint_1_perf_counters_t_conv_buf, i8 %dpu_conv_top_ap_int_8_64_64_ap_int_8_64_3_3_ap_int_32_ap_int_8_64_64_ap_uint_8_ap_uint_8_ap_uint_8_ap_uint_8_ap_uint_1_ap_uint_1_perf_counters_t_conv_buf_1, i8 %gmem0, i7 %lshr_ln1, i14 %bound, i64 %ofmap_read, i7 %lshr_ln1" [C:/Users/user/Downloads/files/dpu_conv.cpp:82]   --->   Operation 16 'call' 'call_ln82' <Predicate = true> <Delay = 0.00> <CoreType = "Generic">   --->   Generic Core

State 3 <SV = 2> <Delay = 0.00>
ST_3 : Operation 17 [1/1] (0.00ns)   --->   "%specinterface_ln0 = specinterface void @_ssdm_op_SpecInterface, i8 %gmem0, void @empty_38, i32 0, i32 0, void @empty_39, i32 0, i32 262144, void @empty_6, void @empty_42, void @empty_39, i32 16, i32 16, i32 16, i32 16, void @empty_39, void @empty_39, i32 4294967295, i32 0, i32 0, i32 1"   --->   Operation 17 'specinterface' 'specinterface_ln0' <Predicate = true> <Delay = 0.00>
ST_3 : Operation 18 [1/2] (0.00ns)   --->   "%call_ln82 = call void @maxpool2x2_Pipeline_POOL_OC_POOL_H_POOL_W, i22 %bound7, i8 %dpu_conv_top_ap_int_8_64_64_ap_int_8_64_3_3_ap_int_32_ap_int_8_64_64_ap_uint_8_ap_uint_8_ap_uint_8_ap_uint_8_ap_uint_1_ap_uint_1_perf_counters_t_conv_buf, i8 %dpu_conv_top_ap_int_8_64_64_ap_int_8_64_3_3_ap_int_32_ap_int_8_64_64_ap_uint_8_ap_uint_8_ap_uint_8_ap_uint_8_ap_uint_1_ap_uint_1_perf_counters_t_conv_buf_1, i8 %gmem0, i7 %lshr_ln1, i14 %bound, i64 %ofmap_read, i7 %lshr_ln1" [C:/Users/user/Downloads/files/dpu_conv.cpp:82]   --->   Operation 18 'call' 'call_ln82' <Predicate = true> <Delay = 0.00> <CoreType = "Generic">   --->   Generic Core
ST_3 : Operation 19 [1/1] (0.00ns)   --->   "%ret_ln0 = ret"   --->   Operation 19 'ret' 'ret_ln0' <Predicate = true> <Delay = 0.00>


============================================================
+ Verbose Summary: Timing violations
============================================================
Target clock period: 11.000ns, clock uncertainty: 2.970ns.

 <State 1>: 3.740ns
The critical path consists of the following:
	wire read operation ('in_w_read', C:/Users/user/Downloads/files/dpu_conv.cpp:82) on port 'in_w' (C:/Users/user/Downloads/files/dpu_conv.cpp:82) [10]  (0.000 ns)
	'mul' operation 14 bit ('bound', C:/Users/user/Downloads/files/dpu_conv.cpp:87) [17]  (3.740 ns)

 <State 2>: 5.600ns
The critical path consists of the following:
	wire read operation ('out_ch_read', C:/Users/user/Downloads/files/dpu_conv.cpp:82) on port 'out_ch' (C:/Users/user/Downloads/files/dpu_conv.cpp:82) [9]  (0.000 ns)
	'mul' operation 22 bit ('bound7', C:/Users/user/Downloads/files/dpu_conv.cpp:82) [20]  (5.600 ns)

 <State 3>: 0.000ns
The critical path consists of the following:


============================================================
+ Verbose Summary: Binding
============================================================
N/A
* FSMD analyzer results:
  - Output states:
 - Input state : 
  - Chain level:
	State 1
	State 2
	State 3


============================================================
+ Verbose Summary: Datapath Resource usage 
============================================================
N/A
