

================================================================
== Vitis HLS Report for 'maxpool2x2_Pipeline_POOL_OC_POOL_H_POOL_W'
================================================================
* Date:           Mon Sep  7 20:12:58 2026

* Version:        2025.2 (Build 6295257 on Nov 14 2025)
* Project:        dpu_conv_top
* Solution:       hls (Vivado IP Flow Target)
* Product family: zynq
* Target device:  xc7z020-clg400-1


================================================================
== Performance Estimates
================================================================
+ Timing: 
    * Summary: 
    +--------+----------+----------+------------+
    |  Clock |  Target  | Estimated| Uncertainty|
    +--------+----------+----------+------------+
    |ap_clk  |  11.00 ns|  8.030 ns|     2.97 ns|
    +--------+----------+----------+------------+

+ Latency: 
    * Summary: 
    +---------+---------+-----------+-----------+-----+-----+-------------------+
    |  Latency (cycles) |   Latency (absolute)  |  Interval |      Pipeline     |
    |   min   |   max   |    min    |    max    | min | max |        Type       |
    +---------+---------+-----------+-----------+-----+-----+-------------------+
    |        4|  4112906|  44.000 ns|  45.242 ms|    0|    0|  loop pipeline stp|
    +---------+---------+-----------+-----------+-----+-----+-------------------+

    + Detail: 
        * Instance: 
        N/A

        * Loop: 
        +-------------------------+---------+---------+----------+-----------+-----------+-------------+----------+
        |                         |  Latency (cycles) | Iteration|  Initiation Interval  |     Trip    |          |
        |        Loop Name        |   min   |   max   |  Latency |  achieved |   target  |    Count    | Pipelined|
        +-------------------------+---------+---------+----------+-----------+-----------+-------------+----------+
        |- POOL_OC_POOL_H_POOL_W  |        2|  4112904|        11|          1|          1|  0 ~ 4112895|       yes|
        +-------------------------+---------+---------+----------+-----------+-----------+-------------+----------+

============================================================
+ Verbose Summary: Synthesis Manager
============================================================
InlineROM: 1
ExposeGlobal: 0
============================================================
+ Verbose Summary: CDFG Model
============================================================
IsTopModel: 0
ResetActiveHigh: 1
IsCombinational: 0
IsDatapathOnly: 0
HasWiredReturn: 1
HasMFsm: 2
HasVarLatency: 1
IsPipeline: 0
IsRtlPipelined: 0
IsInstanceOverlapped: 0
IsDontTouch: 0
HasImplIP: 0
IsGatedGlobalClock: 0

+ Individual pipeline summary: 
  * Pipeline-0: initiation interval (II) = 1, depth = 12


============================================================
+ Verbose Summary: Schedule
============================================================
* Number of FSM states : 12
* Pipeline : 1
  Pipeline-0 : II = 1, D = 12, States = { 1 2 3 4 5 6 7 8 9 10 11 12 }
* Dataflow Pipeline: 0

* FSM state transitions: 
1 --> 2 
2 --> 3 
3 --> 4 
4 --> 5 
5 --> 6 
6 --> 7 
7 --> 8 
8 --> 9 
9 --> 10 
10 --> 11 
11 --> 12 
12 --> 

* FSM state operations: 

State 1 <SV = 0> <Delay = 1.58>
ST_1 : Operation 14 [1/1] (0.00ns)   --->   "%ow = alloca i32 1" [C:/Users/user/Downloads/files/dpu_conv.cpp:89]   --->   Operation 14 'alloca' 'ow' <Predicate = true> <Delay = 0.00>
ST_1 : Operation 15 [1/1] (0.00ns)   --->   "%oh = alloca i32 1" [C:/Users/user/Downloads/files/dpu_conv.cpp:87]   --->   Operation 15 'alloca' 'oh' <Predicate = true> <Delay = 0.00>
ST_1 : Operation 16 [1/1] (0.00ns)   --->   "%indvar_flatten = alloca i32 1"   --->   Operation 16 'alloca' 'indvar_flatten' <Predicate = true> <Delay = 0.00>
ST_1 : Operation 17 [1/1] (0.00ns)   --->   "%oc = alloca i32 1" [C:/Users/user/Downloads/files/dpu_conv.cpp:85]   --->   Operation 17 'alloca' 'oc' <Predicate = true> <Delay = 0.00>
ST_1 : Operation 18 [1/1] (0.00ns)   --->   "%indvar_flatten27 = alloca i32 1"   --->   Operation 18 'alloca' 'indvar_flatten27' <Predicate = true> <Delay = 0.00>
ST_1 : Operation 19 [1/1] (0.00ns)   --->   "%zext_ln85_read = read i7 @_ssdm_op_Read.ap_auto.i7, i7 %zext_ln85"   --->   Operation 19 'read' 'zext_ln85_read' <Predicate = true> <Delay = 0.00>
ST_1 : Operation 20 [1/1] (0.00ns)   --->   "%ofmap_read = read i64 @_ssdm_op_Read.ap_auto.i64, i64 %ofmap"   --->   Operation 20 'read' 'ofmap_read' <Predicate = true> <Delay = 0.00>
ST_1 : Operation 21 [1/1] (0.00ns)   --->   "%bound_read = read i14 @_ssdm_op_Read.ap_auto.i14, i14 %bound"   --->   Operation 21 'read' 'bound_read' <Predicate = true> <Delay = 0.00>
ST_1 : Operation 22 [1/1] (0.00ns)   --->   "%lshr_ln1_read = read i7 @_ssdm_op_Read.ap_auto.i7, i7 %lshr_ln1"   --->   Operation 22 'read' 'lshr_ln1_read' <Predicate = true> <Delay = 0.00>
ST_1 : Operation 23 [1/1] (0.00ns)   --->   "%bound7_read = read i22 @_ssdm_op_Read.ap_auto.i22, i22 %bound7"   --->   Operation 23 'read' 'bound7_read' <Predicate = true> <Delay = 0.00>
ST_1 : Operation 24 [1/1] (0.00ns)   --->   "%zext_ln85_cast = zext i7 %zext_ln85_read"   --->   Operation 24 'zext' 'zext_ln85_cast' <Predicate = true> <Delay = 0.00>
ST_1 : Operation 25 [1/1] (0.00ns)   --->   "%specinterface_ln0 = specinterface void @_ssdm_op_SpecInterface, i8 %gmem0, void @empty_38, i32 0, i32 0, void @empty_39, i32 0, i32 262144, void @empty_6, void @empty_42, void @empty_39, i32 16, i32 16, i32 16, i32 16, void @empty_39, void @empty_39, i32 4294967295, i32 0, i32 0, i32 1"   --->   Operation 25 'specinterface' 'specinterface_ln0' <Predicate = true> <Delay = 0.00>
ST_1 : Operation 26 [1/1] (1.58ns)   --->   "%store_ln0 = store i22 0, i22 %indvar_flatten27"   --->   Operation 26 'store' 'store_ln0' <Predicate = true> <Delay = 1.58>
ST_1 : Operation 27 [1/1] (1.58ns)   --->   "%store_ln85 = store i8 0, i8 %oc" [C:/Users/user/Downloads/files/dpu_conv.cpp:85]   --->   Operation 27 'store' 'store_ln85' <Predicate = true> <Delay = 1.58>
ST_1 : Operation 28 [1/1] (1.58ns)   --->   "%store_ln0 = store i14 0, i14 %indvar_flatten"   --->   Operation 28 'store' 'store_ln0' <Predicate = true> <Delay = 1.58>
ST_1 : Operation 29 [1/1] (1.58ns)   --->   "%store_ln87 = store i7 0, i7 %oh" [C:/Users/user/Downloads/files/dpu_conv.cpp:87]   --->   Operation 29 'store' 'store_ln87' <Predicate = true> <Delay = 1.58>
ST_1 : Operation 30 [1/1] (1.58ns)   --->   "%store_ln89 = store i7 0, i7 %ow" [C:/Users/user/Downloads/files/dpu_conv.cpp:89]   --->   Operation 30 'store' 'store_ln89' <Predicate = true> <Delay = 1.58>
ST_1 : Operation 31 [1/1] (0.00ns)   --->   "%br_ln0 = br void %for.body9.i"   --->   Operation 31 'br' 'br_ln0' <Predicate = true> <Delay = 0.00>

State 2 <SV = 1> <Delay = 4.10>
ST_2 : Operation 32 [1/1] (0.00ns)   --->   "%indvar_flatten_load = load i14 %indvar_flatten" [C:/Users/user/Downloads/files/dpu_conv.cpp:87]   --->   Operation 32 'load' 'indvar_flatten_load' <Predicate = true> <Delay = 0.00>
ST_2 : Operation 33 [1/1] (0.00ns)   --->   "%indvar_flatten27_load = load i22 %indvar_flatten27" [C:/Users/user/Downloads/files/dpu_conv.cpp:85]   --->   Operation 33 'load' 'indvar_flatten27_load' <Predicate = true> <Delay = 0.00>
ST_2 : Operation 34 [1/1] (2.25ns)   --->   "%icmp_ln85 = icmp_eq  i22 %indvar_flatten27_load, i22 %bound7_read" [C:/Users/user/Downloads/files/dpu_conv.cpp:85]   --->   Operation 34 'icmp' 'icmp_ln85' <Predicate = true> <Delay = 2.25> <CoreInst = "Cmp">   --->   Core 9 'Cmp' <Latency = 0> <II = 1> <Delay = 2.25> <FuncUnit> <Opcode : 'seteq' 'setne' 'setle' 'setge' 'setlt' 'setgt'> <InPorts = 2> <OutPorts = 1>
ST_2 : Operation 35 [1/1] (2.25ns)   --->   "%add_ln85_1 = add i22 %indvar_flatten27_load, i22 1" [C:/Users/user/Downloads/files/dpu_conv.cpp:85]   --->   Operation 35 'add' 'add_ln85_1' <Predicate = true> <Delay = 2.25> <CoreInst = "Adder">   --->   Core 1 'Adder' <Latency = 0> <II = 1> <Delay = 2.25> <FuncUnit> <Opcode : 'add' 'sub'> <InPorts = 2> <OutPorts = 1>
ST_2 : Operation 36 [1/1] (0.00ns)   --->   "%br_ln85 = br i1 %icmp_ln85, void %for.inc62.i, void %maxpool2x2.exit.exitStub" [C:/Users/user/Downloads/files/dpu_conv.cpp:85]   --->   Operation 36 'br' 'br_ln85' <Predicate = true> <Delay = 0.00>
ST_2 : Operation 37 [1/1] (1.81ns)   --->   "%icmp_ln87 = icmp_eq  i14 %indvar_flatten_load, i14 %bound_read" [C:/Users/user/Downloads/files/dpu_conv.cpp:87]   --->   Operation 37 'icmp' 'icmp_ln87' <Predicate = (!icmp_ln85)> <Delay = 1.81> <CoreInst = "Cmp">   --->   Core 9 'Cmp' <Latency = 0> <II = 1> <Delay = 1.81> <FuncUnit> <Opcode : 'seteq' 'setne' 'setle' 'setge' 'setlt' 'setgt'> <InPorts = 2> <OutPorts = 1>
ST_2 : Operation 38 [1/1] (1.81ns)   --->   "%add_ln87_1 = add i14 %indvar_flatten_load, i14 1" [C:/Users/user/Downloads/files/dpu_conv.cpp:87]   --->   Operation 38 'add' 'add_ln87_1' <Predicate = (!icmp_ln85)> <Delay = 1.81> <CoreInst = "Adder">   --->   Core 1 'Adder' <Latency = 0> <II = 1> <Delay = 1.81> <FuncUnit> <Opcode : 'add' 'sub'> <InPorts = 2> <OutPorts = 1>
ST_2 : Operation 39 [1/1] (0.70ns)   --->   "%select_ln87_1 = select i1 %icmp_ln87, i14 1, i14 %add_ln87_1" [C:/Users/user/Downloads/files/dpu_conv.cpp:87]   --->   Operation 39 'select' 'select_ln87_1' <Predicate = (!icmp_ln85)> <Delay = 0.70> <CoreInst = "Sel">   --->   Core 73 'Sel' <Latency = 0> <II = 1> <Delay = 0.70> <FuncUnit> <Opcode : 'select'> <InPorts = 3> <OutPorts = 1>
ST_2 : Operation 40 [1/1] (1.58ns)   --->   "%store_ln85 = store i22 %add_ln85_1, i22 %indvar_flatten27" [C:/Users/user/Downloads/files/dpu_conv.cpp:85]   --->   Operation 40 'store' 'store_ln85' <Predicate = (!icmp_ln85)> <Delay = 1.58>
ST_2 : Operation 41 [1/1] (1.58ns)   --->   "%store_ln87 = store i14 %select_ln87_1, i14 %indvar_flatten" [C:/Users/user/Downloads/files/dpu_conv.cpp:87]   --->   Operation 41 'store' 'store_ln87' <Predicate = (!icmp_ln85)> <Delay = 1.58>

State 3 <SV = 2> <Delay = 7.59>
ST_3 : Operation 42 [1/1] (0.00ns)   --->   "%oh_1 = load i7 %oh" [C:/Users/user/Downloads/files/dpu_conv.cpp:91]   --->   Operation 42 'load' 'oh_1' <Predicate = true> <Delay = 0.00>
ST_3 : Operation 43 [1/1] (0.00ns)   --->   "%oc_1 = load i8 %oc" [C:/Users/user/Downloads/files/dpu_conv.cpp:85]   --->   Operation 43 'load' 'oc_1' <Predicate = true> <Delay = 0.00>
ST_3 : Operation 44 [1/1] (0.00ns)   --->   "%ow_load = load i7 %ow" [C:/Users/user/Downloads/files/dpu_conv.cpp:89]   --->   Operation 44 'load' 'ow_load' <Predicate = (!icmp_ln85)> <Delay = 0.00>
ST_3 : Operation 45 [1/1] (1.91ns)   --->   "%add_ln85 = add i8 %oc_1, i8 1" [C:/Users/user/Downloads/files/dpu_conv.cpp:85]   --->   Operation 45 'add' 'add_ln85' <Predicate = (!icmp_ln85)> <Delay = 1.91> <CoreInst = "Adder">   --->   Core 1 'Adder' <Latency = 0> <II = 1> <Delay = 1.91> <FuncUnit> <Opcode : 'add' 'sub'> <InPorts = 2> <OutPorts = 1>
ST_3 : Operation 46 [1/1] (0.99ns)   --->   "%select_ln85 = select i1 %icmp_ln87, i7 0, i7 %oh_1" [C:/Users/user/Downloads/files/dpu_conv.cpp:85]   --->   Operation 46 'select' 'select_ln85' <Predicate = (!icmp_ln85)> <Delay = 0.99> <CoreInst = "Sel">   --->   Core 73 'Sel' <Latency = 0> <II = 1> <Delay = 0.99> <FuncUnit> <Opcode : 'select'> <InPorts = 3> <OutPorts = 1>
ST_3 : Operation 47 [1/1] (1.87ns)   --->   "%icmp_ln89 = icmp_eq  i7 %lshr_ln1_read, i7 0" [C:/Users/user/Downloads/files/dpu_conv.cpp:89]   --->   Operation 47 'icmp' 'icmp_ln89' <Predicate = (!icmp_ln85)> <Delay = 1.87> <CoreInst = "Cmp">   --->   Core 9 'Cmp' <Latency = 0> <II = 1> <Delay = 1.87> <FuncUnit> <Opcode : 'seteq' 'setne' 'setle' 'setge' 'setlt' 'setgt'> <InPorts = 2> <OutPorts = 1>
ST_3 : Operation 48 [1/1] (1.87ns)   --->   "%icmp_ln89_1 = icmp_eq  i7 %ow_load, i7 %lshr_ln1_read" [C:/Users/user/Downloads/files/dpu_conv.cpp:89]   --->   Operation 48 'icmp' 'icmp_ln89_1' <Predicate = (!icmp_ln85)> <Delay = 1.87> <CoreInst = "Cmp">   --->   Core 9 'Cmp' <Latency = 0> <II = 1> <Delay = 1.87> <FuncUnit> <Opcode : 'seteq' 'setne' 'setle' 'setge' 'setlt' 'setgt'> <InPorts = 2> <OutPorts = 1>
ST_3 : Operation 49 [1/1] (0.99ns)   --->   "%select_ln85_3 = select i1 %icmp_ln87, i1 %icmp_ln89, i1 %icmp_ln89_1" [C:/Users/user/Downloads/files/dpu_conv.cpp:85]   --->   Operation 49 'select' 'select_ln85_3' <Predicate = (!icmp_ln85)> <Delay = 0.99> <CoreInst = "Sel">   --->   Core 73 'Sel' <Latency = 0> <II = 1> <Delay = 0.99> <FuncUnit> <Opcode : 'select'> <InPorts = 3> <OutPorts = 1>
ST_3 : Operation 50 [1/1] (1.24ns)   --->   "%select_ln85_4 = select i1 %icmp_ln87, i8 %add_ln85, i8 %oc_1" [C:/Users/user/Downloads/files/dpu_conv.cpp:85]   --->   Operation 50 'select' 'select_ln85_4' <Predicate = (!icmp_ln85)> <Delay = 1.24> <CoreInst = "Sel">   --->   Core 73 'Sel' <Latency = 0> <II = 1> <Delay = 1.24> <FuncUnit> <Opcode : 'select'> <InPorts = 3> <OutPorts = 1>
ST_3 : Operation 51 [1/1] (0.00ns)   --->   "%trunc_ln87 = trunc i8 %select_ln85_4" [C:/Users/user/Downloads/files/dpu_conv.cpp:87]   --->   Operation 51 'trunc' 'trunc_ln87' <Predicate = (!icmp_ln85)> <Delay = 0.00>
ST_3 : Operation 52 [1/1] (1.87ns)   --->   "%add_ln87 = add i7 %select_ln85, i7 1" [C:/Users/user/Downloads/files/dpu_conv.cpp:87]   --->   Operation 52 'add' 'add_ln87' <Predicate = (!icmp_ln85)> <Delay = 1.87> <CoreInst = "Adder">   --->   Core 1 'Adder' <Latency = 0> <II = 1> <Delay = 1.87> <FuncUnit> <Opcode : 'add' 'sub'> <InPorts = 2> <OutPorts = 1>
ST_3 : Operation 53 [1/1] (0.00ns) (grouped into LUT with out node ow_mid2)   --->   "%empty = or i1 %select_ln85_3, i1 %icmp_ln87" [C:/Users/user/Downloads/files/dpu_conv.cpp:85]   --->   Operation 53 'or' 'empty' <Predicate = (!icmp_ln85)> <Delay = 0.00> <CoreInst = "LogicGate">   --->   Core 74 'LogicGate' <Latency = 0> <II = 1> <Delay = 0.97> <FuncUnit> <Opcode : 'and' 'or' 'xor'> <InPorts = 2> <OutPorts = 1>
ST_3 : Operation 54 [1/1] (0.99ns) (out node of the LUT)   --->   "%ow_mid2 = select i1 %empty, i7 0, i7 %ow_load" [C:/Users/user/Downloads/files/dpu_conv.cpp:85]   --->   Operation 54 'select' 'ow_mid2' <Predicate = (!icmp_ln85)> <Delay = 0.99> <CoreInst = "Sel">   --->   Core 73 'Sel' <Latency = 0> <II = 1> <Delay = 0.99> <FuncUnit> <Opcode : 'select'> <InPorts = 3> <OutPorts = 1>
ST_3 : Operation 55 [1/1] (0.99ns)   --->   "%select_ln87 = select i1 %select_ln85_3, i7 %add_ln87, i7 %select_ln85" [C:/Users/user/Downloads/files/dpu_conv.cpp:87]   --->   Operation 55 'select' 'select_ln87' <Predicate = (!icmp_ln85)> <Delay = 0.99> <CoreInst = "Sel">   --->   Core 73 'Sel' <Latency = 0> <II = 1> <Delay = 0.99> <FuncUnit> <Opcode : 'select'> <InPorts = 3> <OutPorts = 1>
ST_3 : Operation 56 [1/1] (1.87ns)   --->   "%first_iter_0 = icmp_eq  i7 %ow_mid2, i7 0" [C:/Users/user/Downloads/files/dpu_conv.cpp:85]   --->   Operation 56 'icmp' 'first_iter_0' <Predicate = (!icmp_ln85)> <Delay = 1.87> <CoreInst = "Cmp">   --->   Core 9 'Cmp' <Latency = 0> <II = 1> <Delay = 1.87> <FuncUnit> <Opcode : 'seteq' 'setne' 'setle' 'setge' 'setlt' 'setgt'> <InPorts = 2> <OutPorts = 1>
ST_3 : Operation 57 [1/1] (0.00ns)   --->   "%br_ln89 = br i1 %first_iter_0, void %for.body9.split.i, void %new.body.POOL_W.i" [C:/Users/user/Downloads/files/dpu_conv.cpp:89]   --->   Operation 57 'br' 'br_ln89' <Predicate = (!icmp_ln85)> <Delay = 0.00>
ST_3 : Operation 58 [1/1] (1.87ns)   --->   "%add_ln89 = add i7 %ow_mid2, i7 1" [C:/Users/user/Downloads/files/dpu_conv.cpp:89]   --->   Operation 58 'add' 'add_ln89' <Predicate = (!icmp_ln85)> <Delay = 1.87> <CoreInst = "Adder">   --->   Core 1 'Adder' <Latency = 0> <II = 1> <Delay = 1.87> <FuncUnit> <Opcode : 'add' 'sub'> <InPorts = 2> <OutPorts = 1>
ST_3 : Operation 59 [1/1] (1.87ns)   --->   "%icmp_ln89_2 = icmp_eq  i7 %add_ln89, i7 %lshr_ln1_read" [C:/Users/user/Downloads/files/dpu_conv.cpp:89]   --->   Operation 59 'icmp' 'icmp_ln89_2' <Predicate = (!icmp_ln85)> <Delay = 1.87> <CoreInst = "Cmp">   --->   Core 9 'Cmp' <Latency = 0> <II = 1> <Delay = 1.87> <FuncUnit> <Opcode : 'seteq' 'setne' 'setle' 'setge' 'setlt' 'setgt'> <InPorts = 2> <OutPorts = 1>
ST_3 : Operation 60 [1/1] (0.00ns)   --->   "%br_ln89 = br i1 %icmp_ln89_2, void %new.latch.for.body9.split.i, void %last.iter.for.body9.split.i" [C:/Users/user/Downloads/files/dpu_conv.cpp:89]   --->   Operation 60 'br' 'br_ln89' <Predicate = (!icmp_ln85)> <Delay = 0.00>
ST_3 : Operation 61 [1/1] (1.58ns)   --->   "%store_ln85 = store i8 %select_ln85_4, i8 %oc" [C:/Users/user/Downloads/files/dpu_conv.cpp:85]   --->   Operation 61 'store' 'store_ln85' <Predicate = (!icmp_ln85)> <Delay = 1.58>
ST_3 : Operation 62 [1/1] (1.58ns)   --->   "%store_ln87 = store i7 %select_ln87, i7 %oh" [C:/Users/user/Downloads/files/dpu_conv.cpp:87]   --->   Operation 62 'store' 'store_ln87' <Predicate = (!icmp_ln85)> <Delay = 1.58>
ST_3 : Operation 63 [1/1] (1.58ns)   --->   "%store_ln89 = store i7 %add_ln89, i7 %ow" [C:/Users/user/Downloads/files/dpu_conv.cpp:89]   --->   Operation 63 'store' 'store_ln89' <Predicate = (!icmp_ln85)> <Delay = 1.58>
ST_3 : Operation 64 [1/1] (0.00ns)   --->   "%br_ln89 = br void %for.body9.i" [C:/Users/user/Downloads/files/dpu_conv.cpp:89]   --->   Operation 64 'br' 'br_ln89' <Predicate = (!icmp_ln85)> <Delay = 0.00>

State 4 <SV = 3> <Delay = 6.90>
ST_4 : Operation 65 [1/1] (0.00ns)   --->   "%shl_ln = bitconcatenate i20 @_ssdm_op_BitConcatenate.i20.i8.i12, i8 %oc_1, i12 0" [C:/Users/user/Downloads/files/dpu_conv.cpp:91]   --->   Operation 65 'bitconcatenate' 'shl_ln' <Predicate = true> <Delay = 0.00>
ST_4 : Operation 66 [1/1] (0.00ns)   --->   "%zext_ln87 = zext i20 %shl_ln" [C:/Users/user/Downloads/files/dpu_conv.cpp:87]   --->   Operation 66 'zext' 'zext_ln87' <Predicate = (!icmp_ln87 & !select_ln85_3)> <Delay = 0.00>
ST_4 : Operation 67 [1/1] (0.00ns)   --->   "%shl_ln91_1 = bitconcatenate i13 @_ssdm_op_BitConcatenate.i13.i7.i6, i7 %oh_1, i6 0" [C:/Users/user/Downloads/files/dpu_conv.cpp:91]   --->   Operation 67 'bitconcatenate' 'shl_ln91_1' <Predicate = (!icmp_ln87 & !select_ln85_3)> <Delay = 0.00>
ST_4 : Operation 68 [1/1] (0.00ns)   --->   "%zext_ln91 = zext i13 %shl_ln91_1" [C:/Users/user/Downloads/files/dpu_conv.cpp:91]   --->   Operation 68 'zext' 'zext_ln91' <Predicate = (!icmp_ln87 & !select_ln85_3)> <Delay = 0.00>
ST_4 : Operation 69 [1/1] (2.19ns)   --->   "%add_ln91 = add i21 %zext_ln87, i21 %zext_ln91" [C:/Users/user/Downloads/files/dpu_conv.cpp:91]   --->   Operation 69 'add' 'add_ln91' <Predicate = (!icmp_ln87 & !select_ln85_3)> <Delay = 2.19> <CoreInst = "Adder">   --->   Core 1 'Adder' <Latency = 0> <II = 1> <Delay = 2.19> <FuncUnit> <Opcode : 'add' 'sub'> <InPorts = 2> <OutPorts = 1>
ST_4 : Operation 70 [1/1] (0.00ns)   --->   "%specloopname_ln0 = specloopname void @_ssdm_op_SpecLoopName, void @POOL_OC_POOL_H_POOL_W_str"   --->   Operation 70 'specloopname' 'specloopname_ln0' <Predicate = (!icmp_ln85)> <Delay = 0.00>
ST_4 : Operation 71 [1/1] (0.00ns)   --->   "%speclooptripcount_ln0 = speclooptripcount void @_ssdm_op_SpecLoopTripCount, i64 0, i64 4112895, i64 504063"   --->   Operation 71 'speclooptripcount' 'speclooptripcount_ln0' <Predicate = (!icmp_ln85)> <Delay = 0.00>
ST_4 : Operation 72 [1/1] (0.00ns)   --->   "%shl_ln91_mid1 = bitconcatenate i20 @_ssdm_op_BitConcatenate.i20.i8.i12, i8 %add_ln85, i12 0" [C:/Users/user/Downloads/files/dpu_conv.cpp:91]   --->   Operation 72 'bitconcatenate' 'shl_ln91_mid1' <Predicate = (!icmp_ln85)> <Delay = 0.00>
ST_4 : Operation 73 [1/1] (0.00ns) (grouped into LUT with out node add_ln91_1)   --->   "%select_ln85_1 = select i1 %icmp_ln87, i20 %shl_ln91_mid1, i20 %shl_ln" [C:/Users/user/Downloads/files/dpu_conv.cpp:85]   --->   Operation 73 'select' 'select_ln85_1' <Predicate = (!icmp_ln85 & select_ln85_3)> <Delay = 0.00> <CoreInst = "Sel">   --->   Core 73 'Sel' <Latency = 0> <II = 1> <Delay = 0.70> <FuncUnit> <Opcode : 'select'> <InPorts = 3> <OutPorts = 1>
ST_4 : Operation 74 [1/1] (0.00ns) (grouped into LUT with out node add_ln91_1)   --->   "%zext_ln85_1 = zext i20 %select_ln85_1" [C:/Users/user/Downloads/files/dpu_conv.cpp:85]   --->   Operation 74 'zext' 'zext_ln85_1' <Predicate = (!icmp_ln85 & select_ln85_3)> <Delay = 0.00>
ST_4 : Operation 75 [1/1] (0.00ns) (grouped into LUT with out node add_ln91_1_mid2)   --->   "%zext_ln85_2 = zext i20 %shl_ln91_mid1" [C:/Users/user/Downloads/files/dpu_conv.cpp:85]   --->   Operation 75 'zext' 'zext_ln85_2' <Predicate = (!icmp_ln85 & icmp_ln87 & !select_ln85_3)> <Delay = 0.00>
ST_4 : Operation 76 [1/1] (0.00ns) (grouped into LUT with out node add_ln91_1_mid2)   --->   "%select_ln85_2 = select i1 %icmp_ln87, i21 %zext_ln85_2, i21 %add_ln91" [C:/Users/user/Downloads/files/dpu_conv.cpp:85]   --->   Operation 76 'select' 'select_ln85_2' <Predicate = (!icmp_ln85 & !select_ln85_3)> <Delay = 0.00> <CoreInst = "Sel">   --->   Core 73 'Sel' <Latency = 0> <II = 1> <Delay = 0.70> <FuncUnit> <Opcode : 'select'> <InPorts = 3> <OutPorts = 1>
ST_4 : Operation 77 [1/1] (0.00ns) (grouped into LUT with out node add_ln91_1)   --->   "%shl_ln91_1_mid1 = bitconcatenate i13 @_ssdm_op_BitConcatenate.i13.i7.i6, i7 %add_ln87, i6 0" [C:/Users/user/Downloads/files/dpu_conv.cpp:91]   --->   Operation 77 'bitconcatenate' 'shl_ln91_1_mid1' <Predicate = (!icmp_ln85 & select_ln85_3)> <Delay = 0.00>
ST_4 : Operation 78 [1/1] (0.00ns) (grouped into LUT with out node add_ln91_1)   --->   "%zext_ln91_1 = zext i13 %shl_ln91_1_mid1" [C:/Users/user/Downloads/files/dpu_conv.cpp:91]   --->   Operation 78 'zext' 'zext_ln91_1' <Predicate = (!icmp_ln85 & select_ln85_3)> <Delay = 0.00>
ST_4 : Operation 79 [1/1] (2.19ns) (out node of the LUT)   --->   "%add_ln91_1 = add i21 %zext_ln85_1, i21 %zext_ln91_1" [C:/Users/user/Downloads/files/dpu_conv.cpp:91]   --->   Operation 79 'add' 'add_ln91_1' <Predicate = (!icmp_ln85 & select_ln85_3)> <Delay = 2.19> <CoreInst = "Adder">   --->   Core 1 'Adder' <Latency = 0> <II = 1> <Delay = 2.19> <FuncUnit> <Opcode : 'add' 'sub'> <InPorts = 2> <OutPorts = 1>
ST_4 : Operation 80 [1/1] (0.00ns) (grouped into LUT with out node add_ln91_1_mid2)   --->   "%add_ln91_1_mid2_v = select i1 %select_ln85_3, i21 %add_ln91_1, i21 %select_ln85_2" [C:/Users/user/Downloads/files/dpu_conv.cpp:85]   --->   Operation 80 'select' 'add_ln91_1_mid2_v' <Predicate = (!icmp_ln85)> <Delay = 0.00> <CoreInst = "Sel">   --->   Core 73 'Sel' <Latency = 0> <II = 1> <Delay = 0.70> <FuncUnit> <Opcode : 'select'> <InPorts = 3> <OutPorts = 1>
ST_4 : Operation 81 [1/1] (0.00ns) (grouped into LUT with out node add_ln91_1_mid2)   --->   "%add_ln91_1_mid2_v_cast = zext i21 %add_ln91_1_mid2_v" [C:/Users/user/Downloads/files/dpu_conv.cpp:85]   --->   Operation 81 'zext' 'add_ln91_1_mid2_v_cast' <Predicate = (!icmp_ln85)> <Delay = 0.00>
ST_4 : Operation 82 [1/1] (3.52ns) (out node of the LUT)   --->   "%add_ln91_1_mid2 = add i64 %add_ln91_1_mid2_v_cast, i64 %ofmap_read" [C:/Users/user/Downloads/files/dpu_conv.cpp:85]   --->   Operation 82 'add' 'add_ln91_1_mid2' <Predicate = (!icmp_ln85)> <Delay = 3.52> <CoreInst = "Adder">   --->   Core 1 'Adder' <Latency = 0> <II = 1> <Delay = 3.52> <FuncUnit> <Opcode : 'add' 'sub'> <InPorts = 2> <OutPorts = 1>
ST_4 : Operation 83 [1/1] (0.00ns)   --->   "%gmem0_addr = getelementptr i8 %gmem0, i64 %add_ln91_1_mid2" [C:/Users/user/Downloads/files/dpu_conv.cpp:89]   --->   Operation 83 'getelementptr' 'gmem0_addr' <Predicate = (!icmp_ln85 & first_iter_0)> <Delay = 0.00>
ST_4 : Operation 84 [1/1] (0.00ns)   --->   "%tmp = bitconcatenate i12 @_ssdm_op_BitConcatenate.i12.i6.i6, i6 %trunc_ln87, i6 0" [C:/Users/user/Downloads/files/dpu_conv.cpp:91]   --->   Operation 84 'bitconcatenate' 'tmp' <Predicate = (!icmp_ln85)> <Delay = 0.00>
ST_4 : Operation 85 [1/1] (0.00ns)   --->   "%shl_ln91_2 = bitconcatenate i8 @_ssdm_op_BitConcatenate.i8.i7.i1, i7 %select_ln87, i1 0" [C:/Users/user/Downloads/files/dpu_conv.cpp:91]   --->   Operation 85 'bitconcatenate' 'shl_ln91_2' <Predicate = (!icmp_ln85)> <Delay = 0.00>
ST_4 : Operation 86 [1/1] (0.00ns)   --->   "%zext_ln91_2 = zext i8 %shl_ln91_2" [C:/Users/user/Downloads/files/dpu_conv.cpp:91]   --->   Operation 86 'zext' 'zext_ln91_2' <Predicate = (!icmp_ln85)> <Delay = 0.00>
ST_4 : Operation 87 [1/1] (1.54ns)   --->   "%add_ln91_2 = add i12 %tmp, i12 %zext_ln91_2" [C:/Users/user/Downloads/files/dpu_conv.cpp:91]   --->   Operation 87 'add' 'add_ln91_2' <Predicate = (!icmp_ln85)> <Delay = 1.54> <CoreInst = "Adder">   --->   Core 1 'Adder' <Latency = 0> <II = 1> <Delay = 1.54> <FuncUnit> <Opcode : 'add' 'sub'> <InPorts = 2> <OutPorts = 1>
ST_4 : Operation 88 [1/1] (0.00ns)   --->   "%tmp_1 = bitconcatenate i17 @_ssdm_op_BitConcatenate.i17.i12.i5, i12 %add_ln91_2, i5 0" [C:/Users/user/Downloads/files/dpu_conv.cpp:91]   --->   Operation 88 'bitconcatenate' 'tmp_1' <Predicate = (!icmp_ln85)> <Delay = 0.00>
ST_4 : Operation 89 [1/1] (0.00ns)   --->   "%or_ln = bitconcatenate i8 @_ssdm_op_BitConcatenate.i8.i7.i1, i7 %select_ln87, i1 1" [C:/Users/user/Downloads/files/dpu_conv.cpp:93]   --->   Operation 89 'bitconcatenate' 'or_ln' <Predicate = (!icmp_ln85)> <Delay = 0.00>
ST_4 : Operation 90 [1/1] (0.00ns)   --->   "%zext_ln93 = zext i8 %or_ln" [C:/Users/user/Downloads/files/dpu_conv.cpp:93]   --->   Operation 90 'zext' 'zext_ln93' <Predicate = (!icmp_ln85)> <Delay = 0.00>
ST_4 : Operation 91 [1/1] (1.54ns)   --->   "%add_ln93 = add i12 %tmp, i12 %zext_ln93" [C:/Users/user/Downloads/files/dpu_conv.cpp:93]   --->   Operation 91 'add' 'add_ln93' <Predicate = (!icmp_ln85)> <Delay = 1.54> <CoreInst = "Adder">   --->   Core 1 'Adder' <Latency = 0> <II = 1> <Delay = 1.54> <FuncUnit> <Opcode : 'add' 'sub'> <InPorts = 2> <OutPorts = 1>
ST_4 : Operation 92 [1/1] (0.00ns)   --->   "%tmp_2 = bitconcatenate i17 @_ssdm_op_BitConcatenate.i17.i12.i5, i12 %add_ln93, i5 0" [C:/Users/user/Downloads/files/dpu_conv.cpp:93]   --->   Operation 92 'bitconcatenate' 'tmp_2' <Predicate = (!icmp_ln85)> <Delay = 0.00>
ST_4 : Operation 93 [1/1] (0.00ns)   --->   "%zext_ln91_3 = zext i7 %ow_mid2" [C:/Users/user/Downloads/files/dpu_conv.cpp:91]   --->   Operation 93 'zext' 'zext_ln91_3' <Predicate = (!icmp_ln85)> <Delay = 0.00>
ST_4 : Operation 94 [1/1] (2.10ns)   --->   "%add_ln91_3 = add i17 %tmp_1, i17 %zext_ln91_3" [C:/Users/user/Downloads/files/dpu_conv.cpp:91]   --->   Operation 94 'add' 'add_ln91_3' <Predicate = (!icmp_ln85)> <Delay = 2.10> <CoreInst = "Adder">   --->   Core 1 'Adder' <Latency = 0> <II = 1> <Delay = 2.10> <FuncUnit> <Opcode : 'add' 'sub'> <InPorts = 2> <OutPorts = 1>
ST_4 : Operation 95 [1/1] (0.00ns)   --->   "%zext_ln91_4 = zext i17 %add_ln91_3" [C:/Users/user/Downloads/files/dpu_conv.cpp:91]   --->   Operation 95 'zext' 'zext_ln91_4' <Predicate = (!icmp_ln85)> <Delay = 0.00>
ST_4 : Operation 96 [1/1] (0.00ns)   --->   "%dpu_conv_top_ap_int_64_64_ap_int_64_3_3_ap_int_ap_int_64_64_2 = getelementptr i8 %dpu_conv_top_ap_int_8_64_64_ap_int_8_64_3_3_ap_int_32_ap_int_8_64_64_ap_uint_8_ap_uint_8_ap_uint_8_ap_uint_8_ap_uint_1_ap_uint_1_perf_counters_t_conv_buf, i64 0, i64 %zext_ln91_4" [C:/Users/user/Downloads/files/dpu_conv.cpp:91]   --->   Operation 96 'getelementptr' 'dpu_conv_top_ap_int_64_64_ap_int_64_3_3_ap_int_ap_int_64_64_2' <Predicate = (!icmp_ln85)> <Delay = 0.00>
ST_4 : Operation 97 [1/1] (2.10ns)   --->   "%add_ln93_1 = add i17 %tmp_2, i17 %zext_ln91_3" [C:/Users/user/Downloads/files/dpu_conv.cpp:93]   --->   Operation 97 'add' 'add_ln93_1' <Predicate = (!icmp_ln85)> <Delay = 2.10> <CoreInst = "Adder">   --->   Core 1 'Adder' <Latency = 0> <II = 1> <Delay = 2.10> <FuncUnit> <Opcode : 'add' 'sub'> <InPorts = 2> <OutPorts = 1>
ST_4 : Operation 98 [1/1] (0.00ns)   --->   "%zext_ln93_1 = zext i17 %add_ln93_1" [C:/Users/user/Downloads/files/dpu_conv.cpp:93]   --->   Operation 98 'zext' 'zext_ln93_1' <Predicate = (!icmp_ln85)> <Delay = 0.00>
ST_4 : Operation 99 [1/1] (0.00ns)   --->   "%dpu_conv_top_ap_int_64_64_ap_int_64_3_3_ap_int_ap_int_64_64_3 = getelementptr i8 %dpu_conv_top_ap_int_8_64_64_ap_int_8_64_3_3_ap_int_32_ap_int_8_64_64_ap_uint_8_ap_uint_8_ap_uint_8_ap_uint_8_ap_uint_1_ap_uint_1_perf_counters_t_conv_buf, i64 0, i64 %zext_ln93_1" [C:/Users/user/Downloads/files/dpu_conv.cpp:93]   --->   Operation 99 'getelementptr' 'dpu_conv_top_ap_int_64_64_ap_int_64_3_3_ap_int_ap_int_64_64_3' <Predicate = (!icmp_ln85)> <Delay = 0.00>
ST_4 : Operation 100 [1/1] (0.00ns)   --->   "%dpu_conv_top_ap_int_64_64_ap_int_64_3_3_ap_int_ap_int_64_64_4 = getelementptr i8 %dpu_conv_top_ap_int_8_64_64_ap_int_8_64_3_3_ap_int_32_ap_int_8_64_64_ap_uint_8_ap_uint_8_ap_uint_8_ap_uint_8_ap_uint_1_ap_uint_1_perf_counters_t_conv_buf_1, i64 0, i64 %zext_ln91_4" [C:/Users/user/Downloads/files/dpu_conv.cpp:92]   --->   Operation 100 'getelementptr' 'dpu_conv_top_ap_int_64_64_ap_int_64_3_3_ap_int_ap_int_64_64_4' <Predicate = (!icmp_ln85)> <Delay = 0.00>
ST_4 : Operation 101 [1/1] (0.00ns)   --->   "%dpu_conv_top_ap_int_64_64_ap_int_64_3_3_ap_int_ap_int_64_64_5 = getelementptr i8 %dpu_conv_top_ap_int_8_64_64_ap_int_8_64_3_3_ap_int_32_ap_int_8_64_64_ap_uint_8_ap_uint_8_ap_uint_8_ap_uint_8_ap_uint_1_ap_uint_1_perf_counters_t_conv_buf_1, i64 0, i64 %zext_ln93_1" [C:/Users/user/Downloads/files/dpu_conv.cpp:94]   --->   Operation 101 'getelementptr' 'dpu_conv_top_ap_int_64_64_ap_int_64_3_3_ap_int_ap_int_64_64_5' <Predicate = (!icmp_ln85)> <Delay = 0.00>
ST_4 : Operation 102 [2/2] (3.25ns)   --->   "%p00 = load i17 %dpu_conv_top_ap_int_64_64_ap_int_64_3_3_ap_int_ap_int_64_64_2" [C:/Users/user/Downloads/files/dpu_conv.cpp:91]   --->   Operation 102 'load' 'p00' <Predicate = (!icmp_ln85)> <Delay = 3.25> <CoreInst = "RAM">   --->   Core 81 'RAM' <Latency = 1> <II = 1> <Delay = 3.25> <Storage> <Opcode : 'load' 'store'> <Ports = 2> <Width = 8> <Depth = 131072> <RAM>
ST_4 : Operation 103 [2/2] (3.25ns)   --->   "%p01 = load i17 %dpu_conv_top_ap_int_64_64_ap_int_64_3_3_ap_int_ap_int_64_64_4" [C:/Users/user/Downloads/files/dpu_conv.cpp:92]   --->   Operation 103 'load' 'p01' <Predicate = (!icmp_ln85)> <Delay = 3.25> <CoreInst = "RAM">   --->   Core 81 'RAM' <Latency = 1> <II = 1> <Delay = 3.25> <Storage> <Opcode : 'load' 'store'> <Ports = 2> <Width = 8> <Depth = 131072> <RAM>
ST_4 : Operation 104 [2/2] (3.25ns)   --->   "%p10 = load i17 %dpu_conv_top_ap_int_64_64_ap_int_64_3_3_ap_int_ap_int_64_64_3" [C:/Users/user/Downloads/files/dpu_conv.cpp:93]   --->   Operation 104 'load' 'p10' <Predicate = (!icmp_ln85)> <Delay = 3.25> <CoreInst = "RAM">   --->   Core 81 'RAM' <Latency = 1> <II = 1> <Delay = 3.25> <Storage> <Opcode : 'load' 'store'> <Ports = 2> <Width = 8> <Depth = 131072> <RAM>
ST_4 : Operation 105 [2/2] (3.25ns)   --->   "%p11 = load i17 %dpu_conv_top_ap_int_64_64_ap_int_64_3_3_ap_int_ap_int_64_64_5" [C:/Users/user/Downloads/files/dpu_conv.cpp:94]   --->   Operation 105 'load' 'p11' <Predicate = (!icmp_ln85)> <Delay = 3.25> <CoreInst = "RAM">   --->   Core 81 'RAM' <Latency = 1> <II = 1> <Delay = 3.25> <Storage> <Opcode : 'load' 'store'> <Ports = 2> <Width = 8> <Depth = 131072> <RAM>
ST_4 : Operation 106 [1/1] (0.00ns)   --->   "%gmem0_addr_1 = getelementptr i8 %gmem0, i64 %add_ln91_1_mid2" [C:/Users/user/Downloads/files/dpu_conv.cpp:89]   --->   Operation 106 'getelementptr' 'gmem0_addr_1' <Predicate = (!icmp_ln85)> <Delay = 0.00>

State 5 <SV = 4> <Delay = 8.03>
ST_5 : Operation 107 [1/1] ( I:8.03ns O:8.03ns )   --->   "%empty_64 = writereq i1 @_ssdm_op_WriteReq.m_axi.p1i8, i8 %gmem0_addr, i64 %zext_ln85_cast" [C:/Users/user/Downloads/files/dpu_conv.cpp:89]   --->   Operation 107 'writereq' 'empty_64' <Predicate = (first_iter_0)> <Delay = 8.03> <CoreInst = "m_axi">   --->   Core 111 'm_axi' <Latency = 9> <II = 1> <Delay = 1.00> <Adapter> <Opcode : 'readrequnaligned' 'writerequnaligned' 'read' 'write' 'readreq' 'writereq' 'writeresp'>
ST_5 : Operation 108 [1/1] (0.00ns)   --->   "%br_ln89 = br void %for.body9.split.i" [C:/Users/user/Downloads/files/dpu_conv.cpp:89]   --->   Operation 108 'br' 'br_ln89' <Predicate = (first_iter_0)> <Delay = 0.00>
ST_5 : Operation 109 [1/2] ( I:3.25ns O:3.25ns )   --->   "%p00 = load i17 %dpu_conv_top_ap_int_64_64_ap_int_64_3_3_ap_int_ap_int_64_64_2" [C:/Users/user/Downloads/files/dpu_conv.cpp:91]   --->   Operation 109 'load' 'p00' <Predicate = true> <Delay = 3.25> <CoreInst = "RAM">   --->   Core 81 'RAM' <Latency = 1> <II = 1> <Delay = 3.25> <Storage> <Opcode : 'load' 'store'> <Ports = 2> <Width = 8> <Depth = 131072> <RAM>
ST_5 : Operation 110 [1/2] ( I:3.25ns O:3.25ns )   --->   "%p01 = load i17 %dpu_conv_top_ap_int_64_64_ap_int_64_3_3_ap_int_ap_int_64_64_4" [C:/Users/user/Downloads/files/dpu_conv.cpp:92]   --->   Operation 110 'load' 'p01' <Predicate = true> <Delay = 3.25> <CoreInst = "RAM">   --->   Core 81 'RAM' <Latency = 1> <II = 1> <Delay = 3.25> <Storage> <Opcode : 'load' 'store'> <Ports = 2> <Width = 8> <Depth = 131072> <RAM>
ST_5 : Operation 111 [1/2] ( I:3.25ns O:3.25ns )   --->   "%p10 = load i17 %dpu_conv_top_ap_int_64_64_ap_int_64_3_3_ap_int_ap_int_64_64_3" [C:/Users/user/Downloads/files/dpu_conv.cpp:93]   --->   Operation 111 'load' 'p10' <Predicate = true> <Delay = 3.25> <CoreInst = "RAM">   --->   Core 81 'RAM' <Latency = 1> <II = 1> <Delay = 3.25> <Storage> <Opcode : 'load' 'store'> <Ports = 2> <Width = 8> <Depth = 131072> <RAM>
ST_5 : Operation 112 [1/2] ( I:3.25ns O:3.25ns )   --->   "%p11 = load i17 %dpu_conv_top_ap_int_64_64_ap_int_64_3_3_ap_int_ap_int_64_64_5" [C:/Users/user/Downloads/files/dpu_conv.cpp:94]   --->   Operation 112 'load' 'p11' <Predicate = true> <Delay = 3.25> <CoreInst = "RAM">   --->   Core 81 'RAM' <Latency = 1> <II = 1> <Delay = 3.25> <Storage> <Opcode : 'load' 'store'> <Ports = 2> <Width = 8> <Depth = 131072> <RAM>
ST_5 : Operation 113 [1/1] (1.91ns)   --->   "%icmp_ln96 = icmp_sgt  i8 %p00, i8 %p01" [C:/Users/user/Downloads/files/dpu_conv.cpp:96]   --->   Operation 113 'icmp' 'icmp_ln96' <Predicate = true> <Delay = 1.91> <CoreInst = "Cmp">   --->   Core 9 'Cmp' <Latency = 0> <II = 1> <Delay = 1.91> <FuncUnit> <Opcode : 'seteq' 'setne' 'setle' 'setge' 'setlt' 'setgt'> <InPorts = 2> <OutPorts = 1>
ST_5 : Operation 114 [1/1] (1.24ns)   --->   "%m0 = select i1 %icmp_ln96, i8 %p00, i8 %p01" [C:/Users/user/Downloads/files/dpu_conv.cpp:96]   --->   Operation 114 'select' 'm0' <Predicate = true> <Delay = 1.24> <CoreInst = "Sel">   --->   Core 73 'Sel' <Latency = 0> <II = 1> <Delay = 1.24> <FuncUnit> <Opcode : 'select'> <InPorts = 3> <OutPorts = 1>
ST_5 : Operation 115 [1/1] (1.91ns)   --->   "%icmp_ln97 = icmp_sgt  i8 %p10, i8 %p11" [C:/Users/user/Downloads/files/dpu_conv.cpp:97]   --->   Operation 115 'icmp' 'icmp_ln97' <Predicate = true> <Delay = 1.91> <CoreInst = "Cmp">   --->   Core 9 'Cmp' <Latency = 0> <II = 1> <Delay = 1.91> <FuncUnit> <Opcode : 'seteq' 'setne' 'setle' 'setge' 'setlt' 'setgt'> <InPorts = 2> <OutPorts = 1>
ST_5 : Operation 116 [1/1] (1.24ns)   --->   "%m1 = select i1 %icmp_ln97, i8 %p10, i8 %p11" [C:/Users/user/Downloads/files/dpu_conv.cpp:97]   --->   Operation 116 'select' 'm1' <Predicate = true> <Delay = 1.24> <CoreInst = "Sel">   --->   Core 73 'Sel' <Latency = 0> <II = 1> <Delay = 1.24> <FuncUnit> <Opcode : 'select'> <InPorts = 3> <OutPorts = 1>

State 6 <SV = 5> <Delay = 3.16>
ST_6 : Operation 117 [1/1] (1.91ns)   --->   "%icmp_ln98 = icmp_sgt  i8 %m0, i8 %m1" [C:/Users/user/Downloads/files/dpu_conv.cpp:98]   --->   Operation 117 'icmp' 'icmp_ln98' <Predicate = true> <Delay = 1.91> <CoreInst = "Cmp">   --->   Core 9 'Cmp' <Latency = 0> <II = 1> <Delay = 1.91> <FuncUnit> <Opcode : 'seteq' 'setne' 'setle' 'setge' 'setlt' 'setgt'> <InPorts = 2> <OutPorts = 1>
ST_6 : Operation 118 [1/1] (1.24ns)   --->   "%select_ln98 = select i1 %icmp_ln98, i8 %m0, i8 %m1" [C:/Users/user/Downloads/files/dpu_conv.cpp:98]   --->   Operation 118 'select' 'select_ln98' <Predicate = true> <Delay = 1.24> <CoreInst = "Sel">   --->   Core 73 'Sel' <Latency = 0> <II = 1> <Delay = 1.24> <FuncUnit> <Opcode : 'select'> <InPorts = 3> <OutPorts = 1>

State 7 <SV = 6> <Delay = 8.03>
ST_7 : Operation 119 [1/1] (0.00ns)   --->   "%specpipeline_ln90 = specpipeline void @_ssdm_op_SpecPipeline, i32 1, i32 0, i32 0, i32 0, i32 4294967295, void @empty_39" [C:/Users/user/Downloads/files/dpu_conv.cpp:90]   --->   Operation 119 'specpipeline' 'specpipeline_ln90' <Predicate = true> <Delay = 0.00>
ST_7 : Operation 120 [1/1] ( I:8.03ns O:8.03ns )   --->   "%write_ln98 = write void @_ssdm_op_Write.m_axi.p1i8.i8, i8 %gmem0_addr_1, i8 %select_ln98, i1 1" [C:/Users/user/Downloads/files/dpu_conv.cpp:98]   --->   Operation 120 'write' 'write_ln98' <Predicate = true> <Delay = 8.03> <CoreInst = "m_axi">   --->   Core 111 'm_axi' <Latency = 5> <II = 1> <Delay = 1.00> <Adapter> <Opcode : 'readrequnaligned' 'writerequnaligned' 'read' 'write' 'readreq' 'writereq' 'writeresp'>

State 8 <SV = 7> <Delay = 0.00>
ST_8 : Operation 121 [5/5] (8.03ns)   --->   "%empty_65 = writeresp i1 @_ssdm_op_WriteResp.m_axi.p1i8, i8 %gmem0_addr_1" [C:/Users/user/Downloads/files/dpu_conv.cpp:87]   --->   Operation 121 'writeresp' 'empty_65' <Predicate = (icmp_ln89_2)> <Delay = 8.03> <CoreInst = "m_axi">   --->   Core 111 'm_axi' <Latency = 3> <II = 1> <Delay = 1.00> <Adapter> <Opcode : 'readrequnaligned' 'writerequnaligned' 'read' 'write' 'readreq' 'writereq' 'writeresp'>

State 9 <SV = 8> <Delay = 0.00>
ST_9 : Operation 122 [4/5] (8.03ns)   --->   "%empty_65 = writeresp i1 @_ssdm_op_WriteResp.m_axi.p1i8, i8 %gmem0_addr_1" [C:/Users/user/Downloads/files/dpu_conv.cpp:87]   --->   Operation 122 'writeresp' 'empty_65' <Predicate = (icmp_ln89_2)> <Delay = 8.03> <CoreInst = "m_axi">   --->   Core 111 'm_axi' <Latency = 3> <II = 1> <Delay = 1.00> <Adapter> <Opcode : 'readrequnaligned' 'writerequnaligned' 'read' 'write' 'readreq' 'writereq' 'writeresp'>

State 10 <SV = 9> <Delay = 0.00>
ST_10 : Operation 123 [3/5] (8.03ns)   --->   "%empty_65 = writeresp i1 @_ssdm_op_WriteResp.m_axi.p1i8, i8 %gmem0_addr_1" [C:/Users/user/Downloads/files/dpu_conv.cpp:87]   --->   Operation 123 'writeresp' 'empty_65' <Predicate = (icmp_ln89_2)> <Delay = 8.03> <CoreInst = "m_axi">   --->   Core 111 'm_axi' <Latency = 3> <II = 1> <Delay = 1.00> <Adapter> <Opcode : 'readrequnaligned' 'writerequnaligned' 'read' 'write' 'readreq' 'writereq' 'writeresp'>

State 11 <SV = 10> <Delay = 1.58>
ST_11 : Operation 124 [2/5] (8.03ns)   --->   "%empty_65 = writeresp i1 @_ssdm_op_WriteResp.m_axi.p1i8, i8 %gmem0_addr_1" [C:/Users/user/Downloads/files/dpu_conv.cpp:87]   --->   Operation 124 'writeresp' 'empty_65' <Predicate = (icmp_ln89_2)> <Delay = 8.03> <CoreInst = "m_axi">   --->   Core 111 'm_axi' <Latency = 3> <II = 1> <Delay = 1.00> <Adapter> <Opcode : 'readrequnaligned' 'writerequnaligned' 'read' 'write' 'readreq' 'writereq' 'writeresp'>
ST_11 : Operation 127 [1/1] (1.58ns)   --->   "%ret_ln0 = ret"   --->   Operation 127 'ret' 'ret_ln0' <Predicate = (icmp_ln85)> <Delay = 1.58>

State 12 <SV = 11> <Delay = 8.03>
ST_12 : Operation 125 [1/5] ( I:8.03ns O:8.03ns )   --->   "%empty_65 = writeresp i1 @_ssdm_op_WriteResp.m_axi.p1i8, i8 %gmem0_addr_1" [C:/Users/user/Downloads/files/dpu_conv.cpp:87]   --->   Operation 125 'writeresp' 'empty_65' <Predicate = (icmp_ln89_2)> <Delay = 8.03> <CoreInst = "m_axi">   --->   Core 111 'm_axi' <Latency = 3> <II = 1> <Delay = 1.00> <Adapter> <Opcode : 'readrequnaligned' 'writerequnaligned' 'read' 'write' 'readreq' 'writereq' 'writeresp'>
ST_12 : Operation 126 [1/1] (0.00ns)   --->   "%br_ln89 = br void %new.latch.for.body9.split.i" [C:/Users/user/Downloads/files/dpu_conv.cpp:89]   --->   Operation 126 'br' 'br_ln89' <Predicate = (icmp_ln89_2)> <Delay = 0.00>


============================================================
+ Verbose Summary: Timing violations
============================================================
Target clock period: 11.000ns, clock uncertainty: 2.970ns.

 <State 1>: 1.588ns
The critical path consists of the following:
	'alloca' operation 22 bit ('indvar_flatten27') [13]  (0.000 ns)
	'store' operation ('store_ln0') of constant 0 22 bit on local variable 'indvar_flatten27' [21]  (1.588 ns)

 <State 2>: 4.102ns
The critical path consists of the following:
	'load' operation 14 bit ('indvar_flatten_load', C:/Users/user/Downloads/files/dpu_conv.cpp:87) on local variable 'indvar_flatten' [29]  (0.000 ns)
	'icmp' operation 1 bit ('icmp_ln87', C:/Users/user/Downloads/files/dpu_conv.cpp:87) [45]  (1.812 ns)
	'select' operation 14 bit ('select_ln87_1', C:/Users/user/Downloads/files/dpu_conv.cpp:87) [113]  (0.702 ns)
	'store' operation ('store_ln87', C:/Users/user/Downloads/files/dpu_conv.cpp:87) of variable 'select_ln87_1', C:/Users/user/Downloads/files/dpu_conv.cpp:87 14 bit on local variable 'indvar_flatten' [116]  (1.588 ns)

 <State 3>: 7.596ns
The critical path consists of the following:
	'load' operation 7 bit ('ow_load', C:/Users/user/Downloads/files/dpu_conv.cpp:89) on local variable 'ow', C:/Users/user/Downloads/files/dpu_conv.cpp:89 [41]  (0.000 ns)
	'icmp' operation 1 bit ('icmp_ln89_1', C:/Users/user/Downloads/files/dpu_conv.cpp:89) [53]  (1.870 ns)
	'select' operation 1 bit ('select_ln85_3', C:/Users/user/Downloads/files/dpu_conv.cpp:85) [54]  (0.993 ns)
	'or' operation 1 bit ('empty', C:/Users/user/Downloads/files/dpu_conv.cpp:85) [58]  (0.000 ns)
	'select' operation 7 bit ('ow_mid2', C:/Users/user/Downloads/files/dpu_conv.cpp:85) [59]  (0.993 ns)
	'add' operation 7 bit ('add_ln89', C:/Users/user/Downloads/files/dpu_conv.cpp:89) [105]  (1.870 ns)
	'icmp' operation 1 bit ('icmp_ln89_2', C:/Users/user/Downloads/files/dpu_conv.cpp:89) [106]  (1.870 ns)

 <State 4>: 6.908ns
The critical path consists of the following:
	'add' operation 12 bit ('add_ln91_2', C:/Users/user/Downloads/files/dpu_conv.cpp:91) [77]  (1.547 ns)
	'add' operation 17 bit ('add_ln91_3', C:/Users/user/Downloads/files/dpu_conv.cpp:91) [84]  (2.107 ns)
	'getelementptr' operation 17 bit ('dpu_conv_top_ap_int_64_64_ap_int_64_3_3_ap_int_ap_int_64_64_2', C:/Users/user/Downloads/files/dpu_conv.cpp:91) [86]  (0.000 ns)
	'load' operation 8 bit ('p00', C:/Users/user/Downloads/files/dpu_conv.cpp:91) on array 'dpu_conv_top_ap_int_8_64_64_ap_int_8_64_3_3_ap_int_32_ap_int_8_64_64_ap_uint_8_ap_uint_8_ap_uint_8_ap_uint_8_ap_uint_1_ap_uint_1_perf_counters_t_conv_buf' [93]  (3.254 ns)

 <State 5>: 8.030ns
The critical path consists of the following:
	bus request operation ('empty_64', C:/Users/user/Downloads/files/dpu_conv.cpp:89) on port 'gmem0' (C:/Users/user/Downloads/files/dpu_conv.cpp:89) [71]  (8.030 ns)

 <State 6>: 3.163ns
The critical path consists of the following:
	'icmp' operation 1 bit ('icmp_ln98', C:/Users/user/Downloads/files/dpu_conv.cpp:98) [101]  (1.915 ns)
	'select' operation 8 bit ('select_ln98', C:/Users/user/Downloads/files/dpu_conv.cpp:98) [102]  (1.248 ns)

 <State 7>: 8.030ns
The critical path consists of the following:
	bus write operation ('write_ln98', C:/Users/user/Downloads/files/dpu_conv.cpp:98) on port 'gmem0' (C:/Users/user/Downloads/files/dpu_conv.cpp:98) [104]  (8.030 ns)

 <State 8>: 0.000ns
The critical path consists of the following:

 <State 9>: 0.000ns
The critical path consists of the following:

 <State 10>: 0.000ns
The critical path consists of the following:

 <State 11>: 1.588ns
The critical path consists of the following:

 <State 12>: 8.030ns
The critical path consists of the following:
	bus response operation ('empty_65', C:/Users/user/Downloads/files/dpu_conv.cpp:87) on port 'gmem0' (C:/Users/user/Downloads/files/dpu_conv.cpp:87) [109]  (8.030 ns)


============================================================
+ Verbose Summary: Binding
============================================================
N/A
* FSMD analyzer results:
  - Output states:
 - Input state : 
  - Chain level:
	State 1
	State 2
	State 3
	State 4
	State 5
	State 6
	State 7
	State 8
	State 9
	State 10
	State 11
	State 12


============================================================
+ Verbose Summary: Datapath Resource usage 
============================================================
N/A
