

================================================================
== Vitis HLS Report for 'maxpool2x2'
================================================================
* Date:           Mon Sep  7 20:12:59 2026

* Version:        2025.2 (Build 6295257 on Nov 14 2025)
* Project:        dpu_conv_top
* Solution:       hls (Vivado IP Flow Target)
* Product family: zynq
* Target device:  xc7z020-clg400-1


================================================================
== Performance Estimates
================================================================
+ Timing: 
    * Summary: 
    +--------+----------+----------+------------+
    |  Clock |  Target  | Estimated| Uncertainty|
    +--------+----------+----------+------------+
    |ap_clk  |  11.00 ns|  8.030 ns|     2.97 ns|
    +--------+----------+----------+------------+

+ Latency: 
    * Summary: 
    +---------+---------+-----------+-----------+-----+---------+---------+
    |  Latency (cycles) |   Latency (absolute)  |    Interval   | Pipeline|
    |   min   |   max   |    min    |    max    | min |   max   |   Type  |
    +---------+---------+-----------+-----------+-----+---------+---------+
    |        6|  4112908|  66.000 ns|  45.242 ms|    6|  4112908|       no|
    +---------+---------+-----------+-----------+-----+---------+---------+

    + Detail: 
        * Instance: 
        +-----------------------------------------------------+-------------------------------------------+---------+---------+-----------+-----------+-----+-----+-------------------+
        |                                                     |                                           |  Latency (cycles) |   Latency (absolute)  |  Interval |      Pipeline     |
        |                       Instance                      |                   Module                  |   min   |   max   |    min    |    max    | min | max |        Type       |
        +-----------------------------------------------------+-------------------------------------------+---------+---------+-----------+-----------+-----+-----+-------------------+
        |grp_maxpool2x2_Pipeline_POOL_OC_POOL_H_POOL_W_fu_68  |maxpool2x2_Pipeline_POOL_OC_POOL_H_POOL_W  |        4|  4112906|  44.000 ns|  45.242 ms|    0|    0|  loop pipeline stp|
        +-----------------------------------------------------+-------------------------------------------+---------+---------+-----------+-----------+-----+-----+-------------------+

        * Loop: 
        N/A

============================================================
+ Verbose Summary: Synthesis Manager
============================================================
InlineROM: 1
ExposeGlobal: 0
============================================================
+ Verbose Summary: CDFG Model
============================================================
IsTopModel: 0
ResetActiveHigh: 1
IsCombinational: 0
IsDatapathOnly: 0
HasWiredReturn: 1
HasMFsm: 0
HasVarLatency: 1
IsPipeline: 0
IsRtlPipelined: 0
IsInstanceOverlapped: 0
IsDontTouch: 0
HasImplIP: 0
IsGatedGlobalClock: 0


============================================================
+ Verbose Summary: Schedule
============================================================
* Number of FSM states : 3
* Pipeline : 0
* Dataflow Pipeline: 0

* FSM state transitions: 
1 --> 2 
2 --> 3 
3 --> 

* FSM state operations: 

State 1 <SV = 0> <Delay = 3.74>
ST_1 : Operation 4 [1/1] (0.00ns)   --->   "%in_w_read = read i8 @_ssdm_op_Read.ap_auto.i8, i8 %in_w" [C:/Users/user/Downloads/files/dpu_conv.cpp:82]   --->   Operation 4 'read' 'in_w_read' <Predicate = true> <Delay = 0.00>
ST_1 : Operation 5 [1/1] (0.00ns)   --->   "%in_h_read = read i8 @_ssdm_op_Read.ap_auto.i8, i8 %in_h" [C:/Users/user/Downloads/files/dpu_conv.cpp:82]   --->   Operation 5 'read' 'in_h_read' <Predicate = true> <Delay = 0.00>
ST_1 : Operation 6 [1/1] (0.00ns)   --->   "%lshr_ln = partselect i7 @_ssdm_op_PartSelect.i7.i8.i32.i32, i8 %in_h_read, i32 1, i32 7" [C:/Users/user/Downloads/files/dpu_conv.cpp:87]   --->   Operation 6 'partselect' 'lshr_ln' <Predicate = true> <Delay = 0.00>
ST_1 : Operation 7 [1/1] (0.00ns)   --->   "%lshr_ln1 = partselect i7 @_ssdm_op_PartSelect.i7.i8.i32.i32, i8 %in_w_read, i32 1, i32 7" [C:/Users/user/Downloads/files/dpu_conv.cpp:89]   --->   Operation 7 'partselect' 'lshr_ln1' <Predicate = true> <Delay = 0.00>
ST_1 : Operation 8 [1/1] (0.00ns)   --->   "%cast = zext i7 %lshr_ln" [C:/Users/user/Downloads/files/dpu_conv.cpp:87]   --->   Operation 8 'zext' 'cast' <Predicate = true> <Delay = 0.00>
ST_1 : Operation 9 [1/1] (0.00ns)   --->   "%cast4 = zext i7 %lshr_ln1" [C:/Users/user/Downloads/files/dpu_conv.cpp:89]   --->   Operation 9 'zext' 'cast4' <Predicate = true> <Delay = 0.00>
ST_1 : Operation 10 [1/1] (3.74ns)   --->   "%bound = mul i14 %cast, i14 %cast4" [C:/Users/user/Downloads/files/dpu_conv.cpp:87]   --->   Operation 10 'mul' 'bound' <Predicate = true> <Delay = 3.74> <CoreInst = "Multiplier">   --->   Core 3 'Multiplier' <Latency = 0> <II = 1> <Delay = 3.74> <FuncUnit> <Opcode : 'mul'> <InPorts = 2> <OutPorts = 1>

State 2 <SV = 1> <Delay = 5.60>
ST_2 : Operation 11 [1/1] (0.00ns)   --->   "%out_ch_read = read i8 @_ssdm_op_Read.ap_auto.i8, i8 %out_ch" [C:/Users/user/Downloads/files/dpu_conv.cpp:82]   --->   Operation 11 'read' 'out_ch_read' <Predicate = true> <Delay = 0.00>
ST_2 : Operation 12 [1/1] (0.00ns)   --->   "%ofmap_read = read i64 @_ssdm_op_Read.ap_auto.i64, i64 %ofmap" [C:/Users/user/Downloads/files/dpu_conv.cpp:82]   --->   Operation 12 'read' 'ofmap_read' <Predicate = true> <Delay = 0.00>
ST_2 : Operation 13 [1/1] (0.00ns)   --->   "%cast5 = zext i8 %out_ch_read" [C:/Users/user/Downloads/files/dpu_conv.cpp:82]   --->   Operation 13 'zext' 'cast5' <Predicate = true> <Delay = 0.00>
ST_2 : Operation 14 [1/1] (0.00ns)   --->   "%cast6 = zext i14 %bound" [C:/Users/user/Downloads/files/dpu_conv.cpp:87]   --->   Operation 14 'zext' 'cast6' <Predicate = true> <Delay = 0.00>
ST_2 : Operation 15 [1/1] (5.60ns)   --->   "%bound7 = mul i22 %cast5, i22 %cast6" [C:/Users/user/Downloads/files/dpu_conv.cpp:82]   --->   Operation 15 'mul' 'bound7' <Predicate = true> <Delay = 5.60> <CoreInst = "Multiplier">   --->   Core 3 'Multiplier' <Latency = 0> <II = 1> <Delay = 5.60> <FuncUnit> <Opcode : 'mul'> <InPorts = 2> <OutPorts = 1>
ST_2 : Operation 16 [2/2] (0.00ns)   --->   "%call_ln82 = call void @maxpool2x2_Pipeline_POOL_OC_POOL_H_POOL_W, i22 %bound7, i8 %dpu_conv_top_ap_int_8_64_64_ap_int_8_64_3_3_ap_int_32_ap_int_8_64_64_ap_uint_8_ap_uint_8_ap_uint_8_ap_uint_8_ap_uint_1_ap_uint_1_perf_counters_t_conv_buf, i8 %dpu_conv_top_ap_int_8_64_64_ap_int_8_64_3_3_ap_int_32_ap_int_8_64_64_ap_uint_8_ap_uint_8_ap_uint_8_ap_uint_8_ap_uint_1_ap_uint_1_perf_counters_t_conv_buf_1, i8 %gmem0, i7 %lshr_ln1, i14 %bound, i64 %ofmap_read, i7 %lshr_ln1" [C:/Users/user/Downloads/files/dpu_conv.cpp:82]   --->   Operation 16 'call' 'call_ln82' <Predicate = true> <Delay = 0.00> <CoreType = "Generic">   --->   Generic Core

State 3 <SV = 2> <Delay = 0.00>
ST_3 : Operation 17 [1/1] (0.00ns)   --->   "%specinterface_ln0 = specinterface void @_ssdm_op_SpecInterface, i8 %gmem0, void @empty_38, i32 0, i32 0, void @empty_39, i32 0, i32 262144, void @empty_6, void @empty_42, void @empty_39, i32 16, i32 16, i32 16, i32 16, void @empty_39, void @empty_39, i32 4294967295, i32 0, i32 0, i32 1"   --->   Operation 17 'specinterface' 'specinterface_ln0' <Predicate = true> <Delay = 0.00>
ST_3 : Operation 18 [1/2] (0.00ns)   --->   "%call_ln82 = call void @maxpool2x2_Pipeline_POOL_OC_POOL_H_POOL_W, i22 %bound7, i8 %dpu_conv_top_ap_int_8_64_64_ap_int_8_64_3_3_ap_int_32_ap_int_8_64_64_ap_uint_8_ap_uint_8_ap_uint_8_ap_uint_8_ap_uint_1_ap_uint_1_perf_counters_t_conv_buf, i8 %dpu_conv_top_ap_int_8_64_64_ap_int_8_64_3_3_ap_int_32_ap_int_8_64_64_ap_uint_8_ap_uint_8_ap_uint_8_ap_uint_8_ap_uint_1_ap_uint_1_perf_counters_t_conv_buf_1, i8 %gmem0, i7 %lshr_ln1, i14 %bound, i64 %ofmap_read, i7 %lshr_ln1" [C:/Users/user/Downloads/files/dpu_conv.cpp:82]   --->   Operation 18 'call' 'call_ln82' <Predicate = true> <Delay = 0.00> <CoreType = "Generic">   --->   Generic Core
ST_3 : Operation 19 [1/1] (0.00ns)   --->   "%ret_ln0 = ret"   --->   Operation 19 'ret' 'ret_ln0' <Predicate = true> <Delay = 0.00>


============================================================
+ Verbose Summary: Binding
============================================================
STG Binding: 
---------------- STG Properties BEGIN ----------------
- Is combinational: 0
- Is one-state seq: 0
- Is datapath-only: 0
- Is pipelined: 0
- Is top level: 0
Port [ Return ] is wired: 1; IO mode=ap_ctrl_hs:ce=0
Port [ gmem0]:  wired=1; compound=1; hidden=0; nouse=0; global=0; static=0; extern=0; dir=1; type=4; pingpong=0; private_global=0; IO mode=m_axi:ce=0
Port [ ofmap]:  wired=1; compound=0; hidden=0; nouse=0; global=0; static=0; extern=0; dir=0; type=0; pingpong=0; private_global=0; IO mode=ap_none:ce=0
Port [ in_h]:  wired=1; compound=0; hidden=0; nouse=0; global=0; static=0; extern=0; dir=0; type=0; pingpong=0; private_global=0; IO mode=ap_none:ce=0
Port [ in_w]:  wired=1; compound=0; hidden=0; nouse=0; global=0; static=0; extern=0; dir=0; type=0; pingpong=0; private_global=0; IO mode=ap_none:ce=0
Port [ out_ch]:  wired=1; compound=0; hidden=0; nouse=0; global=0; static=0; extern=0; dir=0; type=0; pingpong=0; private_global=0; IO mode=ap_none:ce=0
Port [ dpu_conv_top_ap_int_8_64_64_ap_int_8_64_3_3_ap_int_32_ap_int_8_64_64_ap_uint_8_ap_uint_8_ap_uint_8_ap_uint_8_ap_uint_1_ap_uint_1_perf_counters_t_conv_buf]:  wired=1; compound=1; hidden=0; nouse=0; global=0; static=0; extern=0; dir=0; type=1; pingpong=1; private_global=0; MemPort=[11]; IO mode=ap_memory:ce=0
Port [ dpu_conv_top_ap_int_8_64_64_ap_int_8_64_3_3_ap_int_32_ap_int_8_64_64_ap_uint_8_ap_uint_8_ap_uint_8_ap_uint_8_ap_uint_1_ap_uint_1_perf_counters_t_conv_buf_1]:  wired=1; compound=1; hidden=0; nouse=0; global=0; static=0; extern=0; dir=0; type=1; pingpong=1; private_global=0; MemPort=[11]; IO mode=ap_memory:ce=0
---------------- STG Properties END ------------------

---------------- Datapath Model BEGIN ----------------

<LifeTime>
<method=bitvector/>
in_w_read         (read         ) [ 0000]
in_h_read         (read         ) [ 0000]
lshr_ln           (partselect   ) [ 0000]
lshr_ln1          (partselect   ) [ 0011]
cast              (zext         ) [ 0000]
cast4             (zext         ) [ 0000]
bound             (mul          ) [ 0011]
out_ch_read       (read         ) [ 0000]
ofmap_read        (read         ) [ 0001]
cast5             (zext         ) [ 0000]
cast6             (zext         ) [ 0000]
bound7            (mul          ) [ 0001]
specinterface_ln0 (specinterface) [ 0000]
call_ln82         (call         ) [ 0000]
ret_ln0           (ret          ) [ 0000]
</LifeTime>

<model>

<comp_list>
<comp id="0" class="1000" name="gmem0">
<pin_list>
<pin id="1" dir="1" index="0" bw="1" slack="0"/>
</pin_list>
<bind>
<StgValue><ssdm name="gmem0"/><MemPortTyVec>1 </MemPortTyVec>
</StgValue>
</bind>
</comp>

<comp id="2" class="1000" name="ofmap">
<pin_list>
<pin id="3" dir="1" index="0" bw="1" slack="0"/>
</pin_list>
<bind>
<StgValue><ssdm name="ofmap"/></StgValue>
</bind>
</comp>

<comp id="4" class="1000" name="in_h">
<pin_list>
<pin id="5" dir="1" index="0" bw="1" slack="0"/>
</pin_list>
<bind>
<StgValue><ssdm name="in_h"/></StgValue>
</bind>
</comp>

<comp id="6" class="1000" name="in_w">
<pin_list>
<pin id="7" dir="1" index="0" bw="1" slack="0"/>
</pin_list>
<bind>
<StgValue><ssdm name="in_w"/></StgValue>
</bind>
</comp>

<comp id="8" class="1000" name="out_ch">
<pin_list>
<pin id="9" dir="1" index="0" bw="1" slack="0"/>
</pin_list>
<bind>
<StgValue><ssdm name="out_ch"/></StgValue>
</bind>
</comp>

<comp id="10" class="1000" name="dpu_conv_top_ap_int_8_64_64_ap_int_8_64_3_3_ap_int_32_ap_int_8_64_64_ap_uint_8_ap_uint_8_ap_uint_8_ap_uint_8_ap_uint_1_ap_uint_1_perf_counters_t_conv_buf">
<pin_list>
<pin id="11" dir="1" index="0" bw="1" slack="0"/>
</pin_list>
<bind>
<StgValue><ssdm name="dpu_conv_top_ap_int_8_64_64_ap_int_8_64_3_3_ap_int_32_ap_int_8_64_64_ap_uint_8_ap_uint_8_ap_uint_8_ap_uint_8_ap_uint_1_ap_uint_1_perf_counters_t_conv_buf"/><MemPortTyVec>1 1 </MemPortTyVec>
</StgValue>
</bind>
</comp>

<comp id="12" class="1000" name="dpu_conv_top_ap_int_8_64_64_ap_int_8_64_3_3_ap_int_32_ap_int_8_64_64_ap_uint_8_ap_uint_8_ap_uint_8_ap_uint_8_ap_uint_1_ap_uint_1_perf_counters_t_conv_buf_1">
<pin_list>
<pin id="13" dir="1" index="0" bw="1" slack="0"/>
</pin_list>
<bind>
<StgValue><ssdm name="dpu_conv_top_ap_int_8_64_64_ap_int_8_64_3_3_ap_int_32_ap_int_8_64_64_ap_uint_8_ap_uint_8_ap_uint_8_ap_uint_8_ap_uint_1_ap_uint_1_perf_counters_t_conv_buf_1"/><MemPortTyVec>1 1 </MemPortTyVec>
</StgValue>
</bind>
</comp>

<comp id="14" class="1001" name="const_14">
<pin_list>
<pin id="15" dir="1" index="0" bw="1" slack="0"/>
</pin_list>
<bind>
<StgValue><ssdm name="_ssdm_op_Read.ap_auto.i8"/></StgValue>
</bind>
</comp>

<comp id="16" class="1001" name="const_16">
<pin_list>
<pin id="17" dir="1" index="0" bw="1" slack="0"/>
</pin_list>
<bind>
<StgValue><ssdm name="_ssdm_op_PartSelect.i7.i8.i32.i32"/></StgValue>
</bind>
</comp>

<comp id="18" class="1001" name="const_18">
<pin_list>
<pin id="19" dir="1" index="0" bw="1" slack="0"/>
</pin_list>
<bind>
<StgValue><ssdm name=""/></StgValue>
</bind>
</comp>

<comp id="20" class="1001" name="const_20">
<pin_list>
<pin id="21" dir="1" index="0" bw="1" slack="0"/>
</pin_list>
<bind>
<StgValue><ssdm name=""/></StgValue>
</bind>
</comp>

<comp id="22" class="1001" name="const_22">
<pin_list>
<pin id="23" dir="1" index="0" bw="1" slack="0"/>
</pin_list>
<bind>
<StgValue><ssdm name="_ssdm_op_Read.ap_auto.i64"/></StgValue>
</bind>
</comp>

<comp id="24" class="1001" name="const_24">
<pin_list>
<pin id="25" dir="1" index="0" bw="1" slack="0"/>
</pin_list>
<bind>
<StgValue><ssdm name="maxpool2x2_Pipeline_POOL_OC_POOL_H_POOL_W"/></StgValue>
</bind>
</comp>

<comp id="26" class="1001" name="const_26">
<pin_list>
<pin id="27" dir="1" index="0" bw="1" slack="2147483647"/>
</pin_list>
<bind>
<StgValue><ssdm name="_ssdm_op_SpecInterface"/></StgValue>
</bind>
</comp>

<comp id="28" class="1001" name="const_28">
<pin_list>
<pin id="29" dir="1" index="0" bw="1" slack="2147483647"/>
</pin_list>
<bind>
<StgValue><ssdm name="empty_38"/></StgValue>
</bind>
</comp>

<comp id="30" class="1001" name="const_30">
<pin_list>
<pin id="31" dir="1" index="0" bw="1" slack="2147483647"/>
</pin_list>
<bind>
<StgValue><ssdm name=""/></StgValue>
</bind>
</comp>

<comp id="32" class="1001" name="const_32">
<pin_list>
<pin id="33" dir="1" index="0" bw="1" slack="2147483647"/>
</pin_list>
<bind>
<StgValue><ssdm name="empty_39"/></StgValue>
</bind>
</comp>

<comp id="34" class="1001" name="const_34">
<pin_list>
<pin id="35" dir="1" index="0" bw="1" slack="2147483647"/>
</pin_list>
<bind>
<StgValue><ssdm name=""/></StgValue>
</bind>
</comp>

<comp id="36" class="1001" name="const_36">
<pin_list>
<pin id="37" dir="1" index="0" bw="1" slack="2147483647"/>
</pin_list>
<bind>
<StgValue><ssdm name="empty_6"/></StgValue>
</bind>
</comp>

<comp id="38" class="1001" name="const_38">
<pin_list>
<pin id="39" dir="1" index="0" bw="1" slack="2147483647"/>
</pin_list>
<bind>
<StgValue><ssdm name="empty_42"/></StgValue>
</bind>
</comp>

<comp id="40" class="1001" name="const_40">
<pin_list>
<pin id="41" dir="1" index="0" bw="1" slack="2147483647"/>
</pin_list>
<bind>
<StgValue><ssdm name=""/></StgValue>
</bind>
</comp>

<comp id="42" class="1001" name="const_42">
<pin_list>
<pin id="43" dir="1" index="0" bw="1" slack="2147483647"/>
</pin_list>
<bind>
<StgValue><ssdm name=""/></StgValue>
</bind>
</comp>

<comp id="44" class="1004" name="in_w_read_read_fu_44">
<pin_list>
<pin id="45" dir="0" index="0" bw="8" slack="0"/>
<pin id="46" dir="0" index="1" bw="8" slack="0"/>
<pin id="47" dir="1" index="2" bw="8" slack="0"/>
</pin_list>
<bind>
<opcode="read(1150) " fcode="read"/>
<opset="in_w_read/1 "/>
</bind>
</comp>

<comp id="50" class="1004" name="in_h_read_read_fu_50">
<pin_list>
<pin id="51" dir="0" index="0" bw="8" slack="0"/>
<pin id="52" dir="0" index="1" bw="8" slack="0"/>
<pin id="53" dir="1" index="2" bw="8" slack="0"/>
</pin_list>
<bind>
<opcode="read(1150) " fcode="read"/>
<opset="in_h_read/1 "/>
</bind>
</comp>

<comp id="56" class="1004" name="out_ch_read_read_fu_56">
<pin_list>
<pin id="57" dir="0" index="0" bw="8" slack="0"/>
<pin id="58" dir="0" index="1" bw="8" slack="0"/>
<pin id="59" dir="1" index="2" bw="8" slack="0"/>
</pin_list>
<bind>
<opcode="read(1150) " fcode="read"/>
<opset="out_ch_read/2 "/>
</bind>
</comp>

<comp id="62" class="1004" name="ofmap_read_read_fu_62">
<pin_list>
<pin id="63" dir="0" index="0" bw="64" slack="0"/>
<pin id="64" dir="0" index="1" bw="64" slack="0"/>
<pin id="65" dir="1" index="2" bw="64" slack="0"/>
</pin_list>
<bind>
<opcode="read(1150) " fcode="read"/>
<opset="ofmap_read/2 "/>
</bind>
</comp>

<comp id="68" class="1004" name="grp_maxpool2x2_Pipeline_POOL_OC_POOL_H_POOL_W_fu_68">
<pin_list>
<pin id="69" dir="0" index="0" bw="0" slack="0"/>
<pin id="70" dir="0" index="1" bw="22" slack="0"/>
<pin id="71" dir="0" index="2" bw="8" slack="0"/>
<pin id="72" dir="0" index="3" bw="8" slack="0"/>
<pin id="73" dir="0" index="4" bw="8" slack="0"/>
<pin id="74" dir="0" index="5" bw="7" slack="1"/>
<pin id="75" dir="0" index="6" bw="14" slack="1"/>
<pin id="76" dir="0" index="7" bw="64" slack="0"/>
<pin id="77" dir="0" index="8" bw="7" slack="1"/>
<pin id="78" dir="1" index="9" bw="0" slack="2147483647"/>
</pin_list>
<bind>
<opcode="call(48) " fcode="call"/>
<opset="call_ln82/2 "/>
</bind>
</comp>

<comp id="84" class="1004" name="lshr_ln_fu_84">
<pin_list>
<pin id="85" dir="0" index="0" bw="7" slack="0"/>
<pin id="86" dir="0" index="1" bw="8" slack="0"/>
<pin id="87" dir="0" index="2" bw="1" slack="0"/>
<pin id="88" dir="0" index="3" bw="4" slack="0"/>
<pin id="89" dir="1" index="4" bw="7" slack="0"/>
</pin_list>
<bind>
<opcode="partselect(1002) " fcode="partselect"/>
<opset="lshr_ln/1 "/>
</bind>
</comp>

<comp id="94" class="1004" name="lshr_ln1_fu_94">
<pin_list>
<pin id="95" dir="0" index="0" bw="7" slack="0"/>
<pin id="96" dir="0" index="1" bw="8" slack="0"/>
<pin id="97" dir="0" index="2" bw="1" slack="0"/>
<pin id="98" dir="0" index="3" bw="4" slack="0"/>
<pin id="99" dir="1" index="4" bw="7" slack="0"/>
</pin_list>
<bind>
<opcode="partselect(1002) " fcode="partselect"/>
<opset="lshr_ln1/1 "/>
</bind>
</comp>

<comp id="104" class="1004" name="cast_fu_104">
<pin_list>
<pin id="105" dir="0" index="0" bw="7" slack="0"/>
<pin id="106" dir="1" index="1" bw="14" slack="0"/>
</pin_list>
<bind>
<opcode="zext(34) " fcode="zext"/>
<opset="cast/1 "/>
</bind>
</comp>

<comp id="108" class="1004" name="cast4_fu_108">
<pin_list>
<pin id="109" dir="0" index="0" bw="7" slack="0"/>
<pin id="110" dir="1" index="1" bw="14" slack="0"/>
</pin_list>
<bind>
<opcode="zext(34) " fcode="zext"/>
<opset="cast4/1 "/>
</bind>
</comp>

<comp id="112" class="1004" name="bound_fu_112">
<pin_list>
<pin id="113" dir="0" index="0" bw="7" slack="0"/>
<pin id="114" dir="0" index="1" bw="7" slack="0"/>
<pin id="115" dir="1" index="2" bw="14" slack="1"/>
</pin_list>
<bind>
<opcode="mul(12) " fcode="mul"/>
<opset="bound/1 "/>
</bind>
</comp>

<comp id="118" class="1004" name="cast5_fu_118">
<pin_list>
<pin id="119" dir="0" index="0" bw="8" slack="0"/>
<pin id="120" dir="1" index="1" bw="22" slack="0"/>
</pin_list>
<bind>
<opcode="zext(34) " fcode="zext"/>
<opset="cast5/2 "/>
</bind>
</comp>

<comp id="122" class="1004" name="cast6_fu_122">
<pin_list>
<pin id="123" dir="0" index="0" bw="14" slack="1"/>
<pin id="124" dir="1" index="1" bw="22" slack="0"/>
</pin_list>
<bind>
<opcode="zext(34) " fcode="zext"/>
<opset="cast6/2 "/>
</bind>
</comp>

<comp id="125" class="1004" name="bound7_fu_125">
<pin_list>
<pin id="126" dir="0" index="0" bw="8" slack="0"/>
<pin id="127" dir="0" index="1" bw="14" slack="0"/>
<pin id="128" dir="1" index="2" bw="22" slack="0"/>
</pin_list>
<bind>
<opcode="mul(12) " fcode="mul"/>
<opset="bound7/2 "/>
</bind>
</comp>

<comp id="132" class="1005" name="lshr_ln1_reg_132">
<pin_list>
<pin id="133" dir="0" index="0" bw="7" slack="1"/>
<pin id="134" dir="1" index="1" bw="7" slack="1"/>
</pin_list>
<bind>
<opset="lshr_ln1 "/>
</bind>
</comp>

<comp id="138" class="1005" name="bound_reg_138">
<pin_list>
<pin id="139" dir="0" index="0" bw="14" slack="1"/>
<pin id="140" dir="1" index="1" bw="14" slack="1"/>
</pin_list>
<bind>
<opset="bound "/>
</bind>
</comp>

<comp id="144" class="1005" name="ofmap_read_reg_144">
<pin_list>
<pin id="145" dir="0" index="0" bw="64" slack="1"/>
<pin id="146" dir="1" index="1" bw="64" slack="1"/>
</pin_list>
<bind>
<opset="ofmap_read "/>
</bind>
</comp>

<comp id="149" class="1005" name="bound7_reg_149">
<pin_list>
<pin id="150" dir="0" index="0" bw="22" slack="1"/>
<pin id="151" dir="1" index="1" bw="22" slack="1"/>
</pin_list>
<bind>
<opset="bound7 "/>
</bind>
</comp>

</comp_list>

<net_list>
<net id="48"><net_src comp="14" pin="0"/><net_sink comp="44" pin=0"/></net>

<net id="49"><net_src comp="6" pin="0"/><net_sink comp="44" pin=1"/></net>

<net id="54"><net_src comp="14" pin="0"/><net_sink comp="50" pin=0"/></net>

<net id="55"><net_src comp="4" pin="0"/><net_sink comp="50" pin=1"/></net>

<net id="60"><net_src comp="14" pin="0"/><net_sink comp="56" pin=0"/></net>

<net id="61"><net_src comp="8" pin="0"/><net_sink comp="56" pin=1"/></net>

<net id="66"><net_src comp="22" pin="0"/><net_sink comp="62" pin=0"/></net>

<net id="67"><net_src comp="2" pin="0"/><net_sink comp="62" pin=1"/></net>

<net id="79"><net_src comp="24" pin="0"/><net_sink comp="68" pin=0"/></net>

<net id="80"><net_src comp="10" pin="0"/><net_sink comp="68" pin=2"/></net>

<net id="81"><net_src comp="12" pin="0"/><net_sink comp="68" pin=3"/></net>

<net id="82"><net_src comp="0" pin="0"/><net_sink comp="68" pin=4"/></net>

<net id="83"><net_src comp="62" pin="2"/><net_sink comp="68" pin=7"/></net>

<net id="90"><net_src comp="16" pin="0"/><net_sink comp="84" pin=0"/></net>

<net id="91"><net_src comp="50" pin="2"/><net_sink comp="84" pin=1"/></net>

<net id="92"><net_src comp="18" pin="0"/><net_sink comp="84" pin=2"/></net>

<net id="93"><net_src comp="20" pin="0"/><net_sink comp="84" pin=3"/></net>

<net id="100"><net_src comp="16" pin="0"/><net_sink comp="94" pin=0"/></net>

<net id="101"><net_src comp="44" pin="2"/><net_sink comp="94" pin=1"/></net>

<net id="102"><net_src comp="18" pin="0"/><net_sink comp="94" pin=2"/></net>

<net id="103"><net_src comp="20" pin="0"/><net_sink comp="94" pin=3"/></net>

<net id="107"><net_src comp="84" pin="4"/><net_sink comp="104" pin=0"/></net>

<net id="111"><net_src comp="94" pin="4"/><net_sink comp="108" pin=0"/></net>

<net id="116"><net_src comp="104" pin="1"/><net_sink comp="112" pin=0"/></net>

<net id="117"><net_src comp="108" pin="1"/><net_sink comp="112" pin=1"/></net>

<net id="121"><net_src comp="56" pin="2"/><net_sink comp="118" pin=0"/></net>

<net id="129"><net_src comp="118" pin="1"/><net_sink comp="125" pin=0"/></net>

<net id="130"><net_src comp="122" pin="1"/><net_sink comp="125" pin=1"/></net>

<net id="131"><net_src comp="125" pin="2"/><net_sink comp="68" pin=1"/></net>

<net id="135"><net_src comp="94" pin="4"/><net_sink comp="132" pin=0"/></net>

<net id="136"><net_src comp="132" pin="1"/><net_sink comp="68" pin=5"/></net>

<net id="137"><net_src comp="132" pin="1"/><net_sink comp="68" pin=8"/></net>

<net id="141"><net_src comp="112" pin="2"/><net_sink comp="138" pin=0"/></net>

<net id="142"><net_src comp="138" pin="1"/><net_sink comp="122" pin=0"/></net>

<net id="143"><net_src comp="138" pin="1"/><net_sink comp="68" pin=6"/></net>

<net id="147"><net_src comp="62" pin="2"/><net_sink comp="144" pin=0"/></net>

<net id="148"><net_src comp="144" pin="1"/><net_sink comp="68" pin=7"/></net>

<net id="152"><net_src comp="125" pin="2"/><net_sink comp="149" pin=0"/></net>

<net id="153"><net_src comp="149" pin="1"/><net_sink comp="68" pin=1"/></net>

</net_list>

</model> 
---------------- Datapath Model END ------------------

* FSMD analyzer results:
  - Output states:
	Port: gmem0 | {2 3 }
 - Input state : 
	Port: maxpool2x2 : ofmap | {2 }
	Port: maxpool2x2 : in_h | {1 }
	Port: maxpool2x2 : in_w | {1 }
	Port: maxpool2x2 : out_ch | {2 }
	Port: maxpool2x2 : dpu_conv_top_ap_int_8_64_64_ap_int_8_64_3_3_ap_int_32_ap_int_8_64_64_ap_uint_8_ap_uint_8_ap_uint_8_ap_uint_8_ap_uint_1_ap_uint_1_perf_counters_t_conv_buf | {2 3 }
	Port: maxpool2x2 : dpu_conv_top_ap_int_8_64_64_ap_int_8_64_3_3_ap_int_32_ap_int_8_64_64_ap_uint_8_ap_uint_8_ap_uint_8_ap_uint_8_ap_uint_1_ap_uint_1_perf_counters_t_conv_buf_1 | {2 3 }
  - Chain level:
	State 1
		cast : 1
		cast4 : 1
		bound : 2
	State 2
		bound7 : 1
		call_ln82 : 2
	State 3


============================================================
+ Verbose Summary: Datapath Resource usage 
============================================================

* Functional unit list:
|----------|-----------------------------------------------------|---------|---------|---------|---------|
| Operation|                   Functional Unit                   |   DSP   |  Delay  |    FF   |   LUT   |
|----------|-----------------------------------------------------|---------|---------|---------|---------|
|   call   | grp_maxpool2x2_Pipeline_POOL_OC_POOL_H_POOL_W_fu_68 |    0    |  6.352  |   392   |   602   |
|----------|-----------------------------------------------------|---------|---------|---------|---------|
|    mul   |                     bound_fu_112                    |    0    |    0    |    0    |    33   |
|          |                    bound7_fu_125                    |    1    |    0    |    0    |    6    |
|----------|-----------------------------------------------------|---------|---------|---------|---------|
|          |                 in_w_read_read_fu_44                |    0    |    0    |    0    |    0    |
|   read   |                 in_h_read_read_fu_50                |    0    |    0    |    0    |    0    |
|          |                out_ch_read_read_fu_56               |    0    |    0    |    0    |    0    |
|          |                ofmap_read_read_fu_62                |    0    |    0    |    0    |    0    |
|----------|-----------------------------------------------------|---------|---------|---------|---------|
|partselect|                    lshr_ln_fu_84                    |    0    |    0    |    0    |    0    |
|          |                    lshr_ln1_fu_94                   |    0    |    0    |    0    |    0    |
|----------|-----------------------------------------------------|---------|---------|---------|---------|
|          |                     cast_fu_104                     |    0    |    0    |    0    |    0    |
|   zext   |                     cast4_fu_108                    |    0    |    0    |    0    |    0    |
|          |                     cast5_fu_118                    |    0    |    0    |    0    |    0    |
|          |                     cast6_fu_122                    |    0    |    0    |    0    |    0    |
|----------|-----------------------------------------------------|---------|---------|---------|---------|
|   Total  |                                                     |    1    |  6.352  |   392   |   641   |
|----------|-----------------------------------------------------|---------|---------|---------|---------|

Memories:
N/A

* Register list:
+------------------+--------+
|                  |   FF   |
+------------------+--------+
|  bound7_reg_149  |   22   |
|   bound_reg_138  |   14   |
| lshr_ln1_reg_132 |    7   |
|ofmap_read_reg_144|   64   |
+------------------+--------+
|       Total      |   107  |
+------------------+--------+

* Multiplexer (MUX) list: 
|-----------------------------------------------------|------|------|------|--------||---------||---------||---------|
|                         Comp                        |  Pin | Size |  BW  | S x BW ||  Delay  ||    FF   ||   LUT   |
|-----------------------------------------------------|------|------|------|--------||---------||---------||---------|
| grp_maxpool2x2_Pipeline_POOL_OC_POOL_H_POOL_W_fu_68 |  p1  |   2  |  22  |   44   ||    0    ||    9    |
| grp_maxpool2x2_Pipeline_POOL_OC_POOL_H_POOL_W_fu_68 |  p7  |   2  |  64  |   128  ||    0    ||    9    |
|-----------------------------------------------------|------|------|------|--------||---------||---------||---------|
|                        Total                        |      |      |      |   172  ||  3.176  ||    0    ||    18   |
|-----------------------------------------------------|------|------|------|--------||---------||---------||---------|



* Summary:
+-----------+--------+--------+--------+--------+
|           |   DSP  |  Delay |   FF   |   LUT  |
+-----------+--------+--------+--------+--------+
|  Function |    1   |    6   |   392  |   641  |
|   Memory  |    -   |    -   |    -   |    -   |
|Multiplexer|    -   |    3   |    0   |   18   |
|  Register |    -   |    -   |   107  |    -   |
+-----------+--------+--------+--------+--------+
|   Total   |    1   |    9   |   499  |   659  |
+-----------+--------+--------+--------+--------+
