#-----------------------------------------------------------
# Vivado v2025.2 (64-bit)
# SW Build 6299465 on Fri Nov 14 19:35:11 GMT 2025
# IP Build 6300035 on Fri Nov 14 10:48:45 MST 2025
# SharedData Build 6298862 on Thu Nov 13 04:50:51 MST 2025
# Start of session at: Wed Sep  9 18:59:15 2026
# Process ID         : 19648
# Current directory  : D:/project/DPU_Project/DPU_HLS/dpu_conv_top/hls/impl/ip
# Command line       : vivado.exe -notrace -mode batch -source run_ippack.tcl
# Log file           : D:/project/DPU_Project/DPU_HLS/dpu_conv_top/hls/impl/ip/vivado.log
# Journal file       : D:/project/DPU_Project/DPU_HLS/dpu_conv_top/hls/impl/ip\vivado.jou
# Running On         : LAPTOP-MPD8ATBV
# Platform           : Windows Server 2016 or Windows 10
# Operating System   : 26200
# Processor Detail   : Intel(R) Core(TM) 5 120U
# CPU Frequency      : 2496 MHz
# CPU Physical cores : 10
# CPU Logical cores  : 12
# Host memory        : 16845 MB
# Swap memory        : 9663 MB
# Total Virtual      : 26508 MB
# Available Virtual  : 5634 MB
#-----------------------------------------------------------
source run_ippack.tcl -notrace
INFO: calling package_hls_ip ip_types=vitis sysgen json_file=D:/project/DPU_Project/DPU_HLS/dpu_conv_top/hls/hls_data.json outdir=D:/project/DPU_Project/DPU_HLS/dpu_conv_top/hls/impl/ip srcdir=D:/project/DPU_Project/DPU_HLS/dpu_conv_top/hls ippack_options_dict= ippack_options_dict=
INFO: Copied 1 ipmisc file(s) to D:/project/DPU_Project/DPU_HLS/dpu_conv_top/hls/impl/ip/misc
INFO: Copied 33 verilog file(s) to D:/project/DPU_Project/DPU_HLS/dpu_conv_top/hls/impl/ip/hdl/verilog
INFO: Copied 33 vhdl file(s) to D:/project/DPU_Project/DPU_HLS/dpu_conv_top/hls/impl/ip/hdl/vhdl
INFO: Copied 10 swdriver file(s) to D:/project/DPU_Project/DPU_HLS/dpu_conv_top/hls/impl/ip/drivers
ipx::create_core: Time (s): cpu = 00:00:19 ; elapsed = 00:00:36 . Memory (MB): peak = 568.559 ; gain = 216.582
INFO: Import ports from HDL: D:/project/DPU_Project/DPU_HLS/dpu_conv_top/hls/impl/ip/hdl/vhdl/dpu_conv_top.vhd (dpu_conv_top)
INFO: Add axi4lite interface s_axi_CTRL
INFO: Add axi4lite interface s_axi_control
INFO: Add clock interface ap_clk
INFO: Add reset interface ap_rst_n
INFO: Add interrupt interface interrupt
INFO: [IP_Flow 19-234] Refreshing IP repositories
INFO: [IP_Flow 19-1704] No user IP repositories specified
INFO: [IP_Flow 19-2313] Loaded Vivado IP repository 'C:/AMDDesignTools/2025.2/Vivado/data/ip'.
INFO: Add axi4full interface m_axi_gmem0_0
INFO: Add axi4full interface m_axi_gmem0_1
INFO: Add axi4full interface m_axi_gmem0_2
INFO: Add axi4full interface m_axi_gmem0_3
INFO: Add axi4full interface m_axi_gmem0_4
INFO: Add axi4full interface m_axi_gmem0_5
INFO: Add axi4full interface m_axi_gmem0_6
INFO: Add axi4full interface m_axi_gmem0_7
INFO: Add axi4full interface m_axi_gmem1_0
INFO: Add axi4full interface m_axi_gmem1_1
INFO: Add axi4full interface m_axi_gmem1_2
INFO: Add axi4full interface m_axi_gmem1_3
INFO: Add axi4full interface m_axi_gmem1_4
INFO: Add axi4full interface m_axi_gmem1_5
INFO: Add axi4full interface m_axi_gmem1_6
INFO: Add axi4full interface m_axi_gmem1_7
INFO: Add axi4full interface m_axi_gmem1
INFO: Add axi4full interface m_axi_gmem2
INFO: Add axi4full interface m_axi_gmem0
INFO: Calling post_process_vitis to specialize IP
INFO: Calling post_process_sysgen to specialize IP
Generating sysgen info xml from json file
INFO: Created IP D:/project/DPU_Project/DPU_HLS/dpu_conv_top/hls/impl/ip/component.xml
INFO: Created IP archive D:/project/DPU_Project/DPU_HLS/dpu_conv_top/hls/impl/ip/xilinx_com_hls_dpu_conv_top_1_0.zip
INFO: [Common 17-206] Exiting Vivado at Wed Sep  9 19:00:32 2026...
