

================================================================
== Vitis HLS Report for 'Block_entry_proc'
================================================================
* Date:           Mon Sep  7 20:13:37 2026

* Version:        2025.2 (Build 6295257 on Nov 14 2025)
* Project:        dpu_conv_top
* Solution:       hls (Vivado IP Flow Target)
* Product family: zynq
* Target device:  xc7z020-clg400-1


================================================================
== Performance Estimates
================================================================
+ Timing: 
    * Summary: 
    +--------+----------+----------+------------+
    |  Clock |  Target  | Estimated| Uncertainty|
    +--------+----------+----------+------------+
    |ap_clk  |  11.00 ns|  8.030 ns|     2.97 ns|
    +--------+----------+----------+------------+

+ Latency: 
    * Summary: 
    +---------+----------+-----------+-----------+-----+----------+---------+
    |  Latency (cycles)  |   Latency (absolute)  |    Interval    | Pipeline|
    |   min   |    max   |    min    |    max    | min |    max   |   Type  |
    +---------+----------+-----------+-----------+-----+----------+---------+
    |        8|  16581389|  88.000 ns|  0.182 sec|    8|  16581389|       no|
    +---------+----------+-----------+-----------+-----+----------+---------+

    + Detail: 
        * Instance: 
        +----------------------------+------------------+---------+----------+-----------+-----------+-----+----------+---------+
        |                            |                  |  Latency (cycles)  |   Latency (absolute)  |    Interval    | Pipeline|
        |          Instance          |      Module      |   min   |    max   |    min    |    max    | min |    max   |   Type  |
        +----------------------------+------------------+---------+----------+-----------+-----------+-----+----------+---------+
        |grp_copy_passthrough_fu_84  |copy_passthrough  |        6|  16581387|  66.000 ns|  0.182 sec|    6|  16581387|       no|
        |grp_maxpool2x2_fu_98        |maxpool2x2        |        6|   4112908|  66.000 ns|  45.242 ms|    6|   4112908|       no|
        +----------------------------+------------------+---------+----------+-----------+-----------+-----+----------+---------+

        * Loop: 
        N/A



================================================================
== Utilization Estimates
================================================================
* Summary: 
+-----------------+---------+-----+--------+-------+-----+
|       Name      | BRAM_18K| DSP |   FF   |  LUT  | URAM|
+-----------------+---------+-----+--------+-------+-----+
|DSP              |        -|    -|       -|      -|    -|
|Expression       |        -|    -|       0|      4|    -|
|FIFO             |        -|    -|       -|      -|    -|
|Instance         |        -|    2|     803|   1538|    -|
|Memory           |        -|    -|       -|      -|    -|
|Multiplexer      |        -|    -|       0|    392|    -|
|Register         |        -|    -|      96|      -|    -|
+-----------------+---------+-----+--------+-------+-----+
|Total            |        0|    2|     899|   1934|    0|
+-----------------+---------+-----+--------+-------+-----+
|Available        |      280|  220|  106400|  53200|    0|
+-----------------+---------+-----+--------+-------+-----+
|Utilization (%)  |        0|   ~0|      ~0|      3|    0|
+-----------------+---------+-----+--------+-------+-----+

+ Detail: 
    * Instance: 
    +----------------------------+------------------+---------+----+-----+-----+-----+
    |          Instance          |      Module      | BRAM_18K| DSP|  FF | LUT | URAM|
    +----------------------------+------------------+---------+----+-----+-----+-----+
    |grp_copy_passthrough_fu_84  |copy_passthrough  |        0|   1|  396|  738|    0|
    |grp_maxpool2x2_fu_98        |maxpool2x2        |        0|   1|  407|  800|    0|
    +----------------------------+------------------+---------+----+-----+-----+-----+
    |Total                       |                  |        0|   2|  803| 1538|    0|
    +----------------------------+------------------+---------+----+-----+-----+-----+

    * DSP: 
    N/A

    * Memory: 
    N/A

    * FIFO: 
    N/A

    * Expression: 
    +---------------------------------+----------+----+---+----+------------+------------+
    |          Variable Name          | Operation| DSP| FF| LUT| Bitwidth P0| Bitwidth P1|
    +---------------------------------+----------+----+---+----+------------+------------+
    |ap_block_state1                  |        or|   0|  0|   2|           1|           1|
    |ap_block_state3_on_subcall_done  |        or|   0|  0|   2|           1|           1|
    +---------------------------------+----------+----+---+----+------------+------------+
    |Total                            |          |   0|  0|   4|           2|           2|
    +---------------------------------+----------+----+---+----+------------+------------+

    * Multiplexer: 
    +----------------------------------------------------------------------------------------------------------------------------------------------------------------------+----+-----------+-----+-----------+
    |                                                                                 Name                                                                                 | LUT| Input Size| Bits| Total Bits|
    +----------------------------------------------------------------------------------------------------------------------------------------------------------------------+----+-----------+-----+-----------+
    |ap_NS_fsm                                                                                                                                                             |  25|          5|    1|          5|
    |ap_done                                                                                                                                                               |   9|          2|    1|          2|
    |do_pool_blk_n                                                                                                                                                         |   9|          2|    1|          2|
    |dpu_conv_top_ap_int_8_64_64_ap_int_8_64_3_3_ap_int_32_ap_int_8_64_64_ap_uint_8_ap_uint_8_ap_uint_8_ap_uint_8_ap_uint_1_ap_uint_1_perf_counters_t_conv_buf_1_address0  |  14|          3|   17|         51|
    |dpu_conv_top_ap_int_8_64_64_ap_int_8_64_3_3_ap_int_32_ap_int_8_64_64_ap_uint_8_ap_uint_8_ap_uint_8_ap_uint_8_ap_uint_1_ap_uint_1_perf_counters_t_conv_buf_1_ce0       |  14|          3|    1|          3|
    |dpu_conv_top_ap_int_8_64_64_ap_int_8_64_3_3_ap_int_32_ap_int_8_64_64_ap_uint_8_ap_uint_8_ap_uint_8_ap_uint_8_ap_uint_1_ap_uint_1_perf_counters_t_conv_buf_1_ce1       |   9|          2|    1|          2|
    |dpu_conv_top_ap_int_8_64_64_ap_int_8_64_3_3_ap_int_32_ap_int_8_64_64_ap_uint_8_ap_uint_8_ap_uint_8_ap_uint_8_ap_uint_1_ap_uint_1_perf_counters_t_conv_buf_address0    |  14|          3|   17|         51|
    |dpu_conv_top_ap_int_8_64_64_ap_int_8_64_3_3_ap_int_32_ap_int_8_64_64_ap_uint_8_ap_uint_8_ap_uint_8_ap_uint_8_ap_uint_1_ap_uint_1_perf_counters_t_conv_buf_ce0         |  14|          3|    1|          3|
    |dpu_conv_top_ap_int_8_64_64_ap_int_8_64_3_3_ap_int_32_ap_int_8_64_64_ap_uint_8_ap_uint_8_ap_uint_8_ap_uint_8_ap_uint_1_ap_uint_1_perf_counters_t_conv_buf_ce1         |   9|          2|    1|          2|
    |m_axi_gmem0_0_AWADDR                                                                                                                                                  |  14|          3|   64|        192|
    |m_axi_gmem0_0_AWBURST                                                                                                                                                 |  14|          3|    2|          6|
    |m_axi_gmem0_0_AWCACHE                                                                                                                                                 |  14|          3|    4|         12|
    |m_axi_gmem0_0_AWID                                                                                                                                                    |  14|          3|    1|          3|
    |m_axi_gmem0_0_AWLEN                                                                                                                                                   |  14|          3|   32|         96|
    |m_axi_gmem0_0_AWLOCK                                                                                                                                                  |  14|          3|    2|          6|
    |m_axi_gmem0_0_AWPROT                                                                                                                                                  |  14|          3|    3|          9|
    |m_axi_gmem0_0_AWQOS                                                                                                                                                   |  14|          3|    4|         12|
    |m_axi_gmem0_0_AWREGION                                                                                                                                                |  14|          3|    4|         12|
    |m_axi_gmem0_0_AWSIZE                                                                                                                                                  |  14|          3|    3|          9|
    |m_axi_gmem0_0_AWUSER                                                                                                                                                  |  14|          3|    1|          3|
    |m_axi_gmem0_0_AWVALID                                                                                                                                                 |  14|          3|    1|          3|
    |m_axi_gmem0_0_BREADY                                                                                                                                                  |  14|          3|    1|          3|
    |m_axi_gmem0_0_WDATA                                                                                                                                                   |  14|          3|    8|         24|
    |m_axi_gmem0_0_WID                                                                                                                                                     |  14|          3|    1|          3|
    |m_axi_gmem0_0_WLAST                                                                                                                                                   |  14|          3|    1|          3|
    |m_axi_gmem0_0_WSTRB                                                                                                                                                   |  14|          3|    1|          3|
    |m_axi_gmem0_0_WUSER                                                                                                                                                   |  14|          3|    1|          3|
    |m_axi_gmem0_0_WVALID                                                                                                                                                  |  14|          3|    1|          3|
    |ofmap_blk_n                                                                                                                                                           |   9|          2|    1|          2|
    +----------------------------------------------------------------------------------------------------------------------------------------------------------------------+----+-----------+-----+-----------+
    |Total                                                                                                                                                                 | 392|         84|  177|        528|
    +----------------------------------------------------------------------------------------------------------------------------------------------------------------------+----+-----------+-----+-----------+

    * Register: 
    +-----------------------------------------+----+----+-----+-----------+
    |                   Name                  | FF | LUT| Bits| Const Bits|
    +-----------------------------------------+----+----+-----+-----------+
    |ap_CS_fsm                                |   4|   0|    4|          0|
    |ap_done_reg                              |   1|   0|    1|          0|
    |do_pool_read_reg_130                     |   1|   0|    1|          0|
    |grp_copy_passthrough_fu_84_ap_start_reg  |   1|   0|    1|          0|
    |grp_maxpool2x2_fu_98_ap_start_reg        |   1|   0|    1|          0|
    |ofmap_read_reg_134                       |  64|   0|   64|          0|
    |p_read14_reg_118                         |   8|   0|    8|          0|
    |p_read_5_reg_112                         |   8|   0|    8|          0|
    |p_read_6_reg_124                         |   8|   0|    8|          0|
    +-----------------------------------------+----+----+-----+-----------+
    |Total                                    |  96|   0|   96|          0|
    +-----------------------------------------+----+----+-----+-----------+



================================================================
== Interface
================================================================
* Summary: 
+----------------------------------------------------------------------------------------------------------------------------------------------------------------------+-----+-----+------------+-------------------------------------------------------------------------------------------------------------------------------------------------------------+--------------+
|                                                                               RTL Ports                                                                              | Dir | Bits|  Protocol  |                                                                        Source Object                                                                        |    C Type    |
+----------------------------------------------------------------------------------------------------------------------------------------------------------------------+-----+-----+------------+-------------------------------------------------------------------------------------------------------------------------------------------------------------+--------------+
|ap_clk                                                                                                                                                                |   in|    1|  ap_ctrl_hs|                                                                                                                                             Block_entry_proc|  return value|
|ap_rst                                                                                                                                                                |   in|    1|  ap_ctrl_hs|                                                                                                                                             Block_entry_proc|  return value|
|ap_start                                                                                                                                                              |   in|    1|  ap_ctrl_hs|                                                                                                                                             Block_entry_proc|  return value|
|ap_done                                                                                                                                                               |  out|    1|  ap_ctrl_hs|                                                                                                                                             Block_entry_proc|  return value|
|ap_continue                                                                                                                                                           |   in|    1|  ap_ctrl_hs|                                                                                                                                             Block_entry_proc|  return value|
|ap_idle                                                                                                                                                               |  out|    1|  ap_ctrl_hs|                                                                                                                                             Block_entry_proc|  return value|
|ap_ready                                                                                                                                                              |  out|    1|  ap_ctrl_hs|                                                                                                                                             Block_entry_proc|  return value|
|do_pool_dout                                                                                                                                                          |   in|    1|     ap_fifo|                                                                                                                                                      do_pool|       pointer|
|do_pool_empty_n                                                                                                                                                       |   in|    1|     ap_fifo|                                                                                                                                                      do_pool|       pointer|
|do_pool_read                                                                                                                                                          |  out|    1|     ap_fifo|                                                                                                                                                      do_pool|       pointer|
|do_pool_num_data_valid                                                                                                                                                |   in|    3|     ap_fifo|                                                                                                                                                      do_pool|       pointer|
|do_pool_fifo_cap                                                                                                                                                      |   in|    3|     ap_fifo|                                                                                                                                                      do_pool|       pointer|
|m_axi_gmem0_0_AWVALID                                                                                                                                                 |  out|    1|       m_axi|                                                                                                                                                        gmem0|       pointer|
|m_axi_gmem0_0_AWREADY                                                                                                                                                 |   in|    1|       m_axi|                                                                                                                                                        gmem0|       pointer|
|m_axi_gmem0_0_AWADDR                                                                                                                                                  |  out|   64|       m_axi|                                                                                                                                                        gmem0|       pointer|
|m_axi_gmem0_0_AWID                                                                                                                                                    |  out|    1|       m_axi|                                                                                                                                                        gmem0|       pointer|
|m_axi_gmem0_0_AWLEN                                                                                                                                                   |  out|   32|       m_axi|                                                                                                                                                        gmem0|       pointer|
|m_axi_gmem0_0_AWSIZE                                                                                                                                                  |  out|    3|       m_axi|                                                                                                                                                        gmem0|       pointer|
|m_axi_gmem0_0_AWBURST                                                                                                                                                 |  out|    2|       m_axi|                                                                                                                                                        gmem0|       pointer|
|m_axi_gmem0_0_AWLOCK                                                                                                                                                  |  out|    2|       m_axi|                                                                                                                                                        gmem0|       pointer|
|m_axi_gmem0_0_AWCACHE                                                                                                                                                 |  out|    4|       m_axi|                                                                                                                                                        gmem0|       pointer|
|m_axi_gmem0_0_AWPROT                                                                                                                                                  |  out|    3|       m_axi|                                                                                                                                                        gmem0|       pointer|
|m_axi_gmem0_0_AWQOS                                                                                                                                                   |  out|    4|       m_axi|                                                                                                                                                        gmem0|       pointer|
|m_axi_gmem0_0_AWREGION                                                                                                                                                |  out|    4|       m_axi|                                                                                                                                                        gmem0|       pointer|
|m_axi_gmem0_0_AWUSER                                                                                                                                                  |  out|    1|       m_axi|                                                                                                                                                        gmem0|       pointer|
|m_axi_gmem0_0_WVALID                                                                                                                                                  |  out|    1|       m_axi|                                                                                                                                                        gmem0|       pointer|
|m_axi_gmem0_0_WREADY                                                                                                                                                  |   in|    1|       m_axi|                                                                                                                                                        gmem0|       pointer|
|m_axi_gmem0_0_WDATA                                                                                                                                                   |  out|    8|       m_axi|                                                                                                                                                        gmem0|       pointer|
|m_axi_gmem0_0_WSTRB                                                                                                                                                   |  out|    1|       m_axi|                                                                                                                                                        gmem0|       pointer|
|m_axi_gmem0_0_WLAST                                                                                                                                                   |  out|    1|       m_axi|                                                                                                                                                        gmem0|       pointer|
|m_axi_gmem0_0_WID                                                                                                                                                     |  out|    1|       m_axi|                                                                                                                                                        gmem0|       pointer|
|m_axi_gmem0_0_WUSER                                                                                                                                                   |  out|    1|       m_axi|                                                                                                                                                        gmem0|       pointer|
|m_axi_gmem0_0_ARVALID                                                                                                                                                 |  out|    1|       m_axi|                                                                                                                                                        gmem0|       pointer|
|m_axi_gmem0_0_ARREADY                                                                                                                                                 |   in|    1|       m_axi|                                                                                                                                                        gmem0|       pointer|
|m_axi_gmem0_0_ARADDR                                                                                                                                                  |  out|   64|       m_axi|                                                                                                                                                        gmem0|       pointer|
|m_axi_gmem0_0_ARID                                                                                                                                                    |  out|    1|       m_axi|                                                                                                                                                        gmem0|       pointer|
|m_axi_gmem0_0_ARLEN                                                                                                                                                   |  out|   32|       m_axi|                                                                                                                                                        gmem0|       pointer|
|m_axi_gmem0_0_ARSIZE                                                                                                                                                  |  out|    3|       m_axi|                                                                                                                                                        gmem0|       pointer|
|m_axi_gmem0_0_ARBURST                                                                                                                                                 |  out|    2|       m_axi|                                                                                                                                                        gmem0|       pointer|
|m_axi_gmem0_0_ARLOCK                                                                                                                                                  |  out|    2|       m_axi|                                                                                                                                                        gmem0|       pointer|
|m_axi_gmem0_0_ARCACHE                                                                                                                                                 |  out|    4|       m_axi|                                                                                                                                                        gmem0|       pointer|
|m_axi_gmem0_0_ARPROT                                                                                                                                                  |  out|    3|       m_axi|                                                                                                                                                        gmem0|       pointer|
|m_axi_gmem0_0_ARQOS                                                                                                                                                   |  out|    4|       m_axi|                                                                                                                                                        gmem0|       pointer|
|m_axi_gmem0_0_ARREGION                                                                                                                                                |  out|    4|       m_axi|                                                                                                                                                        gmem0|       pointer|
|m_axi_gmem0_0_ARUSER                                                                                                                                                  |  out|    1|       m_axi|                                                                                                                                                        gmem0|       pointer|
|m_axi_gmem0_0_RVALID                                                                                                                                                  |   in|    1|       m_axi|                                                                                                                                                        gmem0|       pointer|
|m_axi_gmem0_0_RREADY                                                                                                                                                  |  out|    1|       m_axi|                                                                                                                                                        gmem0|       pointer|
|m_axi_gmem0_0_RDATA                                                                                                                                                   |   in|    8|       m_axi|                                                                                                                                                        gmem0|       pointer|
|m_axi_gmem0_0_RLAST                                                                                                                                                   |   in|    1|       m_axi|                                                                                                                                                        gmem0|       pointer|
|m_axi_gmem0_0_RID                                                                                                                                                     |   in|    1|       m_axi|                                                                                                                                                        gmem0|       pointer|
|m_axi_gmem0_0_RFIFONUM                                                                                                                                                |   in|   11|       m_axi|                                                                                                                                                        gmem0|       pointer|
|m_axi_gmem0_0_RUSER                                                                                                                                                   |   in|    1|       m_axi|                                                                                                                                                        gmem0|       pointer|
|m_axi_gmem0_0_RRESP                                                                                                                                                   |   in|    2|       m_axi|                                                                                                                                                        gmem0|       pointer|
|m_axi_gmem0_0_BVALID                                                                                                                                                  |   in|    1|       m_axi|                                                                                                                                                        gmem0|       pointer|
|m_axi_gmem0_0_BREADY                                                                                                                                                  |  out|    1|       m_axi|                                                                                                                                                        gmem0|       pointer|
|m_axi_gmem0_0_BRESP                                                                                                                                                   |   in|    2|       m_axi|                                                                                                                                                        gmem0|       pointer|
|m_axi_gmem0_0_BID                                                                                                                                                     |   in|    1|       m_axi|                                                                                                                                                        gmem0|       pointer|
|m_axi_gmem0_0_BUSER                                                                                                                                                   |   in|    1|       m_axi|                                                                                                                                                        gmem0|       pointer|
|ofmap_dout                                                                                                                                                            |   in|   64|     ap_fifo|                                                                                                                                                        ofmap|       pointer|
|ofmap_empty_n                                                                                                                                                         |   in|    1|     ap_fifo|                                                                                                                                                        ofmap|       pointer|
|ofmap_read                                                                                                                                                            |  out|    1|     ap_fifo|                                                                                                                                                        ofmap|       pointer|
|ofmap_num_data_valid                                                                                                                                                  |   in|    3|     ap_fifo|                                                                                                                                                        ofmap|       pointer|
|ofmap_fifo_cap                                                                                                                                                        |   in|    3|     ap_fifo|                                                                                                                                                        ofmap|       pointer|
|p_read                                                                                                                                                                |   in|    8|     ap_none|                                                                                                                                                       p_read|        scalar|
|p_read1                                                                                                                                                               |   in|    8|     ap_none|                                                                                                                                                      p_read1|        scalar|
|p_read2                                                                                                                                                               |   in|    8|     ap_none|                                                                                                                                                      p_read2|        scalar|
|dpu_conv_top_ap_int_8_64_64_ap_int_8_64_3_3_ap_int_32_ap_int_8_64_64_ap_uint_8_ap_uint_8_ap_uint_8_ap_uint_8_ap_uint_1_ap_uint_1_perf_counters_t_conv_buf_address0    |  out|   17|   ap_memory|    dpu_conv_top_ap_int_8_64_64_ap_int_8_64_3_3_ap_int_32_ap_int_8_64_64_ap_uint_8_ap_uint_8_ap_uint_8_ap_uint_8_ap_uint_1_ap_uint_1_perf_counters_t_conv_buf|         array|
|dpu_conv_top_ap_int_8_64_64_ap_int_8_64_3_3_ap_int_32_ap_int_8_64_64_ap_uint_8_ap_uint_8_ap_uint_8_ap_uint_8_ap_uint_1_ap_uint_1_perf_counters_t_conv_buf_ce0         |  out|    1|   ap_memory|    dpu_conv_top_ap_int_8_64_64_ap_int_8_64_3_3_ap_int_32_ap_int_8_64_64_ap_uint_8_ap_uint_8_ap_uint_8_ap_uint_8_ap_uint_1_ap_uint_1_perf_counters_t_conv_buf|         array|
|dpu_conv_top_ap_int_8_64_64_ap_int_8_64_3_3_ap_int_32_ap_int_8_64_64_ap_uint_8_ap_uint_8_ap_uint_8_ap_uint_8_ap_uint_1_ap_uint_1_perf_counters_t_conv_buf_q0          |   in|    8|   ap_memory|    dpu_conv_top_ap_int_8_64_64_ap_int_8_64_3_3_ap_int_32_ap_int_8_64_64_ap_uint_8_ap_uint_8_ap_uint_8_ap_uint_8_ap_uint_1_ap_uint_1_perf_counters_t_conv_buf|         array|
|dpu_conv_top_ap_int_8_64_64_ap_int_8_64_3_3_ap_int_32_ap_int_8_64_64_ap_uint_8_ap_uint_8_ap_uint_8_ap_uint_8_ap_uint_1_ap_uint_1_perf_counters_t_conv_buf_address1    |  out|   17|   ap_memory|    dpu_conv_top_ap_int_8_64_64_ap_int_8_64_3_3_ap_int_32_ap_int_8_64_64_ap_uint_8_ap_uint_8_ap_uint_8_ap_uint_8_ap_uint_1_ap_uint_1_perf_counters_t_conv_buf|         array|
|dpu_conv_top_ap_int_8_64_64_ap_int_8_64_3_3_ap_int_32_ap_int_8_64_64_ap_uint_8_ap_uint_8_ap_uint_8_ap_uint_8_ap_uint_1_ap_uint_1_perf_counters_t_conv_buf_ce1         |  out|    1|   ap_memory|    dpu_conv_top_ap_int_8_64_64_ap_int_8_64_3_3_ap_int_32_ap_int_8_64_64_ap_uint_8_ap_uint_8_ap_uint_8_ap_uint_8_ap_uint_1_ap_uint_1_perf_counters_t_conv_buf|         array|
|dpu_conv_top_ap_int_8_64_64_ap_int_8_64_3_3_ap_int_32_ap_int_8_64_64_ap_uint_8_ap_uint_8_ap_uint_8_ap_uint_8_ap_uint_1_ap_uint_1_perf_counters_t_conv_buf_q1          |   in|    8|   ap_memory|    dpu_conv_top_ap_int_8_64_64_ap_int_8_64_3_3_ap_int_32_ap_int_8_64_64_ap_uint_8_ap_uint_8_ap_uint_8_ap_uint_8_ap_uint_1_ap_uint_1_perf_counters_t_conv_buf|         array|
|dpu_conv_top_ap_int_8_64_64_ap_int_8_64_3_3_ap_int_32_ap_int_8_64_64_ap_uint_8_ap_uint_8_ap_uint_8_ap_uint_8_ap_uint_1_ap_uint_1_perf_counters_t_conv_buf_1_address0  |  out|   17|   ap_memory|  dpu_conv_top_ap_int_8_64_64_ap_int_8_64_3_3_ap_int_32_ap_int_8_64_64_ap_uint_8_ap_uint_8_ap_uint_8_ap_uint_8_ap_uint_1_ap_uint_1_perf_counters_t_conv_buf_1|         array|
|dpu_conv_top_ap_int_8_64_64_ap_int_8_64_3_3_ap_int_32_ap_int_8_64_64_ap_uint_8_ap_uint_8_ap_uint_8_ap_uint_8_ap_uint_1_ap_uint_1_perf_counters_t_conv_buf_1_ce0       |  out|    1|   ap_memory|  dpu_conv_top_ap_int_8_64_64_ap_int_8_64_3_3_ap_int_32_ap_int_8_64_64_ap_uint_8_ap_uint_8_ap_uint_8_ap_uint_8_ap_uint_1_ap_uint_1_perf_counters_t_conv_buf_1|         array|
|dpu_conv_top_ap_int_8_64_64_ap_int_8_64_3_3_ap_int_32_ap_int_8_64_64_ap_uint_8_ap_uint_8_ap_uint_8_ap_uint_8_ap_uint_1_ap_uint_1_perf_counters_t_conv_buf_1_q0        |   in|    8|   ap_memory|  dpu_conv_top_ap_int_8_64_64_ap_int_8_64_3_3_ap_int_32_ap_int_8_64_64_ap_uint_8_ap_uint_8_ap_uint_8_ap_uint_8_ap_uint_1_ap_uint_1_perf_counters_t_conv_buf_1|         array|
|dpu_conv_top_ap_int_8_64_64_ap_int_8_64_3_3_ap_int_32_ap_int_8_64_64_ap_uint_8_ap_uint_8_ap_uint_8_ap_uint_8_ap_uint_1_ap_uint_1_perf_counters_t_conv_buf_1_address1  |  out|   17|   ap_memory|  dpu_conv_top_ap_int_8_64_64_ap_int_8_64_3_3_ap_int_32_ap_int_8_64_64_ap_uint_8_ap_uint_8_ap_uint_8_ap_uint_8_ap_uint_1_ap_uint_1_perf_counters_t_conv_buf_1|         array|
|dpu_conv_top_ap_int_8_64_64_ap_int_8_64_3_3_ap_int_32_ap_int_8_64_64_ap_uint_8_ap_uint_8_ap_uint_8_ap_uint_8_ap_uint_1_ap_uint_1_perf_counters_t_conv_buf_1_ce1       |  out|    1|   ap_memory|  dpu_conv_top_ap_int_8_64_64_ap_int_8_64_3_3_ap_int_32_ap_int_8_64_64_ap_uint_8_ap_uint_8_ap_uint_8_ap_uint_8_ap_uint_1_ap_uint_1_perf_counters_t_conv_buf_1|         array|
|dpu_conv_top_ap_int_8_64_64_ap_int_8_64_3_3_ap_int_32_ap_int_8_64_64_ap_uint_8_ap_uint_8_ap_uint_8_ap_uint_8_ap_uint_1_ap_uint_1_perf_counters_t_conv_buf_1_q1        |   in|    8|   ap_memory|  dpu_conv_top_ap_int_8_64_64_ap_int_8_64_3_3_ap_int_32_ap_int_8_64_64_ap_uint_8_ap_uint_8_ap_uint_8_ap_uint_8_ap_uint_1_ap_uint_1_perf_counters_t_conv_buf_1|         array|
+----------------------------------------------------------------------------------------------------------------------------------------------------------------------+-----+-----+------------+-------------------------------------------------------------------------------------------------------------------------------------------------------------+--------------+

