

================================================================
== Vitis HLS Report for 'copy_passthrough_Pipeline_COPY_OC_COPY_H_COPY_W'
================================================================
* Date:           Mon Sep  7 20:13:32 2026

* Version:        2025.2 (Build 6295257 on Nov 14 2025)
* Project:        dpu_conv_top
* Solution:       hls (Vivado IP Flow Target)
* Product family: zynq
* Target device:  xc7z020-clg400-1


================================================================
== Performance Estimates
================================================================
+ Timing: 
    * Summary: 
    +--------+----------+----------+------------+
    |  Clock |  Target  | Estimated| Uncertainty|
    +--------+----------+----------+------------+
    |ap_clk  |  11.00 ns|  8.030 ns|     2.97 ns|
    +--------+----------+----------+------------+

+ Latency: 
    * Summary: 
    +---------+----------+-----------+-----------+-----+-----+-------------------+
    |  Latency (cycles)  |   Latency (absolute)  |  Interval |      Pipeline     |
    |   min   |    max   |    min    |    max    | min | max |        Type       |
    +---------+----------+-----------+-----------+-----+-----+-------------------+
    |        4|  16581385|  44.000 ns|  0.182 sec|    0|    0|  loop pipeline stp|
    +---------+----------+-----------+-----------+-----+-----+-------------------+

    + Detail: 
        * Instance: 
        N/A

        * Loop: 
        +-------------------------+---------+----------+----------+-----------+-----------+--------------+----------+
        |                         |  Latency (cycles)  | Iteration|  Initiation Interval  |     Trip     |          |
        |        Loop Name        |   min   |    max   |  Latency |  achieved |   target  |     Count    | Pipelined|
        +-------------------------+---------+----------+----------+-----------+-----------+--------------+----------+
        |- COPY_OC_COPY_H_COPY_W  |        2|  16581383|        10|          1|          1|  0 ~ 16581375|       yes|
        +-------------------------+---------+----------+----------+-----------+-----------+--------------+----------+



================================================================
== Utilization Estimates
================================================================
* Summary: 
+-----------------+---------+-----+--------+-------+-----+
|       Name      | BRAM_18K| DSP |   FF   |  LUT  | URAM|
+-----------------+---------+-----+--------+-------+-----+
|DSP              |        -|    -|       -|      -|    -|
|Expression       |        -|    -|       0|    508|    -|
|FIFO             |        -|    -|       -|      -|    -|
|Instance         |        -|    -|       -|      -|    -|
|Memory           |        -|    -|       -|      -|    -|
|Multiplexer      |        -|    -|       0|     99|    -|
|Register         |        -|    -|     352|     64|    -|
+-----------------+---------+-----+--------+-------+-----+
|Total            |        0|    0|     352|    671|    0|
+-----------------+---------+-----+--------+-------+-----+
|Available        |      280|  220|  106400|  53200|    0|
+-----------------+---------+-----+--------+-------+-----+
|Utilization (%)  |        0|    0|      ~0|      1|    0|
+-----------------+---------+-----+--------+-------+-----+

+ Detail: 
    * Instance: 
    N/A

    * DSP: 
    N/A

    * Memory: 
    N/A

    * FIFO: 
    N/A

    * Expression: 
    +-----------------------------------------+----------+----+---+----+------------+------------+
    |              Variable Name              | Operation| DSP| FF| LUT| Bitwidth P0| Bitwidth P1|
    +-----------------------------------------+----------+----+---+----+------------+------------+
    |add_ln115_1_fu_231_p2                    |         +|   0|  0|  31|          24|           1|
    |add_ln115_fu_275_p2                      |         +|   0|  0|  15|           8|           1|
    |add_ln117_1_fu_242_p2                    |         +|   0|  0|  23|          16|           1|
    |add_ln117_fu_316_p2                      |         +|   0|  0|  15|           8|           1|
    |add_ln119_1_fu_461_p2                    |         +|   0|  0|  28|          21|          21|
    |add_ln119_1_mid2_fu_478_p2               |         +|   0|  0|  71|          64|          64|
    |add_ln119_2_fu_367_p2                    |         +|   0|  0|  15|           8|           1|
    |add_ln119_fu_415_p2                      |         +|   0|  0|  28|          21|          21|
    |add_ln121_1_fu_512_p2                    |         +|   0|  0|  24|          17|          17|
    |add_ln121_fu_361_p2                      |         +|   0|  0|  12|          12|          12|
    |ap_block_pp0_stage0_01001_grp1           |       and|   0|  0|   2|           1|           1|
    |ap_block_state11_pp0_stage0_iter10_grp1  |       and|   0|  0|   2|           1|           1|
    |ap_block_state5_io_grp1                  |       and|   0|  0|   2|           1|           1|
    |first_iter_0_fu_343_p2                   |      icmp|   0|  0|  15|           8|           1|
    |icmp_ln115_fu_226_p2                     |      icmp|   0|  0|  31|          24|          24|
    |icmp_ln117_fu_237_p2                     |      icmp|   0|  0|  23|          16|          16|
    |icmp_ln119_1_fu_293_p2                   |      icmp|   0|  0|  15|           8|           8|
    |icmp_ln119_2_fu_373_p2                   |      icmp|   0|  0|  15|           8|           8|
    |icmp_ln119_fu_288_p2                     |      icmp|   0|  0|  15|           8|           1|
    |ap_block_pp0_stage0_11001                |        or|   0|  0|   2|           1|           1|
    |empty_fu_322_p2                          |        or|   0|  0|   2|           1|           1|
    |add_ln119_1_mid2_v_fu_467_p3             |    select|   0|  0|  21|           1|          21|
    |ow_mid2_fu_327_p3                        |    select|   0|  0|   8|           1|           1|
    |select_ln115_1_fu_428_p3                 |    select|   0|  0|  20|           1|          20|
    |select_ln115_2_fu_443_p3                 |    select|   0|  0|  21|           1|          21|
    |select_ln115_3_fu_298_p3                 |    select|   0|  0|   2|           1|           1|
    |select_ln115_4_fu_305_p3                 |    select|   0|  0|   8|           1|           8|
    |select_ln115_fu_281_p3                   |    select|   0|  0|   8|           1|           1|
    |select_ln117_1_fu_248_p3                 |    select|   0|  0|  16|           1|           1|
    |select_ln117_fu_335_p3                   |    select|   0|  0|   8|           1|           8|
    |select_ln121_fu_530_p3                   |    select|   0|  0|   8|           1|           8|
    |ap_enable_pp0                            |       xor|   0|  0|   2|           1|           2|
    +-----------------------------------------+----------+----+---+----+------------+------------+
    |Total                                    |          |   0|  0| 508|         287|         295|
    +-----------------------------------------+----------+----+---+----+------------+------------+

    * Multiplexer: 
    +-------------------------+----+-----------+-----+-----------+
    |           Name          | LUT| Input Size| Bits| Total Bits|
    +-------------------------+----+-----------+-----+-----------+
    |ap_done_int              |   9|          2|    1|          2|
    |ap_enable_reg_pp0_iter1  |   9|          2|    1|          2|
    |ap_enable_reg_pp0_iter4  |   9|          2|    1|          2|
    |gmem0_blk_n_AW           |   9|          2|    1|          2|
    |gmem0_blk_n_B            |   9|          2|    1|          2|
    |gmem0_blk_n_W            |   9|          2|    1|          2|
    |indvar_flatten27_fu_112  |   9|          2|   24|         48|
    |indvar_flatten_fu_104    |   9|          2|   16|         32|
    |oc_fu_108                |   9|          2|    8|         16|
    |oh_fu_100                |   9|          2|    8|         16|
    |ow_fu_96                 |   9|          2|    8|         16|
    +-------------------------+----+-----------+-----+-----------+
    |Total                    |  99|         22|   70|        140|
    +-------------------------+----+-----------+-----+-----------+

    * Register: 
    +------------------------------------+----+----+-----+-----------+
    |                Name                | FF | LUT| Bits| Const Bits|
    +------------------------------------+----+----+-----+-----------+
    |add_ln115_reg_623                   |   8|   0|    8|          0|
    |add_ln117_reg_633                   |   8|   0|    8|          0|
    |add_ln121_reg_648                   |  12|   0|   12|          0|
    |ap_CS_fsm                           |   1|   0|    1|          0|
    |ap_done_reg                         |   1|   0|    1|          0|
    |ap_enable_reg_pp0_iter1             |   1|   0|    1|          0|
    |ap_enable_reg_pp0_iter10            |   1|   0|    1|          0|
    |ap_enable_reg_pp0_iter2             |   1|   0|    1|          0|
    |ap_enable_reg_pp0_iter3             |   1|   0|    1|          0|
    |ap_enable_reg_pp0_iter4             |   1|   0|    1|          0|
    |ap_enable_reg_pp0_iter5             |   1|   0|    1|          0|
    |ap_enable_reg_pp0_iter6             |   1|   0|    1|          0|
    |ap_enable_reg_pp0_iter7             |   1|   0|    1|          0|
    |ap_enable_reg_pp0_iter8             |   1|   0|    1|          0|
    |ap_enable_reg_pp0_iter9             |   1|   0|    1|          0|
    |ap_loop_exit_ready_pp0_iter2_reg    |   1|   0|    1|          0|
    |ap_loop_exit_ready_pp0_iter3_reg    |   1|   0|    1|          0|
    |ap_loop_exit_ready_pp0_iter4_reg    |   1|   0|    1|          0|
    |ap_loop_exit_ready_pp0_iter5_reg    |   1|   0|    1|          0|
    |ap_loop_exit_ready_pp0_iter6_reg    |   1|   0|    1|          0|
    |ap_loop_exit_ready_pp0_iter7_reg    |   1|   0|    1|          0|
    |ap_loop_exit_ready_pp0_iter8_reg    |   1|   0|    1|          0|
    |ap_loop_exit_ready_pp0_iter9_reg    |   1|   0|    1|          0|
    |first_iter_0_reg_644                |   1|   0|    1|          0|
    |first_iter_0_reg_644_pp0_iter3_reg  |   1|   0|    1|          0|
    |gmem0_addr_reg_657                  |  64|   0|   64|          0|
    |icmp_ln115_reg_599                  |   1|   0|    1|          0|
    |icmp_ln117_reg_603                  |   1|   0|    1|          0|
    |icmp_ln117_reg_603_pp0_iter2_reg    |   1|   0|    1|          0|
    |icmp_ln119_2_reg_653                |   1|   0|    1|          0|
    |indvar_flatten27_fu_112             |  24|   0|   24|          0|
    |indvar_flatten_fu_104               |  16|   0|   16|          0|
    |oc_2_reg_618                        |   8|   0|    8|          0|
    |oc_fu_108                           |   8|   0|    8|          0|
    |oh_2_reg_613                        |   8|   0|    8|          0|
    |oh_fu_100                           |   8|   0|    8|          0|
    |ow_fu_96                            |   8|   0|    8|          0|
    |ow_mid2_reg_638                     |   8|   0|    8|          0|
    |select_ln115_3_reg_628              |   1|   0|    1|          0|
    |select_ln121_reg_683                |   8|   0|    8|          0|
    |trunc_ln119_reg_662                 |   1|   0|    1|          0|
    |zext_ln119_cast_reg_594             |   8|   0|   64|         56|
    |icmp_ln115_reg_599                  |  64|  32|    1|          0|
    |icmp_ln119_2_reg_653                |  64|  32|    1|          0|
    +------------------------------------+----+----+-----+-----------+
    |Total                               | 352|  64|  282|         56|
    +------------------------------------+----+----+-----+-----------+



================================================================
== Interface
================================================================
* Summary: 
+----------------------------------------------------------------------------------------------------------------------------------------------------------------------+-----+-----+------------+-------------------------------------------------------------------------------------------------------------------------------------------------------------+--------------+
|                                                                               RTL Ports                                                                              | Dir | Bits|  Protocol  |                                                                        Source Object                                                                        |    C Type    |
+----------------------------------------------------------------------------------------------------------------------------------------------------------------------+-----+-----+------------+-------------------------------------------------------------------------------------------------------------------------------------------------------------+--------------+
|ap_clk                                                                                                                                                                |   in|    1|  ap_ctrl_hs|                                                                                                              copy_passthrough_Pipeline_COPY_OC_COPY_H_COPY_W|  return value|
|ap_rst                                                                                                                                                                |   in|    1|  ap_ctrl_hs|                                                                                                              copy_passthrough_Pipeline_COPY_OC_COPY_H_COPY_W|  return value|
|ap_start                                                                                                                                                              |   in|    1|  ap_ctrl_hs|                                                                                                              copy_passthrough_Pipeline_COPY_OC_COPY_H_COPY_W|  return value|
|ap_done                                                                                                                                                               |  out|    1|  ap_ctrl_hs|                                                                                                              copy_passthrough_Pipeline_COPY_OC_COPY_H_COPY_W|  return value|
|ap_idle                                                                                                                                                               |  out|    1|  ap_ctrl_hs|                                                                                                              copy_passthrough_Pipeline_COPY_OC_COPY_H_COPY_W|  return value|
|ap_ready                                                                                                                                                              |  out|    1|  ap_ctrl_hs|                                                                                                              copy_passthrough_Pipeline_COPY_OC_COPY_H_COPY_W|  return value|
|m_axi_gmem0_0_AWVALID                                                                                                                                                 |  out|    1|       m_axi|                                                                                                                                                        gmem0|       pointer|
|m_axi_gmem0_0_AWREADY                                                                                                                                                 |   in|    1|       m_axi|                                                                                                                                                        gmem0|       pointer|
|m_axi_gmem0_0_AWADDR                                                                                                                                                  |  out|   64|       m_axi|                                                                                                                                                        gmem0|       pointer|
|m_axi_gmem0_0_AWID                                                                                                                                                    |  out|    1|       m_axi|                                                                                                                                                        gmem0|       pointer|
|m_axi_gmem0_0_AWLEN                                                                                                                                                   |  out|   32|       m_axi|                                                                                                                                                        gmem0|       pointer|
|m_axi_gmem0_0_AWSIZE                                                                                                                                                  |  out|    3|       m_axi|                                                                                                                                                        gmem0|       pointer|
|m_axi_gmem0_0_AWBURST                                                                                                                                                 |  out|    2|       m_axi|                                                                                                                                                        gmem0|       pointer|
|m_axi_gmem0_0_AWLOCK                                                                                                                                                  |  out|    2|       m_axi|                                                                                                                                                        gmem0|       pointer|
|m_axi_gmem0_0_AWCACHE                                                                                                                                                 |  out|    4|       m_axi|                                                                                                                                                        gmem0|       pointer|
|m_axi_gmem0_0_AWPROT                                                                                                                                                  |  out|    3|       m_axi|                                                                                                                                                        gmem0|       pointer|
|m_axi_gmem0_0_AWQOS                                                                                                                                                   |  out|    4|       m_axi|                                                                                                                                                        gmem0|       pointer|
|m_axi_gmem0_0_AWREGION                                                                                                                                                |  out|    4|       m_axi|                                                                                                                                                        gmem0|       pointer|
|m_axi_gmem0_0_AWUSER                                                                                                                                                  |  out|    1|       m_axi|                                                                                                                                                        gmem0|       pointer|
|m_axi_gmem0_0_WVALID                                                                                                                                                  |  out|    1|       m_axi|                                                                                                                                                        gmem0|       pointer|
|m_axi_gmem0_0_WREADY                                                                                                                                                  |   in|    1|       m_axi|                                                                                                                                                        gmem0|       pointer|
|m_axi_gmem0_0_WDATA                                                                                                                                                   |  out|    8|       m_axi|                                                                                                                                                        gmem0|       pointer|
|m_axi_gmem0_0_WSTRB                                                                                                                                                   |  out|    1|       m_axi|                                                                                                                                                        gmem0|       pointer|
|m_axi_gmem0_0_WLAST                                                                                                                                                   |  out|    1|       m_axi|                                                                                                                                                        gmem0|       pointer|
|m_axi_gmem0_0_WID                                                                                                                                                     |  out|    1|       m_axi|                                                                                                                                                        gmem0|       pointer|
|m_axi_gmem0_0_WUSER                                                                                                                                                   |  out|    1|       m_axi|                                                                                                                                                        gmem0|       pointer|
|m_axi_gmem0_0_ARVALID                                                                                                                                                 |  out|    1|       m_axi|                                                                                                                                                        gmem0|       pointer|
|m_axi_gmem0_0_ARREADY                                                                                                                                                 |   in|    1|       m_axi|                                                                                                                                                        gmem0|       pointer|
|m_axi_gmem0_0_ARADDR                                                                                                                                                  |  out|   64|       m_axi|                                                                                                                                                        gmem0|       pointer|
|m_axi_gmem0_0_ARID                                                                                                                                                    |  out|    1|       m_axi|                                                                                                                                                        gmem0|       pointer|
|m_axi_gmem0_0_ARLEN                                                                                                                                                   |  out|   32|       m_axi|                                                                                                                                                        gmem0|       pointer|
|m_axi_gmem0_0_ARSIZE                                                                                                                                                  |  out|    3|       m_axi|                                                                                                                                                        gmem0|       pointer|
|m_axi_gmem0_0_ARBURST                                                                                                                                                 |  out|    2|       m_axi|                                                                                                                                                        gmem0|       pointer|
|m_axi_gmem0_0_ARLOCK                                                                                                                                                  |  out|    2|       m_axi|                                                                                                                                                        gmem0|       pointer|
|m_axi_gmem0_0_ARCACHE                                                                                                                                                 |  out|    4|       m_axi|                                                                                                                                                        gmem0|       pointer|
|m_axi_gmem0_0_ARPROT                                                                                                                                                  |  out|    3|       m_axi|                                                                                                                                                        gmem0|       pointer|
|m_axi_gmem0_0_ARQOS                                                                                                                                                   |  out|    4|       m_axi|                                                                                                                                                        gmem0|       pointer|
|m_axi_gmem0_0_ARREGION                                                                                                                                                |  out|    4|       m_axi|                                                                                                                                                        gmem0|       pointer|
|m_axi_gmem0_0_ARUSER                                                                                                                                                  |  out|    1|       m_axi|                                                                                                                                                        gmem0|       pointer|
|m_axi_gmem0_0_RVALID                                                                                                                                                  |   in|    1|       m_axi|                                                                                                                                                        gmem0|       pointer|
|m_axi_gmem0_0_RREADY                                                                                                                                                  |  out|    1|       m_axi|                                                                                                                                                        gmem0|       pointer|
|m_axi_gmem0_0_RDATA                                                                                                                                                   |   in|    8|       m_axi|                                                                                                                                                        gmem0|       pointer|
|m_axi_gmem0_0_RLAST                                                                                                                                                   |   in|    1|       m_axi|                                                                                                                                                        gmem0|       pointer|
|m_axi_gmem0_0_RID                                                                                                                                                     |   in|    1|       m_axi|                                                                                                                                                        gmem0|       pointer|
|m_axi_gmem0_0_RFIFONUM                                                                                                                                                |   in|   11|       m_axi|                                                                                                                                                        gmem0|       pointer|
|m_axi_gmem0_0_RUSER                                                                                                                                                   |   in|    1|       m_axi|                                                                                                                                                        gmem0|       pointer|
|m_axi_gmem0_0_RRESP                                                                                                                                                   |   in|    2|       m_axi|                                                                                                                                                        gmem0|       pointer|
|m_axi_gmem0_0_BVALID                                                                                                                                                  |   in|    1|       m_axi|                                                                                                                                                        gmem0|       pointer|
|m_axi_gmem0_0_BREADY                                                                                                                                                  |  out|    1|       m_axi|                                                                                                                                                        gmem0|       pointer|
|m_axi_gmem0_0_BRESP                                                                                                                                                   |   in|    2|       m_axi|                                                                                                                                                        gmem0|       pointer|
|m_axi_gmem0_0_BID                                                                                                                                                     |   in|    1|       m_axi|                                                                                                                                                        gmem0|       pointer|
|m_axi_gmem0_0_BUSER                                                                                                                                                   |   in|    1|       m_axi|                                                                                                                                                        gmem0|       pointer|
|bound7                                                                                                                                                                |   in|   24|     ap_none|                                                                                                                                                       bound7|        scalar|
|dpu_conv_top_ap_int_8_64_64_ap_int_8_64_3_3_ap_int_32_ap_int_8_64_64_ap_uint_8_ap_uint_8_ap_uint_8_ap_uint_8_ap_uint_1_ap_uint_1_perf_counters_t_conv_buf_address0    |  out|   17|   ap_memory|    dpu_conv_top_ap_int_8_64_64_ap_int_8_64_3_3_ap_int_32_ap_int_8_64_64_ap_uint_8_ap_uint_8_ap_uint_8_ap_uint_8_ap_uint_1_ap_uint_1_perf_counters_t_conv_buf|         array|
|dpu_conv_top_ap_int_8_64_64_ap_int_8_64_3_3_ap_int_32_ap_int_8_64_64_ap_uint_8_ap_uint_8_ap_uint_8_ap_uint_8_ap_uint_1_ap_uint_1_perf_counters_t_conv_buf_ce0         |  out|    1|   ap_memory|    dpu_conv_top_ap_int_8_64_64_ap_int_8_64_3_3_ap_int_32_ap_int_8_64_64_ap_uint_8_ap_uint_8_ap_uint_8_ap_uint_8_ap_uint_1_ap_uint_1_perf_counters_t_conv_buf|         array|
|dpu_conv_top_ap_int_8_64_64_ap_int_8_64_3_3_ap_int_32_ap_int_8_64_64_ap_uint_8_ap_uint_8_ap_uint_8_ap_uint_8_ap_uint_1_ap_uint_1_perf_counters_t_conv_buf_q0          |   in|    8|   ap_memory|    dpu_conv_top_ap_int_8_64_64_ap_int_8_64_3_3_ap_int_32_ap_int_8_64_64_ap_uint_8_ap_uint_8_ap_uint_8_ap_uint_8_ap_uint_1_ap_uint_1_perf_counters_t_conv_buf|         array|
|dpu_conv_top_ap_int_8_64_64_ap_int_8_64_3_3_ap_int_32_ap_int_8_64_64_ap_uint_8_ap_uint_8_ap_uint_8_ap_uint_8_ap_uint_1_ap_uint_1_perf_counters_t_conv_buf_1_address0  |  out|   17|   ap_memory|  dpu_conv_top_ap_int_8_64_64_ap_int_8_64_3_3_ap_int_32_ap_int_8_64_64_ap_uint_8_ap_uint_8_ap_uint_8_ap_uint_8_ap_uint_1_ap_uint_1_perf_counters_t_conv_buf_1|         array|
|dpu_conv_top_ap_int_8_64_64_ap_int_8_64_3_3_ap_int_32_ap_int_8_64_64_ap_uint_8_ap_uint_8_ap_uint_8_ap_uint_8_ap_uint_1_ap_uint_1_perf_counters_t_conv_buf_1_ce0       |  out|    1|   ap_memory|  dpu_conv_top_ap_int_8_64_64_ap_int_8_64_3_3_ap_int_32_ap_int_8_64_64_ap_uint_8_ap_uint_8_ap_uint_8_ap_uint_8_ap_uint_1_ap_uint_1_perf_counters_t_conv_buf_1|         array|
|dpu_conv_top_ap_int_8_64_64_ap_int_8_64_3_3_ap_int_32_ap_int_8_64_64_ap_uint_8_ap_uint_8_ap_uint_8_ap_uint_8_ap_uint_1_ap_uint_1_perf_counters_t_conv_buf_1_q0        |   in|    8|   ap_memory|  dpu_conv_top_ap_int_8_64_64_ap_int_8_64_3_3_ap_int_32_ap_int_8_64_64_ap_uint_8_ap_uint_8_ap_uint_8_ap_uint_8_ap_uint_1_ap_uint_1_perf_counters_t_conv_buf_1|         array|
|in_w                                                                                                                                                                  |   in|    8|     ap_none|                                                                                                                                                         in_w|        scalar|
|bound                                                                                                                                                                 |   in|   16|     ap_none|                                                                                                                                                        bound|        scalar|
|ofmap                                                                                                                                                                 |   in|   64|     ap_none|                                                                                                                                                        ofmap|        scalar|
|zext_ln119                                                                                                                                                            |   in|    8|     ap_none|                                                                                                                                                   zext_ln119|        scalar|
+----------------------------------------------------------------------------------------------------------------------------------------------------------------------+-----+-----+------------+-------------------------------------------------------------------------------------------------------------------------------------------------------------+--------------+

