

================================================================
== Vitis HLS Report for 'dpu_conv_top_Pipeline_POOL_OC_POOL_H_POOL_W'
================================================================
* Date:           Wed Sep  9 18:58:35 2026

* Version:        2025.2 (Build 6295257 on Nov 14 2025)
* Project:        dpu_conv_top
* Solution:       hls (Vivado IP Flow Target)
* Product family: zynq
* Target device:  xc7z020-clg400-1


================================================================
== Performance Estimates
================================================================
+ Timing: 
    * Summary: 
    +--------+----------+----------+------------+
    |  Clock |  Target  | Estimated| Uncertainty|
    +--------+----------+----------+------------+
    |ap_clk  |  11.00 ns|  8.030 ns|     2.97 ns|
    +--------+----------+----------+------------+

+ Latency: 
    * Summary: 
    +---------+----------+-----------+-----------+-----+-----+-------------------+
    |  Latency (cycles)  |   Latency (absolute)  |  Interval |      Pipeline     |
    |   min   |    max   |    min    |    max    | min | max |        Type       |
    +---------+----------+-----------+-----------+-----+-----+-------------------+
    |        3|  16451598|  33.000 ns|  0.181 sec|    0|    0|  loop pipeline stp|
    +---------+----------+-----------+-----------+-----+-----+-------------------+

    + Detail: 
        * Instance: 
        N/A

        * Loop: 
        +-------------------------+---------+----------+----------+-----------+-----------+-------------+----------+
        |                         |  Latency (cycles)  | Iteration|  Initiation Interval  |     Trip    |          |
        |        Loop Name        |   min   |    max   |  Latency |  achieved |   target  |    Count    | Pipelined|
        +-------------------------+---------+----------+----------+-----------+-----------+-------------+----------+
        |- POOL_OC_POOL_H_POOL_W  |        1|  16451596|        21|          4|          1|  0 ~ 4112895|       yes|
        +-------------------------+---------+----------+----------+-----------+-----------+-------------+----------+



================================================================
== Utilization Estimates
================================================================
* Summary: 
+-----------------+---------+-----+--------+-------+-----+
|       Name      | BRAM_18K| DSP |   FF   |  LUT  | URAM|
+-----------------+---------+-----+--------+-------+-----+
|DSP              |        -|    -|       -|      -|    -|
|Expression       |        -|    -|       0|   1157|    -|
|FIFO             |        -|    -|       -|      -|    -|
|Instance         |        -|    -|       -|      -|    -|
|Memory           |        -|    -|       -|      -|    -|
|Multiplexer      |        -|    -|       0|    201|    -|
|Register         |        -|    -|     572|     64|    -|
+-----------------+---------+-----+--------+-------+-----+
|Total            |        0|    0|     572|   1422|    0|
+-----------------+---------+-----+--------+-------+-----+
|Available        |      280|  220|  106400|  53200|    0|
+-----------------+---------+-----+--------+-------+-----+
|Utilization (%)  |        0|    0|      ~0|      2|    0|
+-----------------+---------+-----+--------+-------+-----+

+ Detail: 
    * Instance: 
    N/A

    * DSP: 
    N/A

    * Memory: 
    N/A

    * FIFO: 
    N/A

    * Expression: 
    +----------------------------------------+----------+----+---+----+------------+------------+
    |              Variable Name             | Operation| DSP| FF| LUT| Bitwidth P0| Bitwidth P1|
    +----------------------------------------+----------+----+---+----+------------+------------+
    |add_ln85_1_fu_275_p2                    |         +|   0|  0|  15|           8|           1|
    |add_ln85_fu_253_p2                      |         +|   0|  0|  29|          22|           1|
    |add_ln87_1_fu_358_p2                    |         +|   0|  0|  17|          14|           1|
    |add_ln87_fu_327_p2                      |         +|   0|  0|  14|           7|           1|
    |add_ln89_fu_543_p2                      |         +|   0|  0|  14|           7|           1|
    |add_ln91_10_fu_443_p2                   |         +|   0|  0|  64|          64|          64|
    |add_ln91_1_fu_401_p2                    |         +|   0|  0|  64|          64|          64|
    |add_ln91_2_fu_406_p2                    |         +|   0|  0|  64|          64|          64|
    |add_ln91_3_fu_493_p2                    |         +|   0|  0|  64|          64|          64|
    |add_ln91_4_fu_498_p2                    |         +|   0|  0|  14|           9|           7|
    |add_ln91_5_fu_508_p2                    |         +|   0|  0|  64|          64|          64|
    |add_ln91_6_fu_514_p2                    |         +|   0|  0|  64|          64|          64|
    |add_ln91_7_fu_519_p2                    |         +|   0|  0|  64|          64|          64|
    |add_ln91_8_fu_415_p2                    |         +|   0|  0|  71|          64|          64|
    |add_ln91_9_fu_438_p2                    |         +|   0|  0|  64|          64|          64|
    |add_ln91_fu_353_p2                      |         +|   0|  0|  71|          64|          64|
    |ap_block_pp0_stage0_11001_grp5          |       and|   0|  0|   2|           1|           1|
    |ap_block_pp0_stage0_11001_grp8          |       and|   0|  0|   2|           1|           1|
    |ap_block_pp0_stage1_11001_grp3          |       and|   0|  0|   2|           1|           1|
    |ap_block_pp0_stage1_11001_grp6          |       and|   0|  0|   2|           1|           1|
    |ap_block_pp0_stage1_11001_grp9          |       and|   0|  0|   2|           1|           1|
    |ap_block_pp0_stage2_11001_grp7          |       and|   0|  0|   2|           1|           1|
    |ap_block_pp0_stage3_11001_grp1          |       and|   0|  0|   2|           1|           1|
    |ap_block_pp0_stage3_11001_grp2          |       and|   0|  0|   2|           1|           1|
    |ap_block_pp0_stage3_11001_grp4          |       and|   0|  0|   2|           1|           1|
    |ap_block_state22_pp0_stage1_iter5_grp9  |       and|   0|  0|   2|           1|           1|
    |ap_block_state4_io_grp1                 |       and|   0|  0|   2|           1|           1|
    |ap_block_state4_io_grp2                 |       and|   0|  0|   2|           1|           1|
    |ap_predicate_op113_writereq_state4      |       and|   0|  0|   2|           1|           1|
    |first_iter_0_fu_347_p2                  |      icmp|   0|  0|  14|           7|           1|
    |icmp_ln85_fu_248_p2                     |      icmp|   0|  0|  29|          22|          22|
    |icmp_ln87_fu_262_p2                     |      icmp|   0|  0|  17|          14|          14|
    |icmp_ln89_1_fu_306_p2                   |      icmp|   0|  0|  14|           7|           7|
    |icmp_ln89_2_fu_548_p2                   |      icmp|   0|  0|  14|           7|           7|
    |icmp_ln89_fu_301_p2                     |      icmp|   0|  0|  14|           7|           1|
    |icmp_ln96_fu_563_p2                     |      icmp|   0|  0|  15|           8|           8|
    |icmp_ln97_fu_575_p2                     |      icmp|   0|  0|  15|           8|           8|
    |icmp_ln98_fu_587_p2                     |      icmp|   0|  0|  15|           8|           8|
    |ap_block_pp0_stage0_subdone             |        or|   0|  0|   2|           1|           1|
    |ap_block_pp0_stage1_11001               |        or|   0|  0|   2|           1|           1|
    |ap_block_pp0_stage3_11001               |        or|   0|  0|   2|           1|           1|
    |empty_67_fu_333_p2                      |        or|   0|  0|   2|           1|           1|
    |add_ln91_2_mid2_fu_448_p3               |    select|   0|  0|  64|           1|          64|
    |m0_fu_568_p3                            |    select|   0|  0|   8|           1|           8|
    |m1_fu_580_p3                            |    select|   0|  0|   8|           1|           8|
    |ow_mid2_fu_339_p3                       |    select|   0|  0|   7|           1|           1|
    |select_ln85_1_fu_289_p3                 |    select|   0|  0|  20|           1|          20|
    |select_ln85_2_fu_420_p3                 |    select|   0|  0|  64|           1|          64|
    |select_ln85_3_fu_311_p3                 |    select|   0|  0|   2|           1|           1|
    |select_ln85_4_fu_319_p3                 |    select|   0|  0|   8|           1|           8|
    |select_ln85_fu_267_p3                   |    select|   0|  0|   7|           1|           1|
    |select_ln87_1_fu_364_p3                 |    select|   0|  0|  14|           1|           1|
    |select_ln87_fu_455_p3                   |    select|   0|  0|   7|           1|           7|
    |select_ln98_fu_592_p3                   |    select|   0|  0|   8|           1|           8|
    |ap_enable_pp0                           |       xor|   0|  0|   2|           1|           2|
    +----------------------------------------+----------+----+---+----+------------+------------+
    |Total                                   |          |   0|  0|1157|         825|         938|
    +----------------------------------------+----------+----+---+----+------------+------------+

    * Multiplexer: 
    +----------------------------------+----+-----------+-----+-----------+
    |               Name               | LUT| Input Size| Bits| Total Bits|
    +----------------------------------+----+-----------+-----+-----------+
    |ap_NS_fsm                         |  25|          5|    1|          5|
    |ap_done_int                       |   9|          2|    1|          2|
    |ap_enable_reg_pp0_iter0           |   9|          2|    1|          2|
    |ap_enable_reg_pp0_iter1           |   9|          2|    1|          2|
    |ap_enable_reg_pp0_iter5           |   9|          2|    1|          2|
    |ap_loop_exit_ready_pp0_iter1_reg  |   9|          2|    1|          2|
    |ap_loop_exit_ready_pp0_iter2_reg  |   9|          2|    1|          2|
    |ap_loop_exit_ready_pp0_iter3_reg  |   9|          2|    1|          2|
    |ap_loop_exit_ready_pp0_iter4_reg  |   9|          2|    1|          2|
    |gmem0_blk_n_AW                    |   9|          2|    1|          2|
    |gmem0_blk_n_B                     |   9|          2|    1|          2|
    |gmem0_blk_n_W                     |   9|          2|    1|          2|
    |gmem2_blk_n_AR                    |   9|          2|    1|          2|
    |gmem2_blk_n_R                     |   9|          2|    1|          2|
    |indvar_flatten25_fu_124           |   9|          2|   22|         44|
    |indvar_flatten_fu_116             |   9|          2|   14|         28|
    |m_axi_gmem2_0_ARADDR              |  14|          3|   64|        192|
    |oc_fu_120                         |   9|          2|    8|         16|
    |oh_fu_112                         |   9|          2|    7|         14|
    |ow_fu_108                         |   9|          2|    7|         14|
    +----------------------------------+----+-----------+-----+-----------+
    |Total                             | 201|         44|  136|        339|
    +----------------------------------+----+-----------+-----+-----------+

    * Register: 
    +-------------------------------------------+----+----+-----+-----------+
    |                    Name                   | FF | LUT| Bits| Const Bits|
    +-------------------------------------------+----+----+-----+-----------+
    |add_ln87_reg_708                           |   7|   0|    7|          0|
    |add_ln91_reg_724                           |  64|   0|   64|          0|
    |ap_CS_fsm                                  |   4|   0|    4|          0|
    |ap_block_pp0_stage0_subdone_grp0_done_reg  |   1|   0|    1|          0|
    |ap_block_pp0_stage0_subdone_grp5_done_reg  |   1|   0|    1|          0|
    |ap_block_pp0_stage0_subdone_grp8_done_reg  |   1|   0|    1|          0|
    |ap_block_pp0_stage1_subdone_grp3_done_reg  |   1|   0|    1|          0|
    |ap_block_pp0_stage1_subdone_grp6_done_reg  |   1|   0|    1|          0|
    |ap_block_pp0_stage1_subdone_grp9_done_reg  |   1|   0|    1|          0|
    |ap_block_pp0_stage2_subdone_grp0_done_reg  |   1|   0|    1|          0|
    |ap_block_pp0_stage3_subdone_grp0_done_reg  |   1|   0|    1|          0|
    |ap_block_pp0_stage3_subdone_grp1_done_reg  |   1|   0|    1|          0|
    |ap_block_pp0_stage3_subdone_grp2_done_reg  |   1|   0|    1|          0|
    |ap_block_pp0_stage3_subdone_grp4_done_reg  |   1|   0|    1|          0|
    |ap_done_reg                                |   1|   0|    1|          0|
    |ap_enable_reg_pp0_iter0_reg                |   1|   0|    1|          0|
    |ap_enable_reg_pp0_iter1                    |   1|   0|    1|          0|
    |ap_enable_reg_pp0_iter2                    |   1|   0|    1|          0|
    |ap_enable_reg_pp0_iter3                    |   1|   0|    1|          0|
    |ap_enable_reg_pp0_iter4                    |   1|   0|    1|          0|
    |ap_enable_reg_pp0_iter5                    |   1|   0|    1|          0|
    |ap_loop_exit_ready_pp0_iter1_reg           |   1|   0|    1|          0|
    |ap_loop_exit_ready_pp0_iter2_reg           |   1|   0|    1|          0|
    |ap_loop_exit_ready_pp0_iter3_reg           |   1|   0|    1|          0|
    |ap_loop_exit_ready_pp0_iter4_reg           |   1|   0|    1|          0|
    |first_iter_0_reg_720                       |   1|   0|    1|          0|
    |gmem0_addr_reg_730                         |  64|   0|   64|          0|
    |gmem2_addr_1_reg_741                       |  64|   0|   64|          0|
    |gmem2_addr_reg_735                         |  64|   0|   64|          0|
    |icmp_ln85_reg_678                          |   1|   0|    1|          0|
    |icmp_ln87_reg_682                          |   1|   0|    1|          0|
    |icmp_ln89_2_reg_753                        |   1|   0|    1|          0|
    |indvar_flatten25_fu_124                    |  22|   0|   22|          0|
    |indvar_flatten_fu_116                      |  14|   0|   14|          0|
    |m0_reg_769                                 |   8|   0|    8|          0|
    |oc_fu_120                                  |   8|   0|    8|          0|
    |oh_1_reg_668                               |   7|   0|    7|          0|
    |oh_fu_112                                  |   7|   0|    7|          0|
    |ow_fu_108                                  |   7|   0|    7|          0|
    |ow_mid2_reg_714                            |   7|   0|    7|          0|
    |p01_reg_757                                |   8|   0|    8|          0|
    |p10_reg_763                                |   8|   0|    8|          0|
    |reg_195                                    |   8|   0|    8|          0|
    |select_ln85_3_reg_702                      |   1|   0|    1|          0|
    |select_ln85_reg_687                        |   7|   0|    7|          0|
    |select_ln98_reg_775                        |   8|   0|    8|          0|
    |shl_ln91_mid1_reg_692                      |   8|   0|   20|         12|
    |shl_ln_reg_673                             |   8|   0|   20|         12|
    |zext_ln85_1_reg_697                        |   8|   0|   64|         56|
    |zext_ln85_cast_reg_663                     |   7|   0|   64|         57|
    |icmp_ln85_reg_678                          |  64|  32|    1|          0|
    |icmp_ln89_2_reg_753                        |  64|  32|    1|          0|
    +-------------------------------------------+----+----+-----+-----------+
    |Total                                      | 572|  64|  583|        137|
    +-------------------------------------------+----+----+-----+-----------+



================================================================
== Interface
================================================================
* Summary: 
+------------------------+-----+-----+------------+---------------------------------------------+--------------+
|        RTL Ports       | Dir | Bits|  Protocol  |                Source Object                |    C Type    |
+------------------------+-----+-----+------------+---------------------------------------------+--------------+
|ap_clk                  |   in|    1|  ap_ctrl_hs|  dpu_conv_top_Pipeline_POOL_OC_POOL_H_POOL_W|  return value|
|ap_rst                  |   in|    1|  ap_ctrl_hs|  dpu_conv_top_Pipeline_POOL_OC_POOL_H_POOL_W|  return value|
|ap_start                |   in|    1|  ap_ctrl_hs|  dpu_conv_top_Pipeline_POOL_OC_POOL_H_POOL_W|  return value|
|ap_done                 |  out|    1|  ap_ctrl_hs|  dpu_conv_top_Pipeline_POOL_OC_POOL_H_POOL_W|  return value|
|ap_idle                 |  out|    1|  ap_ctrl_hs|  dpu_conv_top_Pipeline_POOL_OC_POOL_H_POOL_W|  return value|
|ap_ready                |  out|    1|  ap_ctrl_hs|  dpu_conv_top_Pipeline_POOL_OC_POOL_H_POOL_W|  return value|
|m_axi_gmem2_0_AWVALID   |  out|    1|       m_axi|                                        gmem2|       pointer|
|m_axi_gmem2_0_AWREADY   |   in|    1|       m_axi|                                        gmem2|       pointer|
|m_axi_gmem2_0_AWADDR    |  out|   64|       m_axi|                                        gmem2|       pointer|
|m_axi_gmem2_0_AWID      |  out|    1|       m_axi|                                        gmem2|       pointer|
|m_axi_gmem2_0_AWLEN     |  out|   32|       m_axi|                                        gmem2|       pointer|
|m_axi_gmem2_0_AWSIZE    |  out|    3|       m_axi|                                        gmem2|       pointer|
|m_axi_gmem2_0_AWBURST   |  out|    2|       m_axi|                                        gmem2|       pointer|
|m_axi_gmem2_0_AWLOCK    |  out|    2|       m_axi|                                        gmem2|       pointer|
|m_axi_gmem2_0_AWCACHE   |  out|    4|       m_axi|                                        gmem2|       pointer|
|m_axi_gmem2_0_AWPROT    |  out|    3|       m_axi|                                        gmem2|       pointer|
|m_axi_gmem2_0_AWQOS     |  out|    4|       m_axi|                                        gmem2|       pointer|
|m_axi_gmem2_0_AWREGION  |  out|    4|       m_axi|                                        gmem2|       pointer|
|m_axi_gmem2_0_AWUSER    |  out|    1|       m_axi|                                        gmem2|       pointer|
|m_axi_gmem2_0_WVALID    |  out|    1|       m_axi|                                        gmem2|       pointer|
|m_axi_gmem2_0_WREADY    |   in|    1|       m_axi|                                        gmem2|       pointer|
|m_axi_gmem2_0_WDATA     |  out|    8|       m_axi|                                        gmem2|       pointer|
|m_axi_gmem2_0_WSTRB     |  out|    1|       m_axi|                                        gmem2|       pointer|
|m_axi_gmem2_0_WLAST     |  out|    1|       m_axi|                                        gmem2|       pointer|
|m_axi_gmem2_0_WID       |  out|    1|       m_axi|                                        gmem2|       pointer|
|m_axi_gmem2_0_WUSER     |  out|    1|       m_axi|                                        gmem2|       pointer|
|m_axi_gmem2_0_ARVALID   |  out|    1|       m_axi|                                        gmem2|       pointer|
|m_axi_gmem2_0_ARREADY   |   in|    1|       m_axi|                                        gmem2|       pointer|
|m_axi_gmem2_0_ARADDR    |  out|   64|       m_axi|                                        gmem2|       pointer|
|m_axi_gmem2_0_ARID      |  out|    1|       m_axi|                                        gmem2|       pointer|
|m_axi_gmem2_0_ARLEN     |  out|   32|       m_axi|                                        gmem2|       pointer|
|m_axi_gmem2_0_ARSIZE    |  out|    3|       m_axi|                                        gmem2|       pointer|
|m_axi_gmem2_0_ARBURST   |  out|    2|       m_axi|                                        gmem2|       pointer|
|m_axi_gmem2_0_ARLOCK    |  out|    2|       m_axi|                                        gmem2|       pointer|
|m_axi_gmem2_0_ARCACHE   |  out|    4|       m_axi|                                        gmem2|       pointer|
|m_axi_gmem2_0_ARPROT    |  out|    3|       m_axi|                                        gmem2|       pointer|
|m_axi_gmem2_0_ARQOS     |  out|    4|       m_axi|                                        gmem2|       pointer|
|m_axi_gmem2_0_ARREGION  |  out|    4|       m_axi|                                        gmem2|       pointer|
|m_axi_gmem2_0_ARUSER    |  out|    1|       m_axi|                                        gmem2|       pointer|
|m_axi_gmem2_0_RVALID    |   in|    1|       m_axi|                                        gmem2|       pointer|
|m_axi_gmem2_0_RREADY    |  out|    1|       m_axi|                                        gmem2|       pointer|
|m_axi_gmem2_0_RDATA     |   in|    8|       m_axi|                                        gmem2|       pointer|
|m_axi_gmem2_0_RLAST     |   in|    1|       m_axi|                                        gmem2|       pointer|
|m_axi_gmem2_0_RID       |   in|    1|       m_axi|                                        gmem2|       pointer|
|m_axi_gmem2_0_RFIFONUM  |   in|   11|       m_axi|                                        gmem2|       pointer|
|m_axi_gmem2_0_RUSER     |   in|    1|       m_axi|                                        gmem2|       pointer|
|m_axi_gmem2_0_RRESP     |   in|    2|       m_axi|                                        gmem2|       pointer|
|m_axi_gmem2_0_BVALID    |   in|    1|       m_axi|                                        gmem2|       pointer|
|m_axi_gmem2_0_BREADY    |  out|    1|       m_axi|                                        gmem2|       pointer|
|m_axi_gmem2_0_BRESP     |   in|    2|       m_axi|                                        gmem2|       pointer|
|m_axi_gmem2_0_BID       |   in|    1|       m_axi|                                        gmem2|       pointer|
|m_axi_gmem2_0_BUSER     |   in|    1|       m_axi|                                        gmem2|       pointer|
|m_axi_gmem0_0_AWVALID   |  out|    1|       m_axi|                                        gmem0|       pointer|
|m_axi_gmem0_0_AWREADY   |   in|    1|       m_axi|                                        gmem0|       pointer|
|m_axi_gmem0_0_AWADDR    |  out|   64|       m_axi|                                        gmem0|       pointer|
|m_axi_gmem0_0_AWID      |  out|    1|       m_axi|                                        gmem0|       pointer|
|m_axi_gmem0_0_AWLEN     |  out|   32|       m_axi|                                        gmem0|       pointer|
|m_axi_gmem0_0_AWSIZE    |  out|    3|       m_axi|                                        gmem0|       pointer|
|m_axi_gmem0_0_AWBURST   |  out|    2|       m_axi|                                        gmem0|       pointer|
|m_axi_gmem0_0_AWLOCK    |  out|    2|       m_axi|                                        gmem0|       pointer|
|m_axi_gmem0_0_AWCACHE   |  out|    4|       m_axi|                                        gmem0|       pointer|
|m_axi_gmem0_0_AWPROT    |  out|    3|       m_axi|                                        gmem0|       pointer|
|m_axi_gmem0_0_AWQOS     |  out|    4|       m_axi|                                        gmem0|       pointer|
|m_axi_gmem0_0_AWREGION  |  out|    4|       m_axi|                                        gmem0|       pointer|
|m_axi_gmem0_0_AWUSER    |  out|    1|       m_axi|                                        gmem0|       pointer|
|m_axi_gmem0_0_WVALID    |  out|    1|       m_axi|                                        gmem0|       pointer|
|m_axi_gmem0_0_WREADY    |   in|    1|       m_axi|                                        gmem0|       pointer|
|m_axi_gmem0_0_WDATA     |  out|    8|       m_axi|                                        gmem0|       pointer|
|m_axi_gmem0_0_WSTRB     |  out|    1|       m_axi|                                        gmem0|       pointer|
|m_axi_gmem0_0_WLAST     |  out|    1|       m_axi|                                        gmem0|       pointer|
|m_axi_gmem0_0_WID       |  out|    1|       m_axi|                                        gmem0|       pointer|
|m_axi_gmem0_0_WUSER     |  out|    1|       m_axi|                                        gmem0|       pointer|
|m_axi_gmem0_0_ARVALID   |  out|    1|       m_axi|                                        gmem0|       pointer|
|m_axi_gmem0_0_ARREADY   |   in|    1|       m_axi|                                        gmem0|       pointer|
|m_axi_gmem0_0_ARADDR    |  out|   64|       m_axi|                                        gmem0|       pointer|
|m_axi_gmem0_0_ARID      |  out|    1|       m_axi|                                        gmem0|       pointer|
|m_axi_gmem0_0_ARLEN     |  out|   32|       m_axi|                                        gmem0|       pointer|
|m_axi_gmem0_0_ARSIZE    |  out|    3|       m_axi|                                        gmem0|       pointer|
|m_axi_gmem0_0_ARBURST   |  out|    2|       m_axi|                                        gmem0|       pointer|
|m_axi_gmem0_0_ARLOCK    |  out|    2|       m_axi|                                        gmem0|       pointer|
|m_axi_gmem0_0_ARCACHE   |  out|    4|       m_axi|                                        gmem0|       pointer|
|m_axi_gmem0_0_ARPROT    |  out|    3|       m_axi|                                        gmem0|       pointer|
|m_axi_gmem0_0_ARQOS     |  out|    4|       m_axi|                                        gmem0|       pointer|
|m_axi_gmem0_0_ARREGION  |  out|    4|       m_axi|                                        gmem0|       pointer|
|m_axi_gmem0_0_ARUSER    |  out|    1|       m_axi|                                        gmem0|       pointer|
|m_axi_gmem0_0_RVALID    |   in|    1|       m_axi|                                        gmem0|       pointer|
|m_axi_gmem0_0_RREADY    |  out|    1|       m_axi|                                        gmem0|       pointer|
|m_axi_gmem0_0_RDATA     |   in|    8|       m_axi|                                        gmem0|       pointer|
|m_axi_gmem0_0_RLAST     |   in|    1|       m_axi|                                        gmem0|       pointer|
|m_axi_gmem0_0_RID       |   in|    1|       m_axi|                                        gmem0|       pointer|
|m_axi_gmem0_0_RFIFONUM  |   in|   11|       m_axi|                                        gmem0|       pointer|
|m_axi_gmem0_0_RUSER     |   in|    1|       m_axi|                                        gmem0|       pointer|
|m_axi_gmem0_0_RRESP     |   in|    2|       m_axi|                                        gmem0|       pointer|
|m_axi_gmem0_0_BVALID    |   in|    1|       m_axi|                                        gmem0|       pointer|
|m_axi_gmem0_0_BREADY    |  out|    1|       m_axi|                                        gmem0|       pointer|
|m_axi_gmem0_0_BRESP     |   in|    2|       m_axi|                                        gmem0|       pointer|
|m_axi_gmem0_0_BID       |   in|    1|       m_axi|                                        gmem0|       pointer|
|m_axi_gmem0_0_BUSER     |   in|    1|       m_axi|                                        gmem0|       pointer|
|ofmap                   |   in|   64|     ap_none|                                        ofmap|        scalar|
|mul_ln82_1              |   in|   22|     ap_none|                                   mul_ln82_1|        scalar|
|conv_scratch            |   in|   64|     ap_none|                                 conv_scratch|        scalar|
|lshr_ln1                |   in|    7|     ap_none|                                     lshr_ln1|        scalar|
|zext_ln85               |   in|    7|     ap_none|                                    zext_ln85|        scalar|
|mul_ln82                |   in|   14|     ap_none|                                     mul_ln82|        scalar|
+------------------------+-----+-----+------------+---------------------------------------------+--------------+

