

================================================================
== Vitis HLS Report for 'dpu_conv_top'
================================================================
* Date:           Thu Sep 10 17:29:17 2026

* Version:        2025.2 (Build 6295257 on Nov 14 2025)
* Project:        dpu_conv_top
* Solution:       hls (Vivado IP Flow Target)
* Product family: zynq
* Target device:  xc7z020-clg400-1


================================================================
== Performance Estimates
================================================================
+ Timing: 
    * Summary: 
    +--------+----------+----------+------------+
    |  Clock |  Target  | Estimated| Uncertainty|
    +--------+----------+----------+------------+
    |ap_clk  |  11.00 ns|  8.030 ns|     2.97 ns|
    +--------+----------+----------+------------+

+ Latency: 
    * Summary: 
    +---------+-----------+----------+-----------+-----+-----------+---------+
    |   Latency (cycles)  |  Latency (absolute)  |     Interval    | Pipeline|
    |   min   |    max    |    min   |    max    | min |    max    |   Type  |
    +---------+-----------+----------+-----------+-----+-----------+---------+
    |      618|  167578581|  6.798 us|  1.843 sec|  619|  167578582|       no|
    +---------+-----------+----------+-----------+-----+-----------+---------+

    + Detail: 
        * Instance: 
        +--------------------------------------------------------+---------------------------------------------+---------+-----------+-----------+-----------+-----+-----------+-------------------+
        |                                                        |                                             |   Latency (cycles)  |   Latency (absolute)  |     Interval    |      Pipeline     |
        |                        Instance                        |                    Module                   |   min   |    max    |    min    |    max    | min |    max    |        Type       |
        +--------------------------------------------------------+---------------------------------------------+---------+-----------+-----------+-----------+-----+-----------+-------------------+
        |grp_conv3x3_relu_fu_393                                 |conv3x3_relu                                 |      612|  150997185|   6.732 us|  1.661 sec|  612|  150997185|                 no|
        |grp_dpu_conv_top_Pipeline_COPY_OC_COPY_H_COPY_W_fu_479  |dpu_conv_top_Pipeline_COPY_OC_COPY_H_COPY_W  |        4|   16581393|  44.000 ns|  0.182 sec|    0|          0|  loop pipeline stp|
        |grp_dpu_conv_top_Pipeline_POOL_OC_POOL_H_POOL_W_fu_493  |dpu_conv_top_Pipeline_POOL_OC_POOL_H_POOL_W  |        3|   16451598|  33.000 ns|  0.181 sec|    0|          0|  loop pipeline stp|
        +--------------------------------------------------------+---------------------------------------------+---------+-----------+-----------+-----------+-----+-----------+-------------------+

        * Loop: 
        N/A



================================================================
== Utilization Estimates
================================================================
* Summary: 
+-----------------+---------+-----+--------+-------+-----+
|       Name      | BRAM_18K| DSP |   FF   |  LUT  | URAM|
+-----------------+---------+-----+--------+-------+-----+
|DSP              |        -|    -|       -|      -|    -|
|Expression       |        -|    -|       0|      2|    -|
|FIFO             |        -|    -|       -|      -|    -|
|Instance         |       36|   75|   32674|  43781|    -|
|Memory           |        -|    -|       -|      -|    -|
|Multiplexer      |        -|    -|       0|    518|    -|
|Register         |        -|    -|    1405|      -|    -|
+-----------------+---------+-----+--------+-------+-----+
|Total            |       36|   75|   34079|  44301|    0|
+-----------------+---------+-----+--------+-------+-----+
|Available        |      280|  220|  106400|  53200|    0|
+-----------------+---------+-----+--------+-------+-----+
|Utilization (%)  |       12|   34|      32|     83|    0|
+-----------------+---------+-----+--------+-------+-----+

+ Detail: 
    * Instance: 
    +--------------------------------------------------------+---------------------------------------------+---------+----+-------+-------+-----+
    |                        Instance                        |                    Module                   | BRAM_18K| DSP|   FF  |  LUT  | URAM|
    +--------------------------------------------------------+---------------------------------------------+---------+----+-------+-------+-----+
    |CTRL_s_axi_U                                            |CTRL_s_axi                                   |        0|   0|    208|    300|    0|
    |control_s_axi_U                                         |control_s_axi                                |        0|   0|   1360|   2472|    0|
    |grp_conv3x3_relu_fu_393                                 |conv3x3_relu                                 |        0|  73|  16622|  23682|    0|
    |grp_dpu_conv_top_Pipeline_COPY_OC_COPY_H_COPY_W_fu_479  |dpu_conv_top_Pipeline_COPY_OC_COPY_H_COPY_W  |        0|   0|    476|   1117|    0|
    |grp_dpu_conv_top_Pipeline_POOL_OC_POOL_H_POOL_W_fu_493  |dpu_conv_top_Pipeline_POOL_OC_POOL_H_POOL_W  |        0|   0|    572|   1422|    0|
    |gmem0_0_m_axi_U                                         |gmem0_0_m_axi                                |        2|   0|    707|    777|    0|
    |gmem0_1_m_axi_U                                         |gmem0_1_m_axi                                |        2|   0|    707|    777|    0|
    |gmem0_2_m_axi_U                                         |gmem0_2_m_axi                                |        2|   0|    707|    777|    0|
    |gmem0_3_m_axi_U                                         |gmem0_3_m_axi                                |        2|   0|    707|    777|    0|
    |gmem0_4_m_axi_U                                         |gmem0_4_m_axi                                |        2|   0|    707|    777|    0|
    |gmem0_5_m_axi_U                                         |gmem0_5_m_axi                                |        2|   0|    707|    777|    0|
    |gmem0_6_m_axi_U                                         |gmem0_6_m_axi                                |        2|   0|    707|    777|    0|
    |gmem0_7_m_axi_U                                         |gmem0_7_m_axi                                |        2|   0|    707|    777|    0|
    |gmem0_m_axi_U                                           |gmem0_m_axi                                  |        0|   0|    647|    768|    0|
    |gmem1_0_m_axi_U                                         |gmem1_0_m_axi                                |        2|   0|    707|    777|    0|
    |gmem1_1_m_axi_U                                         |gmem1_1_m_axi                                |        2|   0|    707|    777|    0|
    |gmem1_2_m_axi_U                                         |gmem1_2_m_axi                                |        2|   0|    707|    777|    0|
    |gmem1_3_m_axi_U                                         |gmem1_3_m_axi                                |        2|   0|    707|    777|    0|
    |gmem1_4_m_axi_U                                         |gmem1_4_m_axi                                |        2|   0|    707|    777|    0|
    |gmem1_5_m_axi_U                                         |gmem1_5_m_axi                                |        2|   0|    707|    777|    0|
    |gmem1_6_m_axi_U                                         |gmem1_6_m_axi                                |        2|   0|    707|    777|    0|
    |gmem1_7_m_axi_U                                         |gmem1_7_m_axi                                |        2|   0|    707|    777|    0|
    |gmem1_m_axi_U                                           |gmem1_m_axi                                  |        2|   0|    671|    657|    0|
    |gmem2_m_axi_U                                           |gmem2_m_axi                                  |        2|   0|    806|    845|    0|
    |mul_7ns_7ns_14_1_1_U183                                 |mul_7ns_7ns_14_1_1                           |        0|   0|      0|     33|    0|
    |mul_8ns_14ns_22_1_1_U185                                |mul_8ns_14ns_22_1_1                          |        0|   1|      0|      6|    0|
    |mul_8ns_16ns_24_1_1_U184                                |mul_8ns_16ns_24_1_1                          |        0|   1|      0|      6|    0|
    |mul_8ns_8ns_16_1_1_U182                                 |mul_8ns_8ns_16_1_1                           |        0|   0|      0|     41|    0|
    +--------------------------------------------------------+---------------------------------------------+---------+----+-------+-------+-----+
    |Total                                                   |                                             |       36|  75|  32674|  43781|    0|
    +--------------------------------------------------------+---------------------------------------------+---------+----+-------+-------+-----+

    * DSP: 
    N/A

    * Memory: 
    N/A

    * FIFO: 
    N/A

    * Expression: 
    +---------------------------------+----------+----+---+----+------------+------------+
    |          Variable Name          | Operation| DSP| FF| LUT| Bitwidth P0| Bitwidth P1|
    +---------------------------------+----------+----+---+----+------------+------------+
    |ap_block_state4_on_subcall_done  |        or|   0|  0|   2|           1|           1|
    +---------------------------------+----------+----+---+----+------------+------------+
    |Total                            |          |   0|  0|   2|           1|           1|
    +---------------------------------+----------+----+---+----+------------+------------+

    * Multiplexer: 
    +-------------------+----+-----------+-----+-----------+
    |        Name       | LUT| Input Size| Bits| Total Bits|
    +-------------------+----+-----------+-----+-----------+
    |ap_NS_fsm          |  31|          6|    1|          6|
    |gmem0_0_0_ARVALID  |   9|          2|    1|          2|
    |gmem0_0_0_RREADY   |   9|          2|    1|          2|
    |gmem0_0_AWADDR     |  14|          3|   64|        192|
    |gmem0_0_AWLEN      |  14|          3|   32|         96|
    |gmem0_0_AWVALID    |  14|          3|    1|          3|
    |gmem0_0_BREADY     |  14|          3|    1|          3|
    |gmem0_0_WDATA      |  14|          3|    8|         24|
    |gmem0_0_WSTRB      |  14|          3|    1|          3|
    |gmem0_0_WVALID     |  14|          3|    1|          3|
    |gmem0_1_0_ARVALID  |   9|          2|    1|          2|
    |gmem0_1_0_RREADY   |   9|          2|    1|          2|
    |gmem0_2_0_ARVALID  |   9|          2|    1|          2|
    |gmem0_2_0_RREADY   |   9|          2|    1|          2|
    |gmem0_3_0_ARVALID  |   9|          2|    1|          2|
    |gmem0_3_0_RREADY   |   9|          2|    1|          2|
    |gmem0_4_0_ARVALID  |   9|          2|    1|          2|
    |gmem0_4_0_RREADY   |   9|          2|    1|          2|
    |gmem0_5_0_ARVALID  |   9|          2|    1|          2|
    |gmem0_5_0_RREADY   |   9|          2|    1|          2|
    |gmem0_6_0_ARVALID  |   9|          2|    1|          2|
    |gmem0_6_0_RREADY   |   9|          2|    1|          2|
    |gmem0_7_0_ARVALID  |   9|          2|    1|          2|
    |gmem0_7_0_RREADY   |   9|          2|    1|          2|
    |gmem1_0_0_ARVALID  |   9|          2|    1|          2|
    |gmem1_0_0_RREADY   |   9|          2|    1|          2|
    |gmem1_0_ARVALID    |   9|          2|    1|          2|
    |gmem1_0_RREADY     |   9|          2|    1|          2|
    |gmem1_1_0_ARVALID  |   9|          2|    1|          2|
    |gmem1_1_0_RREADY   |   9|          2|    1|          2|
    |gmem1_2_0_ARVALID  |   9|          2|    1|          2|
    |gmem1_2_0_RREADY   |   9|          2|    1|          2|
    |gmem1_3_0_ARVALID  |   9|          2|    1|          2|
    |gmem1_3_0_RREADY   |   9|          2|    1|          2|
    |gmem1_4_0_ARVALID  |   9|          2|    1|          2|
    |gmem1_4_0_RREADY   |   9|          2|    1|          2|
    |gmem1_5_0_ARVALID  |   9|          2|    1|          2|
    |gmem1_5_0_RREADY   |   9|          2|    1|          2|
    |gmem1_6_0_ARVALID  |   9|          2|    1|          2|
    |gmem1_6_0_RREADY   |   9|          2|    1|          2|
    |gmem1_7_0_ARVALID  |   9|          2|    1|          2|
    |gmem1_7_0_RREADY   |   9|          2|    1|          2|
    |gmem2_0_ARADDR     |  14|          3|   64|        192|
    |gmem2_0_ARLEN      |  14|          3|   32|         96|
    |gmem2_0_ARVALID    |  14|          3|    1|          3|
    |gmem2_0_AWVALID    |   9|          2|    1|          2|
    |gmem2_0_BREADY     |   9|          2|    1|          2|
    |gmem2_0_RREADY     |  14|          3|    1|          3|
    |gmem2_0_WVALID     |   9|          2|    1|          2|
    +-------------------+----+-----------+-----+-----------+
    |Total              | 518|        113|  244|        698|
    +-------------------+----+-----------+-----+-----------+

    * Register: 
    +---------------------------------------------------------------------+----+----+-----+-----------+
    |                                 Name                                | FF | LUT| Bits| Const Bits|
    +---------------------------------------------------------------------+----+----+-----+-----------+
    |ap_CS_fsm                                                            |   5|   0|    5|          0|
    |bias_read_reg_648                                                    |  64|   0|   64|          0|
    |conv_scratch_read_reg_641                                            |  64|   0|   64|          0|
    |cycle_count_reg_738                                                  |  32|   0|   32|          0|
    |do_pool_read_reg_598                                                 |   1|   0|    1|          0|
    |do_relu_read_reg_602                                                 |   1|   0|    1|          0|
    |grp_conv3x3_relu_fu_393_ap_start_reg                                 |   1|   0|    1|          0|
    |grp_dpu_conv_top_Pipeline_COPY_OC_COPY_H_COPY_W_fu_479_ap_start_reg  |   1|   0|    1|          0|
    |grp_dpu_conv_top_Pipeline_POOL_OC_POOL_H_POOL_W_fu_493_ap_start_reg  |   1|   0|    1|          0|
    |ifmap_0_read_reg_728                                                 |  64|   0|   64|          0|
    |ifmap_1_read_reg_723                                                 |  64|   0|   64|          0|
    |ifmap_2_read_reg_718                                                 |  64|   0|   64|          0|
    |ifmap_3_read_reg_713                                                 |  64|   0|   64|          0|
    |ifmap_4_read_reg_708                                                 |  64|   0|   64|          0|
    |ifmap_5_read_reg_703                                                 |  64|   0|   64|          0|
    |ifmap_6_read_reg_698                                                 |  64|   0|   64|          0|
    |ifmap_7_read_reg_693                                                 |  64|   0|   64|          0|
    |in_ch_read_reg_614                                                   |   8|   0|    8|          0|
    |in_h_read_reg_628                                                    |   8|   0|    8|          0|
    |in_w_read_reg_619                                                    |   8|   0|    8|          0|
    |lshr_ln1_reg_749                                                     |   7|   0|    7|          0|
    |mac_count_reg_733                                                    |  32|   0|   32|          0|
    |mul_ln112_1_reg_761                                                  |  24|   0|   24|          0|
    |mul_ln112_reg_743                                                    |  16|   0|   16|          0|
    |mul_ln82_1_reg_766                                                   |  22|   0|   22|          0|
    |mul_ln82_reg_755                                                     |  14|   0|   14|          0|
    |ofmap_read_reg_635                                                   |  64|   0|   64|          0|
    |out_ch_read_reg_607                                                  |   8|   0|    8|          0|
    |weight_0_read_reg_688                                                |  64|   0|   64|          0|
    |weight_1_read_reg_683                                                |  64|   0|   64|          0|
    |weight_2_read_reg_678                                                |  64|   0|   64|          0|
    |weight_3_read_reg_673                                                |  64|   0|   64|          0|
    |weight_4_read_reg_668                                                |  64|   0|   64|          0|
    |weight_5_read_reg_663                                                |  64|   0|   64|          0|
    |weight_6_read_reg_658                                                |  64|   0|   64|          0|
    |weight_7_read_reg_653                                                |  64|   0|   64|          0|
    +---------------------------------------------------------------------+----+----+-----+-----------+
    |Total                                                                |1405|   0| 1405|          0|
    +---------------------------------------------------------------------+----+----+-----+-----------+



================================================================
== Interface
================================================================
* Summary: 
+------------------------+-----+-----+------------+--------------+--------------+
|        RTL Ports       | Dir | Bits|  Protocol  | Source Object|    C Type    |
+------------------------+-----+-----+------------+--------------+--------------+
|s_axi_CTRL_AWVALID      |   in|    1|       s_axi|          CTRL|       pointer|
|s_axi_CTRL_AWREADY      |  out|    1|       s_axi|          CTRL|       pointer|
|s_axi_CTRL_AWADDR       |   in|    7|       s_axi|          CTRL|       pointer|
|s_axi_CTRL_WVALID       |   in|    1|       s_axi|          CTRL|       pointer|
|s_axi_CTRL_WREADY       |  out|    1|       s_axi|          CTRL|       pointer|
|s_axi_CTRL_WDATA        |   in|   32|       s_axi|          CTRL|       pointer|
|s_axi_CTRL_WSTRB        |   in|    4|       s_axi|          CTRL|       pointer|
|s_axi_CTRL_ARVALID      |   in|    1|       s_axi|          CTRL|       pointer|
|s_axi_CTRL_ARREADY      |  out|    1|       s_axi|          CTRL|       pointer|
|s_axi_CTRL_ARADDR       |   in|    7|       s_axi|          CTRL|       pointer|
|s_axi_CTRL_RVALID       |  out|    1|       s_axi|          CTRL|       pointer|
|s_axi_CTRL_RREADY       |   in|    1|       s_axi|          CTRL|       pointer|
|s_axi_CTRL_RDATA        |  out|   32|       s_axi|          CTRL|       pointer|
|s_axi_CTRL_RRESP        |  out|    2|       s_axi|          CTRL|       pointer|
|s_axi_CTRL_BVALID       |  out|    1|       s_axi|          CTRL|       pointer|
|s_axi_CTRL_BREADY       |   in|    1|       s_axi|          CTRL|       pointer|
|s_axi_CTRL_BRESP        |  out|    2|       s_axi|          CTRL|       pointer|
|s_axi_control_AWVALID   |   in|    1|       s_axi|       control|        scalar|
|s_axi_control_AWREADY   |  out|    1|       s_axi|       control|        scalar|
|s_axi_control_AWADDR    |   in|    8|       s_axi|       control|        scalar|
|s_axi_control_WVALID    |   in|    1|       s_axi|       control|        scalar|
|s_axi_control_WREADY    |  out|    1|       s_axi|       control|        scalar|
|s_axi_control_WDATA     |   in|   32|       s_axi|       control|        scalar|
|s_axi_control_WSTRB     |   in|    4|       s_axi|       control|        scalar|
|s_axi_control_ARVALID   |   in|    1|       s_axi|       control|        scalar|
|s_axi_control_ARREADY   |  out|    1|       s_axi|       control|        scalar|
|s_axi_control_ARADDR    |   in|    8|       s_axi|       control|        scalar|
|s_axi_control_RVALID    |  out|    1|       s_axi|       control|        scalar|
|s_axi_control_RREADY    |   in|    1|       s_axi|       control|        scalar|
|s_axi_control_RDATA     |  out|   32|       s_axi|       control|        scalar|
|s_axi_control_RRESP     |  out|    2|       s_axi|       control|        scalar|
|s_axi_control_BVALID    |  out|    1|       s_axi|       control|        scalar|
|s_axi_control_BREADY    |   in|    1|       s_axi|       control|        scalar|
|s_axi_control_BRESP     |  out|    2|       s_axi|       control|        scalar|
|ap_clk                  |   in|    1|  ap_ctrl_hs|  dpu_conv_top|  return value|
|ap_rst_n                |   in|    1|  ap_ctrl_hs|  dpu_conv_top|  return value|
|interrupt               |  out|    1|  ap_ctrl_hs|  dpu_conv_top|  return value|
|m_axi_gmem0_0_AWVALID   |  out|    1|       m_axi|       gmem0_0|       pointer|
|m_axi_gmem0_0_AWREADY   |   in|    1|       m_axi|       gmem0_0|       pointer|
|m_axi_gmem0_0_AWADDR    |  out|   64|       m_axi|       gmem0_0|       pointer|
|m_axi_gmem0_0_AWID      |  out|    1|       m_axi|       gmem0_0|       pointer|
|m_axi_gmem0_0_AWLEN     |  out|    8|       m_axi|       gmem0_0|       pointer|
|m_axi_gmem0_0_AWSIZE    |  out|    3|       m_axi|       gmem0_0|       pointer|
|m_axi_gmem0_0_AWBURST   |  out|    2|       m_axi|       gmem0_0|       pointer|
|m_axi_gmem0_0_AWLOCK    |  out|    2|       m_axi|       gmem0_0|       pointer|
|m_axi_gmem0_0_AWCACHE   |  out|    4|       m_axi|       gmem0_0|       pointer|
|m_axi_gmem0_0_AWPROT    |  out|    3|       m_axi|       gmem0_0|       pointer|
|m_axi_gmem0_0_AWQOS     |  out|    4|       m_axi|       gmem0_0|       pointer|
|m_axi_gmem0_0_AWREGION  |  out|    4|       m_axi|       gmem0_0|       pointer|
|m_axi_gmem0_0_AWUSER    |  out|    1|       m_axi|       gmem0_0|       pointer|
|m_axi_gmem0_0_WVALID    |  out|    1|       m_axi|       gmem0_0|       pointer|
|m_axi_gmem0_0_WREADY    |   in|    1|       m_axi|       gmem0_0|       pointer|
|m_axi_gmem0_0_WDATA     |  out|   32|       m_axi|       gmem0_0|       pointer|
|m_axi_gmem0_0_WSTRB     |  out|    4|       m_axi|       gmem0_0|       pointer|
|m_axi_gmem0_0_WLAST     |  out|    1|       m_axi|       gmem0_0|       pointer|
|m_axi_gmem0_0_WID       |  out|    1|       m_axi|       gmem0_0|       pointer|
|m_axi_gmem0_0_WUSER     |  out|    1|       m_axi|       gmem0_0|       pointer|
|m_axi_gmem0_0_ARVALID   |  out|    1|       m_axi|       gmem0_0|       pointer|
|m_axi_gmem0_0_ARREADY   |   in|    1|       m_axi|       gmem0_0|       pointer|
|m_axi_gmem0_0_ARADDR    |  out|   64|       m_axi|       gmem0_0|       pointer|
|m_axi_gmem0_0_ARID      |  out|    1|       m_axi|       gmem0_0|       pointer|
|m_axi_gmem0_0_ARLEN     |  out|    8|       m_axi|       gmem0_0|       pointer|
|m_axi_gmem0_0_ARSIZE    |  out|    3|       m_axi|       gmem0_0|       pointer|
|m_axi_gmem0_0_ARBURST   |  out|    2|       m_axi|       gmem0_0|       pointer|
|m_axi_gmem0_0_ARLOCK    |  out|    2|       m_axi|       gmem0_0|       pointer|
|m_axi_gmem0_0_ARCACHE   |  out|    4|       m_axi|       gmem0_0|       pointer|
|m_axi_gmem0_0_ARPROT    |  out|    3|       m_axi|       gmem0_0|       pointer|
|m_axi_gmem0_0_ARQOS     |  out|    4|       m_axi|       gmem0_0|       pointer|
|m_axi_gmem0_0_ARREGION  |  out|    4|       m_axi|       gmem0_0|       pointer|
|m_axi_gmem0_0_ARUSER    |  out|    1|       m_axi|       gmem0_0|       pointer|
|m_axi_gmem0_0_RVALID    |   in|    1|       m_axi|       gmem0_0|       pointer|
|m_axi_gmem0_0_RREADY    |  out|    1|       m_axi|       gmem0_0|       pointer|
|m_axi_gmem0_0_RDATA     |   in|   32|       m_axi|       gmem0_0|       pointer|
|m_axi_gmem0_0_RLAST     |   in|    1|       m_axi|       gmem0_0|       pointer|
|m_axi_gmem0_0_RID       |   in|    1|       m_axi|       gmem0_0|       pointer|
|m_axi_gmem0_0_RUSER     |   in|    1|       m_axi|       gmem0_0|       pointer|
|m_axi_gmem0_0_RRESP     |   in|    2|       m_axi|       gmem0_0|       pointer|
|m_axi_gmem0_0_BVALID    |   in|    1|       m_axi|       gmem0_0|       pointer|
|m_axi_gmem0_0_BREADY    |  out|    1|       m_axi|       gmem0_0|       pointer|
|m_axi_gmem0_0_BRESP     |   in|    2|       m_axi|       gmem0_0|       pointer|
|m_axi_gmem0_0_BID       |   in|    1|       m_axi|       gmem0_0|       pointer|
|m_axi_gmem0_0_BUSER     |   in|    1|       m_axi|       gmem0_0|       pointer|
|m_axi_gmem0_1_AWVALID   |  out|    1|       m_axi|       gmem0_1|       pointer|
|m_axi_gmem0_1_AWREADY   |   in|    1|       m_axi|       gmem0_1|       pointer|
|m_axi_gmem0_1_AWADDR    |  out|   64|       m_axi|       gmem0_1|       pointer|
|m_axi_gmem0_1_AWID      |  out|    1|       m_axi|       gmem0_1|       pointer|
|m_axi_gmem0_1_AWLEN     |  out|    8|       m_axi|       gmem0_1|       pointer|
|m_axi_gmem0_1_AWSIZE    |  out|    3|       m_axi|       gmem0_1|       pointer|
|m_axi_gmem0_1_AWBURST   |  out|    2|       m_axi|       gmem0_1|       pointer|
|m_axi_gmem0_1_AWLOCK    |  out|    2|       m_axi|       gmem0_1|       pointer|
|m_axi_gmem0_1_AWCACHE   |  out|    4|       m_axi|       gmem0_1|       pointer|
|m_axi_gmem0_1_AWPROT    |  out|    3|       m_axi|       gmem0_1|       pointer|
|m_axi_gmem0_1_AWQOS     |  out|    4|       m_axi|       gmem0_1|       pointer|
|m_axi_gmem0_1_AWREGION  |  out|    4|       m_axi|       gmem0_1|       pointer|
|m_axi_gmem0_1_AWUSER    |  out|    1|       m_axi|       gmem0_1|       pointer|
|m_axi_gmem0_1_WVALID    |  out|    1|       m_axi|       gmem0_1|       pointer|
|m_axi_gmem0_1_WREADY    |   in|    1|       m_axi|       gmem0_1|       pointer|
|m_axi_gmem0_1_WDATA     |  out|   32|       m_axi|       gmem0_1|       pointer|
|m_axi_gmem0_1_WSTRB     |  out|    4|       m_axi|       gmem0_1|       pointer|
|m_axi_gmem0_1_WLAST     |  out|    1|       m_axi|       gmem0_1|       pointer|
|m_axi_gmem0_1_WID       |  out|    1|       m_axi|       gmem0_1|       pointer|
|m_axi_gmem0_1_WUSER     |  out|    1|       m_axi|       gmem0_1|       pointer|
|m_axi_gmem0_1_ARVALID   |  out|    1|       m_axi|       gmem0_1|       pointer|
|m_axi_gmem0_1_ARREADY   |   in|    1|       m_axi|       gmem0_1|       pointer|
|m_axi_gmem0_1_ARADDR    |  out|   64|       m_axi|       gmem0_1|       pointer|
|m_axi_gmem0_1_ARID      |  out|    1|       m_axi|       gmem0_1|       pointer|
|m_axi_gmem0_1_ARLEN     |  out|    8|       m_axi|       gmem0_1|       pointer|
|m_axi_gmem0_1_ARSIZE    |  out|    3|       m_axi|       gmem0_1|       pointer|
|m_axi_gmem0_1_ARBURST   |  out|    2|       m_axi|       gmem0_1|       pointer|
|m_axi_gmem0_1_ARLOCK    |  out|    2|       m_axi|       gmem0_1|       pointer|
|m_axi_gmem0_1_ARCACHE   |  out|    4|       m_axi|       gmem0_1|       pointer|
|m_axi_gmem0_1_ARPROT    |  out|    3|       m_axi|       gmem0_1|       pointer|
|m_axi_gmem0_1_ARQOS     |  out|    4|       m_axi|       gmem0_1|       pointer|
|m_axi_gmem0_1_ARREGION  |  out|    4|       m_axi|       gmem0_1|       pointer|
|m_axi_gmem0_1_ARUSER    |  out|    1|       m_axi|       gmem0_1|       pointer|
|m_axi_gmem0_1_RVALID    |   in|    1|       m_axi|       gmem0_1|       pointer|
|m_axi_gmem0_1_RREADY    |  out|    1|       m_axi|       gmem0_1|       pointer|
|m_axi_gmem0_1_RDATA     |   in|   32|       m_axi|       gmem0_1|       pointer|
|m_axi_gmem0_1_RLAST     |   in|    1|       m_axi|       gmem0_1|       pointer|
|m_axi_gmem0_1_RID       |   in|    1|       m_axi|       gmem0_1|       pointer|
|m_axi_gmem0_1_RUSER     |   in|    1|       m_axi|       gmem0_1|       pointer|
|m_axi_gmem0_1_RRESP     |   in|    2|       m_axi|       gmem0_1|       pointer|
|m_axi_gmem0_1_BVALID    |   in|    1|       m_axi|       gmem0_1|       pointer|
|m_axi_gmem0_1_BREADY    |  out|    1|       m_axi|       gmem0_1|       pointer|
|m_axi_gmem0_1_BRESP     |   in|    2|       m_axi|       gmem0_1|       pointer|
|m_axi_gmem0_1_BID       |   in|    1|       m_axi|       gmem0_1|       pointer|
|m_axi_gmem0_1_BUSER     |   in|    1|       m_axi|       gmem0_1|       pointer|
|m_axi_gmem0_2_AWVALID   |  out|    1|       m_axi|       gmem0_2|       pointer|
|m_axi_gmem0_2_AWREADY   |   in|    1|       m_axi|       gmem0_2|       pointer|
|m_axi_gmem0_2_AWADDR    |  out|   64|       m_axi|       gmem0_2|       pointer|
|m_axi_gmem0_2_AWID      |  out|    1|       m_axi|       gmem0_2|       pointer|
|m_axi_gmem0_2_AWLEN     |  out|    8|       m_axi|       gmem0_2|       pointer|
|m_axi_gmem0_2_AWSIZE    |  out|    3|       m_axi|       gmem0_2|       pointer|
|m_axi_gmem0_2_AWBURST   |  out|    2|       m_axi|       gmem0_2|       pointer|
|m_axi_gmem0_2_AWLOCK    |  out|    2|       m_axi|       gmem0_2|       pointer|
|m_axi_gmem0_2_AWCACHE   |  out|    4|       m_axi|       gmem0_2|       pointer|
|m_axi_gmem0_2_AWPROT    |  out|    3|       m_axi|       gmem0_2|       pointer|
|m_axi_gmem0_2_AWQOS     |  out|    4|       m_axi|       gmem0_2|       pointer|
|m_axi_gmem0_2_AWREGION  |  out|    4|       m_axi|       gmem0_2|       pointer|
|m_axi_gmem0_2_AWUSER    |  out|    1|       m_axi|       gmem0_2|       pointer|
|m_axi_gmem0_2_WVALID    |  out|    1|       m_axi|       gmem0_2|       pointer|
|m_axi_gmem0_2_WREADY    |   in|    1|       m_axi|       gmem0_2|       pointer|
|m_axi_gmem0_2_WDATA     |  out|   32|       m_axi|       gmem0_2|       pointer|
|m_axi_gmem0_2_WSTRB     |  out|    4|       m_axi|       gmem0_2|       pointer|
|m_axi_gmem0_2_WLAST     |  out|    1|       m_axi|       gmem0_2|       pointer|
|m_axi_gmem0_2_WID       |  out|    1|       m_axi|       gmem0_2|       pointer|
|m_axi_gmem0_2_WUSER     |  out|    1|       m_axi|       gmem0_2|       pointer|
|m_axi_gmem0_2_ARVALID   |  out|    1|       m_axi|       gmem0_2|       pointer|
|m_axi_gmem0_2_ARREADY   |   in|    1|       m_axi|       gmem0_2|       pointer|
|m_axi_gmem0_2_ARADDR    |  out|   64|       m_axi|       gmem0_2|       pointer|
|m_axi_gmem0_2_ARID      |  out|    1|       m_axi|       gmem0_2|       pointer|
|m_axi_gmem0_2_ARLEN     |  out|    8|       m_axi|       gmem0_2|       pointer|
|m_axi_gmem0_2_ARSIZE    |  out|    3|       m_axi|       gmem0_2|       pointer|
|m_axi_gmem0_2_ARBURST   |  out|    2|       m_axi|       gmem0_2|       pointer|
|m_axi_gmem0_2_ARLOCK    |  out|    2|       m_axi|       gmem0_2|       pointer|
|m_axi_gmem0_2_ARCACHE   |  out|    4|       m_axi|       gmem0_2|       pointer|
|m_axi_gmem0_2_ARPROT    |  out|    3|       m_axi|       gmem0_2|       pointer|
|m_axi_gmem0_2_ARQOS     |  out|    4|       m_axi|       gmem0_2|       pointer|
|m_axi_gmem0_2_ARREGION  |  out|    4|       m_axi|       gmem0_2|       pointer|
|m_axi_gmem0_2_ARUSER    |  out|    1|       m_axi|       gmem0_2|       pointer|
|m_axi_gmem0_2_RVALID    |   in|    1|       m_axi|       gmem0_2|       pointer|
|m_axi_gmem0_2_RREADY    |  out|    1|       m_axi|       gmem0_2|       pointer|
|m_axi_gmem0_2_RDATA     |   in|   32|       m_axi|       gmem0_2|       pointer|
|m_axi_gmem0_2_RLAST     |   in|    1|       m_axi|       gmem0_2|       pointer|
|m_axi_gmem0_2_RID       |   in|    1|       m_axi|       gmem0_2|       pointer|
|m_axi_gmem0_2_RUSER     |   in|    1|       m_axi|       gmem0_2|       pointer|
|m_axi_gmem0_2_RRESP     |   in|    2|       m_axi|       gmem0_2|       pointer|
|m_axi_gmem0_2_BVALID    |   in|    1|       m_axi|       gmem0_2|       pointer|
|m_axi_gmem0_2_BREADY    |  out|    1|       m_axi|       gmem0_2|       pointer|
|m_axi_gmem0_2_BRESP     |   in|    2|       m_axi|       gmem0_2|       pointer|
|m_axi_gmem0_2_BID       |   in|    1|       m_axi|       gmem0_2|       pointer|
|m_axi_gmem0_2_BUSER     |   in|    1|       m_axi|       gmem0_2|       pointer|
|m_axi_gmem0_3_AWVALID   |  out|    1|       m_axi|       gmem0_3|       pointer|
|m_axi_gmem0_3_AWREADY   |   in|    1|       m_axi|       gmem0_3|       pointer|
|m_axi_gmem0_3_AWADDR    |  out|   64|       m_axi|       gmem0_3|       pointer|
|m_axi_gmem0_3_AWID      |  out|    1|       m_axi|       gmem0_3|       pointer|
|m_axi_gmem0_3_AWLEN     |  out|    8|       m_axi|       gmem0_3|       pointer|
|m_axi_gmem0_3_AWSIZE    |  out|    3|       m_axi|       gmem0_3|       pointer|
|m_axi_gmem0_3_AWBURST   |  out|    2|       m_axi|       gmem0_3|       pointer|
|m_axi_gmem0_3_AWLOCK    |  out|    2|       m_axi|       gmem0_3|       pointer|
|m_axi_gmem0_3_AWCACHE   |  out|    4|       m_axi|       gmem0_3|       pointer|
|m_axi_gmem0_3_AWPROT    |  out|    3|       m_axi|       gmem0_3|       pointer|
|m_axi_gmem0_3_AWQOS     |  out|    4|       m_axi|       gmem0_3|       pointer|
|m_axi_gmem0_3_AWREGION  |  out|    4|       m_axi|       gmem0_3|       pointer|
|m_axi_gmem0_3_AWUSER    |  out|    1|       m_axi|       gmem0_3|       pointer|
|m_axi_gmem0_3_WVALID    |  out|    1|       m_axi|       gmem0_3|       pointer|
|m_axi_gmem0_3_WREADY    |   in|    1|       m_axi|       gmem0_3|       pointer|
|m_axi_gmem0_3_WDATA     |  out|   32|       m_axi|       gmem0_3|       pointer|
|m_axi_gmem0_3_WSTRB     |  out|    4|       m_axi|       gmem0_3|       pointer|
|m_axi_gmem0_3_WLAST     |  out|    1|       m_axi|       gmem0_3|       pointer|
|m_axi_gmem0_3_WID       |  out|    1|       m_axi|       gmem0_3|       pointer|
|m_axi_gmem0_3_WUSER     |  out|    1|       m_axi|       gmem0_3|       pointer|
|m_axi_gmem0_3_ARVALID   |  out|    1|       m_axi|       gmem0_3|       pointer|
|m_axi_gmem0_3_ARREADY   |   in|    1|       m_axi|       gmem0_3|       pointer|
|m_axi_gmem0_3_ARADDR    |  out|   64|       m_axi|       gmem0_3|       pointer|
|m_axi_gmem0_3_ARID      |  out|    1|       m_axi|       gmem0_3|       pointer|
|m_axi_gmem0_3_ARLEN     |  out|    8|       m_axi|       gmem0_3|       pointer|
|m_axi_gmem0_3_ARSIZE    |  out|    3|       m_axi|       gmem0_3|       pointer|
|m_axi_gmem0_3_ARBURST   |  out|    2|       m_axi|       gmem0_3|       pointer|
|m_axi_gmem0_3_ARLOCK    |  out|    2|       m_axi|       gmem0_3|       pointer|
|m_axi_gmem0_3_ARCACHE   |  out|    4|       m_axi|       gmem0_3|       pointer|
|m_axi_gmem0_3_ARPROT    |  out|    3|       m_axi|       gmem0_3|       pointer|
|m_axi_gmem0_3_ARQOS     |  out|    4|       m_axi|       gmem0_3|       pointer|
|m_axi_gmem0_3_ARREGION  |  out|    4|       m_axi|       gmem0_3|       pointer|
|m_axi_gmem0_3_ARUSER    |  out|    1|       m_axi|       gmem0_3|       pointer|
|m_axi_gmem0_3_RVALID    |   in|    1|       m_axi|       gmem0_3|       pointer|
|m_axi_gmem0_3_RREADY    |  out|    1|       m_axi|       gmem0_3|       pointer|
|m_axi_gmem0_3_RDATA     |   in|   32|       m_axi|       gmem0_3|       pointer|
|m_axi_gmem0_3_RLAST     |   in|    1|       m_axi|       gmem0_3|       pointer|
|m_axi_gmem0_3_RID       |   in|    1|       m_axi|       gmem0_3|       pointer|
|m_axi_gmem0_3_RUSER     |   in|    1|       m_axi|       gmem0_3|       pointer|
|m_axi_gmem0_3_RRESP     |   in|    2|       m_axi|       gmem0_3|       pointer|
|m_axi_gmem0_3_BVALID    |   in|    1|       m_axi|       gmem0_3|       pointer|
|m_axi_gmem0_3_BREADY    |  out|    1|       m_axi|       gmem0_3|       pointer|
|m_axi_gmem0_3_BRESP     |   in|    2|       m_axi|       gmem0_3|       pointer|
|m_axi_gmem0_3_BID       |   in|    1|       m_axi|       gmem0_3|       pointer|
|m_axi_gmem0_3_BUSER     |   in|    1|       m_axi|       gmem0_3|       pointer|
|m_axi_gmem0_4_AWVALID   |  out|    1|       m_axi|       gmem0_4|       pointer|
|m_axi_gmem0_4_AWREADY   |   in|    1|       m_axi|       gmem0_4|       pointer|
|m_axi_gmem0_4_AWADDR    |  out|   64|       m_axi|       gmem0_4|       pointer|
|m_axi_gmem0_4_AWID      |  out|    1|       m_axi|       gmem0_4|       pointer|
|m_axi_gmem0_4_AWLEN     |  out|    8|       m_axi|       gmem0_4|       pointer|
|m_axi_gmem0_4_AWSIZE    |  out|    3|       m_axi|       gmem0_4|       pointer|
|m_axi_gmem0_4_AWBURST   |  out|    2|       m_axi|       gmem0_4|       pointer|
|m_axi_gmem0_4_AWLOCK    |  out|    2|       m_axi|       gmem0_4|       pointer|
|m_axi_gmem0_4_AWCACHE   |  out|    4|       m_axi|       gmem0_4|       pointer|
|m_axi_gmem0_4_AWPROT    |  out|    3|       m_axi|       gmem0_4|       pointer|
|m_axi_gmem0_4_AWQOS     |  out|    4|       m_axi|       gmem0_4|       pointer|
|m_axi_gmem0_4_AWREGION  |  out|    4|       m_axi|       gmem0_4|       pointer|
|m_axi_gmem0_4_AWUSER    |  out|    1|       m_axi|       gmem0_4|       pointer|
|m_axi_gmem0_4_WVALID    |  out|    1|       m_axi|       gmem0_4|       pointer|
|m_axi_gmem0_4_WREADY    |   in|    1|       m_axi|       gmem0_4|       pointer|
|m_axi_gmem0_4_WDATA     |  out|   32|       m_axi|       gmem0_4|       pointer|
|m_axi_gmem0_4_WSTRB     |  out|    4|       m_axi|       gmem0_4|       pointer|
|m_axi_gmem0_4_WLAST     |  out|    1|       m_axi|       gmem0_4|       pointer|
|m_axi_gmem0_4_WID       |  out|    1|       m_axi|       gmem0_4|       pointer|
|m_axi_gmem0_4_WUSER     |  out|    1|       m_axi|       gmem0_4|       pointer|
|m_axi_gmem0_4_ARVALID   |  out|    1|       m_axi|       gmem0_4|       pointer|
|m_axi_gmem0_4_ARREADY   |   in|    1|       m_axi|       gmem0_4|       pointer|
|m_axi_gmem0_4_ARADDR    |  out|   64|       m_axi|       gmem0_4|       pointer|
|m_axi_gmem0_4_ARID      |  out|    1|       m_axi|       gmem0_4|       pointer|
|m_axi_gmem0_4_ARLEN     |  out|    8|       m_axi|       gmem0_4|       pointer|
|m_axi_gmem0_4_ARSIZE    |  out|    3|       m_axi|       gmem0_4|       pointer|
|m_axi_gmem0_4_ARBURST   |  out|    2|       m_axi|       gmem0_4|       pointer|
|m_axi_gmem0_4_ARLOCK    |  out|    2|       m_axi|       gmem0_4|       pointer|
|m_axi_gmem0_4_ARCACHE   |  out|    4|       m_axi|       gmem0_4|       pointer|
|m_axi_gmem0_4_ARPROT    |  out|    3|       m_axi|       gmem0_4|       pointer|
|m_axi_gmem0_4_ARQOS     |  out|    4|       m_axi|       gmem0_4|       pointer|
|m_axi_gmem0_4_ARREGION  |  out|    4|       m_axi|       gmem0_4|       pointer|
|m_axi_gmem0_4_ARUSER    |  out|    1|       m_axi|       gmem0_4|       pointer|
|m_axi_gmem0_4_RVALID    |   in|    1|       m_axi|       gmem0_4|       pointer|
|m_axi_gmem0_4_RREADY    |  out|    1|       m_axi|       gmem0_4|       pointer|
|m_axi_gmem0_4_RDATA     |   in|   32|       m_axi|       gmem0_4|       pointer|
|m_axi_gmem0_4_RLAST     |   in|    1|       m_axi|       gmem0_4|       pointer|
|m_axi_gmem0_4_RID       |   in|    1|       m_axi|       gmem0_4|       pointer|
|m_axi_gmem0_4_RUSER     |   in|    1|       m_axi|       gmem0_4|       pointer|
|m_axi_gmem0_4_RRESP     |   in|    2|       m_axi|       gmem0_4|       pointer|
|m_axi_gmem0_4_BVALID    |   in|    1|       m_axi|       gmem0_4|       pointer|
|m_axi_gmem0_4_BREADY    |  out|    1|       m_axi|       gmem0_4|       pointer|
|m_axi_gmem0_4_BRESP     |   in|    2|       m_axi|       gmem0_4|       pointer|
|m_axi_gmem0_4_BID       |   in|    1|       m_axi|       gmem0_4|       pointer|
|m_axi_gmem0_4_BUSER     |   in|    1|       m_axi|       gmem0_4|       pointer|
|m_axi_gmem0_5_AWVALID   |  out|    1|       m_axi|       gmem0_5|       pointer|
|m_axi_gmem0_5_AWREADY   |   in|    1|       m_axi|       gmem0_5|       pointer|
|m_axi_gmem0_5_AWADDR    |  out|   64|       m_axi|       gmem0_5|       pointer|
|m_axi_gmem0_5_AWID      |  out|    1|       m_axi|       gmem0_5|       pointer|
|m_axi_gmem0_5_AWLEN     |  out|    8|       m_axi|       gmem0_5|       pointer|
|m_axi_gmem0_5_AWSIZE    |  out|    3|       m_axi|       gmem0_5|       pointer|
|m_axi_gmem0_5_AWBURST   |  out|    2|       m_axi|       gmem0_5|       pointer|
|m_axi_gmem0_5_AWLOCK    |  out|    2|       m_axi|       gmem0_5|       pointer|
|m_axi_gmem0_5_AWCACHE   |  out|    4|       m_axi|       gmem0_5|       pointer|
|m_axi_gmem0_5_AWPROT    |  out|    3|       m_axi|       gmem0_5|       pointer|
|m_axi_gmem0_5_AWQOS     |  out|    4|       m_axi|       gmem0_5|       pointer|
|m_axi_gmem0_5_AWREGION  |  out|    4|       m_axi|       gmem0_5|       pointer|
|m_axi_gmem0_5_AWUSER    |  out|    1|       m_axi|       gmem0_5|       pointer|
|m_axi_gmem0_5_WVALID    |  out|    1|       m_axi|       gmem0_5|       pointer|
|m_axi_gmem0_5_WREADY    |   in|    1|       m_axi|       gmem0_5|       pointer|
|m_axi_gmem0_5_WDATA     |  out|   32|       m_axi|       gmem0_5|       pointer|
|m_axi_gmem0_5_WSTRB     |  out|    4|       m_axi|       gmem0_5|       pointer|
|m_axi_gmem0_5_WLAST     |  out|    1|       m_axi|       gmem0_5|       pointer|
|m_axi_gmem0_5_WID       |  out|    1|       m_axi|       gmem0_5|       pointer|
|m_axi_gmem0_5_WUSER     |  out|    1|       m_axi|       gmem0_5|       pointer|
|m_axi_gmem0_5_ARVALID   |  out|    1|       m_axi|       gmem0_5|       pointer|
|m_axi_gmem0_5_ARREADY   |   in|    1|       m_axi|       gmem0_5|       pointer|
|m_axi_gmem0_5_ARADDR    |  out|   64|       m_axi|       gmem0_5|       pointer|
|m_axi_gmem0_5_ARID      |  out|    1|       m_axi|       gmem0_5|       pointer|
|m_axi_gmem0_5_ARLEN     |  out|    8|       m_axi|       gmem0_5|       pointer|
|m_axi_gmem0_5_ARSIZE    |  out|    3|       m_axi|       gmem0_5|       pointer|
|m_axi_gmem0_5_ARBURST   |  out|    2|       m_axi|       gmem0_5|       pointer|
|m_axi_gmem0_5_ARLOCK    |  out|    2|       m_axi|       gmem0_5|       pointer|
|m_axi_gmem0_5_ARCACHE   |  out|    4|       m_axi|       gmem0_5|       pointer|
|m_axi_gmem0_5_ARPROT    |  out|    3|       m_axi|       gmem0_5|       pointer|
|m_axi_gmem0_5_ARQOS     |  out|    4|       m_axi|       gmem0_5|       pointer|
|m_axi_gmem0_5_ARREGION  |  out|    4|       m_axi|       gmem0_5|       pointer|
|m_axi_gmem0_5_ARUSER    |  out|    1|       m_axi|       gmem0_5|       pointer|
|m_axi_gmem0_5_RVALID    |   in|    1|       m_axi|       gmem0_5|       pointer|
|m_axi_gmem0_5_RREADY    |  out|    1|       m_axi|       gmem0_5|       pointer|
|m_axi_gmem0_5_RDATA     |   in|   32|       m_axi|       gmem0_5|       pointer|
|m_axi_gmem0_5_RLAST     |   in|    1|       m_axi|       gmem0_5|       pointer|
|m_axi_gmem0_5_RID       |   in|    1|       m_axi|       gmem0_5|       pointer|
|m_axi_gmem0_5_RUSER     |   in|    1|       m_axi|       gmem0_5|       pointer|
|m_axi_gmem0_5_RRESP     |   in|    2|       m_axi|       gmem0_5|       pointer|
|m_axi_gmem0_5_BVALID    |   in|    1|       m_axi|       gmem0_5|       pointer|
|m_axi_gmem0_5_BREADY    |  out|    1|       m_axi|       gmem0_5|       pointer|
|m_axi_gmem0_5_BRESP     |   in|    2|       m_axi|       gmem0_5|       pointer|
|m_axi_gmem0_5_BID       |   in|    1|       m_axi|       gmem0_5|       pointer|
|m_axi_gmem0_5_BUSER     |   in|    1|       m_axi|       gmem0_5|       pointer|
|m_axi_gmem0_6_AWVALID   |  out|    1|       m_axi|       gmem0_6|       pointer|
|m_axi_gmem0_6_AWREADY   |   in|    1|       m_axi|       gmem0_6|       pointer|
|m_axi_gmem0_6_AWADDR    |  out|   64|       m_axi|       gmem0_6|       pointer|
|m_axi_gmem0_6_AWID      |  out|    1|       m_axi|       gmem0_6|       pointer|
|m_axi_gmem0_6_AWLEN     |  out|    8|       m_axi|       gmem0_6|       pointer|
|m_axi_gmem0_6_AWSIZE    |  out|    3|       m_axi|       gmem0_6|       pointer|
|m_axi_gmem0_6_AWBURST   |  out|    2|       m_axi|       gmem0_6|       pointer|
|m_axi_gmem0_6_AWLOCK    |  out|    2|       m_axi|       gmem0_6|       pointer|
|m_axi_gmem0_6_AWCACHE   |  out|    4|       m_axi|       gmem0_6|       pointer|
|m_axi_gmem0_6_AWPROT    |  out|    3|       m_axi|       gmem0_6|       pointer|
|m_axi_gmem0_6_AWQOS     |  out|    4|       m_axi|       gmem0_6|       pointer|
|m_axi_gmem0_6_AWREGION  |  out|    4|       m_axi|       gmem0_6|       pointer|
|m_axi_gmem0_6_AWUSER    |  out|    1|       m_axi|       gmem0_6|       pointer|
|m_axi_gmem0_6_WVALID    |  out|    1|       m_axi|       gmem0_6|       pointer|
|m_axi_gmem0_6_WREADY    |   in|    1|       m_axi|       gmem0_6|       pointer|
|m_axi_gmem0_6_WDATA     |  out|   32|       m_axi|       gmem0_6|       pointer|
|m_axi_gmem0_6_WSTRB     |  out|    4|       m_axi|       gmem0_6|       pointer|
|m_axi_gmem0_6_WLAST     |  out|    1|       m_axi|       gmem0_6|       pointer|
|m_axi_gmem0_6_WID       |  out|    1|       m_axi|       gmem0_6|       pointer|
|m_axi_gmem0_6_WUSER     |  out|    1|       m_axi|       gmem0_6|       pointer|
|m_axi_gmem0_6_ARVALID   |  out|    1|       m_axi|       gmem0_6|       pointer|
|m_axi_gmem0_6_ARREADY   |   in|    1|       m_axi|       gmem0_6|       pointer|
|m_axi_gmem0_6_ARADDR    |  out|   64|       m_axi|       gmem0_6|       pointer|
|m_axi_gmem0_6_ARID      |  out|    1|       m_axi|       gmem0_6|       pointer|
|m_axi_gmem0_6_ARLEN     |  out|    8|       m_axi|       gmem0_6|       pointer|
|m_axi_gmem0_6_ARSIZE    |  out|    3|       m_axi|       gmem0_6|       pointer|
|m_axi_gmem0_6_ARBURST   |  out|    2|       m_axi|       gmem0_6|       pointer|
|m_axi_gmem0_6_ARLOCK    |  out|    2|       m_axi|       gmem0_6|       pointer|
|m_axi_gmem0_6_ARCACHE   |  out|    4|       m_axi|       gmem0_6|       pointer|
|m_axi_gmem0_6_ARPROT    |  out|    3|       m_axi|       gmem0_6|       pointer|
|m_axi_gmem0_6_ARQOS     |  out|    4|       m_axi|       gmem0_6|       pointer|
|m_axi_gmem0_6_ARREGION  |  out|    4|       m_axi|       gmem0_6|       pointer|
|m_axi_gmem0_6_ARUSER    |  out|    1|       m_axi|       gmem0_6|       pointer|
|m_axi_gmem0_6_RVALID    |   in|    1|       m_axi|       gmem0_6|       pointer|
|m_axi_gmem0_6_RREADY    |  out|    1|       m_axi|       gmem0_6|       pointer|
|m_axi_gmem0_6_RDATA     |   in|   32|       m_axi|       gmem0_6|       pointer|
|m_axi_gmem0_6_RLAST     |   in|    1|       m_axi|       gmem0_6|       pointer|
|m_axi_gmem0_6_RID       |   in|    1|       m_axi|       gmem0_6|       pointer|
|m_axi_gmem0_6_RUSER     |   in|    1|       m_axi|       gmem0_6|       pointer|
|m_axi_gmem0_6_RRESP     |   in|    2|       m_axi|       gmem0_6|       pointer|
|m_axi_gmem0_6_BVALID    |   in|    1|       m_axi|       gmem0_6|       pointer|
|m_axi_gmem0_6_BREADY    |  out|    1|       m_axi|       gmem0_6|       pointer|
|m_axi_gmem0_6_BRESP     |   in|    2|       m_axi|       gmem0_6|       pointer|
|m_axi_gmem0_6_BID       |   in|    1|       m_axi|       gmem0_6|       pointer|
|m_axi_gmem0_6_BUSER     |   in|    1|       m_axi|       gmem0_6|       pointer|
|m_axi_gmem0_7_AWVALID   |  out|    1|       m_axi|       gmem0_7|       pointer|
|m_axi_gmem0_7_AWREADY   |   in|    1|       m_axi|       gmem0_7|       pointer|
|m_axi_gmem0_7_AWADDR    |  out|   64|       m_axi|       gmem0_7|       pointer|
|m_axi_gmem0_7_AWID      |  out|    1|       m_axi|       gmem0_7|       pointer|
|m_axi_gmem0_7_AWLEN     |  out|    8|       m_axi|       gmem0_7|       pointer|
|m_axi_gmem0_7_AWSIZE    |  out|    3|       m_axi|       gmem0_7|       pointer|
|m_axi_gmem0_7_AWBURST   |  out|    2|       m_axi|       gmem0_7|       pointer|
|m_axi_gmem0_7_AWLOCK    |  out|    2|       m_axi|       gmem0_7|       pointer|
|m_axi_gmem0_7_AWCACHE   |  out|    4|       m_axi|       gmem0_7|       pointer|
|m_axi_gmem0_7_AWPROT    |  out|    3|       m_axi|       gmem0_7|       pointer|
|m_axi_gmem0_7_AWQOS     |  out|    4|       m_axi|       gmem0_7|       pointer|
|m_axi_gmem0_7_AWREGION  |  out|    4|       m_axi|       gmem0_7|       pointer|
|m_axi_gmem0_7_AWUSER    |  out|    1|       m_axi|       gmem0_7|       pointer|
|m_axi_gmem0_7_WVALID    |  out|    1|       m_axi|       gmem0_7|       pointer|
|m_axi_gmem0_7_WREADY    |   in|    1|       m_axi|       gmem0_7|       pointer|
|m_axi_gmem0_7_WDATA     |  out|   32|       m_axi|       gmem0_7|       pointer|
|m_axi_gmem0_7_WSTRB     |  out|    4|       m_axi|       gmem0_7|       pointer|
|m_axi_gmem0_7_WLAST     |  out|    1|       m_axi|       gmem0_7|       pointer|
|m_axi_gmem0_7_WID       |  out|    1|       m_axi|       gmem0_7|       pointer|
|m_axi_gmem0_7_WUSER     |  out|    1|       m_axi|       gmem0_7|       pointer|
|m_axi_gmem0_7_ARVALID   |  out|    1|       m_axi|       gmem0_7|       pointer|
|m_axi_gmem0_7_ARREADY   |   in|    1|       m_axi|       gmem0_7|       pointer|
|m_axi_gmem0_7_ARADDR    |  out|   64|       m_axi|       gmem0_7|       pointer|
|m_axi_gmem0_7_ARID      |  out|    1|       m_axi|       gmem0_7|       pointer|
|m_axi_gmem0_7_ARLEN     |  out|    8|       m_axi|       gmem0_7|       pointer|
|m_axi_gmem0_7_ARSIZE    |  out|    3|       m_axi|       gmem0_7|       pointer|
|m_axi_gmem0_7_ARBURST   |  out|    2|       m_axi|       gmem0_7|       pointer|
|m_axi_gmem0_7_ARLOCK    |  out|    2|       m_axi|       gmem0_7|       pointer|
|m_axi_gmem0_7_ARCACHE   |  out|    4|       m_axi|       gmem0_7|       pointer|
|m_axi_gmem0_7_ARPROT    |  out|    3|       m_axi|       gmem0_7|       pointer|
|m_axi_gmem0_7_ARQOS     |  out|    4|       m_axi|       gmem0_7|       pointer|
|m_axi_gmem0_7_ARREGION  |  out|    4|       m_axi|       gmem0_7|       pointer|
|m_axi_gmem0_7_ARUSER    |  out|    1|       m_axi|       gmem0_7|       pointer|
|m_axi_gmem0_7_RVALID    |   in|    1|       m_axi|       gmem0_7|       pointer|
|m_axi_gmem0_7_RREADY    |  out|    1|       m_axi|       gmem0_7|       pointer|
|m_axi_gmem0_7_RDATA     |   in|   32|       m_axi|       gmem0_7|       pointer|
|m_axi_gmem0_7_RLAST     |   in|    1|       m_axi|       gmem0_7|       pointer|
|m_axi_gmem0_7_RID       |   in|    1|       m_axi|       gmem0_7|       pointer|
|m_axi_gmem0_7_RUSER     |   in|    1|       m_axi|       gmem0_7|       pointer|
|m_axi_gmem0_7_RRESP     |   in|    2|       m_axi|       gmem0_7|       pointer|
|m_axi_gmem0_7_BVALID    |   in|    1|       m_axi|       gmem0_7|       pointer|
|m_axi_gmem0_7_BREADY    |  out|    1|       m_axi|       gmem0_7|       pointer|
|m_axi_gmem0_7_BRESP     |   in|    2|       m_axi|       gmem0_7|       pointer|
|m_axi_gmem0_7_BID       |   in|    1|       m_axi|       gmem0_7|       pointer|
|m_axi_gmem0_7_BUSER     |   in|    1|       m_axi|       gmem0_7|       pointer|
|m_axi_gmem1_0_AWVALID   |  out|    1|       m_axi|       gmem1_0|       pointer|
|m_axi_gmem1_0_AWREADY   |   in|    1|       m_axi|       gmem1_0|       pointer|
|m_axi_gmem1_0_AWADDR    |  out|   64|       m_axi|       gmem1_0|       pointer|
|m_axi_gmem1_0_AWID      |  out|    1|       m_axi|       gmem1_0|       pointer|
|m_axi_gmem1_0_AWLEN     |  out|    8|       m_axi|       gmem1_0|       pointer|
|m_axi_gmem1_0_AWSIZE    |  out|    3|       m_axi|       gmem1_0|       pointer|
|m_axi_gmem1_0_AWBURST   |  out|    2|       m_axi|       gmem1_0|       pointer|
|m_axi_gmem1_0_AWLOCK    |  out|    2|       m_axi|       gmem1_0|       pointer|
|m_axi_gmem1_0_AWCACHE   |  out|    4|       m_axi|       gmem1_0|       pointer|
|m_axi_gmem1_0_AWPROT    |  out|    3|       m_axi|       gmem1_0|       pointer|
|m_axi_gmem1_0_AWQOS     |  out|    4|       m_axi|       gmem1_0|       pointer|
|m_axi_gmem1_0_AWREGION  |  out|    4|       m_axi|       gmem1_0|       pointer|
|m_axi_gmem1_0_AWUSER    |  out|    1|       m_axi|       gmem1_0|       pointer|
|m_axi_gmem1_0_WVALID    |  out|    1|       m_axi|       gmem1_0|       pointer|
|m_axi_gmem1_0_WREADY    |   in|    1|       m_axi|       gmem1_0|       pointer|
|m_axi_gmem1_0_WDATA     |  out|   32|       m_axi|       gmem1_0|       pointer|
|m_axi_gmem1_0_WSTRB     |  out|    4|       m_axi|       gmem1_0|       pointer|
|m_axi_gmem1_0_WLAST     |  out|    1|       m_axi|       gmem1_0|       pointer|
|m_axi_gmem1_0_WID       |  out|    1|       m_axi|       gmem1_0|       pointer|
|m_axi_gmem1_0_WUSER     |  out|    1|       m_axi|       gmem1_0|       pointer|
|m_axi_gmem1_0_ARVALID   |  out|    1|       m_axi|       gmem1_0|       pointer|
|m_axi_gmem1_0_ARREADY   |   in|    1|       m_axi|       gmem1_0|       pointer|
|m_axi_gmem1_0_ARADDR    |  out|   64|       m_axi|       gmem1_0|       pointer|
|m_axi_gmem1_0_ARID      |  out|    1|       m_axi|       gmem1_0|       pointer|
|m_axi_gmem1_0_ARLEN     |  out|    8|       m_axi|       gmem1_0|       pointer|
|m_axi_gmem1_0_ARSIZE    |  out|    3|       m_axi|       gmem1_0|       pointer|
|m_axi_gmem1_0_ARBURST   |  out|    2|       m_axi|       gmem1_0|       pointer|
|m_axi_gmem1_0_ARLOCK    |  out|    2|       m_axi|       gmem1_0|       pointer|
|m_axi_gmem1_0_ARCACHE   |  out|    4|       m_axi|       gmem1_0|       pointer|
|m_axi_gmem1_0_ARPROT    |  out|    3|       m_axi|       gmem1_0|       pointer|
|m_axi_gmem1_0_ARQOS     |  out|    4|       m_axi|       gmem1_0|       pointer|
|m_axi_gmem1_0_ARREGION  |  out|    4|       m_axi|       gmem1_0|       pointer|
|m_axi_gmem1_0_ARUSER    |  out|    1|       m_axi|       gmem1_0|       pointer|
|m_axi_gmem1_0_RVALID    |   in|    1|       m_axi|       gmem1_0|       pointer|
|m_axi_gmem1_0_RREADY    |  out|    1|       m_axi|       gmem1_0|       pointer|
|m_axi_gmem1_0_RDATA     |   in|   32|       m_axi|       gmem1_0|       pointer|
|m_axi_gmem1_0_RLAST     |   in|    1|       m_axi|       gmem1_0|       pointer|
|m_axi_gmem1_0_RID       |   in|    1|       m_axi|       gmem1_0|       pointer|
|m_axi_gmem1_0_RUSER     |   in|    1|       m_axi|       gmem1_0|       pointer|
|m_axi_gmem1_0_RRESP     |   in|    2|       m_axi|       gmem1_0|       pointer|
|m_axi_gmem1_0_BVALID    |   in|    1|       m_axi|       gmem1_0|       pointer|
|m_axi_gmem1_0_BREADY    |  out|    1|       m_axi|       gmem1_0|       pointer|
|m_axi_gmem1_0_BRESP     |   in|    2|       m_axi|       gmem1_0|       pointer|
|m_axi_gmem1_0_BID       |   in|    1|       m_axi|       gmem1_0|       pointer|
|m_axi_gmem1_0_BUSER     |   in|    1|       m_axi|       gmem1_0|       pointer|
|m_axi_gmem1_1_AWVALID   |  out|    1|       m_axi|       gmem1_1|       pointer|
|m_axi_gmem1_1_AWREADY   |   in|    1|       m_axi|       gmem1_1|       pointer|
|m_axi_gmem1_1_AWADDR    |  out|   64|       m_axi|       gmem1_1|       pointer|
|m_axi_gmem1_1_AWID      |  out|    1|       m_axi|       gmem1_1|       pointer|
|m_axi_gmem1_1_AWLEN     |  out|    8|       m_axi|       gmem1_1|       pointer|
|m_axi_gmem1_1_AWSIZE    |  out|    3|       m_axi|       gmem1_1|       pointer|
|m_axi_gmem1_1_AWBURST   |  out|    2|       m_axi|       gmem1_1|       pointer|
|m_axi_gmem1_1_AWLOCK    |  out|    2|       m_axi|       gmem1_1|       pointer|
|m_axi_gmem1_1_AWCACHE   |  out|    4|       m_axi|       gmem1_1|       pointer|
|m_axi_gmem1_1_AWPROT    |  out|    3|       m_axi|       gmem1_1|       pointer|
|m_axi_gmem1_1_AWQOS     |  out|    4|       m_axi|       gmem1_1|       pointer|
|m_axi_gmem1_1_AWREGION  |  out|    4|       m_axi|       gmem1_1|       pointer|
|m_axi_gmem1_1_AWUSER    |  out|    1|       m_axi|       gmem1_1|       pointer|
|m_axi_gmem1_1_WVALID    |  out|    1|       m_axi|       gmem1_1|       pointer|
|m_axi_gmem1_1_WREADY    |   in|    1|       m_axi|       gmem1_1|       pointer|
|m_axi_gmem1_1_WDATA     |  out|   32|       m_axi|       gmem1_1|       pointer|
|m_axi_gmem1_1_WSTRB     |  out|    4|       m_axi|       gmem1_1|       pointer|
|m_axi_gmem1_1_WLAST     |  out|    1|       m_axi|       gmem1_1|       pointer|
|m_axi_gmem1_1_WID       |  out|    1|       m_axi|       gmem1_1|       pointer|
|m_axi_gmem1_1_WUSER     |  out|    1|       m_axi|       gmem1_1|       pointer|
|m_axi_gmem1_1_ARVALID   |  out|    1|       m_axi|       gmem1_1|       pointer|
|m_axi_gmem1_1_ARREADY   |   in|    1|       m_axi|       gmem1_1|       pointer|
|m_axi_gmem1_1_ARADDR    |  out|   64|       m_axi|       gmem1_1|       pointer|
|m_axi_gmem1_1_ARID      |  out|    1|       m_axi|       gmem1_1|       pointer|
|m_axi_gmem1_1_ARLEN     |  out|    8|       m_axi|       gmem1_1|       pointer|
|m_axi_gmem1_1_ARSIZE    |  out|    3|       m_axi|       gmem1_1|       pointer|
|m_axi_gmem1_1_ARBURST   |  out|    2|       m_axi|       gmem1_1|       pointer|
|m_axi_gmem1_1_ARLOCK    |  out|    2|       m_axi|       gmem1_1|       pointer|
|m_axi_gmem1_1_ARCACHE   |  out|    4|       m_axi|       gmem1_1|       pointer|
|m_axi_gmem1_1_ARPROT    |  out|    3|       m_axi|       gmem1_1|       pointer|
|m_axi_gmem1_1_ARQOS     |  out|    4|       m_axi|       gmem1_1|       pointer|
|m_axi_gmem1_1_ARREGION  |  out|    4|       m_axi|       gmem1_1|       pointer|
|m_axi_gmem1_1_ARUSER    |  out|    1|       m_axi|       gmem1_1|       pointer|
|m_axi_gmem1_1_RVALID    |   in|    1|       m_axi|       gmem1_1|       pointer|
|m_axi_gmem1_1_RREADY    |  out|    1|       m_axi|       gmem1_1|       pointer|
|m_axi_gmem1_1_RDATA     |   in|   32|       m_axi|       gmem1_1|       pointer|
|m_axi_gmem1_1_RLAST     |   in|    1|       m_axi|       gmem1_1|       pointer|
|m_axi_gmem1_1_RID       |   in|    1|       m_axi|       gmem1_1|       pointer|
|m_axi_gmem1_1_RUSER     |   in|    1|       m_axi|       gmem1_1|       pointer|
|m_axi_gmem1_1_RRESP     |   in|    2|       m_axi|       gmem1_1|       pointer|
|m_axi_gmem1_1_BVALID    |   in|    1|       m_axi|       gmem1_1|       pointer|
|m_axi_gmem1_1_BREADY    |  out|    1|       m_axi|       gmem1_1|       pointer|
|m_axi_gmem1_1_BRESP     |   in|    2|       m_axi|       gmem1_1|       pointer|
|m_axi_gmem1_1_BID       |   in|    1|       m_axi|       gmem1_1|       pointer|
|m_axi_gmem1_1_BUSER     |   in|    1|       m_axi|       gmem1_1|       pointer|
|m_axi_gmem1_2_AWVALID   |  out|    1|       m_axi|       gmem1_2|       pointer|
|m_axi_gmem1_2_AWREADY   |   in|    1|       m_axi|       gmem1_2|       pointer|
|m_axi_gmem1_2_AWADDR    |  out|   64|       m_axi|       gmem1_2|       pointer|
|m_axi_gmem1_2_AWID      |  out|    1|       m_axi|       gmem1_2|       pointer|
|m_axi_gmem1_2_AWLEN     |  out|    8|       m_axi|       gmem1_2|       pointer|
|m_axi_gmem1_2_AWSIZE    |  out|    3|       m_axi|       gmem1_2|       pointer|
|m_axi_gmem1_2_AWBURST   |  out|    2|       m_axi|       gmem1_2|       pointer|
|m_axi_gmem1_2_AWLOCK    |  out|    2|       m_axi|       gmem1_2|       pointer|
|m_axi_gmem1_2_AWCACHE   |  out|    4|       m_axi|       gmem1_2|       pointer|
|m_axi_gmem1_2_AWPROT    |  out|    3|       m_axi|       gmem1_2|       pointer|
|m_axi_gmem1_2_AWQOS     |  out|    4|       m_axi|       gmem1_2|       pointer|
|m_axi_gmem1_2_AWREGION  |  out|    4|       m_axi|       gmem1_2|       pointer|
|m_axi_gmem1_2_AWUSER    |  out|    1|       m_axi|       gmem1_2|       pointer|
|m_axi_gmem1_2_WVALID    |  out|    1|       m_axi|       gmem1_2|       pointer|
|m_axi_gmem1_2_WREADY    |   in|    1|       m_axi|       gmem1_2|       pointer|
|m_axi_gmem1_2_WDATA     |  out|   32|       m_axi|       gmem1_2|       pointer|
|m_axi_gmem1_2_WSTRB     |  out|    4|       m_axi|       gmem1_2|       pointer|
|m_axi_gmem1_2_WLAST     |  out|    1|       m_axi|       gmem1_2|       pointer|
|m_axi_gmem1_2_WID       |  out|    1|       m_axi|       gmem1_2|       pointer|
|m_axi_gmem1_2_WUSER     |  out|    1|       m_axi|       gmem1_2|       pointer|
|m_axi_gmem1_2_ARVALID   |  out|    1|       m_axi|       gmem1_2|       pointer|
|m_axi_gmem1_2_ARREADY   |   in|    1|       m_axi|       gmem1_2|       pointer|
|m_axi_gmem1_2_ARADDR    |  out|   64|       m_axi|       gmem1_2|       pointer|
|m_axi_gmem1_2_ARID      |  out|    1|       m_axi|       gmem1_2|       pointer|
|m_axi_gmem1_2_ARLEN     |  out|    8|       m_axi|       gmem1_2|       pointer|
|m_axi_gmem1_2_ARSIZE    |  out|    3|       m_axi|       gmem1_2|       pointer|
|m_axi_gmem1_2_ARBURST   |  out|    2|       m_axi|       gmem1_2|       pointer|
|m_axi_gmem1_2_ARLOCK    |  out|    2|       m_axi|       gmem1_2|       pointer|
|m_axi_gmem1_2_ARCACHE   |  out|    4|       m_axi|       gmem1_2|       pointer|
|m_axi_gmem1_2_ARPROT    |  out|    3|       m_axi|       gmem1_2|       pointer|
|m_axi_gmem1_2_ARQOS     |  out|    4|       m_axi|       gmem1_2|       pointer|
|m_axi_gmem1_2_ARREGION  |  out|    4|       m_axi|       gmem1_2|       pointer|
|m_axi_gmem1_2_ARUSER    |  out|    1|       m_axi|       gmem1_2|       pointer|
|m_axi_gmem1_2_RVALID    |   in|    1|       m_axi|       gmem1_2|       pointer|
|m_axi_gmem1_2_RREADY    |  out|    1|       m_axi|       gmem1_2|       pointer|
|m_axi_gmem1_2_RDATA     |   in|   32|       m_axi|       gmem1_2|       pointer|
|m_axi_gmem1_2_RLAST     |   in|    1|       m_axi|       gmem1_2|       pointer|
|m_axi_gmem1_2_RID       |   in|    1|       m_axi|       gmem1_2|       pointer|
|m_axi_gmem1_2_RUSER     |   in|    1|       m_axi|       gmem1_2|       pointer|
|m_axi_gmem1_2_RRESP     |   in|    2|       m_axi|       gmem1_2|       pointer|
|m_axi_gmem1_2_BVALID    |   in|    1|       m_axi|       gmem1_2|       pointer|
|m_axi_gmem1_2_BREADY    |  out|    1|       m_axi|       gmem1_2|       pointer|
|m_axi_gmem1_2_BRESP     |   in|    2|       m_axi|       gmem1_2|       pointer|
|m_axi_gmem1_2_BID       |   in|    1|       m_axi|       gmem1_2|       pointer|
|m_axi_gmem1_2_BUSER     |   in|    1|       m_axi|       gmem1_2|       pointer|
|m_axi_gmem1_3_AWVALID   |  out|    1|       m_axi|       gmem1_3|       pointer|
|m_axi_gmem1_3_AWREADY   |   in|    1|       m_axi|       gmem1_3|       pointer|
|m_axi_gmem1_3_AWADDR    |  out|   64|       m_axi|       gmem1_3|       pointer|
|m_axi_gmem1_3_AWID      |  out|    1|       m_axi|       gmem1_3|       pointer|
|m_axi_gmem1_3_AWLEN     |  out|    8|       m_axi|       gmem1_3|       pointer|
|m_axi_gmem1_3_AWSIZE    |  out|    3|       m_axi|       gmem1_3|       pointer|
|m_axi_gmem1_3_AWBURST   |  out|    2|       m_axi|       gmem1_3|       pointer|
|m_axi_gmem1_3_AWLOCK    |  out|    2|       m_axi|       gmem1_3|       pointer|
|m_axi_gmem1_3_AWCACHE   |  out|    4|       m_axi|       gmem1_3|       pointer|
|m_axi_gmem1_3_AWPROT    |  out|    3|       m_axi|       gmem1_3|       pointer|
|m_axi_gmem1_3_AWQOS     |  out|    4|       m_axi|       gmem1_3|       pointer|
|m_axi_gmem1_3_AWREGION  |  out|    4|       m_axi|       gmem1_3|       pointer|
|m_axi_gmem1_3_AWUSER    |  out|    1|       m_axi|       gmem1_3|       pointer|
|m_axi_gmem1_3_WVALID    |  out|    1|       m_axi|       gmem1_3|       pointer|
|m_axi_gmem1_3_WREADY    |   in|    1|       m_axi|       gmem1_3|       pointer|
|m_axi_gmem1_3_WDATA     |  out|   32|       m_axi|       gmem1_3|       pointer|
|m_axi_gmem1_3_WSTRB     |  out|    4|       m_axi|       gmem1_3|       pointer|
|m_axi_gmem1_3_WLAST     |  out|    1|       m_axi|       gmem1_3|       pointer|
|m_axi_gmem1_3_WID       |  out|    1|       m_axi|       gmem1_3|       pointer|
|m_axi_gmem1_3_WUSER     |  out|    1|       m_axi|       gmem1_3|       pointer|
|m_axi_gmem1_3_ARVALID   |  out|    1|       m_axi|       gmem1_3|       pointer|
|m_axi_gmem1_3_ARREADY   |   in|    1|       m_axi|       gmem1_3|       pointer|
|m_axi_gmem1_3_ARADDR    |  out|   64|       m_axi|       gmem1_3|       pointer|
|m_axi_gmem1_3_ARID      |  out|    1|       m_axi|       gmem1_3|       pointer|
|m_axi_gmem1_3_ARLEN     |  out|    8|       m_axi|       gmem1_3|       pointer|
|m_axi_gmem1_3_ARSIZE    |  out|    3|       m_axi|       gmem1_3|       pointer|
|m_axi_gmem1_3_ARBURST   |  out|    2|       m_axi|       gmem1_3|       pointer|
|m_axi_gmem1_3_ARLOCK    |  out|    2|       m_axi|       gmem1_3|       pointer|
|m_axi_gmem1_3_ARCACHE   |  out|    4|       m_axi|       gmem1_3|       pointer|
|m_axi_gmem1_3_ARPROT    |  out|    3|       m_axi|       gmem1_3|       pointer|
|m_axi_gmem1_3_ARQOS     |  out|    4|       m_axi|       gmem1_3|       pointer|
|m_axi_gmem1_3_ARREGION  |  out|    4|       m_axi|       gmem1_3|       pointer|
|m_axi_gmem1_3_ARUSER    |  out|    1|       m_axi|       gmem1_3|       pointer|
|m_axi_gmem1_3_RVALID    |   in|    1|       m_axi|       gmem1_3|       pointer|
|m_axi_gmem1_3_RREADY    |  out|    1|       m_axi|       gmem1_3|       pointer|
|m_axi_gmem1_3_RDATA     |   in|   32|       m_axi|       gmem1_3|       pointer|
|m_axi_gmem1_3_RLAST     |   in|    1|       m_axi|       gmem1_3|       pointer|
|m_axi_gmem1_3_RID       |   in|    1|       m_axi|       gmem1_3|       pointer|
|m_axi_gmem1_3_RUSER     |   in|    1|       m_axi|       gmem1_3|       pointer|
|m_axi_gmem1_3_RRESP     |   in|    2|       m_axi|       gmem1_3|       pointer|
|m_axi_gmem1_3_BVALID    |   in|    1|       m_axi|       gmem1_3|       pointer|
|m_axi_gmem1_3_BREADY    |  out|    1|       m_axi|       gmem1_3|       pointer|
|m_axi_gmem1_3_BRESP     |   in|    2|       m_axi|       gmem1_3|       pointer|
|m_axi_gmem1_3_BID       |   in|    1|       m_axi|       gmem1_3|       pointer|
|m_axi_gmem1_3_BUSER     |   in|    1|       m_axi|       gmem1_3|       pointer|
|m_axi_gmem1_4_AWVALID   |  out|    1|       m_axi|       gmem1_4|       pointer|
|m_axi_gmem1_4_AWREADY   |   in|    1|       m_axi|       gmem1_4|       pointer|
|m_axi_gmem1_4_AWADDR    |  out|   64|       m_axi|       gmem1_4|       pointer|
|m_axi_gmem1_4_AWID      |  out|    1|       m_axi|       gmem1_4|       pointer|
|m_axi_gmem1_4_AWLEN     |  out|    8|       m_axi|       gmem1_4|       pointer|
|m_axi_gmem1_4_AWSIZE    |  out|    3|       m_axi|       gmem1_4|       pointer|
|m_axi_gmem1_4_AWBURST   |  out|    2|       m_axi|       gmem1_4|       pointer|
|m_axi_gmem1_4_AWLOCK    |  out|    2|       m_axi|       gmem1_4|       pointer|
|m_axi_gmem1_4_AWCACHE   |  out|    4|       m_axi|       gmem1_4|       pointer|
|m_axi_gmem1_4_AWPROT    |  out|    3|       m_axi|       gmem1_4|       pointer|
|m_axi_gmem1_4_AWQOS     |  out|    4|       m_axi|       gmem1_4|       pointer|
|m_axi_gmem1_4_AWREGION  |  out|    4|       m_axi|       gmem1_4|       pointer|
|m_axi_gmem1_4_AWUSER    |  out|    1|       m_axi|       gmem1_4|       pointer|
|m_axi_gmem1_4_WVALID    |  out|    1|       m_axi|       gmem1_4|       pointer|
|m_axi_gmem1_4_WREADY    |   in|    1|       m_axi|       gmem1_4|       pointer|
|m_axi_gmem1_4_WDATA     |  out|   32|       m_axi|       gmem1_4|       pointer|
|m_axi_gmem1_4_WSTRB     |  out|    4|       m_axi|       gmem1_4|       pointer|
|m_axi_gmem1_4_WLAST     |  out|    1|       m_axi|       gmem1_4|       pointer|
|m_axi_gmem1_4_WID       |  out|    1|       m_axi|       gmem1_4|       pointer|
|m_axi_gmem1_4_WUSER     |  out|    1|       m_axi|       gmem1_4|       pointer|
|m_axi_gmem1_4_ARVALID   |  out|    1|       m_axi|       gmem1_4|       pointer|
|m_axi_gmem1_4_ARREADY   |   in|    1|       m_axi|       gmem1_4|       pointer|
|m_axi_gmem1_4_ARADDR    |  out|   64|       m_axi|       gmem1_4|       pointer|
|m_axi_gmem1_4_ARID      |  out|    1|       m_axi|       gmem1_4|       pointer|
|m_axi_gmem1_4_ARLEN     |  out|    8|       m_axi|       gmem1_4|       pointer|
|m_axi_gmem1_4_ARSIZE    |  out|    3|       m_axi|       gmem1_4|       pointer|
|m_axi_gmem1_4_ARBURST   |  out|    2|       m_axi|       gmem1_4|       pointer|
|m_axi_gmem1_4_ARLOCK    |  out|    2|       m_axi|       gmem1_4|       pointer|
|m_axi_gmem1_4_ARCACHE   |  out|    4|       m_axi|       gmem1_4|       pointer|
|m_axi_gmem1_4_ARPROT    |  out|    3|       m_axi|       gmem1_4|       pointer|
|m_axi_gmem1_4_ARQOS     |  out|    4|       m_axi|       gmem1_4|       pointer|
|m_axi_gmem1_4_ARREGION  |  out|    4|       m_axi|       gmem1_4|       pointer|
|m_axi_gmem1_4_ARUSER    |  out|    1|       m_axi|       gmem1_4|       pointer|
|m_axi_gmem1_4_RVALID    |   in|    1|       m_axi|       gmem1_4|       pointer|
|m_axi_gmem1_4_RREADY    |  out|    1|       m_axi|       gmem1_4|       pointer|
|m_axi_gmem1_4_RDATA     |   in|   32|       m_axi|       gmem1_4|       pointer|
|m_axi_gmem1_4_RLAST     |   in|    1|       m_axi|       gmem1_4|       pointer|
|m_axi_gmem1_4_RID       |   in|    1|       m_axi|       gmem1_4|       pointer|
|m_axi_gmem1_4_RUSER     |   in|    1|       m_axi|       gmem1_4|       pointer|
|m_axi_gmem1_4_RRESP     |   in|    2|       m_axi|       gmem1_4|       pointer|
|m_axi_gmem1_4_BVALID    |   in|    1|       m_axi|       gmem1_4|       pointer|
|m_axi_gmem1_4_BREADY    |  out|    1|       m_axi|       gmem1_4|       pointer|
|m_axi_gmem1_4_BRESP     |   in|    2|       m_axi|       gmem1_4|       pointer|
|m_axi_gmem1_4_BID       |   in|    1|       m_axi|       gmem1_4|       pointer|
|m_axi_gmem1_4_BUSER     |   in|    1|       m_axi|       gmem1_4|       pointer|
|m_axi_gmem1_5_AWVALID   |  out|    1|       m_axi|       gmem1_5|       pointer|
|m_axi_gmem1_5_AWREADY   |   in|    1|       m_axi|       gmem1_5|       pointer|
|m_axi_gmem1_5_AWADDR    |  out|   64|       m_axi|       gmem1_5|       pointer|
|m_axi_gmem1_5_AWID      |  out|    1|       m_axi|       gmem1_5|       pointer|
|m_axi_gmem1_5_AWLEN     |  out|    8|       m_axi|       gmem1_5|       pointer|
|m_axi_gmem1_5_AWSIZE    |  out|    3|       m_axi|       gmem1_5|       pointer|
|m_axi_gmem1_5_AWBURST   |  out|    2|       m_axi|       gmem1_5|       pointer|
|m_axi_gmem1_5_AWLOCK    |  out|    2|       m_axi|       gmem1_5|       pointer|
|m_axi_gmem1_5_AWCACHE   |  out|    4|       m_axi|       gmem1_5|       pointer|
|m_axi_gmem1_5_AWPROT    |  out|    3|       m_axi|       gmem1_5|       pointer|
|m_axi_gmem1_5_AWQOS     |  out|    4|       m_axi|       gmem1_5|       pointer|
|m_axi_gmem1_5_AWREGION  |  out|    4|       m_axi|       gmem1_5|       pointer|
|m_axi_gmem1_5_AWUSER    |  out|    1|       m_axi|       gmem1_5|       pointer|
|m_axi_gmem1_5_WVALID    |  out|    1|       m_axi|       gmem1_5|       pointer|
|m_axi_gmem1_5_WREADY    |   in|    1|       m_axi|       gmem1_5|       pointer|
|m_axi_gmem1_5_WDATA     |  out|   32|       m_axi|       gmem1_5|       pointer|
|m_axi_gmem1_5_WSTRB     |  out|    4|       m_axi|       gmem1_5|       pointer|
|m_axi_gmem1_5_WLAST     |  out|    1|       m_axi|       gmem1_5|       pointer|
|m_axi_gmem1_5_WID       |  out|    1|       m_axi|       gmem1_5|       pointer|
|m_axi_gmem1_5_WUSER     |  out|    1|       m_axi|       gmem1_5|       pointer|
|m_axi_gmem1_5_ARVALID   |  out|    1|       m_axi|       gmem1_5|       pointer|
|m_axi_gmem1_5_ARREADY   |   in|    1|       m_axi|       gmem1_5|       pointer|
|m_axi_gmem1_5_ARADDR    |  out|   64|       m_axi|       gmem1_5|       pointer|
|m_axi_gmem1_5_ARID      |  out|    1|       m_axi|       gmem1_5|       pointer|
|m_axi_gmem1_5_ARLEN     |  out|    8|       m_axi|       gmem1_5|       pointer|
|m_axi_gmem1_5_ARSIZE    |  out|    3|       m_axi|       gmem1_5|       pointer|
|m_axi_gmem1_5_ARBURST   |  out|    2|       m_axi|       gmem1_5|       pointer|
|m_axi_gmem1_5_ARLOCK    |  out|    2|       m_axi|       gmem1_5|       pointer|
|m_axi_gmem1_5_ARCACHE   |  out|    4|       m_axi|       gmem1_5|       pointer|
|m_axi_gmem1_5_ARPROT    |  out|    3|       m_axi|       gmem1_5|       pointer|
|m_axi_gmem1_5_ARQOS     |  out|    4|       m_axi|       gmem1_5|       pointer|
|m_axi_gmem1_5_ARREGION  |  out|    4|       m_axi|       gmem1_5|       pointer|
|m_axi_gmem1_5_ARUSER    |  out|    1|       m_axi|       gmem1_5|       pointer|
|m_axi_gmem1_5_RVALID    |   in|    1|       m_axi|       gmem1_5|       pointer|
|m_axi_gmem1_5_RREADY    |  out|    1|       m_axi|       gmem1_5|       pointer|
|m_axi_gmem1_5_RDATA     |   in|   32|       m_axi|       gmem1_5|       pointer|
|m_axi_gmem1_5_RLAST     |   in|    1|       m_axi|       gmem1_5|       pointer|
|m_axi_gmem1_5_RID       |   in|    1|       m_axi|       gmem1_5|       pointer|
|m_axi_gmem1_5_RUSER     |   in|    1|       m_axi|       gmem1_5|       pointer|
|m_axi_gmem1_5_RRESP     |   in|    2|       m_axi|       gmem1_5|       pointer|
|m_axi_gmem1_5_BVALID    |   in|    1|       m_axi|       gmem1_5|       pointer|
|m_axi_gmem1_5_BREADY    |  out|    1|       m_axi|       gmem1_5|       pointer|
|m_axi_gmem1_5_BRESP     |   in|    2|       m_axi|       gmem1_5|       pointer|
|m_axi_gmem1_5_BID       |   in|    1|       m_axi|       gmem1_5|       pointer|
|m_axi_gmem1_5_BUSER     |   in|    1|       m_axi|       gmem1_5|       pointer|
|m_axi_gmem1_6_AWVALID   |  out|    1|       m_axi|       gmem1_6|       pointer|
|m_axi_gmem1_6_AWREADY   |   in|    1|       m_axi|       gmem1_6|       pointer|
|m_axi_gmem1_6_AWADDR    |  out|   64|       m_axi|       gmem1_6|       pointer|
|m_axi_gmem1_6_AWID      |  out|    1|       m_axi|       gmem1_6|       pointer|
|m_axi_gmem1_6_AWLEN     |  out|    8|       m_axi|       gmem1_6|       pointer|
|m_axi_gmem1_6_AWSIZE    |  out|    3|       m_axi|       gmem1_6|       pointer|
|m_axi_gmem1_6_AWBURST   |  out|    2|       m_axi|       gmem1_6|       pointer|
|m_axi_gmem1_6_AWLOCK    |  out|    2|       m_axi|       gmem1_6|       pointer|
|m_axi_gmem1_6_AWCACHE   |  out|    4|       m_axi|       gmem1_6|       pointer|
|m_axi_gmem1_6_AWPROT    |  out|    3|       m_axi|       gmem1_6|       pointer|
|m_axi_gmem1_6_AWQOS     |  out|    4|       m_axi|       gmem1_6|       pointer|
|m_axi_gmem1_6_AWREGION  |  out|    4|       m_axi|       gmem1_6|       pointer|
|m_axi_gmem1_6_AWUSER    |  out|    1|       m_axi|       gmem1_6|       pointer|
|m_axi_gmem1_6_WVALID    |  out|    1|       m_axi|       gmem1_6|       pointer|
|m_axi_gmem1_6_WREADY    |   in|    1|       m_axi|       gmem1_6|       pointer|
|m_axi_gmem1_6_WDATA     |  out|   32|       m_axi|       gmem1_6|       pointer|
|m_axi_gmem1_6_WSTRB     |  out|    4|       m_axi|       gmem1_6|       pointer|
|m_axi_gmem1_6_WLAST     |  out|    1|       m_axi|       gmem1_6|       pointer|
|m_axi_gmem1_6_WID       |  out|    1|       m_axi|       gmem1_6|       pointer|
|m_axi_gmem1_6_WUSER     |  out|    1|       m_axi|       gmem1_6|       pointer|
|m_axi_gmem1_6_ARVALID   |  out|    1|       m_axi|       gmem1_6|       pointer|
|m_axi_gmem1_6_ARREADY   |   in|    1|       m_axi|       gmem1_6|       pointer|
|m_axi_gmem1_6_ARADDR    |  out|   64|       m_axi|       gmem1_6|       pointer|
|m_axi_gmem1_6_ARID      |  out|    1|       m_axi|       gmem1_6|       pointer|
|m_axi_gmem1_6_ARLEN     |  out|    8|       m_axi|       gmem1_6|       pointer|
|m_axi_gmem1_6_ARSIZE    |  out|    3|       m_axi|       gmem1_6|       pointer|
|m_axi_gmem1_6_ARBURST   |  out|    2|       m_axi|       gmem1_6|       pointer|
|m_axi_gmem1_6_ARLOCK    |  out|    2|       m_axi|       gmem1_6|       pointer|
|m_axi_gmem1_6_ARCACHE   |  out|    4|       m_axi|       gmem1_6|       pointer|
|m_axi_gmem1_6_ARPROT    |  out|    3|       m_axi|       gmem1_6|       pointer|
|m_axi_gmem1_6_ARQOS     |  out|    4|       m_axi|       gmem1_6|       pointer|
|m_axi_gmem1_6_ARREGION  |  out|    4|       m_axi|       gmem1_6|       pointer|
|m_axi_gmem1_6_ARUSER    |  out|    1|       m_axi|       gmem1_6|       pointer|
|m_axi_gmem1_6_RVALID    |   in|    1|       m_axi|       gmem1_6|       pointer|
|m_axi_gmem1_6_RREADY    |  out|    1|       m_axi|       gmem1_6|       pointer|
|m_axi_gmem1_6_RDATA     |   in|   32|       m_axi|       gmem1_6|       pointer|
|m_axi_gmem1_6_RLAST     |   in|    1|       m_axi|       gmem1_6|       pointer|
|m_axi_gmem1_6_RID       |   in|    1|       m_axi|       gmem1_6|       pointer|
|m_axi_gmem1_6_RUSER     |   in|    1|       m_axi|       gmem1_6|       pointer|
|m_axi_gmem1_6_RRESP     |   in|    2|       m_axi|       gmem1_6|       pointer|
|m_axi_gmem1_6_BVALID    |   in|    1|       m_axi|       gmem1_6|       pointer|
|m_axi_gmem1_6_BREADY    |  out|    1|       m_axi|       gmem1_6|       pointer|
|m_axi_gmem1_6_BRESP     |   in|    2|       m_axi|       gmem1_6|       pointer|
|m_axi_gmem1_6_BID       |   in|    1|       m_axi|       gmem1_6|       pointer|
|m_axi_gmem1_6_BUSER     |   in|    1|       m_axi|       gmem1_6|       pointer|
|m_axi_gmem1_7_AWVALID   |  out|    1|       m_axi|       gmem1_7|       pointer|
|m_axi_gmem1_7_AWREADY   |   in|    1|       m_axi|       gmem1_7|       pointer|
|m_axi_gmem1_7_AWADDR    |  out|   64|       m_axi|       gmem1_7|       pointer|
|m_axi_gmem1_7_AWID      |  out|    1|       m_axi|       gmem1_7|       pointer|
|m_axi_gmem1_7_AWLEN     |  out|    8|       m_axi|       gmem1_7|       pointer|
|m_axi_gmem1_7_AWSIZE    |  out|    3|       m_axi|       gmem1_7|       pointer|
|m_axi_gmem1_7_AWBURST   |  out|    2|       m_axi|       gmem1_7|       pointer|
|m_axi_gmem1_7_AWLOCK    |  out|    2|       m_axi|       gmem1_7|       pointer|
|m_axi_gmem1_7_AWCACHE   |  out|    4|       m_axi|       gmem1_7|       pointer|
|m_axi_gmem1_7_AWPROT    |  out|    3|       m_axi|       gmem1_7|       pointer|
|m_axi_gmem1_7_AWQOS     |  out|    4|       m_axi|       gmem1_7|       pointer|
|m_axi_gmem1_7_AWREGION  |  out|    4|       m_axi|       gmem1_7|       pointer|
|m_axi_gmem1_7_AWUSER    |  out|    1|       m_axi|       gmem1_7|       pointer|
|m_axi_gmem1_7_WVALID    |  out|    1|       m_axi|       gmem1_7|       pointer|
|m_axi_gmem1_7_WREADY    |   in|    1|       m_axi|       gmem1_7|       pointer|
|m_axi_gmem1_7_WDATA     |  out|   32|       m_axi|       gmem1_7|       pointer|
|m_axi_gmem1_7_WSTRB     |  out|    4|       m_axi|       gmem1_7|       pointer|
|m_axi_gmem1_7_WLAST     |  out|    1|       m_axi|       gmem1_7|       pointer|
|m_axi_gmem1_7_WID       |  out|    1|       m_axi|       gmem1_7|       pointer|
|m_axi_gmem1_7_WUSER     |  out|    1|       m_axi|       gmem1_7|       pointer|
|m_axi_gmem1_7_ARVALID   |  out|    1|       m_axi|       gmem1_7|       pointer|
|m_axi_gmem1_7_ARREADY   |   in|    1|       m_axi|       gmem1_7|       pointer|
|m_axi_gmem1_7_ARADDR    |  out|   64|       m_axi|       gmem1_7|       pointer|
|m_axi_gmem1_7_ARID      |  out|    1|       m_axi|       gmem1_7|       pointer|
|m_axi_gmem1_7_ARLEN     |  out|    8|       m_axi|       gmem1_7|       pointer|
|m_axi_gmem1_7_ARSIZE    |  out|    3|       m_axi|       gmem1_7|       pointer|
|m_axi_gmem1_7_ARBURST   |  out|    2|       m_axi|       gmem1_7|       pointer|
|m_axi_gmem1_7_ARLOCK    |  out|    2|       m_axi|       gmem1_7|       pointer|
|m_axi_gmem1_7_ARCACHE   |  out|    4|       m_axi|       gmem1_7|       pointer|
|m_axi_gmem1_7_ARPROT    |  out|    3|       m_axi|       gmem1_7|       pointer|
|m_axi_gmem1_7_ARQOS     |  out|    4|       m_axi|       gmem1_7|       pointer|
|m_axi_gmem1_7_ARREGION  |  out|    4|       m_axi|       gmem1_7|       pointer|
|m_axi_gmem1_7_ARUSER    |  out|    1|       m_axi|       gmem1_7|       pointer|
|m_axi_gmem1_7_RVALID    |   in|    1|       m_axi|       gmem1_7|       pointer|
|m_axi_gmem1_7_RREADY    |  out|    1|       m_axi|       gmem1_7|       pointer|
|m_axi_gmem1_7_RDATA     |   in|   32|       m_axi|       gmem1_7|       pointer|
|m_axi_gmem1_7_RLAST     |   in|    1|       m_axi|       gmem1_7|       pointer|
|m_axi_gmem1_7_RID       |   in|    1|       m_axi|       gmem1_7|       pointer|
|m_axi_gmem1_7_RUSER     |   in|    1|       m_axi|       gmem1_7|       pointer|
|m_axi_gmem1_7_RRESP     |   in|    2|       m_axi|       gmem1_7|       pointer|
|m_axi_gmem1_7_BVALID    |   in|    1|       m_axi|       gmem1_7|       pointer|
|m_axi_gmem1_7_BREADY    |  out|    1|       m_axi|       gmem1_7|       pointer|
|m_axi_gmem1_7_BRESP     |   in|    2|       m_axi|       gmem1_7|       pointer|
|m_axi_gmem1_7_BID       |   in|    1|       m_axi|       gmem1_7|       pointer|
|m_axi_gmem1_7_BUSER     |   in|    1|       m_axi|       gmem1_7|       pointer|
|m_axi_gmem1_AWVALID     |  out|    1|       m_axi|         gmem1|       pointer|
|m_axi_gmem1_AWREADY     |   in|    1|       m_axi|         gmem1|       pointer|
|m_axi_gmem1_AWADDR      |  out|   64|       m_axi|         gmem1|       pointer|
|m_axi_gmem1_AWID        |  out|    1|       m_axi|         gmem1|       pointer|
|m_axi_gmem1_AWLEN       |  out|    8|       m_axi|         gmem1|       pointer|
|m_axi_gmem1_AWSIZE      |  out|    3|       m_axi|         gmem1|       pointer|
|m_axi_gmem1_AWBURST     |  out|    2|       m_axi|         gmem1|       pointer|
|m_axi_gmem1_AWLOCK      |  out|    2|       m_axi|         gmem1|       pointer|
|m_axi_gmem1_AWCACHE     |  out|    4|       m_axi|         gmem1|       pointer|
|m_axi_gmem1_AWPROT      |  out|    3|       m_axi|         gmem1|       pointer|
|m_axi_gmem1_AWQOS       |  out|    4|       m_axi|         gmem1|       pointer|
|m_axi_gmem1_AWREGION    |  out|    4|       m_axi|         gmem1|       pointer|
|m_axi_gmem1_AWUSER      |  out|    1|       m_axi|         gmem1|       pointer|
|m_axi_gmem1_WVALID      |  out|    1|       m_axi|         gmem1|       pointer|
|m_axi_gmem1_WREADY      |   in|    1|       m_axi|         gmem1|       pointer|
|m_axi_gmem1_WDATA       |  out|   32|       m_axi|         gmem1|       pointer|
|m_axi_gmem1_WSTRB       |  out|    4|       m_axi|         gmem1|       pointer|
|m_axi_gmem1_WLAST       |  out|    1|       m_axi|         gmem1|       pointer|
|m_axi_gmem1_WID         |  out|    1|       m_axi|         gmem1|       pointer|
|m_axi_gmem1_WUSER       |  out|    1|       m_axi|         gmem1|       pointer|
|m_axi_gmem1_ARVALID     |  out|    1|       m_axi|         gmem1|       pointer|
|m_axi_gmem1_ARREADY     |   in|    1|       m_axi|         gmem1|       pointer|
|m_axi_gmem1_ARADDR      |  out|   64|       m_axi|         gmem1|       pointer|
|m_axi_gmem1_ARID        |  out|    1|       m_axi|         gmem1|       pointer|
|m_axi_gmem1_ARLEN       |  out|    8|       m_axi|         gmem1|       pointer|
|m_axi_gmem1_ARSIZE      |  out|    3|       m_axi|         gmem1|       pointer|
|m_axi_gmem1_ARBURST     |  out|    2|       m_axi|         gmem1|       pointer|
|m_axi_gmem1_ARLOCK      |  out|    2|       m_axi|         gmem1|       pointer|
|m_axi_gmem1_ARCACHE     |  out|    4|       m_axi|         gmem1|       pointer|
|m_axi_gmem1_ARPROT      |  out|    3|       m_axi|         gmem1|       pointer|
|m_axi_gmem1_ARQOS       |  out|    4|       m_axi|         gmem1|       pointer|
|m_axi_gmem1_ARREGION    |  out|    4|       m_axi|         gmem1|       pointer|
|m_axi_gmem1_ARUSER      |  out|    1|       m_axi|         gmem1|       pointer|
|m_axi_gmem1_RVALID      |   in|    1|       m_axi|         gmem1|       pointer|
|m_axi_gmem1_RREADY      |  out|    1|       m_axi|         gmem1|       pointer|
|m_axi_gmem1_RDATA       |   in|   32|       m_axi|         gmem1|       pointer|
|m_axi_gmem1_RLAST       |   in|    1|       m_axi|         gmem1|       pointer|
|m_axi_gmem1_RID         |   in|    1|       m_axi|         gmem1|       pointer|
|m_axi_gmem1_RUSER       |   in|    1|       m_axi|         gmem1|       pointer|
|m_axi_gmem1_RRESP       |   in|    2|       m_axi|         gmem1|       pointer|
|m_axi_gmem1_BVALID      |   in|    1|       m_axi|         gmem1|       pointer|
|m_axi_gmem1_BREADY      |  out|    1|       m_axi|         gmem1|       pointer|
|m_axi_gmem1_BRESP       |   in|    2|       m_axi|         gmem1|       pointer|
|m_axi_gmem1_BID         |   in|    1|       m_axi|         gmem1|       pointer|
|m_axi_gmem1_BUSER       |   in|    1|       m_axi|         gmem1|       pointer|
|m_axi_gmem2_AWVALID     |  out|    1|       m_axi|         gmem2|       pointer|
|m_axi_gmem2_AWREADY     |   in|    1|       m_axi|         gmem2|       pointer|
|m_axi_gmem2_AWADDR      |  out|   64|       m_axi|         gmem2|       pointer|
|m_axi_gmem2_AWID        |  out|    1|       m_axi|         gmem2|       pointer|
|m_axi_gmem2_AWLEN       |  out|    8|       m_axi|         gmem2|       pointer|
|m_axi_gmem2_AWSIZE      |  out|    3|       m_axi|         gmem2|       pointer|
|m_axi_gmem2_AWBURST     |  out|    2|       m_axi|         gmem2|       pointer|
|m_axi_gmem2_AWLOCK      |  out|    2|       m_axi|         gmem2|       pointer|
|m_axi_gmem2_AWCACHE     |  out|    4|       m_axi|         gmem2|       pointer|
|m_axi_gmem2_AWPROT      |  out|    3|       m_axi|         gmem2|       pointer|
|m_axi_gmem2_AWQOS       |  out|    4|       m_axi|         gmem2|       pointer|
|m_axi_gmem2_AWREGION    |  out|    4|       m_axi|         gmem2|       pointer|
|m_axi_gmem2_AWUSER      |  out|    1|       m_axi|         gmem2|       pointer|
|m_axi_gmem2_WVALID      |  out|    1|       m_axi|         gmem2|       pointer|
|m_axi_gmem2_WREADY      |   in|    1|       m_axi|         gmem2|       pointer|
|m_axi_gmem2_WDATA       |  out|   32|       m_axi|         gmem2|       pointer|
|m_axi_gmem2_WSTRB       |  out|    4|       m_axi|         gmem2|       pointer|
|m_axi_gmem2_WLAST       |  out|    1|       m_axi|         gmem2|       pointer|
|m_axi_gmem2_WID         |  out|    1|       m_axi|         gmem2|       pointer|
|m_axi_gmem2_WUSER       |  out|    1|       m_axi|         gmem2|       pointer|
|m_axi_gmem2_ARVALID     |  out|    1|       m_axi|         gmem2|       pointer|
|m_axi_gmem2_ARREADY     |   in|    1|       m_axi|         gmem2|       pointer|
|m_axi_gmem2_ARADDR      |  out|   64|       m_axi|         gmem2|       pointer|
|m_axi_gmem2_ARID        |  out|    1|       m_axi|         gmem2|       pointer|
|m_axi_gmem2_ARLEN       |  out|    8|       m_axi|         gmem2|       pointer|
|m_axi_gmem2_ARSIZE      |  out|    3|       m_axi|         gmem2|       pointer|
|m_axi_gmem2_ARBURST     |  out|    2|       m_axi|         gmem2|       pointer|
|m_axi_gmem2_ARLOCK      |  out|    2|       m_axi|         gmem2|       pointer|
|m_axi_gmem2_ARCACHE     |  out|    4|       m_axi|         gmem2|       pointer|
|m_axi_gmem2_ARPROT      |  out|    3|       m_axi|         gmem2|       pointer|
|m_axi_gmem2_ARQOS       |  out|    4|       m_axi|         gmem2|       pointer|
|m_axi_gmem2_ARREGION    |  out|    4|       m_axi|         gmem2|       pointer|
|m_axi_gmem2_ARUSER      |  out|    1|       m_axi|         gmem2|       pointer|
|m_axi_gmem2_RVALID      |   in|    1|       m_axi|         gmem2|       pointer|
|m_axi_gmem2_RREADY      |  out|    1|       m_axi|         gmem2|       pointer|
|m_axi_gmem2_RDATA       |   in|   32|       m_axi|         gmem2|       pointer|
|m_axi_gmem2_RLAST       |   in|    1|       m_axi|         gmem2|       pointer|
|m_axi_gmem2_RID         |   in|    1|       m_axi|         gmem2|       pointer|
|m_axi_gmem2_RUSER       |   in|    1|       m_axi|         gmem2|       pointer|
|m_axi_gmem2_RRESP       |   in|    2|       m_axi|         gmem2|       pointer|
|m_axi_gmem2_BVALID      |   in|    1|       m_axi|         gmem2|       pointer|
|m_axi_gmem2_BREADY      |  out|    1|       m_axi|         gmem2|       pointer|
|m_axi_gmem2_BRESP       |   in|    2|       m_axi|         gmem2|       pointer|
|m_axi_gmem2_BID         |   in|    1|       m_axi|         gmem2|       pointer|
|m_axi_gmem2_BUSER       |   in|    1|       m_axi|         gmem2|       pointer|
|m_axi_gmem0_AWVALID     |  out|    1|       m_axi|         gmem0|       pointer|
|m_axi_gmem0_AWREADY     |   in|    1|       m_axi|         gmem0|       pointer|
|m_axi_gmem0_AWADDR      |  out|   64|       m_axi|         gmem0|       pointer|
|m_axi_gmem0_AWID        |  out|    1|       m_axi|         gmem0|       pointer|
|m_axi_gmem0_AWLEN       |  out|    8|       m_axi|         gmem0|       pointer|
|m_axi_gmem0_AWSIZE      |  out|    3|       m_axi|         gmem0|       pointer|
|m_axi_gmem0_AWBURST     |  out|    2|       m_axi|         gmem0|       pointer|
|m_axi_gmem0_AWLOCK      |  out|    2|       m_axi|         gmem0|       pointer|
|m_axi_gmem0_AWCACHE     |  out|    4|       m_axi|         gmem0|       pointer|
|m_axi_gmem0_AWPROT      |  out|    3|       m_axi|         gmem0|       pointer|
|m_axi_gmem0_AWQOS       |  out|    4|       m_axi|         gmem0|       pointer|
|m_axi_gmem0_AWREGION    |  out|    4|       m_axi|         gmem0|       pointer|
|m_axi_gmem0_AWUSER      |  out|    1|       m_axi|         gmem0|       pointer|
|m_axi_gmem0_WVALID      |  out|    1|       m_axi|         gmem0|       pointer|
|m_axi_gmem0_WREADY      |   in|    1|       m_axi|         gmem0|       pointer|
|m_axi_gmem0_WDATA       |  out|   32|       m_axi|         gmem0|       pointer|
|m_axi_gmem0_WSTRB       |  out|    4|       m_axi|         gmem0|       pointer|
|m_axi_gmem0_WLAST       |  out|    1|       m_axi|         gmem0|       pointer|
|m_axi_gmem0_WID         |  out|    1|       m_axi|         gmem0|       pointer|
|m_axi_gmem0_WUSER       |  out|    1|       m_axi|         gmem0|       pointer|
|m_axi_gmem0_ARVALID     |  out|    1|       m_axi|         gmem0|       pointer|
|m_axi_gmem0_ARREADY     |   in|    1|       m_axi|         gmem0|       pointer|
|m_axi_gmem0_ARADDR      |  out|   64|       m_axi|         gmem0|       pointer|
|m_axi_gmem0_ARID        |  out|    1|       m_axi|         gmem0|       pointer|
|m_axi_gmem0_ARLEN       |  out|    8|       m_axi|         gmem0|       pointer|
|m_axi_gmem0_ARSIZE      |  out|    3|       m_axi|         gmem0|       pointer|
|m_axi_gmem0_ARBURST     |  out|    2|       m_axi|         gmem0|       pointer|
|m_axi_gmem0_ARLOCK      |  out|    2|       m_axi|         gmem0|       pointer|
|m_axi_gmem0_ARCACHE     |  out|    4|       m_axi|         gmem0|       pointer|
|m_axi_gmem0_ARPROT      |  out|    3|       m_axi|         gmem0|       pointer|
|m_axi_gmem0_ARQOS       |  out|    4|       m_axi|         gmem0|       pointer|
|m_axi_gmem0_ARREGION    |  out|    4|       m_axi|         gmem0|       pointer|
|m_axi_gmem0_ARUSER      |  out|    1|       m_axi|         gmem0|       pointer|
|m_axi_gmem0_RVALID      |   in|    1|       m_axi|         gmem0|       pointer|
|m_axi_gmem0_RREADY      |  out|    1|       m_axi|         gmem0|       pointer|
|m_axi_gmem0_RDATA       |   in|   32|       m_axi|         gmem0|       pointer|
|m_axi_gmem0_RLAST       |   in|    1|       m_axi|         gmem0|       pointer|
|m_axi_gmem0_RID         |   in|    1|       m_axi|         gmem0|       pointer|
|m_axi_gmem0_RUSER       |   in|    1|       m_axi|         gmem0|       pointer|
|m_axi_gmem0_RRESP       |   in|    2|       m_axi|         gmem0|       pointer|
|m_axi_gmem0_BVALID      |   in|    1|       m_axi|         gmem0|       pointer|
|m_axi_gmem0_BREADY      |  out|    1|       m_axi|         gmem0|       pointer|
|m_axi_gmem0_BRESP       |   in|    2|       m_axi|         gmem0|       pointer|
|m_axi_gmem0_BID         |   in|    1|       m_axi|         gmem0|       pointer|
|m_axi_gmem0_BUSER       |   in|    1|       m_axi|         gmem0|       pointer|
+------------------------+-----+-----+------------+--------------+--------------+

