

================================================================
== Vitis HLS Report for 'maxpool2x2_Pipeline_POOL_OC_POOL_H_POOL_W'
================================================================
* Date:           Mon Sep  7 20:13:34 2026

* Version:        2025.2 (Build 6295257 on Nov 14 2025)
* Project:        dpu_conv_top
* Solution:       hls (Vivado IP Flow Target)
* Product family: zynq
* Target device:  xc7z020-clg400-1


================================================================
== Performance Estimates
================================================================
+ Timing: 
    * Summary: 
    +--------+----------+----------+------------+
    |  Clock |  Target  | Estimated| Uncertainty|
    +--------+----------+----------+------------+
    |ap_clk  |  11.00 ns|  8.030 ns|     2.97 ns|
    +--------+----------+----------+------------+

+ Latency: 
    * Summary: 
    +---------+---------+-----------+-----------+-----+-----+-------------------+
    |  Latency (cycles) |   Latency (absolute)  |  Interval |      Pipeline     |
    |   min   |   max   |    min    |    max    | min | max |        Type       |
    +---------+---------+-----------+-----------+-----+-----+-------------------+
    |        4|  4112906|  44.000 ns|  45.242 ms|    0|    0|  loop pipeline stp|
    +---------+---------+-----------+-----------+-----+-----+-------------------+

    + Detail: 
        * Instance: 
        N/A

        * Loop: 
        +-------------------------+---------+---------+----------+-----------+-----------+-------------+----------+
        |                         |  Latency (cycles) | Iteration|  Initiation Interval  |     Trip    |          |
        |        Loop Name        |   min   |   max   |  Latency |  achieved |   target  |    Count    | Pipelined|
        +-------------------------+---------+---------+----------+-----------+-----------+-------------+----------+
        |- POOL_OC_POOL_H_POOL_W  |        2|  4112904|        11|          1|          1|  0 ~ 4112895|       yes|
        +-------------------------+---------+---------+----------+-----------+-----------+-------------+----------+



================================================================
== Utilization Estimates
================================================================
* Summary: 
+-----------------+---------+-----+--------+-------+-----+
|       Name      | BRAM_18K| DSP |   FF   |  LUT  | URAM|
+-----------------+---------+-----+--------+-------+-----+
|DSP              |        -|    -|       -|      -|    -|
|Expression       |        -|    -|       0|    578|    -|
|FIFO             |        -|    -|       -|      -|    -|
|Instance         |        -|    -|       -|      -|    -|
|Memory           |        -|    -|       -|      -|    -|
|Multiplexer      |        -|    -|       0|     99|    -|
|Register         |        -|    -|     360|     64|    -|
+-----------------+---------+-----+--------+-------+-----+
|Total            |        0|    0|     360|    741|    0|
+-----------------+---------+-----+--------+-------+-----+
|Available        |      280|  220|  106400|  53200|    0|
+-----------------+---------+-----+--------+-------+-----+
|Utilization (%)  |        0|    0|      ~0|      1|    0|
+-----------------+---------+-----+--------+-------+-----+

+ Detail: 
    * Instance: 
    N/A

    * DSP: 
    N/A

    * Memory: 
    N/A

    * FIFO: 
    N/A

    * Expression: 
    +-----------------------------------------+----------+----+---+----+------------+------------+
    |              Variable Name              | Operation| DSP| FF| LUT| Bitwidth P0| Bitwidth P1|
    +-----------------------------------------+----------+----+---+----+------------+------------+
    |add_ln85_1_fu_259_p2                     |         +|   0|  0|  29|          22|           1|
    |add_ln85_fu_303_p2                       |         +|   0|  0|  15|           8|           1|
    |add_ln87_1_fu_270_p2                     |         +|   0|  0|  17|          14|           1|
    |add_ln87_fu_344_p2                       |         +|   0|  0|  14|           7|           1|
    |add_ln89_fu_377_p2                       |         +|   0|  0|  14|           7|           1|
    |add_ln91_1_fu_471_p2                     |         +|   0|  0|  28|          21|          21|
    |add_ln91_1_mid2_fu_488_p2                |         +|   0|  0|  71|          64|          64|
    |add_ln91_2_fu_517_p2                     |         +|   0|  0|  12|          12|          12|
    |add_ln91_3_fu_559_p2                     |         +|   0|  0|  24|          17|          17|
    |add_ln91_fu_425_p2                       |         +|   0|  0|  28|          21|          21|
    |add_ln93_1_fu_571_p2                     |         +|   0|  0|  24|          17|          17|
    |add_ln93_fu_542_p2                       |         +|   0|  0|  12|          12|          12|
    |ap_block_pp0_stage0_01001_grp1           |       and|   0|  0|   2|           1|           1|
    |ap_block_state12_pp0_stage0_iter11_grp1  |       and|   0|  0|   2|           1|           1|
    |ap_block_state5_io_grp1                  |       and|   0|  0|   2|           1|           1|
    |first_iter_0_fu_371_p2                   |      icmp|   0|  0|  14|           7|           1|
    |icmp_ln85_fu_254_p2                      |      icmp|   0|  0|  29|          22|          22|
    |icmp_ln87_fu_265_p2                      |      icmp|   0|  0|  17|          14|          14|
    |icmp_ln89_1_fu_321_p2                    |      icmp|   0|  0|  14|           7|           7|
    |icmp_ln89_2_fu_383_p2                    |      icmp|   0|  0|  14|           7|           7|
    |icmp_ln89_fu_316_p2                      |      icmp|   0|  0|  14|           7|           1|
    |icmp_ln96_fu_589_p2                      |      icmp|   0|  0|  15|           8|           8|
    |icmp_ln97_fu_603_p2                      |      icmp|   0|  0|  15|           8|           8|
    |icmp_ln98_fu_617_p2                      |      icmp|   0|  0|  15|           8|           8|
    |ap_block_pp0_stage0_11001                |        or|   0|  0|   2|           1|           1|
    |empty_fu_350_p2                          |        or|   0|  0|   2|           1|           1|
    |add_ln91_1_mid2_v_fu_477_p3              |    select|   0|  0|  21|           1|          21|
    |m0_fu_595_p3                             |    select|   0|  0|   8|           1|           8|
    |m1_fu_609_p3                             |    select|   0|  0|   8|           1|           8|
    |ow_mid2_fu_355_p3                        |    select|   0|  0|   7|           1|           1|
    |select_ln85_1_fu_438_p3                  |    select|   0|  0|  20|           1|          20|
    |select_ln85_2_fu_453_p3                  |    select|   0|  0|  21|           1|          21|
    |select_ln85_3_fu_326_p3                  |    select|   0|  0|   2|           1|           1|
    |select_ln85_4_fu_333_p3                  |    select|   0|  0|   8|           1|           8|
    |select_ln85_fu_309_p3                    |    select|   0|  0|   7|           1|           1|
    |select_ln87_1_fu_276_p3                  |    select|   0|  0|  14|           1|           1|
    |select_ln87_fu_363_p3                    |    select|   0|  0|   7|           1|           7|
    |select_ln98_fu_621_p3                    |    select|   0|  0|   8|           1|           8|
    |ap_enable_pp0                            |       xor|   0|  0|   2|           1|           2|
    +-----------------------------------------+----------+----+---+----+------------+------------+
    |Total                                    |          |   0|  0| 578|         328|         357|
    +-----------------------------------------+----------+----+---+----+------------+------------+

    * Multiplexer: 
    +-------------------------+----+-----------+-----+-----------+
    |           Name          | LUT| Input Size| Bits| Total Bits|
    +-------------------------+----+-----------+-----+-----------+
    |ap_done_int              |   9|          2|    1|          2|
    |ap_enable_reg_pp0_iter1  |   9|          2|    1|          2|
    |ap_enable_reg_pp0_iter4  |   9|          2|    1|          2|
    |gmem0_blk_n_AW           |   9|          2|    1|          2|
    |gmem0_blk_n_B            |   9|          2|    1|          2|
    |gmem0_blk_n_W            |   9|          2|    1|          2|
    |indvar_flatten27_fu_116  |   9|          2|   22|         44|
    |indvar_flatten_fu_108    |   9|          2|   14|         28|
    |oc_fu_112                |   9|          2|    8|         16|
    |oh_fu_104                |   9|          2|    7|         14|
    |ow_fu_100                |   9|          2|    7|         14|
    +-------------------------+----+-----------+-----+-----------+
    |Total                    |  99|         22|   64|        128|
    +-------------------------+----+-----------+-----+-----------+

    * Register: 
    +------------------------------------+----+----+-----+-----------+
    |                Name                | FF | LUT| Bits| Const Bits|
    +------------------------------------+----+----+-----+-----------+
    |add_ln85_reg_713                    |   8|   0|    8|          0|
    |add_ln87_reg_728                    |   7|   0|    7|          0|
    |ap_CS_fsm                           |   1|   0|    1|          0|
    |ap_done_reg                         |   1|   0|    1|          0|
    |ap_enable_reg_pp0_iter1             |   1|   0|    1|          0|
    |ap_enable_reg_pp0_iter10            |   1|   0|    1|          0|
    |ap_enable_reg_pp0_iter11            |   1|   0|    1|          0|
    |ap_enable_reg_pp0_iter2             |   1|   0|    1|          0|
    |ap_enable_reg_pp0_iter3             |   1|   0|    1|          0|
    |ap_enable_reg_pp0_iter4             |   1|   0|    1|          0|
    |ap_enable_reg_pp0_iter5             |   1|   0|    1|          0|
    |ap_enable_reg_pp0_iter6             |   1|   0|    1|          0|
    |ap_enable_reg_pp0_iter7             |   1|   0|    1|          0|
    |ap_enable_reg_pp0_iter8             |   1|   0|    1|          0|
    |ap_enable_reg_pp0_iter9             |   1|   0|    1|          0|
    |ap_loop_exit_ready_pp0_iter10_reg   |   1|   0|    1|          0|
    |ap_loop_exit_ready_pp0_iter2_reg    |   1|   0|    1|          0|
    |ap_loop_exit_ready_pp0_iter3_reg    |   1|   0|    1|          0|
    |ap_loop_exit_ready_pp0_iter4_reg    |   1|   0|    1|          0|
    |ap_loop_exit_ready_pp0_iter5_reg    |   1|   0|    1|          0|
    |ap_loop_exit_ready_pp0_iter6_reg    |   1|   0|    1|          0|
    |ap_loop_exit_ready_pp0_iter7_reg    |   1|   0|    1|          0|
    |ap_loop_exit_ready_pp0_iter8_reg    |   1|   0|    1|          0|
    |ap_loop_exit_ready_pp0_iter9_reg    |   1|   0|    1|          0|
    |first_iter_0_reg_744                |   1|   0|    1|          0|
    |first_iter_0_reg_744_pp0_iter3_reg  |   1|   0|    1|          0|
    |gmem0_addr_reg_752                  |  64|   0|   64|          0|
    |icmp_ln85_reg_689                   |   1|   0|    1|          0|
    |icmp_ln87_reg_693                   |   1|   0|    1|          0|
    |icmp_ln87_reg_693_pp0_iter2_reg     |   1|   0|    1|          0|
    |icmp_ln89_2_reg_748                 |   1|   0|    1|          0|
    |indvar_flatten27_fu_116             |  22|   0|   22|          0|
    |indvar_flatten_fu_108               |  14|   0|   14|          0|
    |m0_reg_783                          |   8|   0|    8|          0|
    |m1_reg_789                          |   8|   0|    8|          0|
    |oc_1_reg_708                        |   8|   0|    8|          0|
    |oc_fu_112                           |   8|   0|    8|          0|
    |oh_1_reg_703                        |   7|   0|    7|          0|
    |oh_fu_104                           |   7|   0|    7|          0|
    |ow_fu_100                           |   7|   0|    7|          0|
    |ow_mid2_reg_733                     |   7|   0|    7|          0|
    |select_ln85_3_reg_718               |   1|   0|    1|          0|
    |select_ln87_reg_738                 |   7|   0|    7|          0|
    |select_ln98_reg_795                 |   8|   0|    8|          0|
    |trunc_ln87_reg_723                  |   6|   0|    6|          0|
    |zext_ln85_cast_reg_684              |   7|   0|   64|         57|
    |icmp_ln85_reg_689                   |  64|  32|    1|          0|
    |icmp_ln89_2_reg_748                 |  64|  32|    1|          0|
    +------------------------------------+----+----+-----+-----------+
    |Total                               | 360|  64|  291|         57|
    +------------------------------------+----+----+-----+-----------+



================================================================
== Interface
================================================================
* Summary: 
+----------------------------------------------------------------------------------------------------------------------------------------------------------------------+-----+-----+------------+-------------------------------------------------------------------------------------------------------------------------------------------------------------+--------------+
|                                                                               RTL Ports                                                                              | Dir | Bits|  Protocol  |                                                                        Source Object                                                                        |    C Type    |
+----------------------------------------------------------------------------------------------------------------------------------------------------------------------+-----+-----+------------+-------------------------------------------------------------------------------------------------------------------------------------------------------------+--------------+
|ap_clk                                                                                                                                                                |   in|    1|  ap_ctrl_hs|                                                                                                                    maxpool2x2_Pipeline_POOL_OC_POOL_H_POOL_W|  return value|
|ap_rst                                                                                                                                                                |   in|    1|  ap_ctrl_hs|                                                                                                                    maxpool2x2_Pipeline_POOL_OC_POOL_H_POOL_W|  return value|
|ap_start                                                                                                                                                              |   in|    1|  ap_ctrl_hs|                                                                                                                    maxpool2x2_Pipeline_POOL_OC_POOL_H_POOL_W|  return value|
|ap_done                                                                                                                                                               |  out|    1|  ap_ctrl_hs|                                                                                                                    maxpool2x2_Pipeline_POOL_OC_POOL_H_POOL_W|  return value|
|ap_idle                                                                                                                                                               |  out|    1|  ap_ctrl_hs|                                                                                                                    maxpool2x2_Pipeline_POOL_OC_POOL_H_POOL_W|  return value|
|ap_ready                                                                                                                                                              |  out|    1|  ap_ctrl_hs|                                                                                                                    maxpool2x2_Pipeline_POOL_OC_POOL_H_POOL_W|  return value|
|m_axi_gmem0_0_AWVALID                                                                                                                                                 |  out|    1|       m_axi|                                                                                                                                                        gmem0|       pointer|
|m_axi_gmem0_0_AWREADY                                                                                                                                                 |   in|    1|       m_axi|                                                                                                                                                        gmem0|       pointer|
|m_axi_gmem0_0_AWADDR                                                                                                                                                  |  out|   64|       m_axi|                                                                                                                                                        gmem0|       pointer|
|m_axi_gmem0_0_AWID                                                                                                                                                    |  out|    1|       m_axi|                                                                                                                                                        gmem0|       pointer|
|m_axi_gmem0_0_AWLEN                                                                                                                                                   |  out|   32|       m_axi|                                                                                                                                                        gmem0|       pointer|
|m_axi_gmem0_0_AWSIZE                                                                                                                                                  |  out|    3|       m_axi|                                                                                                                                                        gmem0|       pointer|
|m_axi_gmem0_0_AWBURST                                                                                                                                                 |  out|    2|       m_axi|                                                                                                                                                        gmem0|       pointer|
|m_axi_gmem0_0_AWLOCK                                                                                                                                                  |  out|    2|       m_axi|                                                                                                                                                        gmem0|       pointer|
|m_axi_gmem0_0_AWCACHE                                                                                                                                                 |  out|    4|       m_axi|                                                                                                                                                        gmem0|       pointer|
|m_axi_gmem0_0_AWPROT                                                                                                                                                  |  out|    3|       m_axi|                                                                                                                                                        gmem0|       pointer|
|m_axi_gmem0_0_AWQOS                                                                                                                                                   |  out|    4|       m_axi|                                                                                                                                                        gmem0|       pointer|
|m_axi_gmem0_0_AWREGION                                                                                                                                                |  out|    4|       m_axi|                                                                                                                                                        gmem0|       pointer|
|m_axi_gmem0_0_AWUSER                                                                                                                                                  |  out|    1|       m_axi|                                                                                                                                                        gmem0|       pointer|
|m_axi_gmem0_0_WVALID                                                                                                                                                  |  out|    1|       m_axi|                                                                                                                                                        gmem0|       pointer|
|m_axi_gmem0_0_WREADY                                                                                                                                                  |   in|    1|       m_axi|                                                                                                                                                        gmem0|       pointer|
|m_axi_gmem0_0_WDATA                                                                                                                                                   |  out|    8|       m_axi|                                                                                                                                                        gmem0|       pointer|
|m_axi_gmem0_0_WSTRB                                                                                                                                                   |  out|    1|       m_axi|                                                                                                                                                        gmem0|       pointer|
|m_axi_gmem0_0_WLAST                                                                                                                                                   |  out|    1|       m_axi|                                                                                                                                                        gmem0|       pointer|
|m_axi_gmem0_0_WID                                                                                                                                                     |  out|    1|       m_axi|                                                                                                                                                        gmem0|       pointer|
|m_axi_gmem0_0_WUSER                                                                                                                                                   |  out|    1|       m_axi|                                                                                                                                                        gmem0|       pointer|
|m_axi_gmem0_0_ARVALID                                                                                                                                                 |  out|    1|       m_axi|                                                                                                                                                        gmem0|       pointer|
|m_axi_gmem0_0_ARREADY                                                                                                                                                 |   in|    1|       m_axi|                                                                                                                                                        gmem0|       pointer|
|m_axi_gmem0_0_ARADDR                                                                                                                                                  |  out|   64|       m_axi|                                                                                                                                                        gmem0|       pointer|
|m_axi_gmem0_0_ARID                                                                                                                                                    |  out|    1|       m_axi|                                                                                                                                                        gmem0|       pointer|
|m_axi_gmem0_0_ARLEN                                                                                                                                                   |  out|   32|       m_axi|                                                                                                                                                        gmem0|       pointer|
|m_axi_gmem0_0_ARSIZE                                                                                                                                                  |  out|    3|       m_axi|                                                                                                                                                        gmem0|       pointer|
|m_axi_gmem0_0_ARBURST                                                                                                                                                 |  out|    2|       m_axi|                                                                                                                                                        gmem0|       pointer|
|m_axi_gmem0_0_ARLOCK                                                                                                                                                  |  out|    2|       m_axi|                                                                                                                                                        gmem0|       pointer|
|m_axi_gmem0_0_ARCACHE                                                                                                                                                 |  out|    4|       m_axi|                                                                                                                                                        gmem0|       pointer|
|m_axi_gmem0_0_ARPROT                                                                                                                                                  |  out|    3|       m_axi|                                                                                                                                                        gmem0|       pointer|
|m_axi_gmem0_0_ARQOS                                                                                                                                                   |  out|    4|       m_axi|                                                                                                                                                        gmem0|       pointer|
|m_axi_gmem0_0_ARREGION                                                                                                                                                |  out|    4|       m_axi|                                                                                                                                                        gmem0|       pointer|
|m_axi_gmem0_0_ARUSER                                                                                                                                                  |  out|    1|       m_axi|                                                                                                                                                        gmem0|       pointer|
|m_axi_gmem0_0_RVALID                                                                                                                                                  |   in|    1|       m_axi|                                                                                                                                                        gmem0|       pointer|
|m_axi_gmem0_0_RREADY                                                                                                                                                  |  out|    1|       m_axi|                                                                                                                                                        gmem0|       pointer|
|m_axi_gmem0_0_RDATA                                                                                                                                                   |   in|    8|       m_axi|                                                                                                                                                        gmem0|       pointer|
|m_axi_gmem0_0_RLAST                                                                                                                                                   |   in|    1|       m_axi|                                                                                                                                                        gmem0|       pointer|
|m_axi_gmem0_0_RID                                                                                                                                                     |   in|    1|       m_axi|                                                                                                                                                        gmem0|       pointer|
|m_axi_gmem0_0_RFIFONUM                                                                                                                                                |   in|   11|       m_axi|                                                                                                                                                        gmem0|       pointer|
|m_axi_gmem0_0_RUSER                                                                                                                                                   |   in|    1|       m_axi|                                                                                                                                                        gmem0|       pointer|
|m_axi_gmem0_0_RRESP                                                                                                                                                   |   in|    2|       m_axi|                                                                                                                                                        gmem0|       pointer|
|m_axi_gmem0_0_BVALID                                                                                                                                                  |   in|    1|       m_axi|                                                                                                                                                        gmem0|       pointer|
|m_axi_gmem0_0_BREADY                                                                                                                                                  |  out|    1|       m_axi|                                                                                                                                                        gmem0|       pointer|
|m_axi_gmem0_0_BRESP                                                                                                                                                   |   in|    2|       m_axi|                                                                                                                                                        gmem0|       pointer|
|m_axi_gmem0_0_BID                                                                                                                                                     |   in|    1|       m_axi|                                                                                                                                                        gmem0|       pointer|
|m_axi_gmem0_0_BUSER                                                                                                                                                   |   in|    1|       m_axi|                                                                                                                                                        gmem0|       pointer|
|bound7                                                                                                                                                                |   in|   22|     ap_none|                                                                                                                                                       bound7|        scalar|
|dpu_conv_top_ap_int_8_64_64_ap_int_8_64_3_3_ap_int_32_ap_int_8_64_64_ap_uint_8_ap_uint_8_ap_uint_8_ap_uint_8_ap_uint_1_ap_uint_1_perf_counters_t_conv_buf_address0    |  out|   17|   ap_memory|    dpu_conv_top_ap_int_8_64_64_ap_int_8_64_3_3_ap_int_32_ap_int_8_64_64_ap_uint_8_ap_uint_8_ap_uint_8_ap_uint_8_ap_uint_1_ap_uint_1_perf_counters_t_conv_buf|         array|
|dpu_conv_top_ap_int_8_64_64_ap_int_8_64_3_3_ap_int_32_ap_int_8_64_64_ap_uint_8_ap_uint_8_ap_uint_8_ap_uint_8_ap_uint_1_ap_uint_1_perf_counters_t_conv_buf_ce0         |  out|    1|   ap_memory|    dpu_conv_top_ap_int_8_64_64_ap_int_8_64_3_3_ap_int_32_ap_int_8_64_64_ap_uint_8_ap_uint_8_ap_uint_8_ap_uint_8_ap_uint_1_ap_uint_1_perf_counters_t_conv_buf|         array|
|dpu_conv_top_ap_int_8_64_64_ap_int_8_64_3_3_ap_int_32_ap_int_8_64_64_ap_uint_8_ap_uint_8_ap_uint_8_ap_uint_8_ap_uint_1_ap_uint_1_perf_counters_t_conv_buf_q0          |   in|    8|   ap_memory|    dpu_conv_top_ap_int_8_64_64_ap_int_8_64_3_3_ap_int_32_ap_int_8_64_64_ap_uint_8_ap_uint_8_ap_uint_8_ap_uint_8_ap_uint_1_ap_uint_1_perf_counters_t_conv_buf|         array|
|dpu_conv_top_ap_int_8_64_64_ap_int_8_64_3_3_ap_int_32_ap_int_8_64_64_ap_uint_8_ap_uint_8_ap_uint_8_ap_uint_8_ap_uint_1_ap_uint_1_perf_counters_t_conv_buf_address1    |  out|   17|   ap_memory|    dpu_conv_top_ap_int_8_64_64_ap_int_8_64_3_3_ap_int_32_ap_int_8_64_64_ap_uint_8_ap_uint_8_ap_uint_8_ap_uint_8_ap_uint_1_ap_uint_1_perf_counters_t_conv_buf|         array|
|dpu_conv_top_ap_int_8_64_64_ap_int_8_64_3_3_ap_int_32_ap_int_8_64_64_ap_uint_8_ap_uint_8_ap_uint_8_ap_uint_8_ap_uint_1_ap_uint_1_perf_counters_t_conv_buf_ce1         |  out|    1|   ap_memory|    dpu_conv_top_ap_int_8_64_64_ap_int_8_64_3_3_ap_int_32_ap_int_8_64_64_ap_uint_8_ap_uint_8_ap_uint_8_ap_uint_8_ap_uint_1_ap_uint_1_perf_counters_t_conv_buf|         array|
|dpu_conv_top_ap_int_8_64_64_ap_int_8_64_3_3_ap_int_32_ap_int_8_64_64_ap_uint_8_ap_uint_8_ap_uint_8_ap_uint_8_ap_uint_1_ap_uint_1_perf_counters_t_conv_buf_q1          |   in|    8|   ap_memory|    dpu_conv_top_ap_int_8_64_64_ap_int_8_64_3_3_ap_int_32_ap_int_8_64_64_ap_uint_8_ap_uint_8_ap_uint_8_ap_uint_8_ap_uint_1_ap_uint_1_perf_counters_t_conv_buf|         array|
|dpu_conv_top_ap_int_8_64_64_ap_int_8_64_3_3_ap_int_32_ap_int_8_64_64_ap_uint_8_ap_uint_8_ap_uint_8_ap_uint_8_ap_uint_1_ap_uint_1_perf_counters_t_conv_buf_1_address0  |  out|   17|   ap_memory|  dpu_conv_top_ap_int_8_64_64_ap_int_8_64_3_3_ap_int_32_ap_int_8_64_64_ap_uint_8_ap_uint_8_ap_uint_8_ap_uint_8_ap_uint_1_ap_uint_1_perf_counters_t_conv_buf_1|         array|
|dpu_conv_top_ap_int_8_64_64_ap_int_8_64_3_3_ap_int_32_ap_int_8_64_64_ap_uint_8_ap_uint_8_ap_uint_8_ap_uint_8_ap_uint_1_ap_uint_1_perf_counters_t_conv_buf_1_ce0       |  out|    1|   ap_memory|  dpu_conv_top_ap_int_8_64_64_ap_int_8_64_3_3_ap_int_32_ap_int_8_64_64_ap_uint_8_ap_uint_8_ap_uint_8_ap_uint_8_ap_uint_1_ap_uint_1_perf_counters_t_conv_buf_1|         array|
|dpu_conv_top_ap_int_8_64_64_ap_int_8_64_3_3_ap_int_32_ap_int_8_64_64_ap_uint_8_ap_uint_8_ap_uint_8_ap_uint_8_ap_uint_1_ap_uint_1_perf_counters_t_conv_buf_1_q0        |   in|    8|   ap_memory|  dpu_conv_top_ap_int_8_64_64_ap_int_8_64_3_3_ap_int_32_ap_int_8_64_64_ap_uint_8_ap_uint_8_ap_uint_8_ap_uint_8_ap_uint_1_ap_uint_1_perf_counters_t_conv_buf_1|         array|
|dpu_conv_top_ap_int_8_64_64_ap_int_8_64_3_3_ap_int_32_ap_int_8_64_64_ap_uint_8_ap_uint_8_ap_uint_8_ap_uint_8_ap_uint_1_ap_uint_1_perf_counters_t_conv_buf_1_address1  |  out|   17|   ap_memory|  dpu_conv_top_ap_int_8_64_64_ap_int_8_64_3_3_ap_int_32_ap_int_8_64_64_ap_uint_8_ap_uint_8_ap_uint_8_ap_uint_8_ap_uint_1_ap_uint_1_perf_counters_t_conv_buf_1|         array|
|dpu_conv_top_ap_int_8_64_64_ap_int_8_64_3_3_ap_int_32_ap_int_8_64_64_ap_uint_8_ap_uint_8_ap_uint_8_ap_uint_8_ap_uint_1_ap_uint_1_perf_counters_t_conv_buf_1_ce1       |  out|    1|   ap_memory|  dpu_conv_top_ap_int_8_64_64_ap_int_8_64_3_3_ap_int_32_ap_int_8_64_64_ap_uint_8_ap_uint_8_ap_uint_8_ap_uint_8_ap_uint_1_ap_uint_1_perf_counters_t_conv_buf_1|         array|
|dpu_conv_top_ap_int_8_64_64_ap_int_8_64_3_3_ap_int_32_ap_int_8_64_64_ap_uint_8_ap_uint_8_ap_uint_8_ap_uint_8_ap_uint_1_ap_uint_1_perf_counters_t_conv_buf_1_q1        |   in|    8|   ap_memory|  dpu_conv_top_ap_int_8_64_64_ap_int_8_64_3_3_ap_int_32_ap_int_8_64_64_ap_uint_8_ap_uint_8_ap_uint_8_ap_uint_8_ap_uint_1_ap_uint_1_perf_counters_t_conv_buf_1|         array|
|lshr_ln1                                                                                                                                                              |   in|    7|     ap_none|                                                                                                                                                     lshr_ln1|        scalar|
|bound                                                                                                                                                                 |   in|   14|     ap_none|                                                                                                                                                        bound|        scalar|
|ofmap                                                                                                                                                                 |   in|   64|     ap_none|                                                                                                                                                        ofmap|        scalar|
|zext_ln85                                                                                                                                                             |   in|    7|     ap_none|                                                                                                                                                    zext_ln85|        scalar|
+----------------------------------------------------------------------------------------------------------------------------------------------------------------------+-----+-----+------------+-------------------------------------------------------------------------------------------------------------------------------------------------------------+--------------+

